--------- beginning of system
06-13 13:03:15.009  1609  1671 D HintManagerService: Uid gone for 10519
--------- beginning of main
06-13 13:03:15.010   680   680 W powerhal-libperfmgr: sched_setattr failed for thread 20419, err=3
06-13 13:03:15.010   680   680 W powerhal-libperfmgr: sched_setattr failed for thread 20420, err=3
06-13 13:03:15.010   680   680 W powerhal-libperfmgr: sched_setattr failed for thread 20407, err=3
06-13 13:03:15.011  1609  5210 W ActivityTaskManager: Force removing ActivityRecord{213234814 u0 com.takeya.animeongaku/.MainActivity t257 f}}: app died, no saved state
06-13 13:03:15.012  2362  2405 V WindowManagerShell: Transition requested (#125): android.os.BinderProxy@6b3c42 TransitionRequestInfo { type = CLOSE, triggerTask = TaskInfo{userId=0 taskId=257 effectiveUid=10519 displayId=0 isRunning=false baseIntent=Intent { act=android.intent.action.MAIN cat=[android.intent.category.LAUNCHER] flg=0x10200000 cmp=com.takeya.animeongaku/.MainActivity } baseActivity=null topActivity=null origActivity=null realActivity=ComponentInfo{com.takeya.animeongaku/com.takeya.animeongaku.MainActivity} realActivityIsAppLockEnabled=false numActivities=0 lastActiveTime=92221857 supportsMultiWindow=true resizeMode=1 isResizeable=true minWidth=-1 minHeight=-1 defaultMinSize=220 token=WCT{android.os.BinderProxy@6d614f0} topActivityType=1 pictureInPictureParams=null shouldDockBigOverlays=false launchIntoPipHostTaskId=-1 lastParentTaskIdBeforePip=-1 displayCutoutSafeInsets=Rect(0, 0 - 0, 0) topActivityInfo=null launchCookies=[] positionInParent=Point(0, 0) parentTaskId=-1 isFocused=true isVisible=true isVisibleRequested=true isTopActivityNoDisplay=false isSleeping=false locusId=null displayAreaFeatureId=1 isTopActivityTransparent=false isActivityStackTransparent=true lastNonFullscreenBounds=Rect(362, 870 - 1079, 2310) leafTaskBoundsFromOptions= false capturedLink=null capturedLinkTimestamp=0 requestedVisibleTypes=503 topActivityRequestOpenInBrowserEducationTimestamp=0 appCompatTaskInfo=AppCompatTaskInfo { topActivityInSizeCompat=false isLeafTask= true eligibleForLetterboxEducation= false isLetterboxEducationEnabled= false isLetterboxDoubleTapEnabled= false eligibleForUserAspectRatioButton= false topActivityBoundsLetterboxed= false isFromLetterboxDoubleTap= false topActivityLetterboxVerticalPosition= -1 topActivityLetterboxHorizontalPosition= -1 topActivityLetterboxWidth=-1 topActivityLetterboxHeight=-1 topActivityAppBounds=Rect(0, 0 - 0, 0) isUserFullscreenOverrideEnabled=false isSystemFullscreenOverrideEnabled=false hasMinAspectRatioOverride=false topActivityLetterboxBounds=null topNonResizableActivityAspectRatio=-1.0} topActivityMainWindowFrame=null isAppBubble=false}, pipChange = null, remoteTransitionInfo = null, displayChange = null, requestedLocation = null, userChange = null, windowingLayerChange = null, fullscreenRequestChange = null, flags = 0, debugId = 125 }
06-13 13:03:15.012  2362  2405 W DisplayDisconnectTransitionHandler: No disconnect change found in the transition, not handling request.
06-13 13:03:15.013  1609  2196 D InetDiagMessage: Destroyed 0 sockets, proto=IPPROTO_TCP, family=AF_INET, states=14
06-13 13:03:15.013   554  2834 I libbinder.BpBinder: onLastStrongRef automatically unlinking death recipients for binder (0xb4000072e45ea270) with descriptor: '(not cached)'
06-13 13:03:15.013  1609  2249 D BackgroundInstallControlService: Package event received: 0
06-13 13:03:15.014  1609  2196 D InetDiagMessage: Destroyed 0 sockets, proto=IPPROTO_TCP, family=AF_INET6, states=14
06-13 13:03:15.014  1609  2196 D InetDiagMessage: Destroyed live tcp sockets for uids={10519} in 3ms
06-13 13:03:15.016  1609  2196 D InetDiagMessage: Destroyed 0 sockets, proto=IPPROTO_TCP, family=AF_INET, states=14
06-13 13:03:15.017 30112 30112 D ViewRootImpl: Skipping stats log for color mode
06-13 13:03:15.017 30112 30112 D BaseActivity: Launcher flags updated: [state_started] +[state_started]
06-13 13:03:15.017  1609  5210 V WindowManager: Defer transition id=125 for TaskFragmentTransaction=android.os.Binder@72b83f4
06-13 13:03:15.017 30112 30112 D BaseActivity: Launcher flags updated: [state_started|state_resumed|state_user_active] +[state_resumed|state_user_active]
06-13 13:03:15.018 30112 30112 D BaseActivity: Launcher flags updated: [state_started|state_resumed|state_user_active] +[]
06-13 13:03:15.018  1609  2196 D InetDiagMessage: Destroyed 0 sockets, proto=IPPROTO_TCP, family=AF_INET6, states=14
06-13 13:03:15.018 30112 30112 D BaseActivity: Launcher flags updated: [state_started|state_resumed|state_deferred_resumed|state_user_active] +[state_deferred_resumed]
06-13 13:03:15.018  1609  2196 D InetDiagMessage: Destroyed live tcp sockets for uids={20519} in 4ms
06-13 13:03:15.018 30112 30112 D StatsLog: LAUNCHER_ONRESUME
06-13 13:03:15.019  2362  2405 D WindowManagerShell: setLauncherKeepClearAreaHeight: visible=true, height=662
06-13 13:03:15.019 30112 30132 D QuickstepModelDelegate: notifyAppTargetEvent action=1 launchLocation=workspace/0/[-1,-1]/[1,1]
06-13 13:03:15.020  2362  2405 D Bubbles : BubbleTaskStackListener.onTaskMovedToFront(): taskId=5
06-13 13:03:15.020  1609  5210 W ProcessStats: Tracking association SourceState{a880c58 com.samsung.android.heartplugin:persistent/10356 Service #160918} whose proc state 8 is better than process ProcessState{6a9a8ad com.samsung.android.heartplugin/10356 pkg=com.samsung.android.heartplugin} proc state 15 (27 skipped)
06-13 13:03:15.021  1609  2249 D BackgroundInstallControlService: Package event received: 0
06-13 13:03:15.021  1609  2249 D BackgroundInstallControlService: Package event received: 0
06-13 13:03:15.022  1609  5210 I AppsFilter: interaction: PackageSetting{d4d78c8 com.companyname.gptranslate/10453} -> PackageSetting{273b71d com.takeya.animeongaku/10519} BLOCKED
06-13 13:03:15.022  1609  5210 I AppsFilter: interaction: PackageSetting{1daf086 com.nolanblew.animequiz.mobile/10499} -> PackageSetting{273b71d com.takeya.animeongaku/10519} BLOCKED
06-13 13:03:15.022  1609  5210 I AppsFilter: interaction: PackageSetting{d256d47 com.google.android.microdroid.empty_payload/10448} -> PackageSetting{273b71d com.takeya.animeongaku/10519} BLOCKED
06-13 13:03:15.022  1609  5210 I AppsFilter: interaction: PackageSetting{c255974 com.AnimeQuiz.Android/10464} -> PackageSetting{273b71d com.takeya.animeongaku/10519} BLOCKED
06-13 13:03:15.022  1609  5210 I AppsFilter: interaction: PackageSetting{e09e9d com.nolan.anihelper/10500} -> PackageSetting{273b71d com.takeya.animeongaku/10519} BLOCKED
06-13 13:03:15.022  1609  5210 I AppsFilter: interaction: PackageSetting{a658f12 com.procore.designsystemshowcase/10112} -> PackageSetting{273b71d com.takeya.animeongaku/10519} BLOCKED
06-13 13:03:15.022  1609  5210 I AppsFilter: interaction: PackageSetting{8c196e3 com.procore.activities.debug/10483} -> PackageSetting{273b71d com.takeya.animeongaku/10519} BLOCKED
06-13 13:03:15.022  1609  5210 I AppsFilter: interaction: PackageSetting{cf898e0 com.companyname.giftlistproject.app/10490} -> PackageSetting{273b71d com.takeya.animeongaku/10519} BLOCKED
06-13 13:03:15.022  1609  5210 I AppsFilter: interaction: PackageSetting{1ad8799 com.nolanblew.paimonspaintings/10510} -> PackageSetting{273b71d com.takeya.animeongaku/10519} BLOCKED
06-13 13:03:15.024 30112 30112 D NexusLauncherModelDelegate: notifySmartspaceEvent: SmartspaceTargetEvent{mSmartspaceTarget=null, mSmartspaceActionId='null', mEventType=6}
06-13 13:03:15.029 30112 30112 D SsBaseTemplateCard: Passed-in item info is null
06-13 13:03:15.029 30112 30112 I SsBaseTemplateCard: setFormattedContentDescription: text=89°F, iconDescription=Sunny, contentDescription=Sunny, 89°F
06-13 13:03:15.030 30112 30112 D SsBaseTemplateCard: Passed-in item info is null
06-13 13:03:15.030 30112 30112 D SsBaseTemplateCard: Passed-in item info is null
06-13 13:03:15.030 30112 30112 I SsBaseTemplateCard: Secondary card pane is null
06-13 13:03:15.030 30112 30112 D ShortcutAndWidgetContainer: appWidgetScale - [x,y]: [1.0,1.0]
06-13 13:03:15.030 30112 30112 D NavigableAppWidgetHostView: updateScale - [fitScale,bounceScale]: [1.0,1.0]
06-13 13:03:15.030 30112 30112 D ShortcutAndWidgetContainer: appWidgetScale - [x,y]: [1.0,1.0]
06-13 13:03:15.030 30112 30112 D NavigableAppWidgetHostView: updateScale - [fitScale,bounceScale]: [1.0,1.0]
06-13 13:03:15.030  2704  2898 D EuiccConnector: handleMessage: E msg.what=1
06-13 13:03:15.030  2704  2898 D EuiccConnector: processMsg: AvailableState
06-13 13:03:15.030  2704  2898 D EuiccConnector: processMsg: UnavailableState
06-13 13:03:15.030  2704  2704 D CarrierSvcBindHelper: onHandleForceStop: [com.takeya.animeongaku]
06-13 13:03:15.031 30112 30112 D BaseDepthController: setSurface:
06-13 13:03:15.031 30112 30112 D BaseDepthController: 	mWaitingOnSurfaceValidity: false
06-13 13:03:15.031 30112 30112 D BaseDepthController: 	mBaseSurface: Surface(name=com.google.android.apps.nexuslauncher/com.google.android.apps.nexuslauncher.NexusLauncherActivity#1970)/@0xc7d54b2
06-13 13:03:15.031 30112 30112 V BaseDepthController: Applying blur: 0 to Surface(name=com.google.android.apps.nexuslauncher/com.google.android.apps.nexuslauncher.NexusLauncherActivity#1970)/@0xc7d54b2 applyImmediately: false
06-13 13:03:15.031 30112 30112 D BaseDepthController: shouldBlurWorkspace: false targetState: Normal currentStableState: Normal mCurrentBlur: 0 mLauncher.getDepthBlurTargets(): [com.android.launcher3.Workspace{503acf5 V.ED..... ......ID 0,0-1440,3120 #7f0a04ae app:id/workspace}, com.android.launcher3.Hotseat{9eed0e2 V.ED..... .......D 0,2458-1440,3120 #7f0a01f6 app:id/hotseat}]
06-13 13:03:15.034  2704  2898 D EuiccConnector: transitionTo: destState=AvailableState
06-13 13:03:15.036 30112 30112 D b/417220811: invalidateLoadedTasks - previous requestLoadId: -1
06-13 13:03:15.036 30079 30079 D WallpaperService: onVisibilityChanged(true): com.google.android.torus.core.wallpaper.LiveWallpaper$LiveWallpaperEngineWrapper@8732d27
06-13 13:03:15.038  1091  1091 D usf_sensor_hal: gyroscope: Enter Batch. Period = 20000000, latency = 0.
06-13 13:03:15.038  1091  1091 D usf_sensor_hal: IMU temperature: Enter Batch. Period = 533334000, latency = 0.
06-13 13:03:15.039  1609  4979 V WindowManager: Continue transition id=125 for TaskFragmentTransaction=android.os.Binder@72b83f4
06-13 13:03:15.039  1334  1334 D AOC     : A3:MSG: usf_sensor.cc, 2217: USF: Received reconfig sampling request for LSM6DSV Temperature.
06-13 13:03:15.040  2704  2898 D EuiccConnector: handleMessage: new destination call exit/enter
06-13 13:03:15.040  2704  2898 D EuiccConnector: setupTempStateStackWithStatesToEnter: X mTempStateStackCount=1,curStateInfo: state=UnavailableState,active=true,parent=null
06-13 13:03:15.040  2704  2898 D EuiccConnector: invokeExitMethods: AvailableState
06-13 13:03:15.040  2704  2898 D EuiccConnector: moveTempStackToStateStack: i=0,j=1
06-13 13:03:15.040  2704  2898 D EuiccConnector: moveTempStackToStateStack: X mStateStackTop=1,startingIndex=1,Top=AvailableState
06-13 13:03:15.040  2704  2898 D EuiccConnector: invokeEnterMethods: AvailableState
06-13 13:03:15.040  2704  2898 D EuiccConnector: handleMessage: X
06-13 13:03:15.040  2704  2898 D EuiccConnector: handleMessage: E msg.what=103
06-13 13:03:15.040  2704  2898 D EuiccConnector: processMsg: AvailableState
06-13 13:03:15.040  2704  2898 D EuiccConnector: deferMessage: msg=103
06-13 13:03:15.040  2704  2898 D EuiccConnector: transitionTo: destState=BindingState
06-13 13:03:15.040  2704  2898 D EuiccConnector: handleMessage: new destination call exit/enter
06-13 13:03:15.040  2704  2898 D EuiccConnector: setupTempStateStackWithStatesToEnter: X mTempStateStackCount=1,curStateInfo: null
06-13 13:03:15.040  2704  2898 D EuiccConnector: invokeExitMethods: AvailableState
06-13 13:03:15.040  2704  2898 D EuiccConnector: invokeExitMethods: UnavailableState
06-13 13:03:15.040  2704  2898 D EuiccConnector: moveTempStackToStateStack: i=0,j=0
06-13 13:03:15.040  2704  2898 D EuiccConnector: moveTempStackToStateStack: X mStateStackTop=0,startingIndex=0,Top=BindingState
06-13 13:03:15.040  2704  2898 D EuiccConnector: invokeEnterMethods: BindingState
06-13 13:03:15.040  1091  1091 D usf_sensor_hal: gyroscope: Enter Activate. Enable = 1.
06-13 13:03:15.040  1091  1721 I sensor-suez: Vendor atom [id = 100243] reported.
06-13 13:03:15.041  2704  2704 D CarrierSvcBindHelper: No carrier app for: 1
06-13 13:03:15.042  1609  2249 D BackgroundInstallControlService: Package event received: 0
06-13 13:03:15.043  1609  4979 D ActivityManager: sync unfroze 3152 com.google.android.euicc for 6
06-13 13:03:15.043  1334  1334 D AOC     : A3:MSG: usf_sensor.cc, 1705: USF: Received start sampling request for LSM6DSV Gyroscope (active:3).
06-13 13:03:15.044  1363  1363 I adbd    : adbd service requested 'shell,v2,raw:monkey -p com.takeya.animeongaku 1'
06-13 13:03:15.047  2704  2898 D EuiccConnector: transitionTo: destState=DisconnectedState
06-13 13:03:15.047  2704  2898 D EuiccConnector: moveDeferredMessageAtFrontOfQueue; what=103
06-13 13:03:15.047  2704  2898 D EuiccConnector: handleMessage: new destination call exit/enter
06-13 13:03:15.047  2704  2898 D EuiccConnector: setupTempStateStackWithStatesToEnter: X mTempStateStackCount=1,curStateInfo: null
06-13 13:03:15.047  2704  2898 D EuiccConnector: invokeExitMethods: BindingState
06-13 13:03:15.047  2704  2898 D EuiccConnector: moveTempStackToStateStack: i=0,j=0
06-13 13:03:15.047  2704  2898 D EuiccConnector: moveTempStackToStateStack: X mStateStackTop=0,startingIndex=0,Top=DisconnectedState
06-13 13:03:15.047  2704  2898 D EuiccConnector: invokeEnterMethods: DisconnectedState
06-13 13:03:15.047  2704  2898 D EuiccConnector: handleMessage: X
06-13 13:03:15.047  2704  2898 D EuiccConnector: handleMessage: E msg.what=103
06-13 13:03:15.047  2704  2898 D EuiccConnector: processMsg: DisconnectedState
06-13 13:03:15.047  2704  2898 D EuiccConnector: deferMessage: msg=103
06-13 13:03:15.047  2704  2898 D EuiccConnector: handleMessage: X
06-13 13:03:15.049  1609  2249 D BackgroundInstallControlService: Package event received: 0
06-13 13:03:15.046  1091  1721 I sensor-suez: Vendor atom [id = 100242] reported.
06-13 13:03:15.049  1091  1721 I sensor-suez: Vendor atom [id = 100243] reported.
06-13 13:03:15.052  1091  1721 I sensor-suez: Vendor atom [id = 100245] reported.
06-13 13:03:15.052  2362 15521 V WindowManagerShell: onTransitionReady(transaction=6910602403811)
06-13 13:03:15.053  2362  2405 V WindowManagerShell: onTransitionReady (#125) android.os.BinderProxy@6b3c42: {id=125 t=CLOSE f=0x0 trk=0 r=[0@Point(0, 0)] c=[
06-13 13:03:15.053  2362  2405 V WindowManagerShell:         {m=TO_FRONT f=SHOW_WALLPAPER|MOVE_TO_TOP leash=Surface(name=Task=1#44)/@0x7db8190 sb=Rect(0, 0 - 1440, 3120) eb=Rect(0, 0 - 1440, 3120) epz=Point(1440, 3120) d=0 taskParent=-1 winMode=1 userId=0},
06-13 13:03:15.053  2362  2405 V WindowManagerShell:         {m=CLOSE f=NONE leash=Surface(name=Task=257#1935)/@0xf503a89 sb=Rect(0, 0 - 1440, 3120) eb=Rect(0, 0 - 1440, 3120) epz=Point(1440, 3120) d=0 taskParent=-1 winMode=1 userId=0},
06-13 13:03:15.053  2362  2405 V WindowManagerShell:         {m=TO_FRONT f=IS_WALLPAPER leash=Surface(name=WallpaperWindowToken{8738049}#1855)/@0x5f4da8e sb=Rect(0, 0 - 1440, 3120) eb=Rect(0, 0 - 1440, 3120) epz=Point(1440, 3120) d=0}
06-13 13:03:15.053  2362  2405 V WindowManagerShell:     ]}
06-13 13:03:15.053  2362  2405 V WindowManagerShell: Playing animation for (#125) android.os.BinderProxy@6b3c42@0
06-13 13:03:15.053  2362  2405 D ShellSplitScreen: startAnimation: transition=125 isSplitActive=false
06-13 13:03:15.053  2362  2405 V ShellRecents: RecentsTransitionHandler.startAnimation: no controller found
06-13 13:03:15.054  2362  2405 V WindowManagerShell: Transition doesn't have explicit remote, search filters for match for {id=125 t=CLOSE f=0x0 trk=0 r=[0@Point(0, 0)] c=[{m=TO_FRONT f=SHOW_WALLPAPER|MOVE_TO_TOP leash=Surface(name=Task=1#44)/@0x7db8190 sb=Rect(0, 0 - 1440, 3120) eb=Rect(0, 0 - 1440, 3120) epz=Point(1440, 3120) d=0 taskParent=-1 winMode=1 userId=0},{m=CLOSE f=NONE leash=Surface(name=Task=257#1935)/@0xf503a89 sb=Rect(0, 0 - 1440, 3120) eb=Rect(0, 0 - 1440, 3120) epz=Point(1440, 3120) d=0 taskParent=-1 winMode=1 userId=0},{m=TO_FRONT f=IS_WALLPAPER leash=Surface(name=WallpaperWindowToken{8738049}#1855)/@0x5f4da8e sb=Rect(0, 0 - 1440, 3120) eb=Rect(0, 0 - 1440, 3120) epz=Point(1440, 3120) d=0}]}
06-13 13:03:15.054  2362  2405 V WindowManagerShell:  Checking filter Pair{{types=[] flags=0x0] notFlags=0x0 checks=[{atype=undefined independent=true modes=[CLOSE,TO_BACK] flags=IN_TASK_WITH_EMBEDDED_ACTIVITY mustBeTask=false order=ANY topActivity=null launchCookie=null taskFragmentToken=android.os.BinderProxy@cd776a2 windowingMode=undefined isCrossDisplayMove=false}]} RemoteTransition { remoteTransition = android.window.IRemoteTransition$Stub$Proxy@ea231b0, appThread = android.app.IApplicationThread$Stub$Proxy@452f829, debugName = overlayBackTransition, filter = null }}
06-13 13:03:15.055  2362  2405 V WindowManagerShell:  Checking filter Pair{{types=[] flags=0x0] notFlags=0x0 checks=[{atype=dream independent=true modes=[OPEN,TO_FRONT] flags=NONE mustBeTask=false order=ANY topActivity=null launchCookie=null windowingMode=undefined isCrossDisplayMove=false},{atype=home independent=true modes=[CLOSE,TO_BACK] flags=NONE mustBeTask=false order=ANY topActivity=null launchCookie=null windowingMode=undefined isCrossDisplayMove=false}]} RemoteTransition { remoteTransition = android.window.IRemoteTransition$Stub$Proxy@7a657ae, appThread = android.app.IApplicationThread$Stub$Proxy@f1e894f, debugName = LauncherToDream, filter = null }}
06-13 13:03:15.055  2362  2405 V WindowManagerShell:  Checking filter Pair{{types=[] flags=0x0] notFlags=0x0 checks=[{atype=standard independent=false modes=[CHANGE] flags=NONE mustBeTask=true order=ANY topActivity=null launchCookie=null windowingMode=undefined isCrossDisplayMove=true}]} RemoteTransition { remoteTransition = android.window.IRemoteTransition$Stub$Proxy@ff0b8dc, appThread = android.app.IApplicationThread$Stub$Proxy@7f9ede5, debugName = QuickstepDisplayMove, filter = null }}
06-13 13:03:15.055  2362  2405 V WindowManagerShell:  Checking filter Pair{{types=[] flags=0x0] notFlags=0x100 checks=[{atype=home independent=true modes=[OPEN,TO_FRONT] flags=NONE mustBeTask=false order=ANY topActivity=ComponentInfo{com.google.android.apps.nexuslauncher/com.google.android.apps.nexuslauncher.NexusLauncherActivity} launchCookie=null windowingMode=undefined isCrossDisplayMove=false},{atype=standard independent=true modes=[CLOSE,TO_BACK] flags=NONE mustBeTask=false order=ANY topActivity=null launchCookie=null windowingMode=undefined isCrossDisplayMove=false},{NOT atype=undefined independent=true modes=[] flags=NONE mustBeTask=true order=ANY topActivity=null launchCookie=null customAnim=true windowingMode=undefined isCrossDisplayMove=false}]} RemoteTransition { remoteTransition = android.window.IRemoteTransition$Stub$Proxy@440ba, appThread = android.app.IApplicationThread$Stub$Proxy@7646b6b, debugName = QuickstepLaunchHome, filter = null }}
06-13 13:03:15.055  2362  2405 D RemoteTransitionHandler: Found filterPair{{types=[] flags=0x0] notFlags=0x100 checks=[{atype=home independent=true modes=[OPEN,TO_FRONT] flags=NONE mustBeTask=false order=ANY topActivity=ComponentInfo{com.google.android.apps.nexuslauncher/com.google.android.apps.nexuslauncher.NexusLauncherActivity} launchCookie=null windowingMode=undefined isCrossDisplayMove=false},{atype=standard independent=true modes=[CLOSE,TO_BACK] flags=NONE mustBeTask=false order=ANY topActivity=null launchCookie=null windowingMode=undefined isCrossDisplayMove=false},{NOT atype=undefined independent=true modes=[] flags=NONE mustBeTask=true order=ANY topActivity=null launchCookie=null customAnim=true windowingMode=undefined isCrossDisplayMove=false}]} RemoteTransition { remoteTransition = android.window.IRemoteTransition$Stub$Proxy@440ba, appThread = android.app.IApplicationThread$Stub$Proxy@7646b6b, debugName = QuickstepLaunchHome, filter = null }}
06-13 13:03:15.055  2362  2405 V WindowManagerShell:  Delegate animation for (#125) to RemoteTransition { remoteTransition = android.window.IRemoteTransition$Stub$Proxy@440ba, appThread = android.app.IApplicationThread$Stub$Proxy@7646b6b, debugName = QuickstepLaunchHome, filter = null }
06-13 13:03:15.056  1609  1671 V WindowManager: Sent Transition (#125) createdAt=06-13 13:03:15.011 via request=TransitionRequestInfo { type = CLOSE, triggerTask = TaskInfo{userId=0 taskId=257 effectiveUid=10519 displayId=0 isRunning=false baseIntent=Intent { act=android.intent.action.MAIN cat=[android.intent.category.LAUNCHER] flg=0x10200000 cmp=com.takeya.animeongaku/.MainActivity } baseActivity=null topActivity=null origActivity=null realActivity=ComponentInfo{com.takeya.animeongaku/com.takeya.animeongaku.MainActivity} realActivityIsAppLockEnabled=false numActivities=0 lastActiveTime=92221857 supportsMultiWindow=true resizeMode=1 isResizeable=true minWidth=-1 minHeight=-1 defaultMinSize=220 token=WCT{RemoteToken{35576b5 Task{dd06ddf #257 type=standard A=10519:com.takeya.animeongaku}}} topActivityType=1 pictureInPictureParams=null shouldDockBigOverlays=false launchIntoPipHostTaskId=-1 lastParentTaskIdBeforePip=-1 displayCutoutSafeInsets=Rect(0, 0 - 0, 0) topActivityInfo=null launchCookies=[] positionInParent=Point(0, 0) parentTaskId=-1 isFocused=true isVisible=true isVisibleRequested=true isTopActivityNoDisplay=false isSleeping=false locusId=null displayAreaFeatureId=1 isTopActivityTransparent=false isActivityStackTransparent=true lastNonFullscreenBounds=Rect(362, 870 - 1079, 2310) leafTaskBoundsFromOptions= false capturedLink=null capturedLinkTimestamp=0 requestedVisibleTypes=503 topActivityRequestOpenInBrowserEducationTimestamp=0 appCompatTaskInfo=AppCompatTaskInfo { topActivityInSizeCompat=false isLeafTask= true eligibleForLetterboxEducation= false isLetterboxEducationEnabled= false isLetterboxDoubleTapEnabled= false eligibleForUserAspectRatioButton= false topActivityBoundsLetterboxed= false isFromLetterboxDoubleTap= false topActivityLetterboxVerticalPosition= -1 topActivityLetterboxHorizontalPosition= -1 topActivityLetterboxWidth=-1 topActivityLetterboxHeight=-1 topActivityAppBounds=Rect(0, 0 - 0, 0) isUserFullscreenOverrideEnabled=false isSystemFullscreenOverrideEnabled=false hasMinAspectRatioOverride=false topActivityLetterboxBounds=null topNonResizableActivityAspectRatio=-1.0} topActivityMainWindowFrame=null isAppBubble=false}, pipChange = null, remoteTransitionInfo = null, displayChange = null, requestedLocation = null, userChange = null, windowingLayerChange = null, fullscreenRequestChange = null, flags = 0, debugId = 125 }
06-13 13:03:15.056  1609  1671 V WindowManager:     startWCT=WindowContainerTransaction { changes= {} hops= [] flags= 0 errorCallbackToken=null taskFragmentOrganizer=null }
06-13 13:03:15.056  1609  1671 V WindowManager:     info={id=125 t=CLOSE f=0x0 trk=0 r=[0@Point(0, 0)] c=[
06-13 13:03:15.056  1609  1671 V WindowManager:         {WCT{RemoteToken{6813e0c Task{c09db61 #1 type=home}}} m=TO_FRONT f=SHOW_WALLPAPER|MOVE_TO_TOP leash=Surface(name=Task=1#44)/@0xeecac00 sb=Rect(0, 0 - 1440, 3120) eb=Rect(0, 0 - 1440, 3120) epz=Point(1440, 3120) d=0 taskParent=-1 winMode=1 userId=0},
06-13 13:03:15.056  1609  1671 V WindowManager:         {WCT{RemoteToken{35576b5 Task{dd06ddf #257 type=standard A=10519:com.takeya.animeongaku}}} m=CLOSE f=NONE leash=Surface(name=Task=257#1935)/@0x32893f9 sb=Rect(0, 0 - 1440, 3120) eb=Rect(0, 0 - 1440, 3120) epz=Point(1440, 3120) d=0 taskParent=-1 winMode=1 userId=0},
06-13 13:03:15.056  1609  1671 V WindowManager:         {m=TO_FRONT f=IS_WALLPAPER leash=Surface(name=WallpaperWindowToken{8738049}#1855)/@0x13e3040 sb=Rect(0, 0 - 1440, 3120) eb=Rect(0, 0 - 1440, 3120) epz=Point(1440, 3120) d=0}
06-13 13:03:15.056  1609  1671 V WindowManager:     ]}
06-13 13:03:15.058  1609  2100 D ActivityManager: sync unfroze 24538 com.google.android.apps.photos for 6
06-13 13:03:15.061 30112 30112 D LauncherStateManager: StateManager.cancelAnimation: animation ongoing: false, partial trace:
06-13 13:03:15.061 30112 30112 D LauncherStateManager: 	at com.android.launcher3.statemanager.StateManager.setCurrentAnimation(go/retraceme e7cd309963814d9065d6a536389605fbebe82217e83d1c01d8c604122a56f12e:60)
06-13 13:03:15.061 30112 30112 D LauncherStateManager: 	at com.android.launcher3.QuickstepTransitionManager.createWallpaperOpenAnimations(go/retraceme e7cd309963814d9065d6a536389605fbebe82217e83d1c01d8c604122a56f12e:667)
06-13 13:03:15.061 30112 30112 D LauncherStateManager: 	at com.android.launcher3.QuickstepTransitionManager$WallpaperOpenLauncherAnimationRunner.onAnimationStart(go/retraceme e7cd309963814d9065d6a536389605fbebe82217e83d1c01d8c604122a56f12e:95)
06-13 13:03:15.061 30112 30112 D LauncherStateManager: StateManager.createAtomicAnimation: fromState: Normal, toState: Normal, partial trace:
06-13 13:03:15.061 30112 30112 D LauncherStateManager: 	at com.android.quickstep.util.WorkspaceRevealAnim.prepareToAnimate(go/retraceme e7cd309963814d9065d6a536389605fbebe82217e83d1c01d8c604122a56f12e:20)
06-13 13:03:15.061 30112 30112 D LauncherStateManager: 	at com.android.quickstep.util.WorkspaceRevealAnim.<init>(go/retraceme e7cd309963814d9065d6a536389605fbebe82217e83d1c01d8c604122a56f12e:11)
06-13 13:03:15.061 30112 30112 D LauncherStateManager: 	at com.android.launcher3.QuickstepTransitionManager.createWallpaperOpenAnimations(go/retraceme e7cd309963814d9065d6a536389605fbebe82217e83d1c01d8c604122a56f12e:704)
06-13 13:03:15.061 30112 30112 D AllAppsTransitionController: shouldProtectHeader: false skipScrim: true state: Normal stateManager.getState(): Normal
06-13 13:03:15.061 30112 30112 D KeyboardInsetsHandler: removePendingImeController: pendingImeController=null
06-13 13:03:15.062 30112 30112 D b/311077782: LauncherAnimationRunner.setAnimation
06-13 13:03:15.063  1609  5220 W ActivityTaskManager: setRunningRemoteTransition: no process for null
06-13 13:03:15.063  2362  2405 V WindowManagerShell:  animated by com.android.wm.shell.transition.RemoteTransitionHandler@a710b95
06-13 13:03:15.065  1363  1363 I adbd    : Remote process closed the socket (on MSG_PEEK)
06-13 13:03:15.065  1609  2679 I MediaSessionStack: removeSession | record: com.takeya.animeongaku/androidx.media3.session.id./26 (userId=0)
06-13 13:03:15.065  1609  2679 D MediaSessionService: destroySessionLocked: record=com.takeya.animeongaku/androidx.media3.session.id./26 (userId=0)
06-13 13:03:15.066  1609  2240 D MediaSessionService: setFgsIfNoSessionIsLinkedToNotification: record=com.takeya.animeongaku/androidx.media3.session.id./26 (userId=0)
06-13 13:03:15.069  1033  1033 I Zygote  : Process 20366 exited due to signal 9 (Killed)
06-13 13:03:15.072 30079 30079 D ThermalStatusMonitor: Thermal status monitoring started.
06-13 13:03:15.073  1609  1690 I libprocessgroup: Removed cgroup /sys/fs/cgroup/apps/uid_10519/pid_20366
06-13 13:03:15.073  2362  2405 D Bubbles : BubbleData.onLocusVisibilityChanged() locusId=Overview|DISABLED visible=true taskId=1
06-13 13:03:15.076  1609  5279 V ActivityManager: Got obituary of 20366:com.takeya.animeongaku
06-13 13:03:15.077  1609  1632 I ImeTracker: com.takeya.animeongaku:39a7ab84: onRequestHide at ORIGIN_SERVER reason HIDE_REMOVE_CLIENT fromUser false userId 0 displayId 0
06-13 13:03:15.077  1609  1632 I ImeTracker: com.takeya.animeongaku:39a7ab84: onCancelled at PHASE_SERVER_SHOULD_HIDE
06-13 13:03:15.077  1609  5220 I WindowManager: WIN DEATH: Window{b914586 u0 com.takeya.animeongaku/com.takeya.animeongaku.MainActivity}
06-13 13:03:15.079  1609  1674 W ActivityManager: setHasOverlayUi called on unknown pid: 20366
06-13 13:03:15.080 30112 30112 D BaseActivity: Launcher flags updated: [state_started|state_resumed|state_deferred_resumed|state_window_focused|state_user_active] +[state_window_focused]
06-13 13:03:15.081 30079 30079 D ThermalStatusMonitor: Thermal status changed from 0 to 0
06-13 13:03:15.082  1609  2132 I ImeTracker: com.google.android.apps.nexuslauncher:4c29d496: onRequestHide at ORIGIN_SERVER reason HIDE_UNSPECIFIED_WINDOW fromUser false userId 0 displayId 0
06-13 13:03:15.083   556  2351 E hwc-display: [PrimaryDisplay] resetColorMappingInfoForClientComp:: resetColorMappingInfo() idx=2 error(-22)
06-13 13:03:15.084   556  2351 E hwc-display: Fail to open file /data/vendor/log/hwc/PrimaryDisplay_hwc_error_log0.txt, error: Permission denied
06-13 13:03:15.084   556  2351 E hwc-display: Fail to open file /data/log/PrimaryDisplay_hwc_error_log0.txt, error: No such file or directory
06-13 13:03:15.084   556  2351 E hwc-display: Unable to open log file for PrimaryDisplay_hwc_error_log0.txt
06-13 13:03:15.079   556   556 W binder:556_3: type=1400 audit(0.0:5499): avc:  denied  { search } for  name="log" dev="dm-62" ino=313 scontext=u:r:hal_graphics_composer_default:s0 tcontext=u:object_r:vendor_log_file:s0 tclass=dir permissive=0
06-13 13:03:15.085 30112 30112 D InsetsController: hide(ime())
06-13 13:03:15.085 30112 30112 I ImeTracker: com.google.android.apps.nexuslauncher:4c29d496: onCancelled at PHASE_CLIENT_ALREADY_HIDDEN
06-13 13:03:15.088  4221  4221 I GoogleInputMethodService: GoogleInputMethodService.onFinishInput():2259 
06-13 13:03:15.089  1609  5165 I ImeTracker: system_server:b8f569da: onRequestHide at ORIGIN_SERVER reason IME_REQUESTED_CHANGED_LISTENER fromUser false displayId 0
06-13 13:03:15.089  4221  4221 I Module  : DeviceLockedStatusModuleProvider$Module.updateDeviceLockedStatusInternal():127 repeatCheckTimes = 0, locked = false
06-13 13:03:15.079   556   556 W binder:556_3: type=1400 audit(0.0:5500): avc:  denied  { search } for  name="log" dev="dm-62" ino=313 scontext=u:r:hal_graphics_composer_default:s0 tcontext=u:object_r:vendor_log_file:s0 tclass=dir permissive=0
06-13 13:03:15.094  4221  4221 I GoogleInputMethodService: GoogleInputMethodService.onStartInput():1446 onStartInput(EditorInfo{EditorInfo{packageName=com.google.android.apps.nexuslauncher, inputType=0, inputTypeString=NULL, enableLearning=false, autoCorrection=false, autoComplete=false, imeOptions=0, privateImeOptions=null, actionName=UNSPECIFIED, actionLabel=null, initialSelStart=-1, initialSelEnd=-1, initialCapsMode=0, label=null, fieldId=0, fieldName=null, extras=null, hintText=null, hintLocales=[]}}, false)
06-13 13:03:15.094  4221  4221 I AndroidIME: LatinIMEBase.updateInputViewCoverNavigation():321 Update input view padding, isNavbarOverInputWindow=true, bottom inset=168
06-13 13:03:15.095  1609  1674 I ImeTracker: system_server:b8f569da: onCancelled at PHASE_SERVER_SHOULD_HIDE
06-13 13:03:15.096  4221  4221 I Module  : DeviceLockedStatusModuleProvider$Module.updateDeviceLockedStatusInternal():127 repeatCheckTimes = 1, locked = false
06-13 13:03:15.096  3152  3152 I EuiccGoogle: [2] NetworkFetcher.getFirstActiveEuiccSlotId: isRemovableEsimDefault: false
06-13 13:03:15.097  1609  4979 W PackageConfigPersister: App-specific configuration not found for packageName: com.google.android.apps.nexuslauncher and userId: 0
06-13 13:03:15.098  3152  3152 I EuiccGoogle: [2] EuiccServiceImpl.onCreate: onCreate DSDS mode: simCardState is 11
06-13 13:03:15.103  3152  3152 I EuiccGoogle: [2] Partner.getResourceEntry$ar$ds$ar$class_merging$ar$class_merging$ar$class_merging: Partner app=com.google.android.euiccoverlay, Resource name=esim_supported_countries, type=string, partnerResId = 0
06-13 13:03:15.104  3152  3152 I EuiccGoogle: [2] Partner.getResourceEntry$ar$ds$ar$class_merging$ar$class_merging$ar$class_merging: Partner app=com.google.android.euiccoverlay, Resource name=esim_unsupported_countries, type=string, partnerResId = 2131689526
06-13 13:03:15.106  3152  3152 I EuiccGoogle: [2] ViewCompat$Api28Impl.getOverrideCarrierInfoListForConversion: enableNewConversionApi: true, enableConversionXosCarrierIdFromTransferConfig: false
06-13 13:03:15.106  3152  3152 I EuiccGoogle: [2] ViewCompat$Api28Impl.getCarrierInfos: All carrier info overrides: []
06-13 13:03:15.110  3152  3152 I EuiccGoogle: [2] PhenotypeUpdatedReceiver.setPsimConversionSupportedCarriers: setPsimConversionSupportedCarriers:[1, 3]
06-13 13:03:15.111  2704  2898 D EuiccConnector: handleMessage: E msg.what=4
06-13 13:03:15.111  2704  2898 D EuiccConnector: processMsg: DisconnectedState
06-13 13:03:15.111  2704  2898 D EuiccConnector: transitionTo: destState=ConnectedState
06-13 13:03:15.111  2704  2898 D EuiccConnector: handleMessage: new destination call exit/enter
06-13 13:03:15.111  2704  2898 D EuiccConnector: setupTempStateStackWithStatesToEnter: X mTempStateStackCount=1,curStateInfo: state=DisconnectedState,active=true,parent=null
06-13 13:03:15.111  2704  2898 D EuiccConnector: moveTempStackToStateStack: i=0,j=1
06-13 13:03:15.111  2704  2898 D EuiccConnector: moveTempStackToStateStack: X mStateStackTop=1,startingIndex=1,Top=ConnectedState
06-13 13:03:15.111  2704  2898 D EuiccConnector: invokeEnterMethods: ConnectedState
06-13 13:03:15.111  2704  2898 D EuiccConnector: moveDeferredMessageAtFrontOfQueue; what=103
06-13 13:03:15.111  2704  2898 D EuiccConnector: handleMessage: X
06-13 13:03:15.111  2704  2898 D EuiccConnector: handleMessage: E msg.what=103
06-13 13:03:15.111  2704  2898 D EuiccConnector: processMsg: ConnectedState
06-13 13:03:15.112  2704  2898 D EuiccConnector: handleMessage: X
06-13 13:03:15.113  3152 20502 I EuiccGoogle: [255] EuiccServiceImpl.onGetEuiccProfileInfoList: onGetEuiccProfileInfoList: slotId = 0
06-13 13:03:15.114  3152 20502 I EuiccGoogle: [255] EuiccServiceImpl.onGetEuiccProfileInfoList: slotId = 0, isRemovable = false
06-13 13:03:15.114  3152 20502 I EuiccGoogle: [255] EuiccServiceImpl.onGetEuiccProfileInfoList: onGetEuiccProfileInfoList: isRemovable = false.
06-13 13:03:15.114  3152 20502 I EuiccGoogle: [255] EuiccServiceImpl.onGetEuiccProfileInfoList: getSimCardState for slotId: 0
06-13 13:03:15.118  1609  5220 W JobInfo : Job 'com.google.android.apps.photos/com.google.android.libraries.social.async.BackgroundTaskJobService#1043' has a deadline with no functional constraints. The deadline won't improve job execution latency. Consider removing the deadline.
06-13 13:03:15.119  3152 20502 I EuiccGoogle: [255] EuiccServiceImpl.onGetEuiccProfileInfoList: GetEuiccProfileInfoListResult: simCardState :11and simCardStateAtTelephony:11 for slot:0
06-13 13:03:15.119  3152 20502 I EuiccGoogle: [255] EuiccServiceImpl.getProfileInfoList: getProfileInfoList: slotId = 0, includeTestProfiles = false
06-13 13:03:15.120  3152 20502 I EuiccGoogle: [255] EuiccServiceImpl.getProfileInfoList: getProfileInfoList: slotId = 0, includeTestProfiles = false.
06-13 13:03:15.120  3152 20502 I EuiccGoogle: [255] EuiccServiceImpl.getEidFromSlotId: getEidFromSlotId: slotId = 0.
06-13 13:03:15.120  3152 20502 I EuiccGoogle: [255] NetworkFetcher.getEidForSlot: getEidForSlot: 0
06-13 13:03:15.121   904   904 I Dtdi    : (REDACTED) [MediaControllerFilter] packageName=%s resolved=%s
06-13 13:03:15.122   904   904 I Dtdi    : (REDACTED) [MediaControllerFilter] packageName=%s resolved=%s
06-13 13:03:15.122  1609  2469 W MediaSessionRecord: Ignoring call to destroyed session
06-13 13:03:15.127  8142  8142 I Finsky  : [2] SCH: job service start with id 9919.
06-13 13:03:15.129   904   904 I Dtdi    : (REDACTED) [MediaControllerFilter] packageName=%s resolved=%s
06-13 13:03:15.129  3152 20502 I EuiccGoogle: [255] BlockingEuiccCardManager.requestAllProfiles: requestAllProfiles: cardId = [YvBmQQkkTOgr2bscoLcGVQOzs9s]
06-13 13:03:15.137  2528  2528 W MediaControlGattService: Feature PLAYER_NAME support: true
06-13 13:03:15.137  2528  2528 W MediaControlGattService: Feature MEDIA_STATE support: true
06-13 13:03:15.139  8142 20504 I Finsky  : [740] SCH: Satisfied jobs for 9919 are: 12-1
06-13 13:03:15.139  8142 20503 I Finsky  : [739] SCH: Job 12-1 starting
06-13 13:03:15.139  2528  2528 I PlayerSettingsManager: activePlayerChanged - current active app uid=10499 isNotFrozen=false
06-13 13:03:15.139  2528  2528 I PlayerSettingsManager: activePlayerChanged to com.nolanblew.animequiz.mobile
06-13 13:03:15.140  8142  8142 I Finsky  : [2] WM::SCH: Logging work start for 12-1
06-13 13:03:15.140  8142  8142 I Finsky  : [2] [ContentSync] job started
06-13 13:03:15.145  2528  2528 I PlayerSettingsManager: updateRemoteDevice: repeat (STATE_REPEAT_OFF -> STATE_REPEAT_OFF), shuffle (STATE_SHUFFLE_OFF -> STATE_SHUFFLE_OFF)
06-13 13:03:15.152 20495 20495 D AndroidRuntime: >>>>>> START com.android.internal.os.RuntimeInit uid 2000 <<<<<<
06-13 13:03:15.157 20495 20495 I AndroidRuntime: Using default boot image
06-13 13:03:15.157 20495 20495 I AndroidRuntime: Leaving lock profiling enabled
06-13 13:03:15.160 20495 20495 I app_process: Using generational CollectorTypeCMC GC.
06-13 13:03:15.167  1609  1924 W ParceledListSlice: Element #211 is 16896 bytes.
06-13 13:03:15.171  4394  4658 I AiAiEcho: (REDACTED) Predicting[%d]: %s
06-13 13:03:15.177  4394  4658 I AiAiEcho: (REDACTED) EchoTargets: %s
06-13 13:03:15.177  4394  4658 I AiAiEcho: Filtered by AiAi flag check: %s
06-13 13:03:15.178  4394  4658 I AiAiEcho: (REDACTED) #weatherSubItemsTwiddler: Weather removes SubtitleSupplementalItem in surface: %s
06-13 13:03:15.179  4394  4658 I AiAiEcho: #remoteViewsTwiddler: feature disabled.
06-13 13:03:15.180  4394  4658 I AiAiEcho: (REDACTED) %s No tracked ambient data found for ID: %s; for event type: %d, skipping event processing.
06-13 13:03:15.187  4394  4658 I AiAiEcho: (REDACTED) #postPredictionTargets: Sending updates to UISurface %s with targets# %s (types=[%s])
06-13 13:03:15.191 30112 30112 D SsBaseTemplateCard: Passed-in item info is null
06-13 13:03:15.191 30112 30112 I SsBaseTemplateCard: setFormattedContentDescription: text=89°F, iconDescription=Sunny, contentDescription=Sunny, 89°F
06-13 13:03:15.191 30112 30112 D SsBaseTemplateCard: Passed-in item info is null
06-13 13:03:15.191 30112 30112 D SsBaseTemplateCard: Passed-in item info is null
06-13 13:03:15.191 30112 30112 I SsBaseTemplateCard: Secondary card pane is null
06-13 13:03:15.219 20495 20495 D nativeloader: InitDefaultPublicLibraries for_preload=1: libandroid.so:libaaudio.so:libamidi.so:libbinder_ndk.so:libc.so:libcamera2ndk.so:libdl.so:libEGL.so:libGLESv1_CM.so:libGLESv2.so:libGLESv3.so:libicu.so:libicui18n.so:libicuuc.so:libjnigraphics.so:liblog.so:libmediandk.so:libm.so:libnativehelper.so:libnativewindow.so:libOpenMAXAL.so:libOpenSLES.so:libRS.so:libstdc++.so:libsync.so:libvulkan.so:libwebviewchromium_plat_support.so:libz.so
06-13 13:03:15.226  2704  2898 D EuiccConnector: handleMessage: E msg.what=6
06-13 13:03:15.226  2704  2898 D EuiccConnector: processMsg: ConnectedState
06-13 13:03:15.226  2704  2898 D EuiccConnector: handleMessage: X
06-13 13:03:15.230 20495 20495 D nativeloader: Load libicu_jni.so using APEX ns com_android_art for caller /apex/com.android.art/javalib/core-oj.jar: ok
06-13 13:03:15.230 20495 20495 D app_process: u_setTimeZoneFilesDirectory("/apex/com.android.tzdata/etc/tz/versioned/9/icu") succeeded. 
06-13 13:03:15.230 20495 20495 D app_process: I18n APEX ICU file found: /apex/com.android.i18n/etc/icu/icudt76l.dat
06-13 13:03:15.231 20495 20495 D nativeloader: Load libjavacore.so using APEX ns com_android_art for caller /apex/com.android.art/javalib/core-oj.jar: ok
06-13 13:03:15.232 20495 20495 D nativeloader: Load libopenjdk.so using APEX ns com_android_art for caller /apex/com.android.art/javalib/core-oj.jar: ok
06-13 13:03:15.233 20495 20495 I app_process: Priority-to-niceness mapping: 19, 16, 13, 10, 0, -2, -4, -5, -6, -8
06-13 13:03:15.252 20495 20495 D nativeloader: Load libframework-connectivity-tiramisu-jni.so using APEX ns com_android_tethering for caller /apex/com.android.tethering/javalib/framework-connectivity-t.jar: ok
06-13 13:03:15.253 20495 20495 D AndroidRuntime: Calling main entry com.android.commands.monkey.Monkey
06-13 13:03:15.254 20495 20495 D nativeloader: Load /system/lib64/libmonkey_jni.so using ns default for caller /system/framework/monkey.jar in same partition (is_bridged=0): ok
06-13 13:03:15.254 20495 20495 W Monkey  : args: [-p, com.takeya.animeongaku, 1]
06-13 13:03:15.256 20495 20495 I AconfigPackage: com.android.uwb.flags is mapped to com.android.uwb
06-13 13:03:15.256 20495 20495 I AconfigPackage: com.android.ranging.flags is mapped to com.android.uwb
06-13 13:03:15.256 20495 20495 I AconfigPackage: com.android.wifi.flags is mapped to com.android.wifi
06-13 13:03:15.256 20495 20495 I AconfigPackage: com.android.org.conscrypt.flags is mapped to com.android.conscrypt
06-13 13:03:15.256 20495 20495 I AconfigPackage: com.android.org.conscrypt.net.flags is mapped to com.android.conscrypt
06-13 13:03:15.256 20495 20495 I AconfigPackage: com.android.bluetooth.beta.flags is mapped to com.android.bt
06-13 13:03:15.256 20495 20495 I AconfigPackage: com.android.bluetooth.flags is mapped to com.android.bt
06-13 13:03:15.256 20495 20495 I AconfigPackage: android.graphics.pdf.flags is mapped to com.android.mediaprovider
06-13 13:03:15.256 20495 20495 I AconfigPackage: com.android.providers.media.flags is mapped to com.android.mediaprovider
06-13 13:03:15.256 20495 20495 I AconfigPackage: android.graphics.pdf.flags.readonly is mapped to com.android.mediaprovider
06-13 13:03:15.256 20495 20495 I AconfigPackage: com.android.os.statsd.flags is mapped to com.android.os.statsd
06-13 13:03:15.257 20495 20495 I AconfigPackage: com.android.ipsec.flags is mapped to com.android.ipsec
06-13 13:03:15.257 20495 20495 I AconfigPackage: com.android.media.extractor.flags is mapped to com.android.media
06-13 13:03:15.257 20495 20495 I AconfigPackage: com.android.media.metrics.flags is mapped to com.android.media
06-13 13:03:15.257 20495 20495 I AconfigPackage: com.android.media.mainline.flags is mapped to com.android.media
06-13 13:03:15.257 20495 20495 I AconfigPackage: com.android.uprobestats.flags is mapped to com.android.uprobestats
06-13 13:03:15.257 20495 20495 I AconfigPackage: android.uprobestats.mainline.flags is mapped to com.android.uprobestats
06-13 13:03:15.257 20495 20495 I AconfigPackage: com.android.tethering.mainline.beta is mapped to com.android.tethering
06-13 13:03:15.257 20495 20495 I AconfigPackage: android.net.http is mapped to com.android.tethering
06-13 13:03:15.257 20495 20495 I AconfigPackage: com.android.tethering.readonly.flags is mapped to com.android.tethering
06-13 13:03:15.257 20495 20495 I AconfigPackage: android.net.vcn is mapped to com.android.tethering
06-13 13:03:15.257 20495 20495 I AconfigPackage: com.android.net.flags is mapped to com.android.tethering
06-13 13:03:15.257 20495 20495 I AconfigPackage: com.android.tethering.flags is mapped to com.android.tethering
06-13 13:03:15.257 20495 20495 I AconfigPackage: com.android.tethering.beta.test is mapped to com.android.tethering
06-13 13:03:15.257 20495 20495 I AconfigPackage: com.android.nearby.flags is mapped to com.android.tethering
06-13 13:03:15.257 20495 20495 I AconfigPackage: com.android.net.thread.flags is mapped to com.android.tethering
06-13 13:03:15.257 20495 20495 I AconfigPackage: com.android.net.ct.flags is mapped to com.android.tethering
06-13 13:03:15.257 20495 20495 I AconfigPackage: com.android.art.flags is mapped to com.android.art
06-13 13:03:15.257 20495 20495 I AconfigPackage: com.android.art.rw.flags is mapped to com.android.art
06-13 13:03:15.257 20495 20495 I AconfigPackage: com.android.libcore is mapped to com.android.art
06-13 13:03:15.257 20495 20495 I AconfigPackage: android.os.profiling is mapped to com.android.profiling
06-13 13:03:15.257 20495 20495 I AconfigPackage: android.os.profiling.anomaly.flags is mapped to com.android.profiling
06-13 13:03:15.257 20495 20495 I AconfigPackage: com.android.crashrecovery.flags is mapped to com.android.crashrecovery
06-13 13:03:15.257 20495 20495 I AconfigPackage: android.provider.flags is mapped to com.android.configinfrastructure
06-13 13:03:15.257 20495 20495 I AconfigPackage: com.android.server.deviceconfig is mapped to com.android.configinfrastructure
06-13 13:03:15.257 20495 20495 I AconfigPackage: com.android.nfc.module.flags is mapped to com.android.nfcservices
06-13 13:03:15.257 20495 20495 I AconfigPackage: com.android.nfc.module.nonexported.flags is mapped to com.android.nfcservices
06-13 13:03:15.257 20495 20495 I AconfigPackage: com.android.appsearch.flags is mapped to com.android.appsearch
06-13 13:03:15.257 20495 20495 I AconfigPackage: com.android.adservices.flags is mapped to com.android.adservices
06-13 13:03:15.257 20495 20495 I AconfigPackage: com.android.sdksandbox.flags is mapped to com.android.adservices
06-13 13:03:15.257 20495 20495 I AconfigPackage: com.android.cellbroadcastreceiver.flags is mapped to com.android.cellbroadcast
06-13 13:03:15.258 20495 20495 I AconfigPackage: android.media.swcodec.flags is mapped to com.android.media.swcodec
06-13 13:03:15.258 20495 20495 I AconfigPackage: com.android.permission.flags is mapped to com.android.permission
06-13 13:03:15.258 20495 20495 I AconfigPackage: com.android.permissioncontroller.flags is mapped to com.android.permission
06-13 13:03:15.258 20495 20495 I AconfigPackage: com.android.adservices.ondevicepersonalization.flags is mapped to com.android.ondevicepersonalization
06-13 13:03:15.258 20495 20495 I AconfigPackage: com.android.healthfitness.flags is mapped to com.android.healthfitness
06-13 13:03:15.258 20495 20495 I AconfigPackage: com.android.icu is mapped to com.android.i18n
06-13 13:03:15.258 20495 20495 I AconfigPackage: com.android.system.virtualmachine.flags is mapped to com.android.virt
06-13 13:03:15.258 20495 20495 I AconfigPackage: com.android.devicelock.flags is mapped to com.android.devicelock
06-13 13:03:15.258 20495 20495 I AconfigPackage: com.android.rkpd.flags is mapped to com.android.rkpd
06-13 13:03:15.258 20495 20495 I AconfigPackage: com.android.adbd.flags is mapped to com.android.adbd
06-13 13:03:15.258 20495 20495 I AconfigPackage: android.telecom.flags is mapped to com.android.telephonycore
06-13 13:03:15.258 20495 20495 I AconfigPackage: com.android.internal.telecom.flags is mapped to com.android.telephonycore
06-13 13:03:15.258 20495 20495 I AconfigPackage: com.android.telephony.flags is mapped to com.android.telephonycore
06-13 13:03:15.258 20495 20495 I AconfigPackage: com.android.compos.flags is mapped to com.android.compos
06-13 13:03:15.259 20495 20495 E FeatureFlagsImplExport: android.os.flagging.AconfigStorageReadException: ERROR_PACKAGE_NOT_FOUND: package android.xr cannot be found on the device
06-13 13:03:15.255 20495 20495 W commands.monkey: type=1400 audit(0.0:5501): avc:  denied  { read } for  name="u:object_r:qemu_sf_lcd_density_prop:s0" dev="tmpfs" ino=345 scontext=u:r:shell:s0 tcontext=u:object_r:qemu_sf_lcd_density_prop:s0 tclass=file permissive=0
06-13 13:03:15.255 20495 20495 W commands.monkey: type=1400 audit(0.0:5502): avc:  denied  { read } for  name="u:object_r:qemu_sf_lcd_density_prop:s0" dev="tmpfs" ino=345 scontext=u:r:shell:s0 tcontext=u:object_r:qemu_sf_lcd_density_prop:s0 tclass=file permissive=0
06-13 13:03:15.260 20495 20495 W libc    : Access denied finding property "qemu.sf.lcd_density"
06-13 13:03:15.260 20495 20495 W libc    : Access denied finding property "qemu.sf.lcd_density"
06-13 13:03:15.264  1609  2123 D EventHub: No input device configuration file found for device 'Monkey touch'.
06-13 13:03:15.264 20495 20495 W Monkey  :  arg: "-p"
06-13 13:03:15.264 20495 20495 W Monkey  :  arg: "com.takeya.animeongaku"
06-13 13:03:15.264 20495 20495 W Monkey  :  arg: "1"
06-13 13:03:15.264 20495 20495 W Monkey  : data="com.takeya.animeongaku"
06-13 13:03:15.265  1609  2123 I EventHub: usingClockIoctl=true
06-13 13:03:15.265  1609  2123 I EventHub: New device: id=18, fd=731, path='/dev/input/event6', name='Monkey touch', classes=TOUCH | TOUCH_MT, configuration='', keyLayout='', keyCharacterMap='', builtinKeyboard=false, 
06-13 13:03:15.266  1609  2123 I InputReader: Device reconfigured: id=17, name='Monkey touch', size 1440x3120, orientation Rotation0, mode DIRECT, display id 0
06-13 13:03:15.266  1609  2123 I InputReader: Device added: id=17, eventHubId=18, name='Monkey touch', descriptor='e1fe28b90f915c7d1febbd52c1ef84b3c4cbed9f',sources=TOUCHSCREEN
06-13 13:03:15.277  1609  5220 W ActivityManager: registerReceiverWithFeature: no app for null
06-13 13:03:15.286  1609  1674 D WindowManager: Direct invocation of sendNewConfiguration: Display{#0 state=ON size=1440x3120 ROTATION_0}
06-13 13:03:15.288  4221  4221 I PkDeviceHelper: PkDeviceHelper.refreshDevices():87 refreshing devices
06-13 13:03:15.294  1609  1924 W ParceledListSlice: Element #211 is 16936 bytes.
06-13 13:03:15.301  1609  5220 W JobScheduler: Job didn't exist in JobStore: e835fe6 #u0a194/1034 com.google.android.apps.photos/com.google.android.libraries.social.mediamonitor.MediaMonitorJobSchedulerService
06-13 13:03:15.302  1609  4979 W ActivityTaskManager: callingPackage for (uid=2000, pid=20495) has no WPC
06-13 13:03:15.303  1609  4979 V GrammaticalInflectionUtils: AttributionSource: android.content.AttributionSource@c5305732 does not have READ_SYSTEM_GRAMMATICAL_GENDER permission.
06-13 13:03:15.305 30112 30112 D RecentsView: onTaskDisplayChanged: 258, new displayId = 0
06-13 13:03:15.308   554  2993 I libbinder.BpBinder: onLastStrongRef automatically unlinking death recipients for binder (0xb4000072e45be480) with descriptor: '(not cached)'
06-13 13:03:15.309  2362  2405 D Bubbles : BubbleTaskStackListener.onTaskMovedToFront(): taskId=258
06-13 13:03:15.309  1609  4979 I ActivityTaskManager: Add Task{dd06ddf #257 type=standard A=10519:com.takeya.animeongaku} to hidden list because adding Task{c3e71d9 #258 type=standard A=10519:com.takeya.animeongaku}
