06-13 13:03:15.310 30112 30112 D BaseActivity: Launcher flags updated: [state_started|state_resumed|state_deferred_resumed|state_window_focused|state_user_active] -[]
06-13 13:03:15.310  1609  4979 V ActivityTaskManager: TaskLaunchParamsModifier: phase=3 task=Task{c3e71d9 #258 type=standard A=10519:com.takeya.animeongaku} activity=ActivityRecord{124634144 u0 com.takeya.animeongaku/.MainActivity t-1} display-from-task=0 display-id=0 task-display-area-windowing-mode=1 suggested-display-area=DefaultTaskDisplayArea@254098756 inherit-from-task=fullscreen non-freeform-task-display-area display-area=DefaultTaskDisplayArea@254098756 default-portrait freeform-size-mismatch=Rect(362, 870 - 1079, 2310)
06-13 13:03:15.310  1609  2469 D CompatChangeReporter: Compat change id reported: 377864165; UID 10519; state: ENABLED
06-13 13:03:15.310  1609  4979 I ActivityTaskManager: START u0 {act=android.intent.action.MAIN cat=[android.intent.category.LAUNCHER] flg=0x10200000 cmp=com.takeya.animeongaku/.MainActivity} with LAUNCH_SINGLE_TASK from uid 2000 (com.android.shell) (BAL_ALLOW_PERMISSION) result code=0
06-13 13:03:15.310 30112 30112 D BaseActivity: Launcher flags updated: [state_started|state_resumed|state_deferred_resumed|state_window_focused] -[state_user_active]
06-13 13:03:15.310  2362  2405 V WindowManagerShell: Transition requested (#126): android.os.BinderProxy@aa5ad66 TransitionRequestInfo { type = OPEN, triggerTask = TaskInfo{userId=0 taskId=258 effectiveUid=10519 displayId=0 isRunning=true baseIntent=Intent { act=android.intent.action.MAIN cat=[android.intent.category.LAUNCHER] flg=0x10200000 cmp=com.takeya.animeongaku/.MainActivity } baseActivity=ComponentInfo{com.takeya.animeongaku/com.takeya.animeongaku.MainActivity} topActivity=ComponentInfo{com.takeya.animeongaku/com.takeya.animeongaku.MainActivity} origActivity=null realActivity=ComponentInfo{com.takeya.animeongaku/com.takeya.animeongaku.MainActivity} realActivityIsAppLockEnabled=false numActivities=1 lastActiveTime=92241399 supportsMultiWindow=true resizeMode=1 isResizeable=true minWidth=-1 minHeight=-1 defaultMinSize=220 token=WCT{android.os.BinderProxy@64418a7} topActivityType=1 pictureInPictureParams=null shouldDockBigOverlays=false launchIntoPipHostTaskId=-1 lastParentTaskIdBeforePip=-1 displayCutoutSafeInsets=Rect(0, 144 - 0, 0) topActivityInfo=ActivityInfo{2ab9154 com.takeya.animeongaku.MainActivity} launchCookies=[] positionInParent=Point(0, 0) parentTaskId=-1 isFocused=false isVisible=false isVisibleRequested=false isTopActivityNoDisplay=false isSleeping=false locusId=null displayAreaFeatureId=1 isTopActivityTransparent=false isActivityStackTransparent=false lastNonFullscreenBounds=Rect(362, 870 - 1079, 2310) leafTaskBoundsFromOptions= false capturedLink=null capturedLinkTimestamp=0 requestedVisibleTypes=503 topActivityRequestOpenInBrowserEducationTimestamp=0 appCompatTaskInfo=AppCompatTaskInfo { topActivityInSizeCompat=false isLeafTask= true eligibleForLetterboxEducation= false isLetterboxEducationEnabled= false isLetterboxDoubleTapEnabled= false eligibleForUserAspectRatioButton= false topActivityBoundsLetterboxed= false isFromLetterboxDoubleTap= false topActivityLetterboxVerticalPosition= -1 topActivityLetterboxHorizontalPosition= -1 topActivityLetterboxWidth=-1 topActivityLetterboxHeight=-1 topActivityAppBounds=Rect(0, 0 - 1440, 3120) isUserFullscreenOverrideEnabled=false isSystemFullscreenOverrideEnabled=false hasMinAspectRatioOverride=false topActivityLetterboxBounds=null topNonResizableActivityAspectRatio=-1.0} topActivityMainWindowFrame=null isAppBubble=false}, pipChange = null, remoteTransitionInfo = null, displayChange = null, requestedLocation = null, userChange = null, windowingLayerChange = null, fullscreenRequestChange = null, flags = 0, debugId = 126 }
06-13 13:03:15.310  2362  2405 W DisplayDisconnectTransitionHandler: No disconnect change found in the transition, not handling request.
06-13 13:03:15.310 30112 30112 D BaseActivity: Launcher flags updated: [state_started|state_window_focused] -[state_resumed|state_deferred_resumed]
06-13 13:03:15.310  2362  2405 D ShellSplitScreen: logExit: no-op, mLoggerSessionId is null
06-13 13:03:15.310 30112 30112 W SplitSelectStateCtor: Missing session instanceIds
06-13 13:03:15.310 30112 30112 D StatsLog: LAUNCHER_SPLIT_SELECTION_EXIT_INTERRUPTED
06-13 13:03:15.311 20495 20495 I Monkey  : Events injected: 1
06-13 13:03:15.312  1609  2469 I AppsFilter: interaction: PackageSetting{d4d78c8 com.companyname.gptranslate/10453} -> PackageSetting{a4811ae com.takeya.animeongaku/10519} BLOCKED
06-13 13:03:15.312  1609  2469 I AppsFilter: interaction: PackageSetting{1daf086 com.nolanblew.animequiz.mobile/10499} -> PackageSetting{a4811ae com.takeya.animeongaku/10519} BLOCKED
06-13 13:03:15.312  1609  2469 I AppsFilter: interaction: PackageSetting{d256d47 com.google.android.microdroid.empty_payload/10448} -> PackageSetting{a4811ae com.takeya.animeongaku/10519} BLOCKED
06-13 13:03:15.312  1609  2469 I AppsFilter: interaction: PackageSetting{c255974 com.AnimeQuiz.Android/10464} -> PackageSetting{a4811ae com.takeya.animeongaku/10519} BLOCKED
06-13 13:03:15.312  1609  2469 I AppsFilter: interaction: PackageSetting{e09e9d com.nolan.anihelper/10500} -> PackageSetting{a4811ae com.takeya.animeongaku/10519} BLOCKED
06-13 13:03:15.312  1609  2469 I AppsFilter: interaction: PackageSetting{a658f12 com.procore.designsystemshowcase/10112} -> PackageSetting{a4811ae com.takeya.animeongaku/10519} BLOCKED
06-13 13:03:15.312  1609  2469 I AppsFilter: interaction: PackageSetting{8c196e3 com.procore.activities.debug/10483} -> PackageSetting{a4811ae com.takeya.animeongaku/10519} BLOCKED
06-13 13:03:15.312  1609  2469 I AppsFilter: interaction: PackageSetting{cf898e0 com.companyname.giftlistproject.app/10490} -> PackageSetting{a4811ae com.takeya.animeongaku/10519} BLOCKED
06-13 13:03:15.312  1609  2469 I AppsFilter: interaction: PackageSetting{1ad8799 com.nolanblew.paimonspaintings/10510} -> PackageSetting{a4811ae com.takeya.animeongaku/10519} BLOCKED
06-13 13:03:15.314  1609  2469 V WindowManager: Defer transition id=126 for TaskFragmentTransaction=android.os.Binder@a6bb4f
06-13 13:03:15.314  1609  1674 V GrammaticalInflectionUtils: AttributionSource: android.content.AttributionSource@c5305732 does not have READ_SYSTEM_GRAMMATICAL_GENDER permission.
06-13 13:03:15.315  2362  2405 D WindowManagerShell: setLauncherKeepClearAreaHeight: visible=false, height=662
06-13 13:03:15.315  1609  1674 D CompatChangeReporter: Compat change id reported: 441041342; UID 10519; state: ENABLED
06-13 13:03:15.325  1609  4979 W ParceledListSlice: Element #352 is 19712 bytes.
06-13 13:03:15.328  1609  2469 V WindowManager: Continue transition id=126 for TaskFragmentTransaction=android.os.Binder@a6bb4f
06-13 13:03:15.328  1033  1033 D Zygote  : Forked child process 20521
06-13 13:03:15.328  1609  1689 I ActivityManager: Start proc 20521:com.takeya.animeongaku/u0a519 for next-top-activity {com.takeya.animeongaku/com.takeya.animeongaku.MainActivity}
06-13 13:03:15.329 30112 30112 D b/417220811: invalidateLoadedTasks - previous requestLoadId: -1
06-13 13:03:15.329 30112 30112 D b/417220811: invalidateLoadedTasks - previous requestLoadId: -1
06-13 13:03:15.333  1609  2249 D BackgroundInstallControlService: Package event received: 0
06-13 13:03:15.335  1609  4979 W WindowManager: Cannot find window which accessibility connection is added to
06-13 13:03:15.337 20521 20521 I Zygote  : Process 20521 created for com.takeya.animeongaku
06-13 13:03:15.338 20521 20521 I eya.animeongaku: Late-enabling -Xcheck:jni
06-13 13:03:15.338 20495 20495 I Monkey  : ## Network stats: elapsed time=36ms (0ms mobile, 0ms wifi, 36ms not connected)
06-13 13:03:15.339 20495 20495 I app_process: System.exit called, status: 0
06-13 13:03:15.339 20495 20495 I AndroidRuntime: VM exiting with result code 0.
06-13 13:03:15.343 30112 30112 D BaseActivity: Launcher flags updated: [state_started] -[state_window_focused]
06-13 13:03:15.355  1609  1671 V WindowManager: Sent Transition (#126) createdAt=06-13 13:03:15.304 via request=TransitionRequestInfo { type = OPEN, triggerTask = TaskInfo{userId=0 taskId=258 effectiveUid=10519 displayId=0 isRunning=true baseIntent=Intent { act=android.intent.action.MAIN cat=[android.intent.category.LAUNCHER] flg=0x10200000 cmp=com.takeya.animeongaku/.MainActivity } baseActivity=ComponentInfo{com.takeya.animeongaku/com.takeya.animeongaku.MainActivity} topActivity=ComponentInfo{com.takeya.animeongaku/com.takeya.animeongaku.MainActivity} origActivity=null realActivity=ComponentInfo{com.takeya.animeongaku/com.takeya.animeongaku.MainActivity} realActivityIsAppLockEnabled=false numActivities=1 lastActiveTime=92241399 supportsMultiWindow=true resizeMode=1 isResizeable=true minWidth=-1 minHeight=-1 defaultMinSize=220 token=WCT{RemoteToken{d07ddbf Task{c3e71d9 #258 type=standard A=10519:com.takeya.animeongaku}}} topActivityType=1 pictureInPictureParams=null shouldDockBigOverlays=false launchIntoPipHostTaskId=-1 lastParentTaskIdBeforePip=-1 displayCutoutSafeInsets=Rect(0, 144 - 0, 0) topActivityInfo=ActivityInfo{2a3cc8c com.takeya.animeongaku.MainActivity} launchCookies=[] positionInParent=Point(0, 0) parentTaskId=-1 isFocused=false isVisible=false isVisibleRequested=false isTopActivityNoDisplay=false isSleeping=false locusId=null displayAreaFeatureId=1 isTopActivityTransparent=false isActivityStackTransparent=false lastNonFullscreenBounds=Rect(362, 870 - 1079, 2310) leafTaskBoundsFromOptions= false capturedLink=null capturedLinkTimestamp=0 requestedVisibleTypes=503 topActivityRequestOpenInBrowserEducationTimestamp=0 appCompatTaskInfo=AppCompatTaskInfo { topActivityInSizeCompat=false isLeafTask= true eligibleForLetterboxEducation= false isLetterboxEducationEnabled= false isLetterboxDoubleTapEnabled= false eligibleForUserAspectRatioButton= false topActivityBoundsLetterboxed= false isFromLetterboxDoubleTap= false topActivityLetterboxVerticalPosition= -1 topActivityLetterboxHorizontalPosition= -1 topActivityLetterboxWidth=-1 topActivityLetterboxHeight=-1 topActivityAppBounds=Rect(0, 0 - 1440, 3120) isUserFullscreenOverrideEnabled=false isSystemFullscreenOverrideEnabled=false hasMinAspectRatioOverride=false topActivityLetterboxBounds=null topNonResizableActivityAspectRatio=-1.0} topActivityMainWindowFrame=null isAppBubble=false}, pipChange = null, remoteTransitionInfo = null, displayChange = null, requestedLocation = null, userChange = null, windowingLayerChange = null, fullscreenRequestChange = null, flags = 0, debugId = 126 }
06-13 13:03:15.355  1609  1671 V WindowManager:     startWCT=WindowContainerTransaction { changes= {} hops= [] flags= 0 errorCallbackToken=null taskFragmentOrganizer=null }
06-13 13:03:15.356  1609  1671 V WindowManager:     info={id=126 t=OPEN f=0x0 trk=0 r=[0@Point(0, 0)] c=[
06-13 13:03:15.356  1609  1671 V WindowManager:         {WCT{RemoteToken{d07ddbf Task{c3e71d9 #258 type=standard A=10519:com.takeya.animeongaku}}} m=OPEN f=NONE leash=Surface(name=Task=258#1978)/@0xcc1be63 sb=Rect(0, 0 - 1440, 3120) eb=Rect(0, 0 - 1440, 3120) epz=Point(1440, 3120) d=0 taskParent=-1 winMode=1 userId=0},
06-13 13:03:15.356  1609  1671 V WindowManager:         {WCT{RemoteToken{6813e0c Task{c09db61 #1 type=home}}} m=TO_BACK f=SHOW_WALLPAPER leash=Surface(name=Task=1#44)/@0xeecac00 sb=Rect(0, 0 - 1440, 3120) eb=Rect(0, 0 - 1440, 3120) epz=Point(1440, 3120) d=0 taskParent=-1 winMode=1 userId=0},
06-13 13:03:15.356  1609  1671 V WindowManager:         {m=TO_BACK f=IS_WALLPAPER leash=Surface(name=WallpaperWindowToken{8738049}#1855)/@0x13e3040 sb=Rect(0, 0 - 1440, 3120) eb=Rect(0, 0 - 1440, 3120) epz=Point(1440, 3120) d=0}
06-13 13:03:15.356  1609  1671 V WindowManager:     ]}
06-13 13:03:15.356  2362  2374 V WindowManagerShell: onTransitionReady(transaction=6910602403865)
06-13 13:03:15.357  2362  2405 V ShellTaskOrganizer: Task appeared taskId=258 listener=FullscreenTaskListener
06-13 13:03:15.357  2362  2405 V ShellTaskOrganizer: Fullscreen Task Appeared: #258
06-13 13:03:15.358  2362  2405 V WindowManagerShell: onTransitionReady (#126) android.os.BinderProxy@aa5ad66: {id=126 t=OPEN f=0x0 trk=0 r=[0@Point(0, 0)] c=[
06-13 13:03:15.358  2362  2405 V WindowManagerShell:         {m=OPEN f=NONE leash=Surface(name=Task=258#1978)/@0x5f4c6d9 sb=Rect(0, 0 - 1440, 3120) eb=Rect(0, 0 - 1440, 3120) epz=Point(1440, 3120) d=0 taskParent=-1 winMode=1 userId=0},
06-13 13:03:15.358  2362  2405 V WindowManagerShell:         {m=TO_BACK f=SHOW_WALLPAPER leash=Surface(name=Task=1#44)/@0x2a4f89e sb=Rect(0, 0 - 1440, 3120) eb=Rect(0, 0 - 1440, 3120) epz=Point(1440, 3120) d=0 taskParent=-1 winMode=1 userId=0},
06-13 13:03:15.358  2362  2405 V WindowManagerShell:         {m=TO_BACK f=IS_WALLPAPER leash=Surface(name=WallpaperWindowToken{8738049}#1855)/@0xc322f7f sb=Rect(0, 0 - 1440, 3120) eb=Rect(0, 0 - 1440, 3120) epz=Point(1440, 3120) d=0}
06-13 13:03:15.358  2362  2405 V WindowManagerShell:     ]}
06-13 13:03:15.358  2362  2405 V WindowManagerShell: Transition (#126) android.os.BinderProxy@aa5ad66@0 ready while (#125) android.os.BinderProxy@6b3c42@0 is still animating. Notify the animating transition in case they can be merged
06-13 13:03:15.359  2362  2405 V WindowManagerShell:    Requesting merge (#126) into remote: RemoteTransition { remoteTransition = android.window.IRemoteTransition$Stub$Proxy@440ba, appThread = android.app.IApplicationThread$Stub$Proxy@7646b6b, debugName = QuickstepLaunchHome, filter = null }
06-13 13:03:15.359 20521 20521 I eya.animeongaku: Using generational CollectorTypeCMC GC.
06-13 13:03:15.360  2362 15522 V WindowManagerShell: Received remote transition finished callback for (#125)
06-13 13:03:15.361  2362  2405 V WindowManagerShell: Transition animation finished (aborted=false), notifying core (#125) android.os.BinderProxy@6b3c42@0
06-13 13:03:15.361 30112 30112 D b/417220811: invalidateLoadedTasks - previous requestLoadId: -1
06-13 13:03:15.361  1609  2680 W UriGrantsManagerService: No permission grants found for com.google.android.apps.photos
06-13 13:03:15.363  1609  2469 W UriGrantsManagerService: No permission grants found for com.google.android.apps.photos
06-13 13:03:15.363  1609  1671 V WindowManager: Finish Transition (#125): created at 06-13 13:03:15.011 collect-started=0.062ms request-sent=0.113ms started=6.059ms ready=27.503ms sent=31.696ms commit=24.814ms finished=351.814ms
06-13 13:03:15.364  1609  2680 E libbinder.IPCThreadState: Binder transaction failure. id: 20301717, cmd: BR_DEAD_REPLY (29189), error: -22 (Invalid argument)
06-13 13:03:15.364  1609  2680 W ActivityManager: pid 1609 system sent binder code 7 with flags 1 and got error -32
06-13 13:03:15.364  1609  2680 W WindowManager: Exception thrown during dispatchAppVisibility Window{b914586 u0 com.takeya.animeongaku/com.takeya.animeongaku.MainActivity EXITING}
06-13 13:03:15.364  1609  2680 W WindowManager: android.os.DeadObjectException
06-13 13:03:15.364  1609  2680 W WindowManager: 	at android.os.BinderProxy.transactNative(Native Method)
06-13 13:03:15.364  1609  2680 W WindowManager: 	at android.os.BinderProxy.transact(BinderProxy.java:602)
06-13 13:03:15.364  1609  2680 W WindowManager: 	at android.view.IWindow$Stub$Proxy.dispatchAppVisibility(IWindow.java:580)
06-13 13:03:15.364  1609  2680 W WindowManager: 	at com.android.server.wm.WindowState.sendAppVisibilityToClients(WindowState.java:3292)
06-13 13:03:15.364  1609  2680 W WindowManager: 	at com.android.server.wm.WindowContainer.sendAppVisibilityToClients(WindowContainer.java:1241)
06-13 13:03:15.364  1609  2680 W WindowManager: 	at com.android.server.wm.WindowToken.setClientVisible(WindowToken.java:392)
06-13 13:03:15.364  1609  2680 W WindowManager: 	at com.android.server.wm.ActivityRecord.commitVisibility(ActivityRecord.java:5572)
06-13 13:03:15.364  1609  2680 W WindowManager: 	at com.android.server.wm.Transition.finishTransition(Transition.java:1544)
06-13 13:03:15.364  1609  2680 W WindowManager: 	at com.android.server.wm.TransitionController.finishTransition(TransitionController.java:1140)
06-13 13:03:15.364  1609  2680 W WindowManager: 	at com.android.server.wm.WindowOrganizerController.finishTransition(WindowOrganizerController.java:529)
06-13 13:03:15.364  1609  2680 W WindowManager: 	at android.window.IWindowOrganizerController$Stub.onTransact(IWindowOrganizerController.java:270)
06-13 13:03:15.364  1609  2680 W WindowManager: 	at com.android.server.wm.WindowOrganizerController.onTransact(WindowOrganizerController.java:239)
06-13 13:03:15.364  1609  2680 W WindowManager: 	at android.os.Binder.execTransactInternal(Binder.java:1471)
06-13 13:03:15.364  1609  2680 W WindowManager: 	at android.os.Binder.execTransact(Binder.java:1411)
06-13 13:03:15.364  1609  2680 W Process : Unable to open /proc/20366/status
06-13 13:03:15.368  2362  2405 V WindowManagerShell: Playing animation for (#126) android.os.BinderProxy@aa5ad66@0
06-13 13:03:15.369  1363  1395 I adbd    : jdwp connection from 20521
06-13 13:03:15.369  2362  2405 D ShellSplitScreen: startAnimation: transition=126 isSplitActive=false
06-13 13:03:15.369  2362  2405 V ShellRecents: RecentsTransitionHandler.startAnimation: no controller found
06-13 13:03:15.370 20521 20521 D nativeloader: Load libframework-connectivity-tiramisu-jni.so using APEX ns com_android_tethering for caller /apex/com.android.tethering/javalib/framework-connectivity-t.jar: ok
06-13 13:03:15.370  2362  2405 V WindowManagerShell: Transition doesn't have explicit remote, search filters for match for {id=126 t=OPEN f=0x0 trk=0 r=[0@Point(0, 0)] c=[{m=OPEN f=NONE leash=Surface(name=Task=258#1978)/@0x5f4c6d9 sb=Rect(0, 0 - 1440, 3120) eb=Rect(0, 0 - 1440, 3120) epz=Point(1440, 3120) d=0 taskParent=-1 winMode=1 userId=0},{m=TO_BACK f=SHOW_WALLPAPER leash=Surface(name=Task=1#44)/@0x2a4f89e sb=Rect(0, 0 - 1440, 3120) eb=Rect(0, 0 - 1440, 3120) epz=Point(1440, 3120) d=0 taskParent=-1 winMode=1 userId=0},{m=TO_BACK f=IS_WALLPAPER leash=Surface(name=WallpaperWindowToken{8738049}#1855)/@0xc322f7f sb=Rect(0, 0 - 1440, 3120) eb=Rect(0, 0 - 1440, 3120) epz=Point(1440, 3120) d=0}]}
06-13 13:03:15.371  2362  2405 V WindowManagerShell:  Checking filter Pair{{types=[] flags=0x0] notFlags=0x0 checks=[{atype=undefined independent=true modes=[CLOSE,TO_BACK] flags=IN_TASK_WITH_EMBEDDED_ACTIVITY mustBeTask=false order=ANY topActivity=null launchCookie=null taskFragmentToken=android.os.BinderProxy@cd776a2 windowingMode=undefined isCrossDisplayMove=false}]} RemoteTransition { remoteTransition = android.window.IRemoteTransition$Stub$Proxy@ea231b0, appThread = android.app.IApplicationThread$Stub$Proxy@452f829, debugName = overlayBackTransition, filter = null }}
06-13 13:03:15.371  2362  2405 V WindowManagerShell:  Checking filter Pair{{types=[] flags=0x0] notFlags=0x0 checks=[{atype=dream independent=true modes=[OPEN,TO_FRONT] flags=NONE mustBeTask=false order=ANY topActivity=null launchCookie=null windowingMode=undefined isCrossDisplayMove=false},{atype=home independent=true modes=[CLOSE,TO_BACK] flags=NONE mustBeTask=false order=ANY topActivity=null launchCookie=null windowingMode=undefined isCrossDisplayMove=false}]} RemoteTransition { remoteTransition = android.window.IRemoteTransition$Stub$Proxy@7a657ae, appThread = android.app.IApplicationThread$Stub$Proxy@f1e894f, debugName = LauncherToDream, filter = null }}
06-13 13:03:15.371  2362  2405 V WindowManagerShell:  Checking filter Pair{{types=[] flags=0x0] notFlags=0x0 checks=[{atype=standard independent=false modes=[CHANGE] flags=NONE mustBeTask=true order=ANY topActivity=null launchCookie=null windowingMode=undefined isCrossDisplayMove=true}]} RemoteTransition { remoteTransition = android.window.IRemoteTransition$Stub$Proxy@ff0b8dc, appThread = android.app.IApplicationThread$Stub$Proxy@7f9ede5, debugName = QuickstepDisplayMove, filter = null }}
06-13 13:03:15.371  2362  2405 V WindowManagerShell:  Checking filter Pair{{types=[] flags=0x0] notFlags=0x100 checks=[{atype=home independent=true modes=[OPEN,TO_FRONT] flags=NONE mustBeTask=false order=ANY topActivity=ComponentInfo{com.google.android.apps.nexuslauncher/com.google.android.apps.nexuslauncher.NexusLauncherActivity} launchCookie=null windowingMode=undefined isCrossDisplayMove=false},{atype=standard independent=true modes=[CLOSE,TO_BACK] flags=NONE mustBeTask=false order=ANY topActivity=null launchCookie=null windowingMode=undefined isCrossDisplayMove=false},{NOT atype=undefined independent=true modes=[] flags=NONE mustBeTask=true order=ANY topActivity=null launchCookie=null customAnim=true windowingMode=undefined isCrossDisplayMove=false}]} RemoteTransition { remoteTransition = android.window.IRemoteTransition$Stub$Proxy@440ba, appThread = android.app.IApplicationThread$Stub$Proxy@7646b6b, debugName = QuickstepLaunchHome, filter = null }}
06-13 13:03:15.371  2362  2405 V WindowManagerShell:  Delegate animation for (#126) to null
06-13 13:03:15.371  2362  2405 V WindowManagerShell: start default transition animation, info = {id=126 t=OPEN f=0x0 trk=0 r=[0@Point(0, 0)] c=[{m=OPEN f=NONE leash=Surface(name=Task=258#1978)/@0x5f4c6d9 sb=Rect(0, 0 - 1440, 3120) eb=Rect(0, 0 - 1440, 3120) epz=Point(1440, 3120) d=0 taskParent=-1 winMode=1 userId=0},{m=TO_BACK f=SHOW_WALLPAPER leash=Surface(name=Task=1#44)/@0x2a4f89e sb=Rect(0, 0 - 1440, 3120) eb=Rect(0, 0 - 1440, 3120) epz=Point(1440, 3120) d=0 taskParent=-1 winMode=1 userId=0},{m=TO_BACK f=IS_WALLPAPER leash=Surface(name=WallpaperWindowToken{8738049}#1855)/@0xc322f7f sb=Rect(0, 0 - 1440, 3120) eb=Rect(0, 0 - 1440, 3120) epz=Point(1440, 3120) d=0}]}
06-13 13:03:15.372  2362  2405 V WindowManagerShell: loadAnimation: anim=android.view.animation.AnimationSet@26400aa animAttr=0x13 type=OPEN isEntrance=false
06-13 13:03:15.372  2362  2405 V WindowManagerShell: loadAnimation: anim=android.view.animation.AnimationSet@a44449b animAttr=0x12 type=OPEN isEntrance=true
06-13 13:03:15.373  2362  2405 V WindowManagerShell:  animated by com.android.wm.shell.transition.DefaultTransitionHandler@947feaf
06-13 13:03:15.373 30112 30112 D RecentsView: onTaskRemoved: 257, not handling task stack changes
06-13 13:03:15.373 30112 30112 D RecentsView: onTaskRemoved: 257, not handling task stack changes
06-13 13:03:15.376  2362  2405 V ShellTaskOrganizer: Task vanished taskId=257
06-13 13:03:15.376  2362  2405 V ShellTaskOrganizer: Fullscreen Task Vanished: #257
06-13 13:03:15.376 30112 30112 D b/417220811: invalidateLoadedTasks - previous requestLoadId: -1
06-13 13:03:15.377  2362  2405 D ShellDesktopMode: AppToWebRepository: Task 257 is vanishing. Removing task data from repository
06-13 13:03:15.378  2362  2405 V AppCompat: SingleSurfaceLetterboxController: []
06-13 13:03:15.378  2362  2405 V AppCompat: MultiSurfaceLetterboxController: []
06-13 13:03:15.378  2362  2405 V AppCompat: LetterboxInputController: []
06-13 13:03:15.378  2362  2405 V AppCompat: RoundedCornersLetterboxController: {}
06-13 13:03:15.383   554   554 E BpTransactionCompletedListener: Failed to transact (-32)
06-13 13:03:15.392  1609  2249 D BackgroundInstallControlService: Package event received: 0
06-13 13:03:15.397 20521 20521 I ActivityThread: Relaunch all activities: onCoreSettingsChange
06-13 13:03:15.404  1609  2123 I EventHub: Removing device Monkey touch due to epoll hang-up event.
06-13 13:03:15.404  1609  2123 I EventHub: Removed device: path=/dev/input/event6 name=Monkey touch id=18 fd=731 classes=TOUCH | TOUCH_MT
06-13 13:03:15.406  1609  2123 I InputReader: Device removed: id=17, eventHubId=18, name='Monkey touch', descriptor='e1fe28b90f915c7d1febbd52c1ef84b3c4cbed9f', sources=TOUCHSCREEN
06-13 13:03:15.411 30112 30112 D WorkspaceRevealAnim: onAnimationEnd: workspace alpha = 1.0
06-13 13:03:15.414 30112 30112 D b/417220811: invalidateLoadedTasks - previous requestLoadId: -1
06-13 13:03:15.416  1609  2123 I EventHub: Removing device '/dev/input/event6' due to inotify event
06-13 13:03:15.416  1609  1674 D WindowManager: Direct invocation of sendNewConfiguration: Display{#0 state=ON size=1440x3120 ROTATION_0}
06-13 13:03:15.418  2362  2362 D NavigationModeController: getCurrentUserContext: contextUser=0 currentUser=0
06-13 13:03:15.419  4221  4221 I PkDeviceHelper: PkDeviceHelper.refreshDevices():87 refreshing devices
06-13 13:03:15.442  2362  2370 I ndroid.systemui: NativeAlloc concurrent mark compact GC freed 13MB AllocSpace bytes, 4(132KB) LOS objects, 83% free, 43MB/256MB, paused 2.640ms,1.261ms total 367.048ms
06-13 13:03:15.464  2362  2372 W System  : A resource failed to call release. 
06-13 13:03:15.501  8142 20506 I Finsky  : [742] App states replicator found 57 unowned apps
06-13 13:03:15.581  1609  2249 D BackgroundInstallControlService: Package event received: 0
06-13 13:03:15.604   904  1045 E AuthPII : [RequestTokenManager] getToken() -> BAD_AUTHENTICATION. App: com.android.vending, Service: oauth2:https://www.googleapis.com/auth/googleplay
06-13 13:03:15.604   904  1045 E AuthPII : bjjk: Long live credential not available.
06-13 13:03:15.604   904  1045 E AuthPII : 	at aicq.a(:com.google.android.gms@262031035@26.20.31 (260400-919905943):1347)
06-13 13:03:15.604   904  1045 E AuthPII : 	at aicx.b(:com.google.android.gms@262031035@26.20.31 (260400-919905943):26)
06-13 13:03:15.604   904  1045 E AuthPII : 	at aicv.a(:com.google.android.gms@262031035@26.20.31 (260400-919905943):745)
06-13 13:03:15.604   904  1045 E AuthPII : 	at aicu.b(:com.google.android.gms@262031035@26.20.31 (260400-919905943):151)
06-13 13:03:15.604   904  1045 E AuthPII : 	at abab.d(:com.google.android.gms@262031035@26.20.31 (260400-919905943):800)
06-13 13:03:15.604   904  1045 E AuthPII : 	at ahwh.getAuthToken(:com.google.android.gms@262031035@26.20.31 (260400-919905943):411)
06-13 13:03:15.604   904  1045 E AuthPII : 	at android.accounts.AbstractAccountAuthenticator$Transport.getAuthToken(AbstractAccountAuthenticator.java:248)
06-13 13:03:15.604   904  1045 E AuthPII : 	at android.accounts.IAccountAuthenticator$Stub.onTransact(IAccountAuthenticator.java:254)
06-13 13:03:15.604   904  1045 E AuthPII : 	at android.os.Binder.transact(Binder.java:1318)
06-13 13:03:15.604   904  1045 E AuthPII : 	at cqtp.onTransact(:com.google.android.gms@262031035@26.20.31 (260400-919905943):12)
06-13 13:03:15.604   904  1045 E AuthPII : 	at android.os.Binder.transact(Binder.java:1318)
06-13 13:03:15.604   904  1045 E AuthPII : 	at ccio.onTransact(:com.google.android.gms@262031035@26.20.31 (260400-919905943):169)
06-13 13:03:15.604   904  1045 E AuthPII : 	at android.os.Binder.execTransactInternal(Binder.java:1471)
06-13 13:03:15.604   904  1045 E AuthPII : 	at android.os.Binder.execTransact(Binder.java:1411)
06-13 13:03:15.604   904  1045 E AuthPII : Message is Long live credential not available.
06-13 13:03:15.604   904  1045 E AuthPII : bjjk: Long live credential not available.
06-13 13:03:15.604   904  1045 E AuthPII : 	at aicq.a(:com.google.android.gms@262031035@26.20.31 (260400-919905943):1347)
06-13 13:03:15.604   904  1045 E AuthPII : 	at aicx.b(:com.google.android.gms@262031035@26.20.31 (260400-919905943):26)
06-13 13:03:15.604   904  1045 E AuthPII : 	at aicv.a(:com.google.android.gms@262031035@26.20.31 (260400-919905943):745)
06-13 13:03:15.604   904  1045 E AuthPII : 	at aicu.b(:com.google.android.gms@262031035@26.20.31 (260400-919905943):151)
06-13 13:03:15.604   904  1045 E AuthPII : 	at abab.d(:com.google.android.gms@262031035@26.20.31 (260400-919905943):800)
06-13 13:03:15.604   904  1045 E AuthPII : 	at ahwh.getAuthToken(:com.google.android.gms@262031035@26.20.31 (260400-919905943):411)
06-13 13:03:15.604   904  1045 E AuthPII : 	at android.accounts.AbstractAccountAuthenticator$Transport.getAuthToken(AbstractAccountAuthenticator.java:248)
06-13 13:03:15.604   904  1045 E AuthPII : 	at android.accounts.IAccountAuthenticator$Stub.onTransact(IAccountAuthenticator.java:254)
06-13 13:03:15.604   904  1045 E AuthPII : 	at android.os.Binder.transact(Binder.java:1318)
06-13 13:03:15.604   904  1045 E AuthPII : 	at cqtp.onTransact(:com.google.android.gms@262031035@26.20.31 (260400-919905943):12)
06-13 13:03:15.604   904  1045 E AuthPII : 	at android.os.Binder.transact(Binder.java:1318)
06-13 13:03:15.604   904  1045 E AuthPII : 	at ccio.onTransact(:com.google.android.gms@262031035@26.20.31 (260400-919905943):169)
06-13 13:03:15.604   904  1045 E AuthPII : 	at android.os.Binder.execTransactInternal(Binder.java:1471)
06-13 13:03:15.604   904  1045 E AuthPII : 	at android.os.Binder.execTransact(Binder.java:1411)
06-13 13:03:15.621   904  1045 I Auth    : (REDACTED) [GetToken] GetToken failed for app=%s with userRecoverable status: %s 
06-13 13:03:15.621   904  1045 W Auth    : [ChimeraGetToken] exception while trying to fetch auth tokens for app=com.google.android.gms, scope=oauth2:https://www.googleapis.com/auth/googleplay [CONTEXT service_id=153 ]
06-13 13:03:15.621   904  1045 W Auth    : aicp: GetToken failed with status code and recovery intent: BadAuthentication
06-13 13:03:15.621   904  1045 W Auth    : 	at aicu.b(:com.google.android.gms@262031035@26.20.31 (260400-919905943):352)
06-13 13:03:15.621   904  1045 W Auth    : 	at abab.d(:com.google.android.gms@262031035@26.20.31 (260400-919905943):800)
06-13 13:03:15.621   904  1045 W Auth    : 	at ahwh.getAuthToken(:com.google.android.gms@262031035@26.20.31 (260400-919905943):411)
06-13 13:03:15.621   904  1045 W Auth    : 	at android.accounts.AbstractAccountAuthenticator$Transport.getAuthToken(AbstractAccountAuthenticator.java:248)
06-13 13:03:15.621   904  1045 W Auth    : 	at android.accounts.IAccountAuthenticator$Stub.onTransact(IAccountAuthenticator.java:254)
06-13 13:03:15.621   904  1045 W Auth    : 	at android.os.Binder.transact(Binder.java:1318)
06-13 13:03:15.621   904  1045 W Auth    : 	at cqtp.onTransact(:com.google.android.gms@262031035@26.20.31 (260400-919905943):12)
06-13 13:03:15.621   904  1045 W Auth    : 	at android.os.Binder.transact(Binder.java:1318)
06-13 13:03:15.621   904  1045 W Auth    : 	at ccio.onTransact(:com.google.android.gms@262031035@26.20.31 (260400-919905943):169)
06-13 13:03:15.621   904  1045 W Auth    : 	at android.os.Binder.execTransactInternal(Binder.java:1471)
06-13 13:03:15.621   904  1045 W Auth    : 	at android.os.Binder.execTransact(Binder.java:1411)
06-13 13:03:15.621   904  1045 W GLSActivity: [GmsAccountAuthenticatorImpl] error status while fetching token:BadAuthentication
06-13 13:03:15.624 30112 30112 D ShortcutAndWidgetContainer: appWidgetScale - [x,y]: [1.0,1.0]
06-13 13:03:15.624 30112 30112 D NavigableAppWidgetHostView: updateScale - [fitScale,bounceScale]: [1.0,1.0]
06-13 13:03:15.634  8142 20506 I Finsky  : [742] Completed 1 account content syncs with 0 successful.
06-13 13:03:15.634  8142  8142 I Finsky  : [2] [ContentSync] Installation state replication failed, parameters=Id: 12-1, CT: 1781380963146, Constraints: [{ L: 20000, D: 86400000, C: CHARGING_NONE, I: IDLE_NONE, N: NET_ANY, B: BATTERY_ANY }].
06-13 13:03:15.634  8142  8142 I Finsky  : [2] [ContentSync] Scheduling replication attempt 1.
06-13 13:03:15.634  8142  8142 I Finsky  : [2] SCH: jobFinished: 12-1. TimeElapsed: 495ms.
06-13 13:03:15.634  8142  8142 I Finsky  : [2] WM::SCH: Logging work end for 12-1
06-13 13:03:15.639  8142 20504 I Finsky  : [740] SCH: Attempting to reschedule job: Id: 12-1, Constraints: [{ L: 40000, D: 86400000, C: CHARGING_NONE, I: IDLE_NONE, N: NET_ANY, B: BATTERY_ANY }]
06-13 13:03:15.646  8142  8184 I Finsky  : [60] SCH: Scheduling phonesky job Id: 1-1337, CT: 1781359162721, Constraints: [{ L: 43131201, D: 86331201, C: CHARGING_NONE, I: IDLE_NONE, N: NET_ANY, B: BATTERY_ANY }]
06-13 13:03:15.646  8142  8184 I Finsky  : [60] SCH: Scheduling phonesky job Id: 34-3742, CT: 1781316012279, Constraints: [{ L: 604800000, D: 2575761871, C: CHARGING_NONE, I: IDLE_NONE, N: NET_ANY, B: BATTERY_ANY }]
06-13 13:03:15.646  8142  8184 I Finsky  : [60] SCH: Scheduling phonesky job Id: 34-3745, CT: 1781378995848, Constraints: [{ L: 79199785, D: 1375199785, C: CHARGING_NONE, I: IDLE_NONE, N: NET_ANY, B: BATTERY_ANY }]
06-13 13:03:15.648  8142  8184 I Finsky  : [60] SCH: Scheduling phonesky job Id: 34-3746, CT: 1781378996831, Constraints: [{ L: 604800000, D: 2591999236, C: CHARGING_NONE, I: IDLE_NONE, N: NET_ANY, B: BATTERY_ANY }]
06-13 13:03:15.652  8142  8183 I Finsky  : [59] SCH: Scheduling 1 system job(s)
06-13 13:03:15.652  8142  8183 I Finsky  : [59] SCH: Scheduling system job Id: 9924, L: 21298270, D: 64498270, C: false, I: false, N: 1
06-13 13:03:15.659  2362  2405 V WindowManagerShell: Transition animation finished (aborted=false), notifying core (#126) android.os.BinderProxy@aa5ad66@0
06-13 13:03:15.660  8142 20503 I Finsky  : [739] SCH: job service finished with id 9919.
06-13 13:03:15.661 30112 30112 D VRI[NexusLauncherActivity]: visibilityChanged oldVisibility=true newVisibility=false
06-13 13:03:15.662  1609  1671 V WindowManager: Finish Transition (#126): created at 06-13 13:03:15.304 collect-started=0.026ms request-sent=5.758ms started=10.172ms ready=47.823ms sent=49.455ms commit=21.469ms finished=356.539ms
06-13 13:03:15.663 30079 30079 D WallpaperService: onVisibilityChanged(false): com.google.android.torus.core.wallpaper.LiveWallpaper$LiveWallpaperEngineWrapper@8732d27
06-13 13:03:15.663  2362  2405 V WindowManagerShell: Track 0 became idle
06-13 13:03:15.663  2362  2405 V WindowManagerShell: All active transition animations finished
06-13 13:03:15.663  1091  1091 D usf_sensor_hal: gyroscope: Enter Activate. Enable = 0.
06-13 13:03:15.664  1334  1334 D AOC     : A3:MSG: usf_sensor.cc, 1713: USF: Received stop sampling request for LSM6DSV Gyroscope (active:2).
06-13 13:03:15.665 30112 30112 D NexusLauncherModelDelegate: notifySmartspaceEvent: SmartspaceTargetEvent{mSmartspaceTarget=null, mSmartspaceActionId='null', mEventType=7}
06-13 13:03:15.665  1091  1091 D usf_sensor_hal: IMU temperature: Enter Batch. Period = 533334000, latency = 2000000000.
06-13 13:03:15.666  1091  1721 I sensor-suez: Vendor atom [id = 100242] reported.
06-13 13:03:15.668  1334  1334 D AOC     : A3:MSG: usf_sensor.cc, 2217: USF: Received reconfig sampling request for LSM6DSV Temperature.
06-13 13:03:15.669  2362  2405 D Bubbles : BubbleData.onLocusVisibilityChanged() locusId=Overview|DISABLED visible=false taskId=1
06-13 13:03:15.669  1091  1721 I sensor-suez: Vendor atom [id = 100243] reported.
06-13 13:03:15.669 20521 20521 D nativeloader: Configuring clns-9 for other apk /data/app/~~Ob0y_hM6t1qp0ztoZybtPA==/com.takeya.animeongaku-BfkZTu9l7-9E9LUaU6AcrA==/base.apk. target_sdk_version=36, uses_libraries=, library_path=/data/app/~~Ob0y_hM6t1qp0ztoZybtPA==/com.takeya.animeongaku-BfkZTu9l7-9E9LUaU6AcrA==/lib/arm64:/data/app/~~Ob0y_hM6t1qp0ztoZybtPA==/com.takeya.animeongaku-BfkZTu9l7-9E9LUaU6AcrA==/base.apk!/lib/arm64-v8a, permitted_path=/data:/mnt/expand:/data/user/0/com.takeya.animeongaku
06-13 13:03:15.671  4394  4658 I AiAiEcho: (REDACTED) %s No tracked ambient data found for ID: %s; for event type: %d, skipping event processing.
06-13 13:03:15.672 30079 30079 D ThermalStatusMonitor: Thermal status monitoring stopped.
06-13 13:03:15.684 20521 20521 V GraphicsEnvironment: Currently set values for:
06-13 13:03:15.684 20521 20521 V GraphicsEnvironment:   angle_gl_driver_selection_pkgs=[com.android.angle]
06-13 13:03:15.684 20521 20521 V GraphicsEnvironment:   angle_gl_driver_selection_values=[angle]
06-13 13:03:15.684 20521 20521 V GraphicsEnvironment: com.takeya.animeongaku is not listed in per-application setting
06-13 13:03:15.684 20521 20521 V GraphicsEnvironment: No special selections for ANGLE, returning default driver choice
06-13 13:03:15.684 20521 20521 V GraphicsEnvironment: Neither updatable production driver nor prerelease driver is supported.
06-13 13:03:15.702 20521 20521 W FirebaseApp: Default FirebaseApp failed to initialize because no default options were found. This usually means that com.google.gms:google-services was not applied to your gradle project.
06-13 13:03:15.702 20521 20521 I FirebaseInitProvider: FirebaseApp initialization unsuccessful
06-13 13:03:15.718  1609  1628 I system_server: NativeAlloc concurrent mark compact GC freed 63MB AllocSpace bytes, 34(1396KB) LOS objects, 78% free, 110MB/512MB, paused 1.393ms,5.076ms total 692.894ms
06-13 13:03:15.721  1609  1629 I libbinder.BpBinder: onLastStrongRef automatically unlinking death recipients for binder (0xb400007dcf3ffa90) with descriptor: '(not cached)'
06-13 13:03:15.723  8142  8173 I Finsky  : [53] WM::SCH: Logging work initialize for 12-1
06-13 13:03:15.729  8142  8182 I Finsky  : [58] SCH: Scheduling phonesky job Id: 12-1, CT: 1781380995639, Constraints: [{ L: 40000, D: 86400000, C: CHARGING_NONE, I: IDLE_NONE, N: NET_ANY, B: BATTERY_ANY }]
06-13 13:03:15.733  8142  8187 I Finsky  : [62] SCH: Scheduling 1 system job(s)
06-13 13:03:15.734  8142  8187 I Finsky  : [62] SCH: Scheduling system job Id: 9924, L: 39906, D: 64498189, C: false, I: false, N: 1
06-13 13:03:15.844  1050  2884 I bthal.activity: bt_power: LeAdvStat: 13:03:14:733 - 13:03:15:844, duration: 1110, le_adv_count: 2, total_le_adv_count: 7750, total_event_count: 2
06-13 13:03:15.885  1609  3198 W UriGrantsManagerService: No permission grants found for com.google.android.apps.photos
06-13 13:03:15.886  1609  3198 W UriGrantsManagerService: No permission grants found for com.google.android.apps.photos
06-13 13:03:15.903  1609  3198 W UriGrantsManagerService: No permission grants found for com.google.android.apps.photos
06-13 13:03:15.903  1609  3198 W UriGrantsManagerService: No permission grants found for com.google.android.apps.photos
06-13 13:03:16.245  1609  2196 D ConnectivityService: NetReassign [no changes] [c 0] [a 1] [i 1]
06-13 13:03:16.281 20521 20521 D WM-PackageManagerHelper: Skipping component enablement for androidx.work.impl.background.systemjob.SystemJobService
06-13 13:03:16.281 20521 20521 D WM-Schedulers: Created SystemJobScheduler and enabled SystemJobService
06-13 13:03:16.283 20521 20543 D WM-ForceStopRunnable: The default process name was not specified.
06-13 13:03:16.283 20521 20543 D WM-ForceStopRunnable: Performing cleanup operations.
06-13 13:03:16.295 20521 20521 D WM-RescheduleReceiver: Received intent Intent { act=android.intent.action.BOOT_COMPLETED flg=0x9000030 pkg=com.takeya.animeongaku cmp=com.takeya.animeongaku/androidx.work.impl.background.systemalarm.RescheduleReceiver (has extras) }
06-13 13:03:16.295 20521 20521 I Choreographer: Skipped 69 frames!  The application may be doing too much work on its main thread.
06-13 13:03:16.295  1609  2249 D BackgroundInstallControlService: Package event received: 0
06-13 13:03:16.295  1609  2249 D BackgroundInstallControlService: Package event received: 0
06-13 13:03:16.298 20521 20553 I DisplayManager: Choreographer implicitly registered for the refresh rate.
06-13 13:03:16.299 20521 20553 D vulkan  : searching for layers in '/data/app/~~Ob0y_hM6t1qp0ztoZybtPA==/com.takeya.animeongaku-BfkZTu9l7-9E9LUaU6AcrA==/lib/arm64'
06-13 13:03:16.299 20521 20553 D vulkan  : searching for layers in '/data/app/~~Ob0y_hM6t1qp0ztoZybtPA==/com.takeya.animeongaku-BfkZTu9l7-9E9LUaU6AcrA==/base.apk!/lib/arm64-v8a'
06-13 13:03:16.301 20521 20543 D WM-SystemJobScheduler: Reconciling jobs
06-13 13:03:16.311 20521 20521 D DesktopExperienceFlags: Toggle override initialized to: false
06-13 13:03:16.318 20521 20521 E eya.animeongaku: Invalid resource ID 0x00000000.
06-13 13:03:16.321 20521 20521 D CompatChangeReporter: Compat change id reported: 377864165; UID 10519; state: ENABLED
06-13 13:03:16.321 20521 20521 D DesktopModeFlags: Toggle override initialized to: OVERRIDE_UNSET
06-13 13:03:16.329 20521 20543 D WM-ForceStopRunnable: Application was force-stopped, rescheduling.
06-13 13:03:16.337 20521 20521 I ContentCaptureHelper: Setting logging level to OFF
06-13 13:03:16.341 20521 20543 D WM-SystemJobScheduler: Scheduling work ID 4c6ac1bc-2caf-4115-85e3-9f4b00b8092eJob ID 3
06-13 13:03:16.345 20521 20543 D WM-SystemJobScheduler: Scheduling work ID d77dedf1-7870-4cb1-b260-731e36e848e6Job ID 4
06-13 13:03:16.347 20521 20543 D WM-SystemJobScheduler: Scheduling work ID 24ed3f7d-1663-48e5-85d6-09b4b9fbc807Job ID 5
06-13 13:03:16.350  1609  4979 I BroadcastQueue: BOOT_COMPLETED_BROADCAST_COMPLETION_LATENCY_REPORTED action:android.intent.action.BOOT_COMPLETED dispatchLatency:4 completeLatency:957 dispatchRealLatency:4 completeRealLatency:957 receiversSize:1 userId:0 userType:android.os.usertype.full.SYSTEM
06-13 13:03:16.359 20521 20567 D WM-PackageManagerHelper: Skipping component enablement for androidx.work.impl.background.systemalarm.RescheduleReceiver
06-13 13:03:16.364 20521 20521 I ExoPlayerImpl: Init 6cad4be [AndroidXMedia3/1.3.1] [cheetah, Pixel 7 Pro, Google, 36]
06-13 13:03:16.373 20521 20521 D AudioSystem: onNewService: media.audio_policy service obtained 0xb400007d8f2d78c0
06-13 13:03:16.374 20521 20521 D AudioSystem: getService: IAudioPolicyService retrieved: 0xb400007d8f2d78c0  cached: 0xb400007d8f2d78c0
06-13 13:03:16.374  1128  3992 D NativePermissionController: checkPermission: missing 13 for 10519
06-13 13:03:16.374  1128  3992 D NativePermissionController: checkPermission: missing 13 for 10519
06-13 13:03:16.376  1128  3992 D NativePermissionController: checkPermission: missing 13 for 10519
06-13 13:03:16.376  1128  3992 D NativePermissionController: checkPermission: missing 13 for 10519
06-13 13:03:16.379 20521 20521 I eya.animeongaku: hiddenapi: Accessing hidden method Landroid/media/AudioTrack;->getLatency()I (runtime_flags=0, domain=platform, api=unsupported) from Landroidx/media3/exoplayer/audio/AudioTrackPositionTracker; (domain=app, TargetSdkVersion=36) using reflection: allowed
06-13 13:03:16.395 20521 20521 D AudioSystem: onNewServiceWithAdapter: media.audio_flinger service obtained 0xb400007def263070
06-13 13:03:16.395 20521 20521 D AudioSystem: getService: IAudioFlingerService retrieved: 0xb400007d8f2d6b50  IAudioFlinger cached: 0xb400007def263070
06-13 13:03:16.407 20521 20521 W MediaSessionCompat: Couldn't find a unique registered media button receiver in the given context.
06-13 13:03:16.407  1609  2469 I MediaSessionStack: addSession to bottom of stack | record: com.takeya.animeongaku/androidx.media3.session.id./27 (userId=0)
06-13 13:03:16.409   904   904 I Dtdi    : (REDACTED) [MediaControllerFilter] packageName=%s resolved=%s
06-13 13:03:16.409   904   904 I Dtdi    : (REDACTED) [MediaControllerFilter] packageName=%s resolved=%s
06-13 13:03:16.410   904   904 I Dtdi    : (REDACTED) [MediaControllerFilter] packageName=%s resolved=%s
06-13 13:03:16.410  2528  2528 I PlayerSettingsManager: activePlayerChanged - current active app uid=10499 isNotFrozen=false
06-13 13:03:16.410  2528  2528 I PlayerSettingsManager: activePlayerChanged to com.nolanblew.animequiz.mobile
06-13 13:03:16.411  2528  2528 I PlayerSettingsManager: updateRemoteDevice: repeat (STATE_REPEAT_OFF -> STATE_REPEAT_OFF), shuffle (STATE_SHUFFLE_OFF -> STATE_SHUFFLE_OFF)
06-13 13:03:16.413  1609  5220 D MediaSessionService: onSessionPlaybackStateChanged: record=com.takeya.animeongaku/androidx.media3.session.id./27 (userId=0) playbackState=PlaybackState {state=NONE(0), position=0, buffered position=0, speed=0.0, updated=92242501, actions=7339655, custom actions=[], active item id=0, error=null}
06-13 13:03:16.413  1609  2240 D MediaSessionService: setFgsIfSessionIsLinkedToNotification: record=com.takeya.animeongaku/androidx.media3.session.id./27 (userId=0)
06-13 13:03:16.413  1609  5220 D MediaSessionService: onSessionActiveStateChanged: record=com.takeya.animeongaku/androidx.media3.session.id./27 (userId=0) active=true
06-13 13:03:16.413  2528  2528 W MediaControlGattService: Feature PLAYER_NAME support: true
06-13 13:03:16.413  2528  2528 W MediaControlGattService: Feature MEDIA_STATE support: true
06-13 13:03:16.414  1609  5165 D MediaSessionService: onSessionPlaybackStateChanged: record=com.takeya.animeongaku/androidx.media3.session.id./27 (userId=0) playbackState=PlaybackState {state=NONE(0), position=0, buffered position=0, speed=0.0, updated=92242502, actions=7339655, custom actions=[], active item id=0, error=null}
06-13 13:03:16.415  2528  2528 I PlayerSettingsManager: activePlayerChanged - current active app uid=10499 isNotFrozen=false
06-13 13:03:16.415  2528  2528 I PlayerSettingsManager: activePlayerChanged to com.nolanblew.animequiz.mobile
06-13 13:03:16.416   904   904 I Dtdi    : (REDACTED) [MediaControllerFilter] packageName=%s resolved=%s
06-13 13:03:16.416  2528  2528 I PlayerSettingsManager: updateRemoteDevice: repeat (STATE_REPEAT_OFF -> STATE_REPEAT_OFF), shuffle (STATE_SHUFFLE_OFF -> STATE_SHUFFLE_OFF)
06-13 13:03:16.416   904   904 I Dtdi    : (REDACTED) [MediaControllerFilter] packageName=%s resolved=%s
06-13 13:03:16.416   904   904 I Dtdi    : (REDACTED) [MediaControllerFilter] packageName=%s resolved=%s
06-13 13:03:16.417   904   904 I Dtdi    : (REDACTED) [MediaControllerFilter] packageName=%s resolved=%s
06-13 13:03:16.418  2528  2528 W MediaControlGattService: Feature PLAYER_NAME support: true
06-13 13:03:16.418  2528  2528 W MediaControlGattService: Feature MEDIA_STATE support: true
06-13 13:03:16.496 20521 20521 D WindowOnBackDispatcher: setTopOnBackInvokedCallback (unwrapped): android.app.Activity$$ExternalSyntheticLambda0@1e8bef6
06-13 13:03:16.496 20521 20571 I okhttp.OkHttpClient: --> GET https://ongaku.local/v1/library
06-13 13:03:16.496  1609  5220 D CoreBackPreview: Window{a191768 u0 com.takeya.animeongaku/com.takeya.animeongaku.MainActivity}: Setting back callback OnBackInvokedCallbackInfo{mCallback=android.window.IOnBackInvokedCallback$Stub$Proxy@13cbf29, mPriority=-1, mIsAnimationCallback=false, mOverrideBehavior=0}
06-13 13:03:16.512 20521 20571 I okhttp.OkHttpClient: <-- 401 Unauthorized http://127.0.0.1:8080/v1/library (15ms, 79-byte body)
06-13 13:03:16.512  2549  2628 D ImpulseConnection: timeout didn't happen: com.google.android.apps.turbo
06-13 13:03:16.527  2549  2754 D TemperatureStateSource: sequence=6230 actualDelay=10000
06-13 13:03:16.527  2549  2754 D TemperatureStateSource: Reading temperature: sequence=6231
06-13 13:03:16.529  1743  1743 I pixel-thermal: VIRTUAL-SKIN:28.6588 raw data: VIRTUAL-GNSS-DISP:28658.8 VIRTUAL-NEUTRAL-QUIET:27357.9 VIRTUAL-QUIET-USB2:26145 VIRTUAL-SKIN:28658.8 VIRTUAL-USB2-QUIET:25606.1 disp_therm:27921 gnss_tcxo_therm:29969 neutral_therm:28589 quiet_therm:27338 usb_pwr_therm2:27408 
06-13 13:03:16.530  2549  2754 D TemperatureStateSource: getDeviceTemperatures: sequence=6231 deviceTemperatureType=3 temperatureSource=0 temperatures=[28.658842]
06-13 13:03:16.530  2549  2754 D BusinessScope: Enqueuing the block
06-13 13:03:16.530  2549  2754 D TemperatureStateSource: sequence=6231 waitTime=10000
06-13 13:03:16.530  2549  2754 D BusinessScope: Start running the #12579 block
06-13 13:03:16.530  1743  1743 I pixel-thermal: VIRTUAL-SKIN:28.6588 raw data: VIRTUAL-SKIN:28658.8 
06-13 13:03:16.530  2549  2754 I TemperatureStateSource: temperature was set
06-13 13:03:16.531  2549  2754 D BusinessScope: Enqueuing the block
06-13 13:03:16.531  2549  2754 D ImpulseStateSource: Notify clients: 6288
06-13 13:03:16.531  2549  2754 D BusinessScope: Finish running the #12579 block
06-13 13:03:16.531  2549  2754 D BusinessScope: Start running the #12580 block
06-13 13:03:16.531  2549  2628 D BusinessScope: Finish running the #12580 block
06-13 13:03:16.534  6963 20318 W Turbo.DeviceHealthLeversManagerImpl: applyLeversWithMaintenanceWindow: ignore the same request
06-13 13:03:16.590 20521 20528 I eya.animeongaku: Compiler allocated 5127KB to compile void android.view.ViewRootImpl.performTraversals()
06-13 13:03:16.626 20521 20521 D VRI[MainActivity]: WindowInsets changed: 1440x3120 statusBars:[0,144,0,0] navigationBars:[0,0,0,84] mandatorySystemGestures:[0,186,0,112] 
06-13 13:03:16.693 20521 20521 I HWUI    : Using FreeType backend (prop=Auto)
06-13 13:03:16.696   904  7318 I FontLog : (REDACTED) Received query %s, URI %s
06-13 13:03:16.696   904  7318 I FontLog : (REDACTED) Query [%s] resolved to %s
06-13 13:03:16.697   904  7318 I FontLog : (REDACTED) Fetch %s end status %s
06-13 13:03:16.700   904  7318 I FontLog : (REDACTED) Pulling font file for id = %d, cache size = %d
06-13 13:03:16.802  1609  2111 D ActivityManager: freezing 2368 com.google.android.permissioncontroller
06-13 13:03:16.805  1609  2196 D InetDiagMessage: Destroyed 0 sockets, proto=IPPROTO_TCP, family=AF_INET, states=14
06-13 13:03:16.807  1609  2196 D InetDiagMessage: Destroyed 0 sockets, proto=IPPROTO_TCP, family=AF_INET6, states=14
06-13 13:03:16.807  1609  2196 D InetDiagMessage: Destroyed live tcp sockets for uids={10228} in 3ms
06-13 13:03:16.844 20521 20521 W CCL     : Nothing to measure for widget: statusBadge
06-13 13:03:16.863 20521 20521 W CCL     : Nothing to measure for widget: statusBadge
06-13 13:03:16.969 20521 20521 I Choreographer: Skipped 55 frames!  The application may be doing too much work on its main thread.
06-13 13:03:16.999  1234  1240 I WPKTRT  : process_address_event: fddf:fb33:501:839c:4019:5964:1888:8a3c added to wlan0
06-13 13:03:16.999  1234  1240 I WPKTRT  : process_address_event: fddf:fb33:501:839c:8190:6520:1d69:63e1 added to wlan0
06-13 13:03:17.000  2509  2843 D IpClient/wlan0: addressUpdated: fddf:fb33:501:839c:4019:5964:1888:8a3c/64 on ifindex 47 flags 0x00000900 scope 0
06-13 13:03:17.001  2509  2843 D IpClient/wlan0: addressUpdated: fddf:fb33:501:839c:8190:6520:1d69:63e1/64 on ifindex 47 flags 0x00000001 scope 0
06-13 13:03:17.001  2509  2843 W AlarmManager: Unrecognized alarm listener com.android.networkstack.android.net.ip.IpClientLinkObserver$Dhcp6PdPreferredPrefixAlarmListener@9546a8a
