06-13 13:03:17.002  2509  2843 D ApfFilter: (wlan0): Ignoring RA RA fe80::9eb:fa64:4ec8:ea93 -> ff02::1 0s fddf:fb33:501:839c::/64 1800s/1800s RIO 1800s fddd:4dc9:bd2b:1::/64  which matches RA fe80::9eb:fa64:4ec8:ea93 -> ff02::1 0s fddf:fb33:501:839c::/64 1800s/1800s RIO 1800s fddd:4dc9:bd2b:1::/64 
06-13 13:03:17.013  1126  1126 I WifiHAL : Creating message to get link statistics; iface = 47
06-13 13:03:17.082  1609  4979 D MediaSessionService: onSessionPlaybackStateChanged: record=com.takeya.animeongaku/androidx.media3.session.id./27 (userId=0) playbackState=PlaybackState {state=NONE(0), position=0, buffered position=0, speed=0.0, updated=92243171, actions=7339655, custom actions=[], active item id=0, error=null}
06-13 13:03:17.085   904  7318 I FontLog : (REDACTED) Received query %s, URI %s
06-13 13:03:17.085   904  7318 I FontLog : (REDACTED) Query [%s] resolved to %s
06-13 13:03:17.087   904  7318 I FontLog : (REDACTED) Fetch %s end status %s
06-13 13:03:17.088   904  7318 I FontLog : (REDACTED) Pulling font file for id = %d, cache size = %d
06-13 13:03:17.091  1126  1126 D WifiHAL : Start debug command: mType GET_FEATURE
06-13 13:03:17.091  1126  1126 I WifiHAL : CreateRequest mType = GET_FEATURE
06-13 13:03:17.091  1126  1126 D WifiHAL : In DebugCommand::handleResponse, mType:GET_FEATURE
06-13 13:03:17.091  1126  1126 D WifiHAL : len = 4, expected len = 4
06-13 13:03:17.091   904  7318 I FontLog : (REDACTED) Pulling font file for id = %d, cache size = %d
06-13 13:03:17.128 20521 20521 W CCL     : Nothing to measure for widget: statusBadge
06-13 13:03:17.144 20521 20521 W CCL     : Nothing to measure for widget: statusBadge
06-13 13:03:17.181  1050  2884 I bthal.activity: bt_power: LeAdvStat: 13:03:16:180 - 13:03:17:181, duration: 1000, le_adv_count: 1, total_le_adv_count: 7751, total_event_count: 1
06-13 13:03:17.369  1609  1671 I ActivityTaskManager: Displayed com.takeya.animeongaku/.MainActivity for user 0: +2s66ms
06-13 13:03:17.377 30112 30112 D BaseActivity: Launcher flags updated: [] -[state_started]
06-13 13:03:17.377 30112 30112 D BaseDepthController: setSurface:
06-13 13:03:17.377 30112 30112 D BaseDepthController: 	mWaitingOnSurfaceValidity: false
06-13 13:03:17.377 30112 30112 D BaseDepthController: 	mBaseSurface: null
06-13 13:03:17.377 30112 30112 D BaseDepthController: mSurface is null and mCurrentBlur is: 0
06-13 13:03:17.379 30112 30112 D LauncherStateManager: StateManager.goToState: fromState: Normal, toState: Normal, partial trace:
06-13 13:03:17.379 30112 30112 D LauncherStateManager: 	at com.android.launcher3.statemanager.StateManager.moveToRestState(go/retraceme e7cd309963814d9065d6a536389605fbebe82217e83d1c01d8c604122a56f12e:27)
06-13 13:03:17.379 30112 30112 D LauncherStateManager: 	at com.android.launcher3.statemanager.StateManager.moveToRestState(go/retraceme e7cd309963814d9065d6a536389605fbebe82217e83d1c01d8c604122a56f12e:36)
06-13 13:03:17.379 30112 30112 D LauncherStateManager: 	at com.android.launcher3.statemanager.StatefulActivity.onStop(go/retraceme e7cd309963814d9065d6a536389605fbebe82217e83d1c01d8c604122a56f12e:32)
06-13 13:03:17.379 30112 30112 D LauncherStateManager: StateManager.onRepeatStateSetAborted: state: Normal
06-13 13:03:17.379 30112 30112 D KeyboardStateManager: hideKeyboard
06-13 13:03:17.379 30112 30112 D KeyboardStateManager: isImeShown: false
06-13 13:03:17.379 30112 30112 D StatsLog: LAUNCHER_ONSTOP
06-13 13:03:17.380 30112 30112 D StatsLog: LAUNCHER_GOOGLE_SEARCH_RESTORE_LIST_SIZE_AFTER_ACTIVITY_RESTART
06-13 13:03:17.383  1609  2249 D BackgroundInstallControlService: Package event received: 0
06-13 13:03:17.394  1609  2132 I ImeTracker: com.takeya.animeongaku:6d58ce9a: onRequestHide at ORIGIN_SERVER reason HIDE_UNSPECIFIED_WINDOW fromUser false userId 0 displayId 0
06-13 13:03:17.396 20521 20521 D InsetsController: hide(ime())
06-13 13:03:17.396 20521 20521 I ImeTracker: com.takeya.animeongaku:6d58ce9a: onCancelled at PHASE_CLIENT_ALREADY_HIDDEN
06-13 13:03:17.397  4221  4221 I GoogleInputMethodService: GoogleInputMethodService.onFinishInput():2259 
06-13 13:03:17.398  1609  4979 I ImeTracker: system_server:b134ed3b: onRequestHide at ORIGIN_SERVER reason IME_REQUESTED_CHANGED_LISTENER fromUser false displayId 0
06-13 13:03:17.398  4221  4221 I Module  : DeviceLockedStatusModuleProvider$Module.updateDeviceLockedStatusInternal():127 repeatCheckTimes = 0, locked = false
06-13 13:03:17.399  1609  1674 I ImeTracker: system_server:b134ed3b: onCancelled at PHASE_SERVER_SHOULD_HIDE
06-13 13:03:17.399  4221  4221 I GoogleInputMethodService: GoogleInputMethodService.onStartInput():1446 onStartInput(EditorInfo{EditorInfo{packageName=com.takeya.animeongaku, inputType=0, inputTypeString=NULL, enableLearning=false, autoCorrection=false, autoComplete=false, imeOptions=0, privateImeOptions=null, actionName=UNSPECIFIED, actionLabel=null, initialSelStart=-1, initialSelEnd=-1, initialCapsMode=0, label=null, fieldId=0, fieldName=null, extras=null, hintText=null, hintLocales=[]}}, false)
06-13 13:03:17.399  4221  4221 I AndroidIME: LatinIMEBase.updateInputViewCoverNavigation():321 Update input view padding, isNavbarOverInputWindow=true, bottom inset=168
06-13 13:03:17.400  4221  4221 I Module  : DeviceLockedStatusModuleProvider$Module.updateDeviceLockedStatusInternal():127 repeatCheckTimes = 1, locked = false
06-13 13:03:17.402  1609  5165 W PackageConfigPersister: App-specific configuration not found for packageName: com.takeya.animeongaku and userId: 0
06-13 13:03:17.450  1609  2111 D ActivityManager: freezing 30928 com.google.android.gms
06-13 13:03:17.751  1609  5165 W WindowManager: Cannot find window which accessibility connection is added to
06-13 13:03:17.753  1609  4979 W WindowManager: Failed looking up window session=Session{cece098 2362:u0a10220} callers=com.android.server.wm.WindowManagerService.removeClientToken:2232 com.android.server.wm.Session.remove:290 android.view.IWindowSession$Stub.onTransact:669 
06-13 13:03:17.923  2509  2843 D IpClient/wlan0: addressUpdated: fddf:fb33:501:839c:4019:5964:1888:8a3c/64 on ifindex 47 flags 0x00000900 scope 0
06-13 13:03:17.923  2509  2843 D IpClient/wlan0: addressUpdated: fddf:fb33:501:839c:8190:6520:1d69:63e1/64 on ifindex 47 flags 0x00000001 scope 0
06-13 13:03:17.923  1234  1240 I WPKTRT  : process_address_event: fddf:fb33:501:839c:4019:5964:1888:8a3c added to wlan0
06-13 13:03:17.923  1234  1240 I WPKTRT  : process_address_event: fddf:fb33:501:839c:8190:6520:1d69:63e1 added to wlan0
06-13 13:03:17.923  2509  2843 W AlarmManager: Unrecognized alarm listener com.android.networkstack.android.net.ip.IpClientLinkObserver$Dhcp6PdPreferredPrefixAlarmListener@9546a8a
06-13 13:03:17.924  2509  2843 D ApfFilter: (wlan0): Ignoring RA RA fe80::2738:b301:1707:63bb -> ff02::1 0s fddf:fb33:501:839c::/64 1800s/1800s RIO 1800s fddd:4dc9:bd2b:1::/64  which matches RA fe80::2738:b301:1707:63bb -> ff02::1 0s fddf:fb33:501:839c::/64 1800s/1800s RIO 1800s fddd:4dc9:bd2b:1::/64 
06-13 13:03:18.244  1609  2111 D ActivityManager: freezing 5889 com.samsung.android.app.watchmanager:contentprovider
06-13 13:03:18.260  1609  2196 D InetDiagMessage: Destroyed 0 sockets, proto=IPPROTO_TCP, family=AF_INET, states=14
06-13 13:03:18.266  1609  2196 D InetDiagMessage: Destroyed 0 sockets, proto=IPPROTO_TCP, family=AF_INET6, states=14
06-13 13:03:18.266  1609  2196 D InetDiagMessage: Destroyed live tcp sockets for uids={10356} in 16ms
06-13 13:03:18.593  1050  2884 I bthal.activity: bt_power: LeAdvStat: 13:03:17:591 - 13:03:18:592, duration: 1001, le_adv_count: 1, total_le_adv_count: 7752, total_event_count: 1
06-13 13:03:19.485  1609  2111 D ActivityManager: freezing 3866 com.google.android.apps.wellbeing
06-13 13:03:19.501  1609  2196 D InetDiagMessage: Destroyed 0 sockets, proto=IPPROTO_TCP, family=AF_INET, states=14
06-13 13:03:19.512  1609  2196 D InetDiagMessage: Destroyed 0 sockets, proto=IPPROTO_TCP, family=AF_INET6, states=14
06-13 13:03:19.512  1609  2196 D InetDiagMessage: Destroyed live tcp sockets for uids={10146} in 20ms
06-13 13:03:20.038  1050  2884 I bthal.activity: bt_power: LeAdvStat: 13:03:19:036 - 13:03:20:038, duration: 1001, le_adv_count: 1, total_le_adv_count: 7753, total_event_count: 1
06-13 13:03:20.076  1234  1240 I WPKTRT  : process_address_event: fddf:fb33:501:839c:4019:5964:1888:8a3c added to wlan0
06-13 13:03:20.077  1234  1240 I WPKTRT  : process_address_event: fddf:fb33:501:839c:8190:6520:1d69:63e1 added to wlan0
06-13 13:03:20.082  2509  2843 D IpClient/wlan0: addressUpdated: fddf:fb33:501:839c:4019:5964:1888:8a3c/64 on ifindex 47 flags 0x00000900 scope 0
06-13 13:03:20.088  2509  2843 D IpClient/wlan0: addressUpdated: fddf:fb33:501:839c:8190:6520:1d69:63e1/64 on ifindex 47 flags 0x00000001 scope 0
06-13 13:03:20.088  2509  2843 W AlarmManager: Unrecognized alarm listener com.android.networkstack.android.net.ip.IpClientLinkObserver$Dhcp6PdPreferredPrefixAlarmListener@9546a8a
06-13 13:03:20.093  1126  1126 I WifiHAL : Creating message to get link statistics; iface = 47
06-13 13:03:20.096  2509  2843 D ApfFilter: (wlan0): Ignoring RA RA fe80::9eb:fa64:4ec8:ea93 -> ff02::1 0s fddf:fb33:501:839c::/64 1800s/1800s RIO 1800s fddd:4dc9:bd2b:1::/64  which matches RA fe80::9eb:fa64:4ec8:ea93 -> ff02::1 0s fddf:fb33:501:839c::/64 1800s/1800s RIO 1800s fddd:4dc9:bd2b:1::/64 
06-13 13:03:20.103  1330  1330 W TracingMuxer: type=1400 audit(0.0:5503): avc:  denied  { write } for  name="traced_producer" dev="tmpfs" ino=1280 scontext=u:r:gxp_logging:s0 tcontext=u:object_r:traced_producer_socket:s0 tclass=sock_file permissive=0
06-13 13:03:20.157 20202 20202 I libbinder.AidlLazyServiceRegistrar: Process has 0 (of 1 available) client(s) in use after notification artd has clients: 0
06-13 13:03:20.157 20202 20202 I libbinder.AidlLazyServiceRegistrar: Trying to shut down the service. No clients in use for any service in process.
06-13 13:03:20.160 20202 20202 I libbinder.AidlLazyServiceRegistrar: Unregistered all clients and exiting
06-13 13:03:20.209  1126  1126 D WifiHAL : Start debug command: mType GET_FEATURE
06-13 13:03:20.209  1126  1126 I WifiHAL : CreateRequest mType = GET_FEATURE
06-13 13:03:20.210  1126  1126 D WifiHAL : In DebugCommand::handleResponse, mType:GET_FEATURE
06-13 13:03:20.210  1126  1126 D WifiHAL : len = 4, expected len = 4
06-13 13:03:20.329  1609  2196 D InetDiagMessage: Destroyed 0 sockets, proto=IPPROTO_TCP, family=AF_INET, states=14
06-13 13:03:20.340  1609  2196 D InetDiagMessage: Destroyed 0 sockets, proto=IPPROTO_TCP, family=AF_INET6, states=14
06-13 13:03:20.341  1609  2196 D InetDiagMessage: Destroyed live tcp sockets for uids={10194} in 20ms
06-13 13:03:20.355  1609  2196 D InetDiagMessage: Destroyed 0 sockets, proto=IPPROTO_TCP, family=AF_INET, states=14
06-13 13:03:20.360  1609  2196 D InetDiagMessage: Destroyed 0 sockets, proto=IPPROTO_TCP, family=AF_INET6, states=14
06-13 13:03:20.361  1609  2196 D InetDiagMessage: Destroyed live tcp sockets for uids={20194} in 19ms
06-13 13:03:20.441  1363  1363 I adbd    : adbd service requested 'exec:screencap '-p''
06-13 13:03:20.608 20596 20596 W libbinder.BackendUnifiedServiceManager: Thread Pool max thread count is 0. Cannot cache binder as linkToDeath cannot be implemented. serviceName: SurfaceFlingerAIDL
06-13 13:03:20.609 20596 20596 W libbinder.BpBinder: Linking to death on android.gui.ISurfaceComposer but there are no threads (yet?) listening to incoming transactions. See ProcessState::startThreadPool and ProcessState::setThreadPoolMaxThreadCount. Generally you should setup the binder threadpool before other initialization steps.
06-13 13:03:20.609 20596 20596 W libbinder.ProcessState: Extra binder thread started, but 0 threads requested. Do not use *startThreadPool when zero threads are requested.
06-13 13:03:20.940  1363  1363 I adbd    : adbd service requested 'shell,v2,raw:uiautomator dump /sdcard/qa-startup.xml'
06-13 13:03:21.097 20598 20598 D AndroidRuntime: >>>>>> START com.android.internal.os.RuntimeInit uid 2000 <<<<<<
06-13 13:03:21.101 20598 20598 I AndroidRuntime: Using default boot image
06-13 13:03:21.101 20598 20598 I AndroidRuntime: Leaving lock profiling enabled
06-13 13:03:21.103 20598 20598 I app_process: Using generational CollectorTypeCMC GC.
06-13 13:03:21.151 20598 20598 D nativeloader: InitDefaultPublicLibraries for_preload=1: libandroid.so:libaaudio.so:libamidi.so:libbinder_ndk.so:libc.so:libcamera2ndk.so:libdl.so:libEGL.so:libGLESv1_CM.so:libGLESv2.so:libGLESv3.so:libicu.so:libicui18n.so:libicuuc.so:libjnigraphics.so:liblog.so:libmediandk.so:libm.so:libnativehelper.so:libnativewindow.so:libOpenMAXAL.so:libOpenSLES.so:libRS.so:libstdc++.so:libsync.so:libvulkan.so:libwebviewchromium_plat_support.so:libz.so
06-13 13:03:21.160 20598 20598 D nativeloader: Load libicu_jni.so using APEX ns com_android_art for caller /apex/com.android.art/javalib/core-oj.jar: ok
06-13 13:03:21.160 20598 20598 D app_process: u_setTimeZoneFilesDirectory("/apex/com.android.tzdata/etc/tz/versioned/9/icu") succeeded. 
06-13 13:03:21.160 20598 20598 D app_process: I18n APEX ICU file found: /apex/com.android.i18n/etc/icu/icudt76l.dat
06-13 13:03:21.160 20598 20598 D nativeloader: Load libjavacore.so using APEX ns com_android_art for caller /apex/com.android.art/javalib/core-oj.jar: ok
06-13 13:03:21.161 20598 20598 D nativeloader: Load libopenjdk.so using APEX ns com_android_art for caller /apex/com.android.art/javalib/core-oj.jar: ok
06-13 13:03:21.162 20598 20598 I app_process: Priority-to-niceness mapping: 19, 16, 13, 10, 0, -2, -4, -5, -6, -8
06-13 13:03:21.181 20598 20598 D nativeloader: Load libframework-connectivity-tiramisu-jni.so using APEX ns com_android_tethering for caller /apex/com.android.tethering/javalib/framework-connectivity-t.jar: ok
06-13 13:03:21.182 20598 20598 D AndroidRuntime: Calling main entry com.android.commands.uiautomator.Launcher
06-13 13:03:21.184 20598 20598 I AconfigPackage: com.android.uwb.flags is mapped to com.android.uwb
06-13 13:03:21.184 20598 20598 I AconfigPackage: com.android.ranging.flags is mapped to com.android.uwb
06-13 13:03:21.185 20598 20598 I AconfigPackage: com.android.wifi.flags is mapped to com.android.wifi
06-13 13:03:21.185 20598 20598 I AconfigPackage: com.android.org.conscrypt.flags is mapped to com.android.conscrypt
06-13 13:03:21.185 20598 20598 I AconfigPackage: com.android.org.conscrypt.net.flags is mapped to com.android.conscrypt
06-13 13:03:21.185 20598 20598 I AconfigPackage: com.android.bluetooth.beta.flags is mapped to com.android.bt
06-13 13:03:21.185 20598 20598 I AconfigPackage: com.android.bluetooth.flags is mapped to com.android.bt
06-13 13:03:21.185 20598 20598 I AconfigPackage: android.graphics.pdf.flags is mapped to com.android.mediaprovider
06-13 13:03:21.185 20598 20598 I AconfigPackage: com.android.providers.media.flags is mapped to com.android.mediaprovider
06-13 13:03:21.185 20598 20598 I AconfigPackage: android.graphics.pdf.flags.readonly is mapped to com.android.mediaprovider
06-13 13:03:21.185 20598 20598 I AconfigPackage: com.android.os.statsd.flags is mapped to com.android.os.statsd
06-13 13:03:21.185 20598 20598 I AconfigPackage: com.android.ipsec.flags is mapped to com.android.ipsec
06-13 13:03:21.185 20598 20598 I AconfigPackage: com.android.media.extractor.flags is mapped to com.android.media
06-13 13:03:21.185 20598 20598 I AconfigPackage: com.android.media.metrics.flags is mapped to com.android.media
06-13 13:03:21.185 20598 20598 I AconfigPackage: com.android.media.mainline.flags is mapped to com.android.media
06-13 13:03:21.185 20598 20598 I AconfigPackage: com.android.uprobestats.flags is mapped to com.android.uprobestats
06-13 13:03:21.185 20598 20598 I AconfigPackage: android.uprobestats.mainline.flags is mapped to com.android.uprobestats
06-13 13:03:21.185 20598 20598 I AconfigPackage: com.android.tethering.mainline.beta is mapped to com.android.tethering
06-13 13:03:21.185 20598 20598 I AconfigPackage: android.net.http is mapped to com.android.tethering
06-13 13:03:21.185 20598 20598 I AconfigPackage: com.android.tethering.readonly.flags is mapped to com.android.tethering
06-13 13:03:21.185 20598 20598 I AconfigPackage: android.net.vcn is mapped to com.android.tethering
06-13 13:03:21.185 20598 20598 I AconfigPackage: com.android.net.flags is mapped to com.android.tethering
06-13 13:03:21.185 20598 20598 I AconfigPackage: com.android.tethering.flags is mapped to com.android.tethering
06-13 13:03:21.185 20598 20598 I AconfigPackage: com.android.tethering.beta.test is mapped to com.android.tethering
06-13 13:03:21.185 20598 20598 I AconfigPackage: com.android.nearby.flags is mapped to com.android.tethering
06-13 13:03:21.185 20598 20598 I AconfigPackage: com.android.net.thread.flags is mapped to com.android.tethering
06-13 13:03:21.185 20598 20598 I AconfigPackage: com.android.net.ct.flags is mapped to com.android.tethering
06-13 13:03:21.186 20598 20598 I AconfigPackage: com.android.art.flags is mapped to com.android.art
06-13 13:03:21.186 20598 20598 I AconfigPackage: com.android.art.rw.flags is mapped to com.android.art
06-13 13:03:21.186 20598 20598 I AconfigPackage: com.android.libcore is mapped to com.android.art
06-13 13:03:21.186 20598 20598 I AconfigPackage: android.os.profiling is mapped to com.android.profiling
06-13 13:03:21.186 20598 20598 I AconfigPackage: android.os.profiling.anomaly.flags is mapped to com.android.profiling
06-13 13:03:21.186 20598 20598 I AconfigPackage: com.android.crashrecovery.flags is mapped to com.android.crashrecovery
06-13 13:03:21.186 20598 20598 I AconfigPackage: android.provider.flags is mapped to com.android.configinfrastructure
06-13 13:03:21.186 20598 20598 I AconfigPackage: com.android.server.deviceconfig is mapped to com.android.configinfrastructure
06-13 13:03:21.186 20598 20598 I AconfigPackage: com.android.nfc.module.flags is mapped to com.android.nfcservices
06-13 13:03:21.186 20598 20598 I AconfigPackage: com.android.nfc.module.nonexported.flags is mapped to com.android.nfcservices
06-13 13:03:21.186 20598 20598 I AconfigPackage: com.android.appsearch.flags is mapped to com.android.appsearch
06-13 13:03:21.186 20598 20598 I AconfigPackage: com.android.adservices.flags is mapped to com.android.adservices
06-13 13:03:21.186 20598 20598 I AconfigPackage: com.android.sdksandbox.flags is mapped to com.android.adservices
06-13 13:03:21.186 20598 20598 I AconfigPackage: com.android.cellbroadcastreceiver.flags is mapped to com.android.cellbroadcast
06-13 13:03:21.186 20598 20598 I AconfigPackage: android.media.swcodec.flags is mapped to com.android.media.swcodec
06-13 13:03:21.186 20598 20598 I AconfigPackage: com.android.permission.flags is mapped to com.android.permission
06-13 13:03:21.186 20598 20598 I AconfigPackage: com.android.permissioncontroller.flags is mapped to com.android.permission
06-13 13:03:21.186 20598 20598 I AconfigPackage: com.android.adservices.ondevicepersonalization.flags is mapped to com.android.ondevicepersonalization
06-13 13:03:21.186 20598 20598 I AconfigPackage: com.android.healthfitness.flags is mapped to com.android.healthfitness
06-13 13:03:21.187 20598 20598 I AconfigPackage: com.android.icu is mapped to com.android.i18n
06-13 13:03:21.187 20598 20598 I AconfigPackage: com.android.system.virtualmachine.flags is mapped to com.android.virt
06-13 13:03:21.187 20598 20598 I AconfigPackage: com.android.devicelock.flags is mapped to com.android.devicelock
06-13 13:03:21.187 20598 20598 I AconfigPackage: com.android.rkpd.flags is mapped to com.android.rkpd
06-13 13:03:21.187 20598 20598 I AconfigPackage: com.android.adbd.flags is mapped to com.android.adbd
06-13 13:03:21.187 20598 20598 I AconfigPackage: android.telecom.flags is mapped to com.android.telephonycore
06-13 13:03:21.187 20598 20598 I AconfigPackage: com.android.internal.telecom.flags is mapped to com.android.telephonycore
06-13 13:03:21.187 20598 20598 I AconfigPackage: com.android.telephony.flags is mapped to com.android.telephonycore
06-13 13:03:21.187 20598 20598 I AconfigPackage: com.android.compos.flags is mapped to com.android.compos
06-13 13:03:21.187 20598 20598 E FeatureFlagsImplExport: android.os.flagging.AconfigStorageReadException: ERROR_PACKAGE_NOT_FOUND: package android.xr cannot be found on the device
06-13 13:03:21.189 20598 20598 D UiAutomationConnection: Created on user UserHandle{0}
06-13 13:03:21.189 20598 20598 I UiAutomation: Initialized for user 0 on display 0
06-13 13:03:21.189 20598 20598 W UiAutomation: Created with deprecatead constructor, assumes DEFAULT_DISPLAY
06-13 13:03:21.190  1609  3198 D AccessibilityManagerService: changeCurrentUserForTestAutomationIfNeededLocked(0): ignoring because device doesn't support visible background users
06-13 13:03:21.190  1609  3198 I UiAutomationManager: Registering UiTestAutomationService (id=com.android.server.accessibility/UiAutomation, flags=0x0) when called by user 0
06-13 13:03:21.190  1609  3198 V AccessibilityManagerService: onUserStateChangedLocked for userId: 0, forceUpdate: false
06-13 13:03:21.198  1609  3198 V AccessibilityUserState: updateShortcutTargets: type:accessibility_shortcut_target_service, current:{}, new:{}
06-13 13:03:21.198  1609  3198 V AccessibilityUserState: updateShortcutTargets: type:accessibility_button_targets, current:{}, new:{}
06-13 13:03:21.198  1609  3198 V AccessibilityUserState: updateShortcutTargets: type:accessibility_gesture_targets, current:{}, new:{}
06-13 13:03:21.198  1609  3198 V AccessibilityUserState: updateShortcutTargets: type:accessibility_qs_targets, current:{com.android.server.accessibility/ReduceBrightColors}, new:{com.android.server.accessibility/ReduceBrightColors}
06-13 13:03:21.198  1609  3198 V AccessibilityUserState: updateShortcutTargets: type:accessibility_key_gesture_targets, current:{}, new:{}
06-13 13:03:21.198  1609  3198 W MagnificationConnectionManager: requestConnection duplicated request: connect=false, mConnectionState=DISCONNECTED
06-13 13:03:21.200  1609  4979 D AccessibilityManagerService: .getAccessibilityShortcutTargets {shortcutType=32, userId=0}
06-13 13:03:21.202  1609  5165 V AccessibilityManagerService: onUserStateChangedLocked for userId: 0, forceUpdate: false
06-13 13:03:21.202  1609  5165 V AccessibilityUserState: updateShortcutTargets: type:accessibility_shortcut_target_service, current:{}, new:{}
06-13 13:03:21.202  1609  5165 V AccessibilityUserState: updateShortcutTargets: type:accessibility_button_targets, current:{}, new:{}
06-13 13:03:21.202  1609  5165 V AccessibilityUserState: updateShortcutTargets: type:accessibility_gesture_targets, current:{}, new:{}
06-13 13:03:21.202  1609  5165 V AccessibilityUserState: updateShortcutTargets: type:accessibility_qs_targets, current:{com.android.server.accessibility/ReduceBrightColors}, new:{com.android.server.accessibility/ReduceBrightColors}
06-13 13:03:21.202  1609  5165 V AccessibilityUserState: updateShortcutTargets: type:accessibility_key_gesture_targets, current:{}, new:{}
06-13 13:03:21.203  1609  5165 W MagnificationConnectionManager: requestConnection duplicated request: connect=false, mConnectionState=DISCONNECTED
06-13 13:03:21.208  1609  4979 D AccessibilityManagerService: .getAccessibilityShortcutTargets {shortcutType=32, userId=0}
06-13 13:03:21.357  1050  2884 I bthal.activity: bt_power: LeAdvStat: 13:03:20:356 - 13:03:21:356, duration: 1000, le_adv_count: 1, total_le_adv_count: 7754, total_event_count: 1
06-13 13:03:21.867   904 20470 I NearbyMediums: Found Fast Ble Advertisements :
06-13 13:03:21.867   904 20470 I NearbyMediums: BleAdvertisement { version=2, socketVersion=2, isFast=true, serviceIdHash=null, data=[ 0x23 0x47 0x31 0x30 0x39 0x11 0x32 0xad 0xd7 0xc5 0x6b 0xdc 0x31 0xb2 0xbd 0x56 0x21 0x2a 0x5f 0xcc 0xc2 0x01 0xc3 ], deviceToken=[ 0xc6 0x4e ], rxAdvertisement=null } : 4 times.
06-13 13:03:21.867   904 20470 I NearbyMediums: BleAdvertisement { version=2, socketVersion=2, isFast=true, serviceIdHash=null, data=[ 0x23 0x47 0x35 0x4d 0x39 0x11 0x32 0x86 0x0f 0x13 0xa2 0xc7 0xe4 0x51 0xaa 0xd1 0xde 0xe0 0x80 0x04 0x1d 0x56 0x23 ], deviceToken=[ 0xba 0x2b ], rxAdvertisement=null } : 4 times.
06-13 13:03:21.867   904 20470 I NearbyMediums: Total 8 fast advertisements from 2 unique advertisers.
06-13 13:03:21.868   904 20470 I NearbyMediums: Current Tracked Scanning Clients are : {NearbyConnections.EnvironmentMonitor, NearbySharing}
06-13 13:03:21.939 20521 20613 D ProfileInstaller: Installing profile for com.takeya.animeongaku
06-13 13:03:21.987  1609  2111 D ActivityManager: freezing 4916 com.google.android.apps.messaging
06-13 13:03:22.197 16618 16629 I euth    : (REDACTED) HDM. appOpsListener %s %s
06-13 13:03:22.198 16618 16629 I euth    : (REDACTED) HDM. Ignoring irrelevant audio permission changes for package %s
06-13 13:03:22.222 20598 20598 W libc    : Access denied finding property "qemu.sf.lcd_density"
06-13 13:03:22.223 20598 20598 W libc    : Access denied finding property "qemu.sf.lcd_density"
06-13 13:03:22.219 20598 20598 W uiautomator: type=1400 audit(0.0:5504): avc:  denied  { read } for  name="u:object_r:qemu_sf_lcd_density_prop:s0" dev="tmpfs" ino=345 scontext=u:r:shell:s0 tcontext=u:object_r:qemu_sf_lcd_density_prop:s0 tclass=file permissive=0
06-13 13:03:22.219 20598 20598 W uiautomator: type=1400 audit(0.0:5505): avc:  denied  { read } for  name="u:object_r:qemu_sf_lcd_density_prop:s0" dev="tmpfs" ino=345 scontext=u:r:shell:s0 tcontext=u:object_r:qemu_sf_lcd_density_prop:s0 tclass=file permissive=0
06-13 13:03:22.299 20598 20598 I AccessibilityNodeInfoDumper: Skipping invisible child: android.view.accessibility.AccessibilityNodeInfo@8b60; boundsInParent: Rect(0, 0 - 0, 0); boundsInScreen: Rect(0, 2574 - 42, 2700); boundsInWindow: Rect(0, 2574 - 42, 2700); packageName: com.takeya.animeongaku; className: android.view.View; text: null; error: null; maxTextLength: -1; stateDescription: null; contentDescription: null; tooltipText: null; containerTitle: null; viewIdResName: null; uniqueId: null; checkable: false; checked: false; focusable: true; focused: false; selected: false; clickable: true; longClickable: false; contextClickable: false; enabled: true; password: false; scrollable: false; granularScrollingSupported: false; importantForAccessibility: true; visible: false; actions: [AccessibilityAction: ACTION_FOCUS - null, AccessibilityAction: ACTION_ACCESSIBILITY_FOCUS - null, AccessibilityAction: ACTION_CLICK - null]; isTextSelectable: false
06-13 13:03:22.303 20598 20598 I AccessibilityNodeInfoDumper: Skipping invisible child: android.view.accessibility.AccessibilityNodeInfo@8b9e; boundsInParent: Rect(0, 0 - 0, 0); boundsInScreen: Rect(502, 2574 - 939, 2669); boundsInWindow: Rect(502, 2574 - 939, 2669); packageName: com.takeya.animeongaku; className: android.widget.TextView; text: Now Playing; error: null; maxTextLength: -1; stateDescription: null; contentDescription: null; tooltipText: null; containerTitle: null; viewIdResName: null; uniqueId: null; checkable: false; checked: false; focusable: false; focused: false; selected: false; clickable: false; longClickable: false; contextClickable: false; enabled: true; password: false; scrollable: false; granularScrollingSupported: false; importantForAccessibility: true; visible: false; actions: [AccessibilityAction: ACTION_NEXT_AT_MOVEMENT_GRANULARITY - null, AccessibilityAction: ACTION_PREVIOUS_AT_MOVEMENT_GRANULARITY - null, AccessibilityAction: ACTION_ACCESSIBILITY_FOCUS - null, AccessibilityAction: ACTION_SET_SELECTION - null]; isTextSelectable: false
06-13 13:03:22.307 20598 20598 I AccessibilityNodeInfoDumper: Skipping invisible child: android.view.accessibility.AccessibilityNodeInfo@8bbd; boundsInParent: Rect(0, 0 - 0, 0); boundsInScreen: Rect(1419, 2574 - 1440, 2700); boundsInWindow: Rect(1419, 2574 - 1440, 2700); packageName: com.takeya.animeongaku; className: android.view.View; text: null; error: null; maxTextLength: -1; stateDescription: null; contentDescription: null; tooltipText: null; containerTitle: null; viewIdResName: null; uniqueId: null; checkable: false; checked: false; focusable: true; focused: false; selected: false; clickable: true; longClickable: false; contextClickable: false; enabled: true; password: false; scrollable: false; granularScrollingSupported: false; importantForAccessibility: true; visible: false; actions: [AccessibilityAction: ACTION_FOCUS - null, AccessibilityAction: ACTION_ACCESSIBILITY_FOCUS - null, AccessibilityAction: ACTION_CLICK - null]; isTextSelectable: false
06-13 13:03:22.334 20598 20598 I AccessibilityNodeInfoDumper: Skipping invisible child: android.view.accessibility.AccessibilityNodeInfo@8d31; boundsInParent: Rect(0, 0 - 0, 0); boundsInScreen: Rect(49, 2786 - 1391, 2940); boundsInWindow: Rect(49, 2786 - 1391, 2940); packageName: com.takeya.animeongaku; className: android.widget.SeekBar; text: null; error: null; maxTextLength: -1; stateDescription: 0 percent.; contentDescription: null; tooltipText: null; containerTitle: null; viewIdResName: null; uniqueId: null; checkable: false; checked: false; focusable: false; focused: false; selected: false; clickable: false; longClickable: false; contextClickable: false; enabled: false; password: false; scrollable: false; granularScrollingSupported: false; importantForAccessibility: true; visible: false; actions: [AccessibilityAction: ACTION_ACCESSIBILITY_FOCUS - null]; isTextSelectable: false
06-13 13:03:22.337 20598 20598 I AccessibilityNodeInfoDumper: Skipping invisible child: android.view.accessibility.AccessibilityNodeInfo@8deb; boundsInParent: Rect(0, 0 - 0, 0); boundsInScreen: Rect(84, 2968 - 181, 3017); boundsInWindow: Rect(84, 2968 - 181, 3017); packageName: com.takeya.animeongaku; className: android.widget.TextView; text: 0:00; error: null; maxTextLength: -1; stateDescription: null; contentDescription: null; tooltipText: null; containerTitle: null; viewIdResName: null; uniqueId: null; checkable: false; checked: false; focusable: false; focused: false; selected: false; clickable: false; longClickable: false; contextClickable: false; enabled: true; password: false; scrollable: false; granularScrollingSupported: false; importantForAccessibility: true; visible: false; actions: [AccessibilityAction: ACTION_NEXT_AT_MOVEMENT_GRANULARITY - null, AccessibilityAction: ACTION_PREVIOUS_AT_MOVEMENT_GRANULARITY - null, AccessibilityAction: ACTION_ACCESSIBILITY_FOCUS - null, AccessibilityAction: ACTION_SET_SELECTION - null]; isTextSelectable: false
06-13 13:03:22.340 20598 20598 I AccessibilityNodeInfoDumper: Skipping invisible child: android.view.accessibility.AccessibilityNodeInfo@8e0a; boundsInParent: Rect(0, 0 - 0, 0); boundsInScreen: Rect(1259, 2968 - 1356, 3017); boundsInWindow: Rect(1259, 2968 - 1356, 3017); packageName: com.takeya.animeongaku; className: android.widget.TextView; text: 0:00; error: null; maxTextLength: -1; stateDescription: null; contentDescription: null; tooltipText: null; containerTitle: null; viewIdResName: null; uniqueId: null; checkable: false; checked: false; focusable: false; focused: false; selected: false; clickable: false; longClickable: false; contextClickable: false; enabled: true; password: false; scrollable: false; granularScrollingSupported: false; importantForAccessibility: true; visible: false; actions: [AccessibilityAction: ACTION_NEXT_AT_MOVEMENT_GRANULARITY - null, AccessibilityAction: ACTION_PREVIOUS_AT_MOVEMENT_GRANULARITY - null, AccessibilityAction: ACTION_ACCESSIBILITY_FOCUS - null, AccessibilityAction: ACTION_SET_SELECTION - null]; isTextSelectable: false
06-13 13:03:22.342 20598 20598 W AccessibilityNodeInfoDumper: Fetch time: 115ms
06-13 13:03:22.346  1609  5165 V AccessibilityManagerService: onUserStateChangedLocked for userId: 0, forceUpdate: false
06-13 13:03:22.349  1609  2249 D BackgroundInstallControlService: Package event received: 0
06-13 13:03:22.352 16618 16629 I euth    : (REDACTED) HDM. appOpsListener %s %s
06-13 13:03:22.352 16618 16629 I euth    : (REDACTED) HDM. Ignoring irrelevant audio permission changes for package %s
06-13 13:03:22.352  1609  5165 V AccessibilityUserState: updateShortcutTargets: type:accessibility_shortcut_target_service, current:{}, new:{}
06-13 13:03:22.352  1609  5165 V AccessibilityUserState: updateShortcutTargets: type:accessibility_button_targets, current:{}, new:{}
06-13 13:03:22.352  1609  5165 V AccessibilityUserState: updateShortcutTargets: type:accessibility_gesture_targets, current:{}, new:{}
06-13 13:03:22.352  1609  5165 V AccessibilityUserState: updateShortcutTargets: type:accessibility_qs_targets, current:{com.android.server.accessibility/ReduceBrightColors}, new:{com.android.server.accessibility/ReduceBrightColors}
06-13 13:03:22.352  1609  5165 V AccessibilityUserState: updateShortcutTargets: type:accessibility_key_gesture_targets, current:{}, new:{}
06-13 13:03:22.353  1609  5165 W MagnificationConnectionManager: requestConnection duplicated request: connect=false, mConnectionState=DISCONNECTED
06-13 13:03:22.353  1609  5165 D AccessibilityManagerService: restoreCurrentUserForTestAutomationIfNeededLocked(): ignoring because device doesn't support visible background users
06-13 13:03:22.357 20598 20608 W libbinder.IPCThreadState: call to talkWithDriver in joinThreadPool returned error: -9 (Bad file descriptor), FD: -1
06-13 13:03:22.357 20598 20611 W libbinder.IPCThreadState: call to talkWithDriver in joinThreadPool returned error: -9 (Bad file descriptor), FD: -1
06-13 13:03:22.357 20598 20607 W libbinder.IPCThreadState: call to talkWithDriver in joinThreadPool returned error: -9 (Bad file descriptor), FD: -1
06-13 13:03:22.358 20598 20598 D AndroidRuntime: Shutting down VM
06-13 13:03:22.367  1048  5751 I OE::VisualizerEffect: setParameter: captureSize = 128
06-13 13:03:22.372  1609  1609 V AccessibilityManagerService: onUserStateChangedLocked for userId: 0, forceUpdate: false
06-13 13:03:22.374  1609  1609 V AccessibilityUserState: updateShortcutTargets: type:accessibility_shortcut_target_service, current:{}, new:{}
06-13 13:03:22.374  1609  1609 V AccessibilityUserState: updateShortcutTargets: type:accessibility_button_targets, current:{}, new:{}
06-13 13:03:22.374  1609  1609 V AccessibilityUserState: updateShortcutTargets: type:accessibility_gesture_targets, current:{}, new:{}
06-13 13:03:22.374  1609  1609 V AccessibilityUserState: updateShortcutTargets: type:accessibility_qs_targets, current:{com.android.server.accessibility/ReduceBrightColors}, new:{com.android.server.accessibility/ReduceBrightColors}
06-13 13:03:22.374  1609  1609 V AccessibilityUserState: updateShortcutTargets: type:accessibility_key_gesture_targets, current:{}, new:{}
06-13 13:03:22.374  1609  1609 W MagnificationConnectionManager: requestConnection duplicated request: connect=false, mConnectionState=DISCONNECTED
06-13 13:03:22.375  1609  5165 D AccessibilityManagerService: .getAccessibilityShortcutTargets {shortcutType=32, userId=0}
06-13 13:03:22.777  1050  2884 I bthal.activity: bt_power: LeAdvStat: 13:03:21:776 - 13:03:22:776, duration: 1000, le_adv_count: 1, total_le_adv_count: 7755, total_event_count: 1
06-13 13:03:22.889  1609  1924 V AccessibilityManagerService: onUserStateChangedLocked for userId: 0, forceUpdate: false
06-13 13:03:22.897  1609  1924 V AccessibilityUserState: updateShortcutTargets: type:accessibility_shortcut_target_service, current:{}, new:{}
06-13 13:03:22.897  1609  1924 V AccessibilityUserState: updateShortcutTargets: type:accessibility_button_targets, current:{}, new:{}
06-13 13:03:22.897  1609  1924 V AccessibilityUserState: updateShortcutTargets: type:accessibility_gesture_targets, current:{}, new:{}
06-13 13:03:22.897  1609  1924 V AccessibilityUserState: updateShortcutTargets: type:accessibility_qs_targets, current:{com.android.server.accessibility/ReduceBrightColors}, new:{com.android.server.accessibility/ReduceBrightColors}
06-13 13:03:22.897  1609  1924 V AccessibilityUserState: updateShortcutTargets: type:accessibility_key_gesture_targets, current:{}, new:{}
06-13 13:03:22.898  1609  1924 W MagnificationConnectionManager: requestConnection duplicated request: connect=false, mConnectionState=DISCONNECTED
06-13 13:03:22.915  4590  4590 D InsetsController: Setting requestedVisibleTypes to 498 (was 503)
06-13 13:03:22.922  1609  5165 D AccessibilityManagerService: .getAccessibilityShortcutTargets {shortcutType=32, userId=0}
06-13 13:03:22.960  4590  4590 D InsetsController: Setting requestedVisibleTypes to 498 (was 503)
06-13 13:03:22.967  4590  4590 E ThemeUtils: View class com.jamworks.dynamicspot.customclass.CustomEditText is an AppCompat widget that can only be used with a Theme.AppCompat theme (or descendant).
06-13 13:03:22.977  4590  4590 E ThemeUtils: View class com.jamworks.dynamicspot.customclass.CustomEditText is an AppCompat widget that can only be used with a Theme.AppCompat theme (or descendant).
06-13 13:03:22.986  1609  2111 D ActivityManager: freezing 4691 com.google.android.apps.tycho
06-13 13:03:23.217  1126  1126 I WifiHAL : Creating message to get link statistics; iface = 47
06-13 13:03:23.296  1363  1363 I adbd    : adbd service requested 'sync:'
06-13 13:03:23.306  1126  1126 D WifiHAL : Start debug command: mType GET_FEATURE
06-13 13:03:23.306  1126  1126 I WifiHAL : CreateRequest mType = GET_FEATURE
06-13 13:03:23.306  1126  1126 D WifiHAL : In DebugCommand::handleResponse, mType:GET_FEATURE
06-13 13:03:23.306  1126  1126 D WifiHAL : len = 4, expected len = 4
06-13 13:03:23.341  1363  1363 I adbd    : adbd service requested 'shell,v2:export ANDROID_LOG_TAGS="''"; exec logcat '-d' '-t' '800''
