06-13 13:05:03.691  4221  4221 W Keyboard: Keyboard.getKeyboardViewHelper():607 null helper is returned: keyboardDef=oil{processedConditions={show_comma_key=true, enable_more_candidates_view_for_multilingual=false, layout_9key_split=false, enable_secondary_symbols=true, pref_enable_flick_symbols=false, enable_scrub_move=true, language=en-US, deprecate_long_press_space_for_ime_picker=false, expressions=normal, android_software_xr_api_spatial=false, variant=qwerty, free_cursor=false, show_period_key=true, device=phone, keyboard_mode=normal, show_secondary_digits=true, enable_pk_simulator=false, enable_preemptive_decode=true}, globalConditions={global_theme_key=theme,!gsf,!pgsf,!use_system_font,BORDER,DYNAMIC_DARK_BRIGHT_KEY,FLAVOR_DPI=XXXHDPI,IS_LIGHT,KEYBOARD_WIDTH_CATEGORY=NORMAL,KEY_BORDER_SHAPE=1,LIGHT_THEME=true,PHYSICAL_DIAGONAL=5.9037175,POPUP,SCREEN_SHORTEST_WIDTH=411,SCREEN_SHORTEST_WIDTH_NO_SCALE=411,SW400DP,XXXHDPI,bottom4dp,bright_key_on_dynamic_color_dark_theme=true,enable_popup_on_keypress=true,non_linear_scale,noshadow,overlay_builtin_dynamic_color_light_base.binarypb:gm3-light-fff7f5ff-ff0058ba-65f4eb49c856e02f0c9596da4cbfc6d1,pgsans,silkpopup, global_locale=en_US, global_density_dpi=560, global_orientation=1}, className=.latin.keyboard.LatinPrimeKeyboard, resourceIds=[#0x7f1705fa, #0x7f170891], initialStates=0, keyboardViewDefs=[ojd{direction=null, id=#0x7f0b0230, isScalable=true, layoutId=#0x7f0e0389, type=BODY, touchable=true, defaultShow=true}, ojd{direction=null, id=#0x7f0b0230, isScalable=false, layoutId=#0x7f0e021e, type=FLOATING_CANDIDATES, touchable=false, defaultShow=false}, ojd{direction=LOCALE, id=#0x7f0b0230, isScalable=false, layoutId=#0x7f0e0527, type=HEADER, touchable=true, defaultShow=true}], persistentStates=0, persistentStatesPrefKey=null, popupBubbleLayoutId=#0x7f0e0618, recentKeyLayoutId=#0x0, recentKeyPopupLayoutId=#0x0, recentKeyType=null, rememberRecentKey=NONE, sessionStates=26388279066624}, type=WIDGET, helpersCreated={HEADER=ntb@734097e, BODY=ntb@1809edf, FLOATING_CANDIDATES=ntb@3a5c72c}, context.getResources().getConfiguration(): {1.0 310mcc260mnc [en_US,ja_JP] ldltr sw411dp w411dp h891dp 560dpi nrml long compactNeeded hdr widecg port finger -keyb/v/h -nav/h winConfig={ mBounds=Rect(0, 0 - 1440, 3120) mAppBounds=Rect(0, 0 - 1440, 3120) mMaxBounds=Rect(0, 0 - 1440, 3120) mDisplayRotation=ROTATION_0 mWindowingMode=fullscreen mActivityType=undefined mAlwaysOnTop=undefined mRotation=ROTATION_0} s.13 fontWeightAdjustment=0}
06-13 13:05:03.691  4221  4221 I BaseKeyboardSizeHelper: BaseKeyboardSizeHelper.calculateMaxKeyboardBodyHeight():73 leave 375 height for app when ime window height:2808, header height:154 and isFullscreenMode:false, so the max keyboard body height is:2279
06-13 13:05:03.693  4221  4221 I AndroidIME: InputBundleManager.startInput():372 startInput() with oiz[keyboardType=prime, payload=null]
06-13 13:05:03.693  4221  4221 W SupplementaryKeyboardsWrapper: SupplementaryKeyboardsWrapper.deactivateKeyboard():162 keyboard composing_text_consumer is not activated before!
06-13 13:05:03.694  4221  4221 I GlobeKeyExtension: GlobeKeyExtension.onDeactivate():154 
06-13 13:05:03.694  4221  4221 I NgaExtension: NgaExtension.onDeactivate():687 NgaExtension#onDeactivate [SDG]
06-13 13:05:03.694  4221 20850 I NgaDataShareClient: NgaDataShareClient.sendCorrectionsAndEndSession():412 endDataPushSession() [SDG]
06-13 13:05:03.694  4221 20850 I NgaDataShareClient: NgaDataShareClient.sendCorrectionsList():420 sendCorrectionsList() [SDG]
06-13 13:05:03.694  4221  4221 W NotificationCenter: NotificationCenter.unregisterListener():480 Listener hfa@d7ecdf was not registered for notification class nky
06-13 13:05:03.694  4221 20850 W NgaDataShareClient: NgaDataShareClient.getClientInfo():504 null TriggerApplicationId provided. [SDG]
06-13 13:05:03.694  4221 20850 W NotificationCenter: NotificationCenter.unregisterListener():480 Listener hgn@8fbc018 was not registered for notification class nqx
06-13 13:05:03.694  4221 20850 W NotificationCenter: NotificationCenter.unregisterListener():480 Listener hgm@2484a71 was not registered for notification class nky
06-13 13:05:03.694  4221 20849 I DataShareHelper: DataShareHelper.shareCorrections():24 shareCorrections() [SD]
06-13 13:05:03.694  4221  4221 I NgaVoiceInputHandler: NgaVoiceInputHandler.shutdownInternalLegacy():342 VoiceInputHandler:deactivating with reason: SHUTDOWN_UNIVERSAL_EXTENSION_ON_DEACTIVATE [SDG]
06-13 13:05:03.694  4221  4221 W NotificationCenter: NotificationCenter.unregisterListener():480 Listener ooe@1205c36 was not registered for notification class oof
06-13 13:05:03.694  4221  4221 W SmartEdit: SmartEdit.setGenAiVoiceEditManager():827 Cannot set LC UI delegate: promotionManager is null
06-13 13:05:03.695  4221  4221 I NgaInputManager: NgaInputManager.onDeactivate():482 SmartEdit: unloading models false [SDG]
06-13 13:05:03.695  4221 20449 W AutoCloseableReference: AutoCloseablePhantomReference.close():42 close() is invoked more than once
06-13 13:05:03.696  4221  4221 I PkModeUpdater: PkModeUpdater.onActivate():76 onActivate false true
06-13 13:05:03.696  4221  4221 I AccessoryInputModeManager: AccessoryInputModeManager.onModeStarted():353 Accessory input mode started: null
06-13 13:05:03.696  4221  4221 W SupplementaryKeyboardsWrapper: SupplementaryKeyboardsWrapper.deactivateKeyboard():162 keyboard accessory_candidates_consumer is not activated before!
06-13 13:05:03.696  4221  4221 W SupplementaryKeyboardsWrapper: SupplementaryKeyboardsWrapper.deactivateKeyboard():162 keyboard composing_text_consumer is not activated before!
06-13 13:05:03.696  4221 20848 I KeyboardEventHandler: KeyboardEventHandler.handleKeyboardVisibilityEvent():214 Handling KeyboardVisibilityEvent: KEYBOARD_CLOSED [SD]
06-13 13:05:03.696 20521 20521 W RemoteInputConnectionImpl: requestCursorUpdates on inactive InputConnection
06-13 13:05:03.697  4221  4221 I GlobeKeyExtension: GlobeKeyExtension.onActivate():130 
06-13 13:05:03.697  4221  4221 I KeyboardModeUtils: KeyboardModeUtils.getKeyboardBottomOffset():435 inch: 0.000000 ydpi: 511.277008 adjustKeyboardBottomByDisplaySize: false currentDensityDpi: 560 defaultDensityDpi: 560 keyboardBottomToScreenPx: 0 keyboardBottomToNavBarPx: -168 navBarHeight: 168
06-13 13:05:03.698  4221  4221 I BaseKeyboardSizeHelper: BaseKeyboardSizeHelper.calculateMaxKeyboardBodyHeight():73 leave 375 height for app when ime window height:2808, header height:154 and isFullscreenMode:false, so the max keyboard body height is:2279
06-13 13:05:03.698  4221  4221 I BaseKeyboardSizeHelper: BaseKeyboardSizeHelper.calculateMaxKeyboardBodyHeight():73 leave 375 height for app when ime window height:2808, header height:154 and isFullscreenMode:false, so the max keyboard body height is:2279
06-13 13:05:03.698  4221  4221 I AndroidIME: KeyboardViewManager.updateKeyboardBottomFrame():519 Set bottomFrameHeight = 28 while holderPaddingBottom = 28; navigationHeight = 168
06-13 13:05:03.698  4221  4221 I BaseKeyboardSizeHelper: BaseKeyboardSizeHelper.calculateMaxKeyboardBodyHeight():73 leave 375 height for app when ime window height:2808, header height:154 and isFullscreenMode:false, so the max keyboard body height is:2279
06-13 13:05:03.698  4221  4221 I BaseKeyboardSizeHelper: BaseKeyboardSizeHelper.calculateMaxKeyboardBodyHeight():73 leave 375 height for app when ime window height:2808, header height:154 and isFullscreenMode:false, so the max keyboard body height is:2279
06-13 13:05:03.698  4221  4221 I BaseKeyboardSizeHelper: BaseKeyboardSizeHelper.calculateMaxKeyboardBodyHeight():73 leave 375 height for app when ime window height:2808, header height:154 and isFullscreenMode:false, so the max keyboard body height is:2279
06-13 13:05:03.698  4221  4221 W ExtensionWrapper: ExtensionWrapper.setExtensionViewVisibility():878 interface nwy is not activate
06-13 13:05:03.698  4221  4221 I NgaExtension: NgaExtension.onActivate():646 NgaExtension#onActivate [SDG]
06-13 13:05:03.698  4221  4221 I NgaVoiceInputHandlerSwitcher: NgaVoiceInputHandlerSwitcher.restorePrimary():240 not switching to primary. fallback is null [SDG]
06-13 13:05:03.698  4221  4221 I NgaVoiceInputHandler: NgaVoiceInputHandler.maybeCreateInputManager():256 VoiceInputHandler:activating [SDG]
06-13 13:05:03.699  4221  4221 I SpeechEnhancementLogger: SpeechEnhancementLogger.logAtInfo():24 Speech enhancement is disabled because device model is not supported [SD]
06-13 13:05:03.699  4221  4221 I ModelessCommandDetector: ModelessCommandDetector.<init>():86 Created modeless command detector with language code en [SDG]
06-13 13:05:03.699  4221  4221 I NgaExtension: NgaExtension.onActivate():672 NgaExtension: interaction type=4 [SDG]
06-13 13:05:03.700  4221 20854 I KeyboardEventHandler: KeyboardEventHandler.handleKeyboardVisibilityEvent():214 Handling KeyboardVisibilityEvent: KEYBOARD_OPENED [SD]
06-13 13:05:03.700 20521 20521 W RemoteInputConnectionImpl: requestCursorUpdates on inactive InputConnection
06-13 13:05:03.700  4221 20849 I SpeechEnhancementLogger: SpeechEnhancementLogger.logAtInfo():24 Speech enhancement is disabled because device model is not supported [SD]
06-13 13:05:03.701  4221  4221 I Module  : DeviceLockedStatusModuleProvider$Module.updateDeviceLockedStatusInternal():127 repeatCheckTimes = 1, locked = false
06-13 13:05:03.701  4221 20850 I PackageStatusChecker: PackageStatusChecker.isPackageSuspended():24 Current package suspended=false [SD]
06-13 13:05:03.701  4221  4221 I VoiceImeUtils: VoiceImeUtils.shouldStartVoiceInputAutomaticallyInCurrentInputBox():160 No private IME option set to start voice input. [RD]
06-13 13:05:03.701  4221  4309 I CrossProfileSharedPreferences: CrossProfileSharedPreferences.maybeRunSyncTaskAfterFullSyncComplete():218 Full sync is not complete when incremental sync is called, trigger full sync
06-13 13:05:03.701  4221 20443 I SystemHapticSettings: SystemHapticSettings.updateSystemVibrationState():63 update vibration state: true
06-13 13:05:03.702  4221  4221 I StylusModule: StylusModule.onUpdateToolType():774 Update tool type = 0
06-13 13:05:03.702 20521 20521 W RemoteInputConnectionImpl: sendKeyEvent on inactive InputConnection
06-13 13:05:03.702  1609  1924 D ImeInsetsSourceProvider: showImePostLayout cancelled, serverVisible: true, frozen: false, mWin is: non-null, isDrawn: true, mGivenInsetsPending: false, imeLayeringTarget: Window{a191768 u0 com.takeya.animeongaku/com.takeya.animeongaku.MainActivity}, controlTarget: Window{a191768 u0 com.takeya.animeongaku/com.takeya.animeongaku.MainActivity}
06-13 13:05:03.702  1609  1924 D ImeInsetsSourceProvider: controlTarget == DisplayContent.imeControlTarget: true, hasPendingControls: false, leash is: non-null
06-13 13:05:03.702  4221  4221 I HardKeyTracker: HardKeyTracker.unregisterKeySequence():259 Unregister key sequence phm{labelResId=2132020537, callback=ffb@4e3ded1, lastModifier=2, keyCodes=[32], actions=[0]}
06-13 13:05:03.702  4221 20443 I CrossProfileSharedPreferences: CrossProfileSharedPreferences.syncAllAllowedPreferencesInternal():276 Cannot make cross profile calls to full sync preferences
06-13 13:05:03.702  1609  1924 I ImeTracker: com.takeya.animeongaku:71d17536: onCancelled at PHASE_SERVER_ABORT_SHOW_IME_POST_LAYOUT
06-13 13:05:03.702  4221  4221 I HardKeyTracker: HardKeyTracker.unregisterKeySequence():259 Unregister key sequence phm{labelResId=2132020537, callback=ffb@98fbd36, lastModifier=0, keyCodes=[319], actions=[0]}
06-13 13:05:03.702  4221  4221 I HardKeyTracker: HardKeyTracker.registerKeySequence():201 Register key sequence phm{labelResId=2132020537, callback=ffb@a3a40f4, lastModifier=2, keyCodes=[32], actions=[0]}
06-13 13:05:03.702  4221  4221 I HardKeyTracker: HardKeyTracker.registerKeySequence():201 Register key sequence phm{labelResId=2132020537, callback=ffb@33b8292, lastModifier=0, keyCodes=[319], actions=[0]}
06-13 13:05:03.702  4221 20847 I MultilangConditionManagerImpl: MultilangConditionManagerImpl.isAutomaticSwitchingEnabled():77 Automatic switching disabled because Gboard setting is not shown [SD]
06-13 13:05:03.703  4221 20847 I MultilangConditionManagerImpl: MultilangConditionManagerImpl.isAutomaticSwitchingEnabled():92 Automatic switching disabled because there aren't enough supported keyboard languages [SD]
06-13 13:05:03.703  4221  4221 I HardKeyTracker: HardKeyTracker.unregisterKeySequence():259 Unregister key sequence phm{labelResId=2132020537, callback=ffb@fcf2da4, lastModifier=2, keyCodes=[32], actions=[0]}
06-13 13:05:03.703  4221  4221 I HardKeyTracker: HardKeyTracker.unregisterKeySequence():259 Unregister key sequence phm{labelResId=2132020537, callback=ffb@b1276c2, lastModifier=0, keyCodes=[319], actions=[0]}
06-13 13:05:03.703  4221  4221 I HardKeyTracker: HardKeyTracker.registerKeySequence():201 Register key sequence phm{labelResId=2132020537, callback=ffb@544b119, lastModifier=2, keyCodes=[32], actions=[0]}
06-13 13:05:03.703  4221  4221 I HardKeyTracker: HardKeyTracker.registerKeySequence():201 Register key sequence phm{labelResId=2132020537, callback=ffb@e8b35de, lastModifier=0, keyCodes=[319], actions=[0]}
06-13 13:05:03.703  4221 20854 I AsrProviderChoice: AsrProviderChoice.setChosenProvider():83 Setting chosen ASR provider to: 6 [SD]
06-13 13:05:03.703  4221  4221 I HardKeyTracker: HardKeyTracker.unregisterKeySequence():259 Unregister key sequence phm{labelResId=2132020537, callback=ffb@a3a40f4, lastModifier=2, keyCodes=[32], actions=[0]}
06-13 13:05:03.703  4221 20854 I EligibilityChecker: EligibilityChecker.triggerProactiveLanguagePackUpdate():475 Never attempted LP download before, triggering download for potential updates [SD]
06-13 13:05:03.703  4221  4221 I HardKeyTracker: HardKeyTracker.unregisterKeySequence():259 Unregister key sequence phm{labelResId=2132020537, callback=ffb@33b8292, lastModifier=0, keyCodes=[319], actions=[0]}
06-13 13:05:03.703  4221  4221 I HardKeyTracker: HardKeyTracker.registerKeySequence():201 Register key sequence phm{labelResId=2132020537, callback=ffb@363c3bf, lastModifier=2, keyCodes=[32], actions=[0]}
06-13 13:05:03.703  4221  4221 I HardKeyTracker: HardKeyTracker.registerKeySequence():201 Register key sequence phm{labelResId=2132020537, callback=ffb@bd8ba8c, lastModifier=0, keyCodes=[319], actions=[0]}
06-13 13:05:03.703  4221 20854 I EligibilityChecker: EligibilityChecker.getDictationConfigEligibilityForLocale():310 Dictation is enabled. workprofile=false [SD]
06-13 13:05:03.703  4221  4221 I HardKeyTracker: HardKeyTracker.unregisterKeySequence():259 Unregister key sequence phm{labelResId=2132020537, callback=ffb@544b119, lastModifier=2, keyCodes=[32], actions=[0]}
06-13 13:05:03.703  4221  4221 I HardKeyTracker: HardKeyTracker.unregisterKeySequence():259 Unregister key sequence phm{labelResId=2132020537, callback=ffb@e8b35de, lastModifier=0, keyCodes=[319], actions=[0]}
06-13 13:05:03.703  4221  4221 I HardKeyTracker: HardKeyTracker.registerKeySequence():201 Register key sequence phm{labelResId=2132020537, callback=ffb@69adcdb, lastModifier=2, keyCodes=[32], actions=[0]}
06-13 13:05:03.703  4221 20501 I LanguageDownloadQueue: LanguageDownloadQueue.performLanguageDownload():81 Starting language download job for en-US [SD]
06-13 13:05:03.703  4221  4221 I HardKeyTracker: HardKeyTracker.registerKeySequence():201 Register key sequence phm{labelResId=2132020537, callback=ffb@b9cf378, lastModifier=0, keyCodes=[319], actions=[0]}
06-13 13:05:03.704  4221 20501 I LanguageDownloadQueue: LanguageDownloadQueue.performLanguageDownload():101 Skip download for en-US due to another recent attempt [SD]
06-13 13:05:03.704  4221  4221 I Delight5Decoder: Delight5DecoderWrapper.setKeyboardLayout():553 setKeyboardLayout()
06-13 13:05:03.704  4221 20851 I MultilangConditionManagerImpl: MultilangConditionManagerImpl.isAutomaticSwitchingEnabled():77 Automatic switching disabled because Gboard setting is not shown [SD]
06-13 13:05:03.704  4221 20851 I MultilangConditionManagerImpl: MultilangConditionManagerImpl.isAutomaticSwitchingEnabled():92 Automatic switching disabled because there aren't enough supported keyboard languages [SD]
06-13 13:05:03.704  4221 20847 I EligibilityChecker: EligibilityChecker.getDictationConfigEligibilityForLocale():310 Dictation is enabled. workprofile=false [SD]
06-13 13:05:03.705  4221 20854 I MultilangConditionManagerImpl: MultilangConditionManagerImpl.isAutomaticSwitchingEnabled():77 Automatic switching disabled because Gboard setting is not shown [SD]
06-13 13:05:03.705  4221 20854 I MultilangConditionManagerImpl: MultilangConditionManagerImpl.isAutomaticSwitchingEnabled():92 Automatic switching disabled because there aren't enough supported keyboard languages [SD]
06-13 13:05:03.705  4221 20854 I KeyboardEligibilityNotifier: KeyboardEligibilityNotifier.notifyEligibility():76 Keyboard notified that eligibility=ELIGIBLE [SD]
06-13 13:05:03.705  4221 20851 I KeyboardUiManagerImpl: KeyboardUiManagerImpl.onKeyboardShownAgain():170 #onKeyboardShownAgain scheduled [SD]
06-13 13:05:03.705  4221 20847 I KeyboardUiManagerImpl: KeyboardUiManagerImpl.onKeyboardShownAgain():173 #onKeyboardShownAgain [SD]
06-13 13:05:03.706 20521 20521 W RemoteInputConnectionImpl: commitText on inactive InputConnection
06-13 13:05:03.706  4221 20851 I KeyboardEventHandler: KeyboardEventHandler.handleFieldChangedEvent():454 Handling FieldChangedEvent: fgPkg=com.takeya.animeongaku, fieldType=3.3e+04, interactionType=FIELD_CHANGE [SD]
06-13 13:05:03.706  4221  4221 W TooltipLifecycleManager: TooltipLifecycleManager.dismissTooltips():153 Tooltip with id spell_check_add_to_dictionary not found in tooltipManager.
06-13 13:05:03.706  4221 20847 I SpeechEnhancementLogger: SpeechEnhancementLogger.logAtInfo():24 Speech enhancement is disabled because device model is not supported [SD]
06-13 13:05:03.706  4221  4221 W InputContextProxy: InputContextProxy.applyClientDiffInternal():933 Ignore [FetchSuggestions] diff due to stale request: 46<52, inputStateId=0, lastInputStateId=30
06-13 13:05:03.707  4221 20851 I PackageStatusChecker: PackageStatusChecker.isPackageSuspended():24 Current package suspended=false [SD]
06-13 13:05:03.707 20521 20521 W RemoteInputConnectionImpl: sendKeyEvent on inactive InputConnection
06-13 13:05:03.707  4221  4221 I GoogleInputMethodService: GoogleInputMethodService.onStartInput():1446 onStartInput(EditorInfo{EditorInfo{packageName=com.takeya.animeongaku, inputType=8021, inputTypeString=EmailAddress[AutoCorrect], enableLearning=true, autoCorrection=true, autoComplete=true, imeOptions=2000005, privateImeOptions=null, actionName=NEXT, actionLabel=null, initialSelStart=6, initialSelEnd=6, initialCapsMode=0, label=null, fieldId=-1, fieldName=null, extras=Bundle[mParcelledData.dataSize=404], hintText=null, hintLocales=[]}}, true)
06-13 13:05:03.707  4221  4221 W SessionManager: SessionManager.beginSession():72 Try to begin an already begun session [INPUT_SESSION], end it first
06-13 13:05:03.707  4221  4221 W SessionManager: SessionManager.endSession():119 Child session [INPUT_VIEW_SESSION] is not ended while ending session [{INPUT_VIEW_SESSION=1781381103654, TRAINING_CACHE_SESSION=1781381103682, IME_SESSION=1781381103682, INPUT_SESSION=1781381103639}], ending it now.
06-13 13:05:03.707  4221  4221 W SessionManager: SessionManager.endSession():119 Child session [IME_SESSION] is not ended while ending session [{INPUT_VIEW_SESSION=1781381103654, TRAINING_CACHE_SESSION=1781381103682, IME_SESSION=1781381103682, INPUT_SESSION=1781381103639}], ending it now.
06-13 13:05:03.708  4221  4221 I AndroidIME: LatinIMEBase.updateInputViewCoverNavigation():321 Update input view padding, isNavbarOverInputWindow=true, bottom inset=168
06-13 13:05:03.708  4221  4221 I Module  : DeviceLockedStatusModuleProvider$Module.updateDeviceLockedStatusInternal():127 repeatCheckTimes = 1, locked = false
06-13 13:05:03.709  4221  4221 I GoogleInputMethodService: GoogleInputMethodService.onStartInputView():1532 onStartInputView(EditorInfo{EditorInfo{packageName=com.takeya.animeongaku, inputType=8021, inputTypeString=EmailAddress[AutoCorrect], enableLearning=true, autoCorrection=true, autoComplete=true, imeOptions=2000005, privateImeOptions=null, actionName=NEXT, actionLabel=null, initialSelStart=6, initialSelEnd=6, initialCapsMode=0, label=null, fieldId=-1, fieldName=null, extras=Bundle[{android.support.text.emoji.emojiCompat_metadataVersion=12, androidx.core.view.inputmethod.EditorInfoCompat.STYLUS_HANDWRITING_ENABLED=true, android.support.text.emoji.emojiCompat_replaceAll=false}], hintText=null, hintLocales=[]}}, true)
06-13 13:05:03.710  4221  4221 I InputBundle: InputBundle.consumeEvent():1056 Skip consuming an event as keyboard status is INACTIVE
06-13 13:05:03.711  4221  4221 I AndroidIME: AbstractIme.onDeactivate():213 LatinIme.onDeactivate()
06-13 13:05:03.711  4221  4221 W SessionManager: SessionManager.endSession():111 Try to end a not begun session [IME_SESSION].
06-13 13:05:03.711  4221 20848 I MultilangConditionManagerImpl: MultilangConditionManagerImpl.isAutomaticSwitchingEnabled():77 Automatic switching disabled because Gboard setting is not shown [SD]
06-13 13:05:03.711  4221 20848 I MultilangConditionManagerImpl: MultilangConditionManagerImpl.isAutomaticSwitchingEnabled():92 Automatic switching disabled because there aren't enough supported keyboard languages [SD]
06-13 13:05:03.711  4221  4221 I KeyboardHeightUtil: KeyboardHeightUtil.getOemKeyboardHeightRatio():81 systemKeyboardHeightRatio:1.025000.
06-13 13:05:03.711  4221  4309 I NebulaeTrainingCacheMetricsProcessor: NebulaeTrainingCacheMetricsProcessor.processEndSession():590 End training cache session: com.takeya.animeongaku_-1/
06-13 13:05:03.711  4221 20847 I AsrProviderChoice: AsrProviderChoice.setChosenProvider():83 Setting chosen ASR provider to: 6 [SD]
06-13 13:05:03.711  4221 20847 I EligibilityChecker: EligibilityChecker.triggerProactiveLanguagePackUpdate():475 Never attempted LP download before, triggering download for potential updates [SD]
06-13 13:05:03.712  4221 20847 I EligibilityChecker: EligibilityChecker.getDictationConfigEligibilityForLocale():310 Dictation is enabled. workprofile=false [SD]
06-13 13:05:03.712  4221  4309 I CrossProfileSharedPreferences: CrossProfileSharedPreferences.maybeRunSyncTaskAfterFullSyncComplete():218 Full sync is not complete when incremental sync is called, trigger full sync
06-13 13:05:03.712  4221  5138 E native  : E0000 00:00:1781381103.712143    5138 bikey-model.cc:1326] Invalid frame index: 1; num frames: 1
06-13 13:05:03.712  4221  5138 E native  : E0000 00:00:1781381103.712390    5138 bikey-model.cc:1326] Invalid frame index: 1; num frames: 1
06-13 13:05:03.712  4221  5138 E native  : E0000 00:00:1781381103.712399    5138 bikey-model.cc:1326] Invalid frame index: 1; num frames: 1
06-13 13:05:03.712  4221  5138 E native  : E0000 00:00:1781381103.712407    5138 bikey-model.cc:1326] Invalid frame index: 1; num frames: 1
06-13 13:05:03.712  4221 20500 I LanguageDownloadQueue: LanguageDownloadQueue.performLanguageDownload():81 Starting language download job for en-US [SD]
06-13 13:05:03.712  4221  4221 I AndroidIME: InputBundleManager.startInput():357 startInput2 restarting=true
06-13 13:05:03.712  4221  4221 I AndroidIME: InputBundleManager.loadActiveInputBundleId():542 loadActiveInputBundleId: en-US, ime_english_united_states
06-13 13:05:03.712  4221  4221 I InputBundle: InputBundle.activateIme():598 activateIme: INACTIVE, keyboardType=prime
06-13 13:05:03.713  4221  4221 I AndroidIME: AbstractIme.onActivate():95 LatinIme.onActivate() : EditorInfo = EditorInfo{packageName=com.takeya.animeongaku, inputType=8021, inputTypeString=EmailAddress[AutoCorrect], enableLearning=true, autoCorrection=true, autoComplete=true, imeOptions=2000005, privateImeOptions=null, actionName=NEXT, actionLabel=null, initialSelStart=6, initialSelEnd=6, initialCapsMode=0, label=null, fieldId=-1, fieldName=null, extras=Bundle[{android.support.text.emoji.emojiCompat_metadataVersion=12, androidx.core.view.inputmethod.EditorInfoCompat.STYLUS_HANDWRITING_ENABLED=true, android.support.text.emoji.emojiCompat_replaceAll=false}], hintText=null, hintLocales=[]}, IncognitoMode = false, DeviceLocked = false
06-13 13:05:03.713  4221  4309 E UserFeatureCache: UserFeatureCache.getStore():760 Wrong feature id provided -1 for protobuf qcg.
06-13 13:05:03.713  4221  4309 E UserFeatureCache: UserFeatureCache.getProto():684 Feature not enabled should not called: 19
06-13 13:05:03.713  4221 20500 I LanguageDownloadQueue: LanguageDownloadQueue.performLanguageDownload():101 Skip download for en-US due to another recent attempt [SD]
06-13 13:05:03.713  4221 20501 I CrossProfileSharedPreferences: CrossProfileSharedPreferences.syncAllAllowedPreferencesInternal():276 Cannot make cross profile calls to full sync preferences
06-13 13:05:03.713  4221  4309 I OnDeviceWmrCalculator: OnDeviceWmrCalculator.calculateWmr():94 WMR: -1.0000 (0 / 0)
06-13 13:05:03.713  4221  4221 I Delight5Facilitator: Delight5Facilitator.initializeForIme():745 initializeForIme() : Locale = [en_US], layout = qwerty
06-13 13:05:03.713  4221 20849 I MultilangConditionManagerImpl: MultilangConditionManagerImpl.isAutomaticSwitchingEnabled():77 Automatic switching disabled because Gboard setting is not shown [SD]
06-13 13:05:03.713  4221 20849 I MultilangConditionManagerImpl: MultilangConditionManagerImpl.isAutomaticSwitchingEnabled():92 Automatic switching disabled because there aren't enough supported keyboard languages [SD]
06-13 13:05:03.713  4221  4309 I NebulaeTrainingCacheMetricsProcessor: NebulaeTrainingCacheMetricsProcessor.processBeginSession():246 Begin training cache session: com.takeya.animeongaku_-1/
06-13 13:05:03.714  4221  4221 I LatinIme: LatinIme.updateEnableInlineSuggestionsOnDecoderSideFlags():1278 inline flag updated to:false
06-13 13:05:03.714  4221 20848 I EligibilityChecker: EligibilityChecker.getDictationConfigEligibilityForLocale():310 Dictation is enabled. workprofile=false [SD]
06-13 13:05:03.714  1609  5279 W PackageConfigPersister: App-specific configuration not found for packageName: com.takeya.animeongaku and userId: 0
06-13 13:05:03.714  4221  4221 I LatinIme: LatinIme.updateEnableInlineSuggestionsOnDecoderSideFlags():1278 inline flag updated to:false
06-13 13:05:03.715  4221 20848 I MultilangConditionManagerImpl: MultilangConditionManagerImpl.isAutomaticSwitchingEnabled():77 Automatic switching disabled because Gboard setting is not shown [SD]
06-13 13:05:03.715  4221  5138 I native  : I0000 00:00:1781381103.715628    5138 input-context-store.cc:340] Ignoring stale client request for FetchSuggestions
06-13 13:05:03.715  4221 20848 I MultilangConditionManagerImpl: MultilangConditionManagerImpl.isAutomaticSwitchingEnabled():92 Automatic switching disabled because there aren't enough supported keyboard languages [SD]
06-13 13:05:03.717  4221  5138 I native  : I0000 00:00:1781381103.717143    5138 input-context-store.cc:262] Ignoring stale client request for OverrideDecodedCandidates
06-13 13:05:03.717  1050  2884 I bthal.activity: bt_power: LeAdvStat: 13:05:02:716 - 13:05:03:717, duration: 1001, le_adv_count: 1, total_le_adv_count: 7832, total_event_count: 0
06-13 13:05:03.717  4221 20848 I KeyboardEligibilityNotifier: KeyboardEligibilityNotifier.notifyEligibility():76 Keyboard notified that eligibility=ELIGIBLE [SD]
06-13 13:05:03.718  4221  4221 I LatinIme: LatinIme.resetInputContext():2286 resetInputContext(): reason=1, externalEditsInfo=ExternalEditsInfo{action=0, offset=-1, text=null, originalText=null, edits=null}
06-13 13:05:03.718  4221  4221 I InputBundle: InputBundle.consumeEvent():1056 Skip consuming an event as keyboard status is INACTIVE
06-13 13:05:03.719  4221  4221 I InputBundle: InputBundle.activateKeyboard():653 activateKeyboard: ACTIVE, type=oiz[keyboardType=prime, payload=null]
06-13 13:05:03.719  4221  4221 I KeyboardWrapper: KeyboardWrapper.activateKeyboard():592 activateKeyboard(): type=prime, status=INACTIVE, imeDef=ohs{stringId=ime_english_united_states, language=en-US, languageTag=en-US, processedConditions={true=true, enable_number_row=false, device=phone, enable_pk_simulator=false}, className=com.google.android.apps.inputmethod.libs.latin5.LatinIme, label=0, keyEventInterpreter=null, inlineComposing=true, autoCapital=true, announceAutoSelectedCandidate=true, statusIcon=0, indicatorIcon=0, indicatorLabel=US, displayAppCompletions=true, extraValues=ohl{}, processors=ojm@da195c6, unacceptableMetaKeys=4098, languageSpecificSettings=0, asciiCapable=true, alwaysShowSuggestions=false, useAsciiPasswordKeyboard=false, keyboardGroupDef=oiu@846f0f9, phenotypeFlagId=0, localizationLanguageTag=null, supportsInlineSuggestion=true}
06-13 13:05:03.719  4221  4221 I KeyboardManager: KeyboardManager.requestKeyboard():249 Creating keyboard prime, imeId=ime_english_united_states, cacheKey=theme,!gsf,!pgsf,!use_system_font,BORDER,DYNAMIC_DARK_BRIGHT_KEY,FLAVOR_DPI=XXXHDPI,IS_LIGHT,KEYBOARD_WIDTH_CATEGORY=NORMAL,KEY_BORDER_SHAPE=1,LIGHT_THEME=true,PHYSICAL_DIAGONAL=5.9037175,POPUP,SCREEN_SHORTEST_WIDTH=411,SCREEN_SHORTEST_WIDTH_NO_SCALE=411,SW400DP,XXXHDPI,bottom4dp,bright_key_on_dynamic_color_dark_theme=true,enable_popup_on_keypress=true,non_linear_scale,noshadow,overlay_builtin_dynamic_color_light_base.binarypb:gm3-light-fff7f5ff-ff0058ba-65f4eb49c856e02f0c9596da4cbfc6d1,pgsans,silkpopup
06-13 13:05:03.719  4221  4221 I KeyboardDefManager: KeyboardDefManager.requestKeyboardDef():128 requestKeyboardDef(): type=prime, info=oir{defIds=[#0x7f1705fa, #0x7f170891], defIdsCacheKey=[2132215290, 2132215953]}
06-13 13:05:03.719  4221  4221 I KeyboardDefManager: KeyboardDefManager.requestKeyboardDef():195 requestKeyboardDef(): getOrCreate from cache, info=oir{defIds=[#0x7f1705fa, #0x7f170891], defIdsCacheKey=[2132215290, 2132215953]}
06-13 13:05:03.720  4221  4221 I KeyboardDefManager: KeyboardDefManager$Companion$addFutureCallbackForKeyboardDefReceiver$1.onSuccess():425 requestKeyboardDef onSuccess(): info=oir{defIds=[#0x7f1705fa, #0x7f170891], defIdsCacheKey=[2132215290, 2132215953]}
06-13 13:05:03.720  4221  4221 I KeyboardWrapper: KeyboardWrapper.onKeyboardReady():226 onKeyboardReady(): type=prime(prime), kb=com.google.android.apps.inputmethod.latin.keyboard.LatinPrimeKeyboard@509d253
06-13 13:05:03.720  4221  4221 I KeyboardWrapper: KeyboardWrapper.doActivateKeyboard():624 doActivateKeyboard(): prime
06-13 13:05:03.720  4221  4221 I GoogleInputMethodService: GoogleInputMethodService$1.onKeyboardViewShown():344 onKeyboardViewShown: keyboardType=prime, keyboardViewType=HEADER keyboardView=com.google.android.libraries.inputmethod.widgets.SoftKeyboardView{97d6d7f V.E...... ......ID 0,0-1440,154}
06-13 13:05:03.720  4221  4221 I BaseKeyboardSizeHelper: BaseKeyboardSizeHelper.calculateMaxKeyboardBodyHeight():73 leave 375 height for app when ime window height:2808, header height:154 and isFullscreenMode:false, so the max keyboard body height is:2279
06-13 13:05:03.722  4221  4221 I BaseKeyboardSizeHelper: BaseKeyboardSizeHelper.calculateMaxKeyboardBodyHeight():73 leave 375 height for app when ime window height:2808, header height:154 and isFullscreenMode:false, so the max keyboard body height is:2279
06-13 13:05:03.722  4221  4221 I GoogleInputMethodService: GoogleInputMethodService$1.onKeyboardViewShown():344 onKeyboardViewShown: keyboardType=prime, keyboardViewType=BODY keyboardView=com.google.android.libraries.inputmethod.widgets.SoftKeyboardView{915e5b3 V.E...... ......I. 0,0-1440,876}
06-13 13:05:03.722  4221  4221 I BaseKeyboardSizeHelper: BaseKeyboardSizeHelper.calculateMaxKeyboardBodyHeight():73 leave 375 height for app when ime window height:2808, header height:154 and isFullscreenMode:false, so the max keyboard body height is:2279
06-13 13:05:03.723  4221  4221 I GlobeKeyExtension: GlobeKeyExtension$1.onKeyboardViewShown():77 maybeDisableLanguageSwitchKeyPref when the keyboard is shown
06-13 13:05:03.723  4221  4221 I GlobeKeyExtension: GlobeKeyExtension.maybeDisableLanguageSwitchKeyPref():211 maybeDisableLanguageSwitchKeyPref hasGlobeKeyBeenDisabled: true, shouldDisableLanguageSwitchKey: true
06-13 13:05:03.723  4221  4221 I NewLanguagePromptExtension: NewLanguagePromptExtension$1.onKeyboardViewShown():98 Not show new language banner: no change in enabled input method entries
06-13 13:05:03.723  4221  4221 W TooltipLifecycleManager: TooltipLifecycleManager.dismissTooltips():153 Tooltip with id undo_access_point_promotion_banner not found in tooltipManager.
06-13 13:05:03.723  4221  4221 I GlobeKeyExtension: GlobeKeyExtension.getKeyboardInitialStates():186 
06-13 13:05:03.724  4221  4221 W Keyboard: Keyboard.getKeyboardViewHelper():607 null helper is returned: keyboardDef=oil{processedConditions={show_comma_key=true, enable_more_candidates_view_for_multilingual=false, layout_9key_split=false, enable_secondary_symbols=true, pref_enable_flick_symbols=false, enable_scrub_move=true, language=en-US, deprecate_long_press_space_for_ime_picker=false, expressions=normal, android_software_xr_api_spatial=false, variant=qwerty, free_cursor=false, show_period_key=true, device=phone, keyboard_mode=normal, show_secondary_digits=true, enable_pk_simulator=false, enable_preemptive_decode=true}, globalConditions={global_theme_key=theme,!gsf,!pgsf,!use_system_font,BORDER,DYNAMIC_DARK_BRIGHT_KEY,FLAVOR_DPI=XXXHDPI,IS_LIGHT,KEYBOARD_WIDTH_CATEGORY=NORMAL,KEY_BORDER_SHAPE=1,LIGHT_THEME=true,PHYSICAL_DIAGONAL=5.9037175,POPUP,SCREEN_SHORTEST_WIDTH=411,SCREEN_SHORTEST_WIDTH_NO_SCALE=411,SW400DP,XXXHDPI,bottom4dp,bright_key_on_dynamic_color_dark_theme=true,enable_popup_on_keypress=true,non_linear_scale,noshadow,overlay_builtin_dynamic_color_light_base.binarypb:gm3-light-fff7f5ff-ff0058ba-65f4eb49c856e02f0c9596da4cbfc6d1,pgsans,silkpopup, global_locale=en_US, global_density_dpi=560, global_orientation=1}, className=.latin.keyboard.LatinPrimeKeyboard, resourceIds=[#0x7f1705fa, #0x7f170891], initialStates=0, keyboardViewDefs=[ojd{direction=null, id=#0x7f0b0230, isScalable=true, layoutId=#0x7f0e0389, type=BODY, touchable=true, defaultShow=true}, ojd{direction=null, id=#0x7f0b0230, isScalable=false, layoutId=#0x7f0e021e, type=FLOATING_CANDIDATES, touchable=false, defaultShow=false}, ojd{direction=LOCALE, id=#0x7f0b0230, isScalable=false, layoutId=#0x7f0e0527, type=HEADER, touchable=true, defaultShow=true}], persistentStates=0, persistentStatesPrefKey=null, popupBubbleLayoutId=#0x7f0e0618, recentKeyLayoutId=#0x0, recentKeyPopupLayoutId=#0x0, recentKeyType=null, rememberRecentKey=NONE, sessionStates=26388279066624}, type=WIDGET, helpersCreated={HEADER=ntb@734097e, BODY=ntb@1809edf, FLOATING_CANDIDATES=ntb@3a5c72c}, context.getResources().getConfiguration(): {1.0 310mcc260mnc [en_US,ja_JP] ldltr sw411dp w411dp h891dp 560dpi nrml long compactNeeded hdr widecg port finger -keyb/v/h -nav/h winConfig={ mBounds=Rect(0, 0 - 1440, 3120) mAppBounds=Rect(0, 0 - 1440, 3120) mMaxBounds=Rect(0, 0 - 1440, 3120) mDisplayRotation=ROTATION_0 mWindowingMode=fullscreen mActivityType=undefined mAlwaysOnTop=undefined mRotation=ROTATION_0} s.13 fontWeightAdjustment=0}
06-13 13:05:03.724  4221  4221 I BaseKeyboardSizeHelper: BaseKeyboardSizeHelper.calculateMaxKeyboardBodyHeight():73 leave 375 height for app when ime window height:2808, header height:154 and isFullscreenMode:false, so the max keyboard body height is:2279
06-13 13:05:03.727  4221  4221 I AndroidIME: InputBundleManager.startInput():372 startInput() with oiz[keyboardType=prime, payload=null]
06-13 13:05:03.727  4221  4221 W SupplementaryKeyboardsWrapper: SupplementaryKeyboardsWrapper.deactivateKeyboard():162 keyboard composing_text_consumer is not activated before!
06-13 13:05:03.727  4221  4221 I GlobeKeyExtension: GlobeKeyExtension.onDeactivate():154 
06-13 13:05:03.728  4221  4221 I NgaExtension: NgaExtension.onDeactivate():687 NgaExtension#onDeactivate [SDG]
06-13 13:05:03.728  4221 20851 I NgaDataShareClient: NgaDataShareClient.sendCorrectionsAndEndSession():412 endDataPushSession() [SDG]
06-13 13:05:03.728  4221  4221 W NotificationCenter: NotificationCenter.unregisterListener():480 Listener hfa@d7ecdf was not registered for notification class nky
06-13 13:05:03.728  4221 20851 I NgaDataShareClient: NgaDataShareClient.sendCorrectionsList():420 sendCorrectionsList() [SDG]
06-13 13:05:03.728  4221 20851 W NgaDataShareClient: NgaDataShareClient.getClientInfo():504 null TriggerApplicationId provided. [SDG]
06-13 13:05:03.728  4221  4221 I NgaVoiceInputHandler: NgaVoiceInputHandler.shutdownInternalLegacy():342 VoiceInputHandler:deactivating with reason: SHUTDOWN_UNIVERSAL_EXTENSION_ON_DEACTIVATE [SDG]
06-13 13:05:03.728  4221  4221 W NotificationCenter: NotificationCenter.unregisterListener():480 Listener ooe@1205c36 was not registered for notification class oof
06-13 13:05:03.728  4221  4221 W SmartEdit: SmartEdit.setGenAiVoiceEditManager():827 Cannot set LC UI delegate: promotionManager is null
06-13 13:05:03.728  4221 20851 W NotificationCenter: NotificationCenter.unregisterListener():480 Listener hgn@8fbc018 was not registered for notification class nqx
06-13 13:05:03.728  4221 20854 I DataShareHelper: DataShareHelper.shareCorrections():24 shareCorrections() [SD]
06-13 13:05:03.728  4221 20851 W NotificationCenter: NotificationCenter.unregisterListener():480 Listener hgm@2484a71 was not registered for notification class nky
06-13 13:05:03.730  4221 20501 W AutoCloseableReference: AutoCloseablePhantomReference.close():42 close() is invoked more than once
06-13 13:05:03.731  4221  4221 I NgaInputManager: NgaInputManager.onDeactivate():482 SmartEdit: unloading models false [SDG]
06-13 13:05:03.732  4221 20849 I KeyboardEventHandler: KeyboardEventHandler.handleKeyboardVisibilityEvent():214 Handling KeyboardVisibilityEvent: KEYBOARD_CLOSED [SD]
06-13 13:05:03.733  4221  4221 I PkModeUpdater: PkModeUpdater.onActivate():76 onActivate false true
06-13 13:05:03.733  4221  4221 I AccessoryInputModeManager: AccessoryInputModeManager.onModeStarted():353 Accessory input mode started: null
06-13 13:05:03.733  4221  4221 W SupplementaryKeyboardsWrapper: SupplementaryKeyboardsWrapper.deactivateKeyboard():162 keyboard accessory_candidates_consumer is not activated before!
06-13 13:05:03.734  4221  4221 W SupplementaryKeyboardsWrapper: SupplementaryKeyboardsWrapper.deactivateKeyboard():162 keyboard composing_text_consumer is not activated before!
06-13 13:05:03.734  4221  4221 I GlobeKeyExtension: GlobeKeyExtension.onActivate():130 
06-13 13:05:03.735  4221  4221 I KeyboardModeUtils: KeyboardModeUtils.getKeyboardBottomOffset():435 inch: 0.000000 ydpi: 511.277008 adjustKeyboardBottomByDisplaySize: false currentDensityDpi: 560 defaultDensityDpi: 560 keyboardBottomToScreenPx: 0 keyboardBottomToNavBarPx: -168 navBarHeight: 168
06-13 13:05:03.735  4221  4221 I BaseKeyboardSizeHelper: BaseKeyboardSizeHelper.calculateMaxKeyboardBodyHeight():73 leave 375 height for app when ime window height:2808, header height:154 and isFullscreenMode:false, so the max keyboard body height is:2279
06-13 13:05:03.735  4221  4221 I BaseKeyboardSizeHelper: BaseKeyboardSizeHelper.calculateMaxKeyboardBodyHeight():73 leave 375 height for app when ime window height:2808, header height:154 and isFullscreenMode:false, so the max keyboard body height is:2279
06-13 13:05:03.735  4221  4221 I AndroidIME: KeyboardViewManager.updateKeyboardBottomFrame():519 Set bottomFrameHeight = 28 while holderPaddingBottom = 28; navigationHeight = 168
06-13 13:05:03.735  4221  4221 I BaseKeyboardSizeHelper: BaseKeyboardSizeHelper.calculateMaxKeyboardBodyHeight():73 leave 375 height for app when ime window height:2808, header height:154 and isFullscreenMode:false, so the max keyboard body height is:2279
06-13 13:05:03.735  4221  4221 I BaseKeyboardSizeHelper: BaseKeyboardSizeHelper.calculateMaxKeyboardBodyHeight():73 leave 375 height for app when ime window height:2808, header height:154 and isFullscreenMode:false, so the max keyboard body height is:2279
06-13 13:05:03.735  4221  4221 I BaseKeyboardSizeHelper: BaseKeyboardSizeHelper.calculateMaxKeyboardBodyHeight():73 leave 375 height for app when ime window height:2808, header height:154 and isFullscreenMode:false, so the max keyboard body height is:2279
06-13 13:05:03.736  4221  4221 W ExtensionWrapper: ExtensionWrapper.setExtensionViewVisibility():878 interface nwy is not activate
06-13 13:05:03.736  4221  4221 I NgaExtension: NgaExtension.onActivate():646 NgaExtension#onActivate [SDG]
06-13 13:05:03.736  4221  5138 E native  : E0000 00:00:1781381103.736125    5138 bikey-model.cc:1326] Invalid frame index: 13; num frames: 13
06-13 13:05:03.736  4221  5138 E native  : E0000 00:00:1781381103.736180    5138 bikey-model.cc:1326] Invalid frame index: 13; num frames: 13
06-13 13:05:03.736  4221  4221 I NgaVoiceInputHandlerSwitcher: NgaVoiceInputHandlerSwitcher.restorePrimary():240 not switching to primary. fallback is null [SDG]
06-13 13:05:03.736  4221  4221 I NgaVoiceInputHandler: NgaVoiceInputHandler.maybeCreateInputManager():256 VoiceInputHandler:activating [SDG]
06-13 13:05:03.736  4221  4221 I SpeechEnhancementLogger: SpeechEnhancementLogger.logAtInfo():24 Speech enhancement is disabled because device model is not supported [SD]
06-13 13:05:03.736  4221  4221 I ModelessCommandDetector: ModelessCommandDetector.<init>():86 Created modeless command detector with language code en [SDG]
06-13 13:05:03.736  4221  4221 I NgaExtension: NgaExtension.onActivate():672 NgaExtension: interaction type=4 [SDG]
06-13 13:05:03.737  4221 20847 I KeyboardEventHandler: KeyboardEventHandler.handleKeyboardVisibilityEvent():214 Handling KeyboardVisibilityEvent: KEYBOARD_OPENED [SD]
06-13 13:05:03.738  4221 20854 I SpeechEnhancementLogger: SpeechEnhancementLogger.logAtInfo():24 Speech enhancement is disabled because device model is not supported [SD]
06-13 13:05:03.738  4221  4221 I Module  : DeviceLockedStatusModuleProvider$Module.updateDeviceLockedStatusInternal():127 repeatCheckTimes = 1, locked = false
06-13 13:05:03.738  4221 20851 I PackageStatusChecker: PackageStatusChecker.isPackageSuspended():24 Current package suspended=false [SD]
06-13 13:05:03.738  4221  4221 I VoiceImeUtils: VoiceImeUtils.shouldStartVoiceInputAutomaticallyInCurrentInputBox():160 No private IME option set to start voice input. [RD]
06-13 13:05:03.738  4221 20501 I SystemHapticSettings: SystemHapticSettings.updateSystemVibrationState():63 update vibration state: true
06-13 13:05:03.738  4221  4309 I CrossProfileSharedPreferences: CrossProfileSharedPreferences.maybeRunSyncTaskAfterFullSyncComplete():218 Full sync is not complete when incremental sync is called, trigger full sync
06-13 13:05:03.739  4221  4221 I StylusModule: StylusModule.onUpdateToolType():774 Update tool type = 0
06-13 13:05:03.739  1609  5210 D ImeInsetsSourceProvider: showImePostLayout cancelled, serverVisible: true, frozen: false, mWin is: non-null, isDrawn: true, mGivenInsetsPending: false, imeLayeringTarget: Window{a191768 u0 com.takeya.animeongaku/com.takeya.animeongaku.MainActivity}, controlTarget: Window{a191768 u0 com.takeya.animeongaku/com.takeya.animeongaku.MainActivity}
06-13 13:05:03.739  1609  5210 D ImeInsetsSourceProvider: controlTarget == DisplayContent.imeControlTarget: true, hasPendingControls: false, leash is: non-null
06-13 13:05:03.739  1609  5210 I ImeTracker: com.takeya.animeongaku:45431f07: onCancelled at PHASE_SERVER_ABORT_SHOW_IME_POST_LAYOUT
06-13 13:05:03.739  4221  4221 I HardKeyTracker: HardKeyTracker.unregisterKeySequence():259 Unregister key sequence phm{labelResId=2132020537, callback=ffb@363c3bf, lastModifier=2, keyCodes=[32], actions=[0]}
06-13 13:05:03.739  4221 20449 I CrossProfileSharedPreferences: CrossProfileSharedPreferences.syncAllAllowedPreferencesInternal():276 Cannot make cross profile calls to full sync preferences
06-13 13:05:03.739  4221  4221 I HardKeyTracker: HardKeyTracker.unregisterKeySequence():259 Unregister key sequence phm{labelResId=2132020537, callback=ffb@bd8ba8c, lastModifier=0, keyCodes=[319], actions=[0]}
06-13 13:05:03.739  4221  4221 I HardKeyTracker: HardKeyTracker.registerKeySequence():201 Register key sequence phm{labelResId=2132020537, callback=ffb@41e4729, lastModifier=2, keyCodes=[32], actions=[0]}
06-13 13:05:03.739  4221  4221 I HardKeyTracker: HardKeyTracker.registerKeySequence():201 Register key sequence phm{labelResId=2132020537, callback=ffb@d48faae, lastModifier=0, keyCodes=[319], actions=[0]}
06-13 13:05:03.740  4221  4221 I HardKeyTracker: HardKeyTracker.unregisterKeySequence():259 Unregister key sequence phm{labelResId=2132020537, callback=ffb@69adcdb, lastModifier=2, keyCodes=[32], actions=[0]}
06-13 13:05:03.740  4221  4221 I HardKeyTracker: HardKeyTracker.unregisterKeySequence():259 Unregister key sequence phm{labelResId=2132020537, callback=ffb@b9cf378, lastModifier=0, keyCodes=[319], actions=[0]}
06-13 13:05:03.740  4221  4221 I HardKeyTracker: HardKeyTracker.registerKeySequence():201 Register key sequence phm{labelResId=2132020537, callback=ffb@507f04f, lastModifier=2, keyCodes=[32], actions=[0]}
06-13 13:05:03.740  4221  4221 I HardKeyTracker: HardKeyTracker.registerKeySequence():201 Register key sequence phm{labelResId=2132020537, callback=ffb@bb393dc, lastModifier=0, keyCodes=[319], actions=[0]}
06-13 13:05:03.740  4221  4221 I HardKeyTracker: HardKeyTracker.unregisterKeySequence():259 Unregister key sequence phm{labelResId=2132020537, callback=ffb@41e4729, lastModifier=2, keyCodes=[32], actions=[0]}
06-13 13:05:03.740  4221  4221 I HardKeyTracker: HardKeyTracker.unregisterKeySequence():259 Unregister key sequence phm{labelResId=2132020537, callback=ffb@d48faae, lastModifier=0, keyCodes=[319], actions=[0]}
06-13 13:05:03.740  4221  4221 I HardKeyTracker: HardKeyTracker.registerKeySequence():201 Register key sequence phm{labelResId=2132020537, callback=ffb@ffd426b, lastModifier=2, keyCodes=[32], actions=[0]}
06-13 13:05:03.740  4221  4221 I HardKeyTracker: HardKeyTracker.registerKeySequence():201 Register key sequence phm{labelResId=2132020537, callback=ffb@2d411c8, lastModifier=0, keyCodes=[319], actions=[0]}
06-13 13:05:03.741  4221  4221 I HardKeyTracker: HardKeyTracker.unregisterKeySequence():259 Unregister key sequence phm{labelResId=2132020537, callback=ffb@507f04f, lastModifier=2, keyCodes=[32], actions=[0]}
06-13 13:05:03.741  4221  4221 I HardKeyTracker: HardKeyTracker.unregisterKeySequence():259 Unregister key sequence phm{labelResId=2132020537, callback=ffb@bb393dc, lastModifier=0, keyCodes=[319], actions=[0]}
06-13 13:05:03.741  4221  4221 I HardKeyTracker: HardKeyTracker.registerKeySequence():201 Register key sequence phm{labelResId=2132020537, callback=ffb@19b186, lastModifier=2, keyCodes=[32], actions=[0]}
06-13 13:05:03.741  4221  4221 I HardKeyTracker: HardKeyTracker.registerKeySequence():201 Register key sequence phm{labelResId=2132020537, callback=ffb@2ab9a47, lastModifier=0, keyCodes=[319], actions=[0]}
06-13 13:05:03.741  4221 20850 I MultilangConditionManagerImpl: MultilangConditionManagerImpl.isAutomaticSwitchingEnabled():77 Automatic switching disabled because Gboard setting is not shown [SD]
06-13 13:05:03.741  4221 20850 I MultilangConditionManagerImpl: MultilangConditionManagerImpl.isAutomaticSwitchingEnabled():92 Automatic switching disabled because there aren't enough supported keyboard languages [SD]
06-13 13:05:03.741  4221  4221 W InputContextProxy: InputContextProxy.applyClientDiffInternal():933 Ignore [FetchSuggestions] diff due to stale request: 50<56, inputStateId=29, lastInputStateId=32
06-13 13:05:03.741  4221 20847 I AsrProviderChoice: AsrProviderChoice.setChosenProvider():83 Setting chosen ASR provider to: 6 [SD]
06-13 13:05:03.741  4221 20847 I EligibilityChecker: EligibilityChecker.triggerProactiveLanguagePackUpdate():475 Never attempted LP download before, triggering download for potential updates [SD]
06-13 13:05:03.741  4221 20847 I EligibilityChecker: EligibilityChecker.getDictationConfigEligibilityForLocale():310 Dictation is enabled. workprofile=false [SD]
06-13 13:05:03.742  4221 20443 I LanguageDownloadQueue: LanguageDownloadQueue.performLanguageDownload():81 Starting language download job for en-US [SD]
06-13 13:05:03.743  4221 20443 I LanguageDownloadQueue: LanguageDownloadQueue.performLanguageDownload():101 Skip download for en-US due to another recent attempt [SD]
06-13 13:05:03.743 20521 20521 I ImeTracker: com.takeya.animeongaku:bd14c51a: onShown
06-13 13:05:03.743  4221 20848 I MultilangConditionManagerImpl: MultilangConditionManagerImpl.isAutomaticSwitchingEnabled():77 Automatic switching disabled because Gboard setting is not shown [SD]
06-13 13:05:03.743  4221 20848 I MultilangConditionManagerImpl: MultilangConditionManagerImpl.isAutomaticSwitchingEnabled():92 Automatic switching disabled because there aren't enough supported keyboard languages [SD]
06-13 13:05:03.744  4221 20850 I EligibilityChecker: EligibilityChecker.getDictationConfigEligibilityForLocale():310 Dictation is enabled. workprofile=false [SD]
06-13 13:05:03.745  4221 20850 I MultilangConditionManagerImpl: MultilangConditionManagerImpl.isAutomaticSwitchingEnabled():77 Automatic switching disabled because Gboard setting is not shown [SD]
06-13 13:05:03.745  4221 20850 I MultilangConditionManagerImpl: MultilangConditionManagerImpl.isAutomaticSwitchingEnabled():92 Automatic switching disabled because there aren't enough supported keyboard languages [SD]
06-13 13:05:03.746  4221 20850 I KeyboardEligibilityNotifier: KeyboardEligibilityNotifier.notifyEligibility():76 Keyboard notified that eligibility=ELIGIBLE [SD]
06-13 13:05:03.746  4221 20849 I KeyboardUiManagerImpl: KeyboardUiManagerImpl.onKeyboardShownAgain():170 #onKeyboardShownAgain scheduled [SD]
06-13 13:05:03.746  4221 20854 I KeyboardUiManagerImpl: KeyboardUiManagerImpl.onKeyboardShownAgain():173 #onKeyboardShownAgain [SD]
