--------- beginning of main
06-13 13:10:26.477  2528  2528 I PlayerSettingsManager: activePlayerChanged - current active app uid=10499 isNotFrozen=false
06-13 13:10:26.477  2528  2528 I PlayerSettingsManager: activePlayerChanged to com.nolanblew.animequiz.mobile
06-13 13:10:26.478  2528  2528 I PlayerSettingsManager: updateRemoteDevice: repeat (STATE_REPEAT_OFF -> STATE_REPEAT_OFF), shuffle (STATE_SHUFFLE_OFF -> STATE_SHUFFLE_OFF)
06-13 13:10:26.482   904 20471 I Fitness : (REDACTED) Package %s removed.  Unregistering all recording listeners
06-13 13:10:26.488  1609  1674 I ImeTracker: system_server:91b1f497: onCancelled at PHASE_SERVER_SHOULD_HIDE
--------- beginning of system
06-13 13:10:26.488  1609  1674 W ActivityManager: setHasOverlayUi called on unknown pid: 21594
06-13 13:10:26.490 30112 30112 D b/417220811: invalidateLoadedTasks - previous requestLoadId: -1
06-13 13:10:26.496  1609  1687 W AppSearchManagerService: Received persistToDisk call. Use AppSearchManagerService persistence schedule.
06-13 13:10:26.517 30112 30120 W System  : A resource failed to call release. 
06-13 13:10:26.517 30112 30120 W System  : A resource failed to call release. 
06-13 13:10:26.517 30112 30120 W System  : A resource failed to call release. 
06-13 13:10:26.529  1609  5217 D ActivityManager: sync unfroze 30928 com.google.android.gms for 6
06-13 13:10:26.534  2704  2704 D CarrierSvcBindHelper: onHandleForceStop: [com.takeya.animeongaku]
06-13 13:10:26.534  2704  2898 D EuiccConnector: handleMessage: E msg.what=1
06-13 13:10:26.534  2704  2898 D EuiccConnector: processMsg: AvailableState
06-13 13:10:26.534  2704  2898 D EuiccConnector: processMsg: UnavailableState
06-13 13:10:26.535  2704  2898 D EuiccConnector: transitionTo: destState=AvailableState
06-13 13:10:26.536  2704  2898 D EuiccConnector: handleMessage: new destination call exit/enter
06-13 13:10:26.536  2704  2898 D EuiccConnector: setupTempStateStackWithStatesToEnter: X mTempStateStackCount=1,curStateInfo: state=UnavailableState,active=true,parent=null
06-13 13:10:26.536  2704  2898 D EuiccConnector: invokeExitMethods: AvailableState
06-13 13:10:26.536  2704  2898 D EuiccConnector: moveTempStackToStateStack: i=0,j=1
06-13 13:10:26.536  2704  2898 D EuiccConnector: moveTempStackToStateStack: X mStateStackTop=1,startingIndex=1,Top=AvailableState
06-13 13:10:26.536  2704  2898 D EuiccConnector: invokeEnterMethods: AvailableState
06-13 13:10:26.536  2704  2898 D EuiccConnector: handleMessage: X
06-13 13:10:26.537  2704  2704 D CarrierSvcBindHelper: No carrier app for: 1
06-13 13:10:26.537  2704  2898 D EuiccConnector: handleMessage: E msg.what=103
06-13 13:10:26.537  2704  2898 D EuiccConnector: processMsg: AvailableState
06-13 13:10:26.537  2704  2898 D EuiccConnector: deferMessage: msg=103
06-13 13:10:26.537  2704  2898 D EuiccConnector: transitionTo: destState=BindingState
06-13 13:10:26.537  2704  2898 D EuiccConnector: handleMessage: new destination call exit/enter
06-13 13:10:26.537  2704  2898 D EuiccConnector: setupTempStateStackWithStatesToEnter: X mTempStateStackCount=1,curStateInfo: null
06-13 13:10:26.537  2704  2898 D EuiccConnector: invokeExitMethods: AvailableState
06-13 13:10:26.537  2704  2898 D EuiccConnector: invokeExitMethods: UnavailableState
06-13 13:10:26.537  2704  2898 D EuiccConnector: moveTempStackToStateStack: i=0,j=0
06-13 13:10:26.537  2704  2898 D EuiccConnector: moveTempStackToStateStack: X mStateStackTop=0,startingIndex=0,Top=BindingState
06-13 13:10:26.537  2704  2898 D EuiccConnector: invokeEnterMethods: BindingState
06-13 13:10:26.557  1609  1688 D ActivityManager: sync unfroze 2368 com.google.android.permissioncontroller for 3
06-13 13:10:26.562  4373  4373 I MediaServiceV2: Creating work for intent Intent { act=android.intent.action.PACKAGE_DATA_CLEARED dat=package: flg=0x5000010 cmp=com.google.android.providers.media.module/com.android.providers.media.MediaServiceV2 (has extras) }
06-13 13:10:26.562  1609  1688 D ActivityManager: sync unfroze 6146 com.microsoft.emmx for 3
06-13 13:10:26.563  4373  4373 I MediaServiceV2: Work enqueued for intent: Intent { act=android.intent.action.PACKAGE_DATA_CLEARED dat=package: flg=0x5000010 cmp=com.google.android.providers.media.module/com.android.providers.media.MediaServiceV2 (has extras) }
06-13 13:10:26.568 21114 21159 W libbinder.IPCThreadState: Transaction failed because process frozen.
06-13 13:10:26.568 21114 21159 E libbinder.IPCThreadState: Binder transaction failure. id: 20490164, cmd: BR_FROZEN_REPLY (29202), error: 0 (Success)
06-13 13:10:26.568 21114 21159 E JavaBinder: !!! FAILED BINDER TRANSACTION !!!  (parcel size = 336)
06-13 13:10:26.568 21114 21159 I ActivityThread: Removing dead content provider:android.content.ContentProviderProxy@c343e4
06-13 13:10:26.571  1609  2249 D BackgroundInstallControlService: Package event received: 0
06-13 13:10:26.582  1363  1363 I adbd    : adbd service requested 'shell,v2,raw:monkey -p com.takeya.animeongaku 1'
06-13 13:10:26.592  1609  3198 W UriGrantsManagerService: No permission grants found for com.google.android.apps.photos
06-13 13:10:26.592  1609  3198 W UriGrantsManagerService: No permission grants found for com.google.android.apps.photos
06-13 13:10:26.599  1609  1632 D ActivityManager: sync unfroze 3152 com.google.android.euicc for 6
06-13 13:10:26.599  1609  2249 D BackgroundInstallControlService: Package event received: 0
06-13 13:10:26.600  2704  2898 D EuiccConnector: transitionTo: destState=DisconnectedState
06-13 13:10:26.600  2704  2898 D EuiccConnector: moveDeferredMessageAtFrontOfQueue; what=103
06-13 13:10:26.600  2704  2898 D EuiccConnector: handleMessage: new destination call exit/enter
06-13 13:10:26.600  2704  2898 D EuiccConnector: setupTempStateStackWithStatesToEnter: X mTempStateStackCount=1,curStateInfo: null
06-13 13:10:26.600  2704  2898 D EuiccConnector: invokeExitMethods: BindingState
06-13 13:10:26.600  2704  2898 D EuiccConnector: moveTempStackToStateStack: i=0,j=0
06-13 13:10:26.600  2704  2898 D EuiccConnector: moveTempStackToStateStack: X mStateStackTop=0,startingIndex=0,Top=DisconnectedState
06-13 13:10:26.600  2704  2898 D EuiccConnector: invokeEnterMethods: DisconnectedState
06-13 13:10:26.600  2704  2898 D EuiccConnector: handleMessage: X
06-13 13:10:26.600  2704  2898 D EuiccConnector: handleMessage: E msg.what=103
06-13 13:10:26.600  2704  2898 D EuiccConnector: processMsg: DisconnectedState
06-13 13:10:26.600  2704  2898 D EuiccConnector: deferMessage: msg=103
06-13 13:10:26.600  2704  2898 D EuiccConnector: handleMessage: X
06-13 13:10:26.606  1609  5313 W libbinder.IPCThreadState: Transaction failed because process frozen.
06-13 13:10:26.606  1609  5313 E libbinder.IPCThreadState: Binder transaction failure. id: 20490378, cmd: BR_FROZEN_REPLY (29202), error: 0 (Success)
06-13 13:10:26.606  1609  5313 I ActivityManager: Process com.sec.android.easyMover (pid 21475) early provider death
06-13 13:10:26.607  1609  5313 I ActivityManager: Process com.sec.android.easyMover (pid 21475) has died: cch CEM 
06-13 13:10:26.608  4373  4487 W JobInfo : Requested important-while-foreground flag for job6247 is ignored and takes no effect
06-13 13:10:26.608  4373  4487 D WM-SystemJobScheduler: Scheduling work ID f2596873-c33b-46ca-8278-f6443a48e9fcJob ID 6247
06-13 13:10:26.609 21114 21159 W ProvidersCache: Failed to load some roots from com.sec.android.easyMover.bnrDocuments
06-13 13:10:26.609 21114 21159 W ProvidersCache: android.os.DeadObjectException: Transaction failed on small parcel; remote process probably died, but this could also be caused by running out of binder buffer space
06-13 13:10:26.609 21114 21159 W ProvidersCache: 	at android.os.BinderProxy.transactNative(Native Method)
06-13 13:10:26.609 21114 21159 W ProvidersCache: 	at android.os.BinderProxy.transact(BinderProxy.java:602)
06-13 13:10:26.609 21114 21159 W ProvidersCache: 	at android.content.ContentProviderProxy.query(ContentProviderNative.java:495)
06-13 13:10:26.609 21114 21159 W ProvidersCache: 	at android.content.ContentProviderClient.query(ContentProviderClient.java:315)
06-13 13:10:26.609 21114 21159 W ProvidersCache: 	at android.content.ContentProviderClient.query(ContentProviderClient.java:293)
06-13 13:10:26.609 21114 21159 W ProvidersCache: 	at android.content.ContentProviderClient.query(ContentProviderClient.java:283)
06-13 13:10:26.609 21114 21159 W ProvidersCache: 	at com.android.documentsui.roots.ProvidersCache.loadRootsForAuthority(ProvidersCache.java:533)
06-13 13:10:26.609 21114 21159 W ProvidersCache: 	at com.android.documentsui.roots.ProvidersCache.-$$Nest$mloadRootsForAuthority(ProvidersCache.java:0)
06-13 13:10:26.609 21114 21159 W ProvidersCache: 	at com.android.documentsui.roots.ProvidersCache$MultiProviderUpdateTask.handleDocumentsProvider(ProvidersCache.java:887)
06-13 13:10:26.609 21114 21159 W ProvidersCache: 	at com.android.documentsui.roots.ProvidersCache$MultiProviderUpdateTask.startSingleProviderUpdateTask(ProvidersCache.java:863)
06-13 13:10:26.609 21114 21159 W ProvidersCache: 	at com.android.documentsui.roots.ProvidersCache$MultiProviderUpdateTask.lambda$doInBackground$0(ProvidersCache.java:809)
06-13 13:10:26.609 21114 21159 W ProvidersCache: 	at com.android.documentsui.roots.ProvidersCache$MultiProviderUpdateTask.$r8$lambda$mnJpmgdZARm40VapREkQeOExLF8(ProvidersCache.java:0)
06-13 13:10:26.609 21114 21159 W ProvidersCache: 	at com.android.documentsui.roots.ProvidersCache$MultiProviderUpdateTask$$ExternalSyntheticLambda0.run(R8$$SyntheticClass:0)
06-13 13:10:26.609 21114 21159 W ProvidersCache: 	at java.util.concurrent.Executors$RunnableAdapter.call(Executors.java:520)
06-13 13:10:26.609 21114 21159 W ProvidersCache: 	at java.util.concurrent.FutureTask.run(FutureTask.java:328)
06-13 13:10:26.609 21114 21159 W ProvidersCache: 	at java.util.concurrent.ThreadPoolExecutor.runWorker(ThreadPoolExecutor.java:1100)
06-13 13:10:26.609 21114 21159 W ProvidersCache: 	at java.util.concurrent.ThreadPoolExecutor$Worker.run(ThreadPoolExecutor.java:624)
06-13 13:10:26.609 21114 21159 W ProvidersCache: 	at java.lang.Thread.run(Thread.java:1572)
06-13 13:10:26.613 30928 22007 I Blockstore: [PackageIntentOperation] Checking IS_RESTORE extra. [CONTEXT service_id=258 ]
06-13 13:10:26.614 30928 22005 I AppBackupStateCleanupIO: Backup state cleanup on uninstall is disabled. [CONTEXT service_id=229 ]
06-13 13:10:26.618 30928 22007 I NearbyDiscovery: (REDACTED) processGrantSlicePermission: %s
06-13 13:10:26.620  1609  5220 W JobScheduler: Job didn't exist in JobStore: e1d614c #u0a194/1034 com.google.android.apps.photos/com.google.android.libraries.social.mediamonitor.MediaMonitorJobSchedulerService
06-13 13:10:26.621 16618  7323 I euth    : (REDACTED) HDM. appOpsListener %s %s
06-13 13:10:26.621 16618  7323 I euth    : (REDACTED) HDM. Ignoring irrelevant audio permission changes for package %s
06-13 13:10:26.623 30112 30112 D ShortcutAndWidgetContainer: appWidgetScale - [x,y]: [1.0,1.0]
06-13 13:10:26.623 30112 30112 D NavigableAppWidgetHostView: updateScale - [fitScale,bounceScale]: [1.0,1.0]
06-13 13:10:26.636 16618  7323 I euth    : (REDACTED) HDM. appOpsListener %s %s
06-13 13:10:26.637 16618  7323 I euth    : (REDACTED) HDM. Ignoring irrelevant audio permission changes for package %s
06-13 13:10:26.640  3152  3152 I EuiccGoogle: [2] NetworkFetcher.getFirstActiveEuiccSlotId: isRemovableEsimDefault: false
06-13 13:10:26.642  3152  3152 I EuiccGoogle: [2] EuiccServiceImpl.onCreate: onCreate DSDS mode: simCardState is 11
06-13 13:10:26.642  3152  3152 I EuiccGoogle: [2] Partner.getResourceEntry$ar$ds$ar$class_merging$ar$class_merging$ar$class_merging: Partner app=com.google.android.euiccoverlay, Resource name=esim_supported_countries, type=string, partnerResId = 0
06-13 13:10:26.642  3152  3152 I EuiccGoogle: [2] Partner.getResourceEntry$ar$ds$ar$class_merging$ar$class_merging$ar$class_merging: Partner app=com.google.android.euiccoverlay, Resource name=esim_unsupported_countries, type=string, partnerResId = 2131689526
06-13 13:10:26.643  3152  3152 I EuiccGoogle: [2] ViewCompat$Api28Impl.getOverrideCarrierInfoListForConversion: enableNewConversionApi: true, enableConversionXosCarrierIdFromTransferConfig: false
06-13 13:10:26.643  3152  3152 I EuiccGoogle: [2] ViewCompat$Api28Impl.getCarrierInfos: All carrier info overrides: []
06-13 13:10:26.644  3152  3152 I EuiccGoogle: [2] PhenotypeUpdatedReceiver.setPsimConversionSupportedCarriers: setPsimConversionSupportedCarriers:[1, 3]
06-13 13:10:26.646  4373  4487 D WM-GreedyScheduler: Ignoring {WorkSpec: 54cb602d-0ba3-4116-914f-76d0f0f4f2ae}. Requires device idle.
06-13 13:10:26.646  4373  4487 D WM-GreedyScheduler: Ignoring {WorkSpec: cdcb7811-0e89-46e6-a1d4-5be7e44884da}. Requires device idle.
06-13 13:10:26.646  4373  4487 D WM-GreedyScheduler: Starting work for f2596873-c33b-46ca-8278-f6443a48e9fc
06-13 13:10:26.649  1609  1939 W ActivityManager: pid 21114 com.google.android.documentsui sent binder code 1 with flags 2 and got error -2147483646
06-13 13:10:26.649  1609  1939 D ActivityManager: Too many transaction errors, throttling transaction error callback.
06-13 13:10:26.654  4373  4487 D WM-Processor: Processor: processing WorkGenerationalId(workSpecId=f2596873-c33b-46ca-8278-f6443a48e9fc, generation=0)
06-13 13:10:26.658  1609  1688 D ActivityManager: sync unfroze 5430 com.samsung.android.heartplugin for 3
06-13 13:10:26.663  2704  2898 D EuiccConnector: handleMessage: E msg.what=4
06-13 13:10:26.663  2704  2898 D EuiccConnector: processMsg: DisconnectedState
06-13 13:10:26.663  2704  2898 D EuiccConnector: transitionTo: destState=ConnectedState
06-13 13:10:26.663  2704  2898 D EuiccConnector: handleMessage: new destination call exit/enter
06-13 13:10:26.663  2704  2898 D EuiccConnector: setupTempStateStackWithStatesToEnter: X mTempStateStackCount=1,curStateInfo: state=DisconnectedState,active=true,parent=null
06-13 13:10:26.663  2704  2898 D EuiccConnector: moveTempStackToStateStack: i=0,j=1
06-13 13:10:26.663  2704  2898 D EuiccConnector: moveTempStackToStateStack: X mStateStackTop=1,startingIndex=1,Top=ConnectedState
06-13 13:10:26.663  2704  2898 D EuiccConnector: invokeEnterMethods: ConnectedState
06-13 13:10:26.663  2704  2898 D EuiccConnector: moveDeferredMessageAtFrontOfQueue; what=103
06-13 13:10:26.663  2704  2898 D EuiccConnector: handleMessage: X
06-13 13:10:26.663  2704  2898 D EuiccConnector: handleMessage: E msg.what=103
06-13 13:10:26.663  2704  2898 D EuiccConnector: processMsg: ConnectedState
06-13 13:10:26.664  2704  2898 D EuiccConnector: handleMessage: X
06-13 13:10:26.665  3152 22017 I EuiccGoogle: [263] EuiccServiceImpl.onGetEuiccProfileInfoList: onGetEuiccProfileInfoList: slotId = 0
06-13 13:10:26.668  4373  4373 D WM-SystemJobService: onStartJob for WorkGenerationalId(workSpecId=f2596873-c33b-46ca-8278-f6443a48e9fc, generation=0)
06-13 13:10:26.668  3152 22017 I EuiccGoogle: [263] EuiccServiceImpl.onGetEuiccProfileInfoList: slotId = 0, isRemovable = false
06-13 13:10:26.669  3152 22017 I EuiccGoogle: [263] EuiccServiceImpl.onGetEuiccProfileInfoList: onGetEuiccProfileInfoList: isRemovable = false.
06-13 13:10:26.669  3152 22017 I EuiccGoogle: [263] EuiccServiceImpl.onGetEuiccProfileInfoList: getSimCardState for slotId: 0
06-13 13:10:26.669  5430  5430 I smedia  : SMediaSessionHelper.OnActiveSessionsChanged(2)
06-13 13:10:26.671  3152 22017 I EuiccGoogle: [263] EuiccServiceImpl.onGetEuiccProfileInfoList: GetEuiccProfileInfoListResult: simCardState :11and simCardStateAtTelephony:11 for slot:0
06-13 13:10:26.671  1609  1688 D ActivityManager: sync unfroze 12517 com.samsung.android.samsungpay.gear for 3
06-13 13:10:26.672  3152 22017 I EuiccGoogle: [263] EuiccServiceImpl.getProfileInfoList: getProfileInfoList: slotId = 0, includeTestProfiles = false
06-13 13:10:26.672  3152 22017 I EuiccGoogle: [263] EuiccServiceImpl.getProfileInfoList: getProfileInfoList: slotId = 0, includeTestProfiles = false.
06-13 13:10:26.672  3152 22017 I EuiccGoogle: [263] EuiccServiceImpl.getEidFromSlotId: getEidFromSlotId: slotId = 0.
06-13 13:10:26.672  3152 22017 I EuiccGoogle: [263] NetworkFetcher.getEidForSlot: getEidForSlot: 0
06-13 13:10:26.673  3152 22017 I EuiccGoogle: [263] BlockingEuiccCardManager.requestAllProfiles: requestAllProfiles: cardId = [YvBmQQkkTOgr2bscoLcGVQOzs9s]
06-13 13:10:26.675 12517 12517 D [WP]SpayBroadcastReceiver: called OnReceive(), action = android.intent.action.PACKAGE_DATA_CLEARED
06-13 13:10:26.676 12517 12517 I [WP]SpayBroadcastReceiver: GearPayUser!!
06-13 13:10:26.676 22000 22000 D AndroidRuntime: >>>>>> START com.android.internal.os.RuntimeInit uid 2000 <<<<<<
06-13 13:10:26.676  5430  5430 I smedia  : SMediaSessionUtils.findPlayingItem(): [0] P -> [com.spotify.music][2][84534612]
06-13 13:10:26.678  5430  5430 I smedia  : SMediaSessionUtils.findPlayingItem(): [1] P -> [com.nolanblew.animequiz.mobile][2][12895669]
06-13 13:10:26.678  5430  5430 I smedia  : SMediaSessionUtils.findNonPlayingItem(): [0][com.spotify.music] META is NULL
06-13 13:10:26.679  5430  5430 I smedia  : SMediaSessionUtils.findActivePosition(): [1]
06-13 13:10:26.680  1609  5164 W MediaSessionRecord: Ignoring call to destroyed session
06-13 13:10:26.681  5430  5430 I smedia  : SMediaSessionHelper.releaseActiveController(true): 'com.nolanblew.animequiz.mobile'
06-13 13:10:26.681  4373  4515 D WM-Processor: Work WorkGenerationalId(workSpecId=f2596873-c33b-46ca-8278-f6443a48e9fc, generation=0) is already enqueued for processing
06-13 13:10:26.682  5430  5430 I smedia  : SMediaSessionHelper.setActiveController(true): 'com.nolanblew.animequiz.mobile' -> 'com.nolanblew.animequiz.mobile' [1]
06-13 13:10:26.682  5430  5430 I smedia  : SMediaController.onActiveControllerSet(com.nolanblew.animequiz.mobile, true)
06-13 13:10:26.682  5430  5430 I smedia  : SMediaNodeHelper.aliveConnection(): No connected node.
06-13 13:10:26.682  5430  5430 I smedia  : SMediaNodeHelper.aliveConnection(): No connected node.
06-13 13:10:26.682  5430  5430 I smedia  : SMediaNodeHelper.aliveConnection(): No connected node.
06-13 13:10:26.682  5430  5430 I smedia  : SMediaNodeHelper.aliveConnection(): No connected node.
06-13 13:10:26.682  5430  5430 I smedia  : SMediaSessionHelper.findActive(): [false]
06-13 13:10:26.683  5430  5430 I smedia  : SMediaAppManager.buildAppsData()
06-13 13:10:26.687  5430  5430 I WRCompanionServiceInterface: requestOnTrimMemory + level=40
06-13 13:10:26.687  5430  5430 I [WF]_WatchFaceCompanion: onTrimMemory 40
06-13 13:10:26.687  5430  5430 I [QuickPanel]:QuickPanelCompanion.onTrimMemory: level:40
06-13 13:10:26.687  5430  5430 I [_TILES_]_TilesCompanion: TilesCompanion.-onTrimMemory()
06-13 13:10:26.687  5430  5430 I [SelloutDir-WearOSPlugin]:DirCompanion.onTrimMemory(): level-40
06-13 13:10:26.688  5430  5430 I [BixbyRequest]:BixbyBatteryStatusCompanion.onTrimMemory(): Level: 40
06-13 13:10:26.688  5430  5430 I [SelfDiagnostics_Watch]: [SelfDiagnosticsCompanion].onTrimMemory-method called
06-13 13:10:26.688  5430  5430 I [BatteryProvider]:BatteryProviderCompanion.onTrimMemory(): level: 40
06-13 13:10:26.688  5430  5430 I [SEARCH]_SearchableCompanion: onTrimMemory() level: 40
06-13 13:10:26.688  5430  5430 I WRCompanionServiceInterface: requestOnTrimMemory + level=40
06-13 13:10:26.688  5430  5430 I [WF]_WatchFaceCompanion: onTrimMemory 40
06-13 13:10:26.688  5430  5430 I [QuickPanel]:QuickPanelCompanion.onTrimMemory: level:40
06-13 13:10:26.688  1050  2884 I bthal.activity: bt_power: LeAdvStat: 13:10:25:687 - 13:10:26:688, duration: 1001, le_adv_count: 1, total_le_adv_count: 8029, total_event_count: 1
06-13 13:10:26.688  5430  5430 I [_TILES_]_TilesCompanion: TilesCompanion.-onTrimMemory()
06-13 13:10:26.688  5430  5430 I [SelloutDir-WearOSPlugin]:DirCompanion.onTrimMemory(): level-40
06-13 13:10:26.688  5430  5430 I [BixbyRequest]:BixbyBatteryStatusCompanion.onTrimMemory(): Level: 40
06-13 13:10:26.688  5430  5430 I [SelfDiagnostics_Watch]: [SelfDiagnosticsCompanion].onTrimMemory-method called
06-13 13:10:26.688  5430  5430 I [BatteryProvider]:BatteryProviderCompanion.onTrimMemory(): level: 40
06-13 13:10:26.688  5430  5430 I [SEARCH]_SearchableCompanion: onTrimMemory() level: 40
06-13 13:10:26.688  5430  5430 I Connection4Heart: PackageReceiver.onReceive- : android.intent.action.PACKAGE_DATA_CLEARED
06-13 13:10:26.689  5430  5430 I ClockPackageDataClearedReceiver: onReceive action = android.intent.action.PACKAGE_DATA_CLEARED
06-13 13:10:26.689  5430  5430 I ClockPackageDataClearedReceiver: ACTION_PACKAGE_DATA_CLEARED uid=10519
06-13 13:10:26.689  5430  5430 I ClockPackageDataClearedReceiver: getPackagesForUid com.takeya.animeongaku
06-13 13:10:26.690 22000 22000 I AndroidRuntime: Using default boot image
06-13 13:10:26.690 22000 22000 I AndroidRuntime: Leaving lock profiling enabled
06-13 13:10:26.691  4373  4373 D WM-WorkerWrapper: Starting work for com.android.providers.media.MediaServiceV2
06-13 13:10:26.693 22000 22000 I app_process: Using generational CollectorTypeCMC GC.
06-13 13:10:26.693  4373 22025 I MediaServiceV2: Work initiated for action [ android.intent.action.PACKAGE_DATA_CLEARED ]
06-13 13:10:26.694  5430 22024 I Connection4Heart: PackageEventHandler.onPackageEvent-action: 4
06-13 13:10:26.698  4373 22025 D MediaProvider: Deleted 0 Android/media items belonging to com.takeya.animeongaku on /data/user/0/com.google.android.providers.media.module/databases/external.db
06-13 13:10:26.699  5430  5430 I WRCompanionServiceInterface: requestOnTrimMemory + level=40
06-13 13:10:26.700  5430  5430 I [WF]_WatchFaceCompanion: onTrimMemory 40
06-13 13:10:26.700  5430  5430 I [QuickPanel]:QuickPanelCompanion.onTrimMemory: level:40
06-13 13:10:26.700  5430  5430 I [_TILES_]_TilesCompanion: TilesCompanion.-onTrimMemory()
06-13 13:10:26.701   904 22021 I Fitness : (REDACTED) FitCleanupIntentOperation received Intent %s
06-13 13:10:26.701   904 22021 I Fitness : (REDACTED) Clearing all cached OAuth tokens for: %s
06-13 13:10:26.702   904 22021 I Fitness : (REDACTED) Removing all subscriptions for: %s
06-13 13:10:26.702  5430  5430 I [SelloutDir-WearOSPlugin]:DirCompanion.onTrimMemory(): level-40
06-13 13:10:26.703  5430  5430 I [BixbyRequest]:BixbyBatteryStatusCompanion.onTrimMemory(): Level: 40
06-13 13:10:26.703  5430  5430 I [SelfDiagnostics_Watch]: [SelfDiagnosticsCompanion].onTrimMemory-method called
06-13 13:10:26.705  5430  5430 I [BatteryProvider]:BatteryProviderCompanion.onTrimMemory(): level: 40
06-13 13:10:26.705  5430  5430 I [SEARCH]_SearchableCompanion: onTrimMemory() level: 40
06-13 13:10:26.706  4373 22025 I FuseDaemon: Successfully deleted rows in leveldb for owner_id:  and ownerPackageIdentifier: com.takeya.animeongaku::0
06-13 13:10:26.708  4373 22025 D MediaGrants: Removed 0 media_grants for 0 user for [com.takeya.animeongaku, com.takeya.animeongaku]. Reason: Package orphaned
06-13 13:10:26.708  1609  2249 D BackgroundInstallControlService: Package event received: 0
06-13 13:10:26.709  4373 22025 I MediaServiceV2: Work ended for action [ android.intent.action.PACKAGE_DATA_CLEARED ]
06-13 13:10:26.714 30928 12120 I Icing   : doRemovePackageData com.takeya.animeongaku
06-13 13:10:26.715  4373  4512 I WM-WorkerWrapper: Worker result SUCCESS for Work [ id=f2596873-c33b-46ca-8278-f6443a48e9fc, tags={ com.android.providers.media.MediaServiceV2 } ]
06-13 13:10:26.718  4373  4373 D WM-Processor: Processor f2596873-c33b-46ca-8278-f6443a48e9fc executed; reschedule = false
06-13 13:10:26.718  4373  4373 D WM-SystemJobService: f2596873-c33b-46ca-8278-f6443a48e9fc executed on JobScheduler
06-13 13:10:26.720  4373  4512 D WM-GreedyScheduler: Cancelling work ID f2596873-c33b-46ca-8278-f6443a48e9fc
06-13 13:10:26.723  4373  4512 D WM-GreedyScheduler: Ignoring {WorkSpec: 54cb602d-0ba3-4116-914f-76d0f0f4f2ae}. Requires device idle.
06-13 13:10:26.723  4373  4512 D WM-GreedyScheduler: Ignoring {WorkSpec: cdcb7811-0e89-46e6-a1d4-5be7e44884da}. Requires device idle.
06-13 13:10:26.729 30112 30112 D WorkspaceRevealAnim: onAnimationEnd: workspace alpha = 1.0
06-13 13:10:26.730  2362  3095 V WindowManagerShell: Received remote transition finished callback for (#133)
06-13 13:10:26.731  2362  2405 V WindowManagerShell: Transition animation finished (aborted=false), notifying core (#133) android.os.BinderProxy@ad1dc8e@0
06-13 13:10:26.737  1609  1671 V WindowManager: Finish Transition (#133): created at 06-13 13:10:26.337 collect-started=0.097ms request-sent=0.164ms started=5.254ms ready=38.055ms sent=40.445ms commit=11.423ms finished=399.82ms
06-13 13:10:26.738  1609  5210 E libbinder.IPCThreadState: Binder transaction failure. id: 20491638, cmd: BR_DEAD_REPLY (29189), error: -22 (Invalid argument)
06-13 13:10:26.738  1609  5210 W ActivityManager: pid 1609 system sent binder code 7 with flags 1 and got error -32
06-13 13:10:26.738  1609  5210 D ActivityManager: Too many transaction errors, throttling transaction error callback.
06-13 13:10:26.738  1609  5210 W WindowManager: Exception thrown during dispatchAppVisibility Window{72a8355 u0 com.takeya.animeongaku/com.takeya.animeongaku.MainActivity EXITING}
06-13 13:10:26.738  1609  5210 W WindowManager: android.os.DeadObjectException
06-13 13:10:26.738  1609  5210 W WindowManager: 	at android.os.BinderProxy.transactNative(Native Method)
06-13 13:10:26.738  1609  5210 W WindowManager: 	at android.os.BinderProxy.transact(BinderProxy.java:602)
06-13 13:10:26.738  1609  5210 W WindowManager: 	at android.view.IWindow$Stub$Proxy.dispatchAppVisibility(IWindow.java:580)
06-13 13:10:26.738  1609  5210 W WindowManager: 	at com.android.server.wm.WindowState.sendAppVisibilityToClients(WindowState.java:3292)
06-13 13:10:26.738  1609  5210 W WindowManager: 	at com.android.server.wm.WindowContainer.sendAppVisibilityToClients(WindowContainer.java:1241)
06-13 13:10:26.738  1609  5210 W WindowManager: 	at com.android.server.wm.WindowToken.setClientVisible(WindowToken.java:392)
06-13 13:10:26.738  1609  5210 W WindowManager: 	at com.android.server.wm.ActivityRecord.commitVisibility(ActivityRecord.java:5572)
06-13 13:10:26.738  1609  5210 W WindowManager: 	at com.android.server.wm.Transition.finishTransition(Transition.java:1544)
06-13 13:10:26.738  1609  5210 W WindowManager: 	at com.android.server.wm.TransitionController.finishTransition(TransitionController.java:1140)
06-13 13:10:26.738  1609  5210 W WindowManager: 	at com.android.server.wm.WindowOrganizerController.finishTransition(WindowOrganizerController.java:529)
06-13 13:10:26.738  1609  5210 W WindowManager: 	at android.window.IWindowOrganizerController$Stub.onTransact(IWindowOrganizerController.java:270)
06-13 13:10:26.738  1609  5210 W WindowManager: 	at com.android.server.wm.WindowOrganizerController.onTransact(WindowOrganizerController.java:239)
06-13 13:10:26.738  1609  5210 W WindowManager: 	at android.os.Binder.execTransactInternal(Binder.java:1471)
06-13 13:10:26.738  1609  5210 W WindowManager: 	at android.os.Binder.execTransact(Binder.java:1411)
06-13 13:10:26.738  1609  5210 W Process : Unable to open /proc/21594/status
06-13 13:10:26.745  1609  2642 V ActivityManager: Got obituary of 21475:com.sec.android.easyMover
06-13 13:10:26.745  2362  2405 V WindowManagerShell: Track 0 became idle
06-13 13:10:26.745  2362  2405 V WindowManagerShell: All active transition animations finished
06-13 13:10:26.746  1609  1690 I libprocessgroup: Removed cgroup /sys/fs/cgroup/apps/uid_10504/pid_21475
06-13 13:10:26.748  1033  1033 I Zygote  : Process 21475 exited due to signal 9 (Killed)
06-13 13:10:26.748 30112 30112 D RecentsView: onTaskRemoved: 259, not handling task stack changes
06-13 13:10:26.748 30112 30112 D RecentsView: onTaskRemoved: 259, not handling task stack changes
06-13 13:10:26.751  2362  2405 V ShellTaskOrganizer: Task vanished taskId=259
06-13 13:10:26.751  2362  2405 V ShellTaskOrganizer: Fullscreen Task Vanished: #259
06-13 13:10:26.751 30112 30112 D b/417220811: invalidateLoadedTasks - previous requestLoadId: -1
06-13 13:10:26.751  2362  2405 D ShellDesktopMode: AppToWebRepository: Task 259 is vanishing. Removing task data from repository
06-13 13:10:26.751  2362  2405 V AppCompat: SingleSurfaceLetterboxController: []
06-13 13:10:26.751  2362  2405 V AppCompat: MultiSurfaceLetterboxController: []
06-13 13:10:26.751  2362  2405 V AppCompat: LetterboxInputController: []
06-13 13:10:26.751  2362  2405 V AppCompat: RoundedCornersLetterboxController: {}
06-13 13:10:26.753 22000 22000 D nativeloader: InitDefaultPublicLibraries for_preload=1: libandroid.so:libaaudio.so:libamidi.so:libbinder_ndk.so:libc.so:libcamera2ndk.so:libdl.so:libEGL.so:libGLESv1_CM.so:libGLESv2.so:libGLESv3.so:libicu.so:libicui18n.so:libicuuc.so:libjnigraphics.so:liblog.so:libmediandk.so:libm.so:libnativehelper.so:libnativewindow.so:libOpenMAXAL.so:libOpenSLES.so:libRS.so:libstdc++.so:libsync.so:libvulkan.so:libwebviewchromium_plat_support.so:libz.so
06-13 13:10:26.763   554   554 E BpTransactionCompletedListener: Failed to transact (-32)
06-13 13:10:26.764 22000 22000 D nativeloader: Load libicu_jni.so using APEX ns com_android_art for caller /apex/com.android.art/javalib/core-oj.jar: ok
06-13 13:10:26.764 22000 22000 D app_process: u_setTimeZoneFilesDirectory("/apex/com.android.tzdata/etc/tz/versioned/9/icu") succeeded. 
06-13 13:10:26.764 22000 22000 D app_process: I18n APEX ICU file found: /apex/com.android.i18n/etc/icu/icudt76l.dat
06-13 13:10:26.765 22000 22000 D nativeloader: Load libjavacore.so using APEX ns com_android_art for caller /apex/com.android.art/javalib/core-oj.jar: ok
06-13 13:10:26.766 22000 22000 D nativeloader: Load libopenjdk.so using APEX ns com_android_art for caller /apex/com.android.art/javalib/core-oj.jar: ok
06-13 13:10:26.767 22000 22000 I app_process: Priority-to-niceness mapping: 19, 16, 13, 10, 0, -2, -4, -5, -6, -8
06-13 13:10:26.768  2704  2898 D EuiccConnector: handleMessage: E msg.what=6
06-13 13:10:26.768  2704  2898 D EuiccConnector: processMsg: ConnectedState
06-13 13:10:26.768  2704  2898 D EuiccConnector: handleMessage: X
06-13 13:10:26.785 22000 22000 D nativeloader: Load libframework-connectivity-tiramisu-jni.so using APEX ns com_android_tethering for caller /apex/com.android.tethering/javalib/framework-connectivity-t.jar: ok
06-13 13:10:26.786 22000 22000 D AndroidRuntime: Calling main entry com.android.commands.monkey.Monkey
06-13 13:10:26.786 22000 22000 D nativeloader: Load /system/lib64/libmonkey_jni.so using ns default for caller /system/framework/monkey.jar in same partition (is_bridged=0): ok
06-13 13:10:26.787 22000 22000 W Monkey  : args: [-p, com.takeya.animeongaku, 1]
06-13 13:10:26.789 22000 22000 I AconfigPackage: com.android.uwb.flags is mapped to com.android.uwb
06-13 13:10:26.789 22000 22000 I AconfigPackage: com.android.ranging.flags is mapped to com.android.uwb
06-13 13:10:26.789 22000 22000 I AconfigPackage: com.android.wifi.flags is mapped to com.android.wifi
06-13 13:10:26.789 22000 22000 I AconfigPackage: com.android.org.conscrypt.flags is mapped to com.android.conscrypt
06-13 13:10:26.789 22000 22000 I AconfigPackage: com.android.org.conscrypt.net.flags is mapped to com.android.conscrypt
06-13 13:10:26.789 22000 22000 I AconfigPackage: com.android.bluetooth.beta.flags is mapped to com.android.bt
06-13 13:10:26.789 22000 22000 I AconfigPackage: com.android.bluetooth.flags is mapped to com.android.bt
06-13 13:10:26.789 22000 22000 I AconfigPackage: android.graphics.pdf.flags is mapped to com.android.mediaprovider
06-13 13:10:26.789 22000 22000 I AconfigPackage: com.android.providers.media.flags is mapped to com.android.mediaprovider
06-13 13:10:26.789 22000 22000 I AconfigPackage: android.graphics.pdf.flags.readonly is mapped to com.android.mediaprovider
06-13 13:10:26.789 22000 22000 I AconfigPackage: com.android.os.statsd.flags is mapped to com.android.os.statsd
06-13 13:10:26.789 22000 22000 I AconfigPackage: com.android.ipsec.flags is mapped to com.android.ipsec
06-13 13:10:26.789 22000 22000 I AconfigPackage: com.android.media.extractor.flags is mapped to com.android.media
06-13 13:10:26.789 22000 22000 I AconfigPackage: com.android.media.metrics.flags is mapped to com.android.media
06-13 13:10:26.789 22000 22000 I AconfigPackage: com.android.media.mainline.flags is mapped to com.android.media
06-13 13:10:26.789 22000 22000 I AconfigPackage: com.android.uprobestats.flags is mapped to com.android.uprobestats
06-13 13:10:26.789 22000 22000 I AconfigPackage: android.uprobestats.mainline.flags is mapped to com.android.uprobestats
06-13 13:10:26.789 22000 22000 I AconfigPackage: com.android.tethering.mainline.beta is mapped to com.android.tethering
06-13 13:10:26.789 22000 22000 I AconfigPackage: android.net.http is mapped to com.android.tethering
06-13 13:10:26.789 22000 22000 I AconfigPackage: com.android.tethering.readonly.flags is mapped to com.android.tethering
06-13 13:10:26.789 22000 22000 I AconfigPackage: android.net.vcn is mapped to com.android.tethering
06-13 13:10:26.789 22000 22000 I AconfigPackage: com.android.net.flags is mapped to com.android.tethering
06-13 13:10:26.789 22000 22000 I AconfigPackage: com.android.tethering.flags is mapped to com.android.tethering
06-13 13:10:26.789 22000 22000 I AconfigPackage: com.android.tethering.beta.test is mapped to com.android.tethering
06-13 13:10:26.790 22000 22000 I AconfigPackage: com.android.nearby.flags is mapped to com.android.tethering
06-13 13:10:26.790 22000 22000 I AconfigPackage: com.android.net.thread.flags is mapped to com.android.tethering
06-13 13:10:26.790 22000 22000 I AconfigPackage: com.android.net.ct.flags is mapped to com.android.tethering
06-13 13:10:26.790 22000 22000 I AconfigPackage: com.android.art.flags is mapped to com.android.art
06-13 13:10:26.790 22000 22000 I AconfigPackage: com.android.art.rw.flags is mapped to com.android.art
06-13 13:10:26.790 22000 22000 I AconfigPackage: com.android.libcore is mapped to com.android.art
06-13 13:10:26.790 22000 22000 I AconfigPackage: android.os.profiling is mapped to com.android.profiling
06-13 13:10:26.790 22000 22000 I AconfigPackage: android.os.profiling.anomaly.flags is mapped to com.android.profiling
06-13 13:10:26.790 22000 22000 I AconfigPackage: com.android.crashrecovery.flags is mapped to com.android.crashrecovery
06-13 13:10:26.790 22000 22000 I AconfigPackage: android.provider.flags is mapped to com.android.configinfrastructure
06-13 13:10:26.790 22000 22000 I AconfigPackage: com.android.server.deviceconfig is mapped to com.android.configinfrastructure
06-13 13:10:26.790 22000 22000 I AconfigPackage: com.android.nfc.module.flags is mapped to com.android.nfcservices
06-13 13:10:26.790 22000 22000 I AconfigPackage: com.android.nfc.module.nonexported.flags is mapped to com.android.nfcservices
06-13 13:10:26.790 22000 22000 I AconfigPackage: com.android.appsearch.flags is mapped to com.android.appsearch
06-13 13:10:26.790 22000 22000 I AconfigPackage: com.android.adservices.flags is mapped to com.android.adservices
06-13 13:10:26.790 22000 22000 I AconfigPackage: com.android.sdksandbox.flags is mapped to com.android.adservices
06-13 13:10:26.790 22000 22000 I AconfigPackage: com.android.cellbroadcastreceiver.flags is mapped to com.android.cellbroadcast
06-13 13:10:26.790 22000 22000 I AconfigPackage: android.media.swcodec.flags is mapped to com.android.media.swcodec
06-13 13:10:26.790 22000 22000 I AconfigPackage: com.android.permission.flags is mapped to com.android.permission
06-13 13:10:26.790 22000 22000 I AconfigPackage: com.android.permissioncontroller.flags is mapped to com.android.permission
06-13 13:10:26.790 22000 22000 I AconfigPackage: com.android.adservices.ondevicepersonalization.flags is mapped to com.android.ondevicepersonalization
06-13 13:10:26.790 22000 22000 I AconfigPackage: com.android.healthfitness.flags is mapped to com.android.healthfitness
06-13 13:10:26.791 22000 22000 I AconfigPackage: com.android.icu is mapped to com.android.i18n
06-13 13:10:26.791 22000 22000 I AconfigPackage: com.android.system.virtualmachine.flags is mapped to com.android.virt
06-13 13:10:26.791 22000 22000 I AconfigPackage: com.android.devicelock.flags is mapped to com.android.devicelock
06-13 13:10:26.791 22000 22000 I AconfigPackage: com.android.rkpd.flags is mapped to com.android.rkpd
06-13 13:10:26.791 22000 22000 I AconfigPackage: com.android.adbd.flags is mapped to com.android.adbd
06-13 13:10:26.791 22000 22000 I AconfigPackage: android.telecom.flags is mapped to com.android.telephonycore
06-13 13:10:26.791 22000 22000 I AconfigPackage: com.android.internal.telecom.flags is mapped to com.android.telephonycore
06-13 13:10:26.791 22000 22000 I AconfigPackage: com.android.telephony.flags is mapped to com.android.telephonycore
06-13 13:10:26.791 22000 22000 I AconfigPackage: com.android.compos.flags is mapped to com.android.compos
06-13 13:10:26.791 22000 22000 E FeatureFlagsImplExport: android.os.flagging.AconfigStorageReadException: ERROR_PACKAGE_NOT_FOUND: package android.xr cannot be found on the device
06-13 13:10:26.787 22000 22000 W commands.monkey: type=1400 audit(0.0:5548): avc:  denied  { read } for  name="u:object_r:qemu_sf_lcd_density_prop:s0" dev="tmpfs" ino=345 scontext=u:r:shell:s0 tcontext=u:object_r:qemu_sf_lcd_density_prop:s0 tclass=file permissive=0
06-13 13:10:26.787 22000 22000 W commands.monkey: type=1400 audit(0.0:5549): avc:  denied  { read } for  name="u:object_r:qemu_sf_lcd_density_prop:s0" dev="tmpfs" ino=345 scontext=u:r:shell:s0 tcontext=u:object_r:qemu_sf_lcd_density_prop:s0 tclass=file permissive=0
06-13 13:10:26.792 22000 22000 W libc    : Access denied finding property "qemu.sf.lcd_density"
06-13 13:10:26.792 22000 22000 W libc    : Access denied finding property "qemu.sf.lcd_density"
06-13 13:10:26.796  1609  2123 D EventHub: No input device configuration file found for device 'Monkey touch'.
06-13 13:10:26.797  1609  2123 I EventHub: usingClockIoctl=true
06-13 13:10:26.797  1609  2123 I EventHub: New device: id=20, fd=409, path='/dev/input/event6', name='Monkey touch', classes=TOUCH | TOUCH_MT, configuration='', keyLayout='', keyCharacterMap='', builtinKeyboard=false, 
06-13 13:10:26.797 22000 22000 W Monkey  :  arg: "-p"
06-13 13:10:26.797 22000 22000 W Monkey  :  arg: "com.takeya.animeongaku"
06-13 13:10:26.797 22000 22000 W Monkey  :  arg: "1"
06-13 13:10:26.797  1609  2123 I InputReader: Device reconfigured: id=19, name='Monkey touch', size 1440x3120, orientation Rotation0, mode DIRECT, display id 0
06-13 13:10:26.797 22000 22000 W Monkey  : data="com.takeya.animeongaku"
06-13 13:10:26.797  1609  2123 I InputReader: Device added: id=19, eventHubId=20, name='Monkey touch', descriptor='e1fe28b90f915c7d1febbd52c1ef84b3c4cbed9f',sources=TOUCHSCREEN
06-13 13:10:26.804  1609  1674 D WindowManager: Direct invocation of sendNewConfiguration: Display{#0 state=ON size=1440x3120 ROTATION_0}
06-13 13:10:26.806  4221  4221 I PkDeviceHelper: PkDeviceHelper.refreshDevices():87 refreshing devices
06-13 13:10:26.808  1609  5218 W ActivityManager: registerReceiverWithFeature: no app for null
06-13 13:10:26.818  2362  2372 W System  : A resource failed to call release. 
06-13 13:10:26.818  2362  2372 W System  : A resource failed to call release. 
06-13 13:10:26.818  2362  2372 W System  : A resource failed to call release. 
06-13 13:10:26.818  2362  2372 W System  : A resource failed to call release. 
06-13 13:10:26.819  2362  2372 W System  : A resource failed to call release. 
06-13 13:10:26.827  1609  5218 W ParceledListSlice: Element #211 is 16936 bytes.
06-13 13:10:26.835  1609  5210 W ActivityTaskManager: callingPackage for (uid=2000, pid=22000) has no WPC
06-13 13:10:26.837  1609  5210 V GrammaticalInflectionUtils: AttributionSource: android.content.AttributionSource@c5305732 does not have READ_SYSTEM_GRAMMATICAL_GENDER permission.
06-13 13:10:26.843 30112 30112 D RecentsView: onTaskDisplayChanged: 260, new displayId = 0
06-13 13:10:26.845   554   611 I libbinder.BpBinder: onLastStrongRef automatically unlinking death recipients for binder (0xb4000072e45ca5b0) with descriptor: '(not cached)'
06-13 13:10:26.856  2362  2405 D Bubbles : BubbleTaskStackListener.onTaskMovedToFront(): taskId=260
06-13 13:10:26.857  1609  2264 W ImageReader_JNI: Unable to acquire a buffer item, very likely client tried to acquire more than maxImages buffers
06-13 13:10:26.858 30112 30112 D BaseActivity: Launcher flags updated: [state_started|state_resumed|state_deferred_resumed|state_window_focused|state_user_active] -[]
06-13 13:10:26.858  1609  5210 V ActivityTaskManager: TaskLaunchParamsModifier: phase=3 task=Task{c5ce4ee #260 type=standard A=10519:com.takeya.animeongaku} activity=ActivityRecord{6795571 u0 com.takeya.animeongaku/.MainActivity t-1} display-from-task=0 display-id=0 task-display-area-windowing-mode=1 suggested-display-area=DefaultTaskDisplayArea@254098756 inherit-from-task=fullscreen non-freeform-task-display-area display-area=DefaultTaskDisplayArea@254098756 default-portrait freeform-size-mismatch=Rect(362, 870 - 1079, 2310)
06-13 13:10:26.858  1609  5210 I ActivityTaskManager: START u0 {act=android.intent.action.MAIN cat=[android.intent.category.LAUNCHER] flg=0x10200000 cmp=com.takeya.animeongaku/.MainActivity} with LAUNCH_SINGLE_TASK from uid 2000 (com.android.shell) (BAL_ALLOW_PERMISSION) result code=0
06-13 13:10:26.858  2362  2405 V WindowManagerShell: Transition requested (#134): android.os.BinderProxy@ceba0c0 TransitionRequestInfo { type = OPEN, triggerTask = TaskInfo{userId=0 taskId=260 effectiveUid=10519 displayId=0 isRunning=true baseIntent=Intent { act=android.intent.action.MAIN cat=[android.intent.category.LAUNCHER] flg=0x10200000 cmp=com.takeya.animeongaku/.MainActivity } baseActivity=ComponentInfo{com.takeya.animeongaku/com.takeya.animeongaku.MainActivity} topActivity=ComponentInfo{com.takeya.animeongaku/com.takeya.animeongaku.MainActivity} origActivity=null realActivity=ComponentInfo{com.takeya.animeongaku/com.takeya.animeongaku.MainActivity} realActivityIsAppLockEnabled=false numActivities=1 lastActiveTime=92672946 supportsMultiWindow=true resizeMode=1 isResizeable=true minWidth=-1 minHeight=-1 defaultMinSize=220 token=WCT{android.os.BinderProxy@fce21f9} topActivityType=1 pictureInPictureParams=null shouldDockBigOverlays=false launchIntoPipHostTaskId=-1 lastParentTaskIdBeforePip=-1 displayCutoutSafeInsets=Rect(0, 144 - 0, 0) topActivityInfo=ActivityInfo{8b4853e com.takeya.animeongaku.MainActivity} launchCookies=[] positionInParent=Point(0, 0) parentTaskId=-1 isFocused=false isVisible=false isVisibleRequested=false isTopActivityNoDisplay=false isSleeping=false locusId=null displayAreaFeatureId=1 isTopActivityTransparent=false isActivityStackTransparent=false lastNonFullscreenBounds=Rect(362, 870 - 1079, 2310) leafTaskBoundsFromOptions= false capturedLink=null capturedLinkTimestamp=0 requestedVisibleTypes=503 topActivityRequestOpenInBrowserEducationTimestamp=0 appCompatTaskInfo=AppCompatTaskInfo { topActivityInSizeCompat=false isLeafTask= true eligibleForLetterboxEducation= false isLetterboxEducationEnabled= false isLetterboxDoubleTapEnabled= false eligibleForUserAspectRatioButton= false topActivityBoundsLetterboxed= false isFromLetterboxDoubleTap= false topActivityLetterboxVerticalPosition= -1 topActivityLetterboxHorizontalPosition= -1 topActivityLetterboxWidth=-1 topActivityLetterboxHeight=-1 topActivityAppBounds=Rect(0, 0 - 1440, 3120) isUserFullscreenOverrideEnabled=false isSystemFullscreenOverrideEnabled=false hasMinAspectRatioOverride=false topActivityLetterboxBounds=null topNonResizableActivityAspectRatio=-1.0} topActivityMainWindowFrame=null isAppBubble=false}, pipChange = null, remoteTransitionInfo = null, displayChange = null, requestedLocation = null, userChange = null, windowingLayerChange = null, fullscreenRequestChange = null, flags = 0, debugId = 134 }
06-13 13:10:26.858  2362  2405 W DisplayDisconnectTransitionHandler: No disconnect change found in the transition, not handling request.
06-13 13:10:26.858  2362  2405 D ShellSplitScreen: logExit: no-op, mLoggerSessionId is null
06-13 13:10:26.859 22000 22000 I Monkey  : Events injected: 1
06-13 13:10:26.859  1609  1674 V GrammaticalInflectionUtils: AttributionSource: android.content.AttributionSource@c5305732 does not have READ_SYSTEM_GRAMMATICAL_GENDER permission.
06-13 13:10:26.860 30112 30112 D BaseActivity: Launcher flags updated: [state_started|state_resumed|state_deferred_resumed|state_window_focused] -[state_user_active]
06-13 13:10:26.860 30112 30112 D BaseActivity: Launcher flags updated: [state_started|state_window_focused] -[state_resumed|state_deferred_resumed]
06-13 13:10:26.860  1609  1674 D CompatChangeReporter: Compat change id reported: 441041342; UID 10519; state: ENABLED
06-13 13:10:26.860 30112 30112 W SplitSelectStateCtor: Missing session instanceIds
06-13 13:10:26.860 30112 30112 D StatsLog: LAUNCHER_SPLIT_SELECTION_EXIT_INTERRUPTED
06-13 13:10:26.860  2362  2405 D WindowManagerShell: setLauncherKeepClearAreaHeight: visible=false, height=662
06-13 13:10:26.864  1609  2249 D BackgroundInstallControlService: Package event received: 0
06-13 13:10:26.864  1609  5218 V WindowManager: Defer transition id=134 for TaskFragmentTransaction=android.os.Binder@ec6b220
06-13 13:10:26.865 30112 30112 D b/417220811: invalidateLoadedTasks - previous requestLoadId: -1
06-13 13:10:26.871  1033  1033 D Zygote  : Forked child process 22037
06-13 13:10:26.879  1609  1689 I ActivityManager: Start proc 22037:com.takeya.animeongaku/u0a519 for next-top-activity {com.takeya.animeongaku/com.takeya.animeongaku.MainActivity}
06-13 13:10:26.880  1609  2642 V WindowManager: Continue transition id=134 for TaskFragmentTransaction=android.os.Binder@ec6b220
06-13 13:10:26.881 22037 22037 I Zygote  : Process 22037 created for com.takeya.animeongaku
06-13 13:10:26.881 22037 22037 I eya.animeongaku: Late-enabling -Xcheck:jni
06-13 13:10:26.887 22000 22000 I Monkey  : ## Network stats: elapsed time=51ms (0ms mobile, 0ms wifi, 51ms not connected)
06-13 13:10:26.889 22000 22000 I app_process: System.exit called, status: 0
06-13 13:10:26.889 22000 22000 I AndroidRuntime: VM exiting with result code 0.
06-13 13:10:26.897  1609  5218 W WindowManager: Cannot find window which accessibility connection is added to
06-13 13:10:26.899 22037 22037 I eya.animeongaku: Using generational CollectorTypeCMC GC.
06-13 13:10:26.903  1363  1395 I adbd    : jdwp connection from 22037
06-13 13:10:26.905 30112 30112 D BaseActivity: Launcher flags updated: [state_started] -[state_window_focused]
06-13 13:10:26.913  1609  2123 I EventHub: Removing device Monkey touch due to epoll hang-up event.
06-13 13:10:26.913  1609  2123 I EventHub: Removed device: path=/dev/input/event6 name=Monkey touch id=20 fd=409 classes=TOUCH | TOUCH_MT
06-13 13:10:26.914  1609  2123 I InputReader: Device removed: id=19, eventHubId=20, name='Monkey touch', descriptor='e1fe28b90f915c7d1febbd52c1ef84b3c4cbed9f', sources=TOUCHSCREEN
06-13 13:10:26.916 22037 22037 D nativeloader: Load libframework-connectivity-tiramisu-jni.so using APEX ns com_android_tethering for caller /apex/com.android.tethering/javalib/framework-connectivity-t.jar: ok
06-13 13:10:26.919  2362 15522 V WindowManagerShell: onTransitionReady(transaction=6910602405729)
06-13 13:10:26.919  2362  2405 V WindowManagerShell: onTransitionReady (#134) android.os.BinderProxy@ceba0c0: {id=134 t=OPEN f=0x0 trk=0 r=[0@Point(0, 0)] c=[
06-13 13:10:26.919  2362  2405 V WindowManagerShell:         {m=OPEN f=NONE leash=Surface(name=Task=260#2233)/@0x5553e9b sb=Rect(0, 0 - 1440, 3120) eb=Rect(0, 0 - 1440, 3120) epz=Point(1440, 3120) d=0 taskParent=-1 winMode=1 userId=0},
06-13 13:10:26.919  2362  2405 V WindowManagerShell:         {m=TO_BACK f=SHOW_WALLPAPER leash=Surface(name=Task=1#44)/@0x5411238 sb=Rect(0, 0 - 1440, 3120) eb=Rect(0, 0 - 1440, 3120) epz=Point(1440, 3120) d=0 taskParent=-1 winMode=1 userId=0},
06-13 13:10:26.919  2362  2405 V WindowManagerShell:         {m=TO_BACK f=IS_WALLPAPER leash=Surface(name=WallpaperWindowToken{8738049}#1855)/@0xf920211 sb=Rect(0, 0 - 1440, 3120) eb=Rect(0, 0 - 1440, 3120) epz=Point(1440, 3120) d=0}
06-13 13:10:26.919  2362  2405 V WindowManagerShell:     ]}
06-13 13:10:26.919  2362  2405 V WindowManagerShell: Playing animation for (#134) android.os.BinderProxy@ceba0c0@0
06-13 13:10:26.919  2362  2405 D ShellSplitScreen: startAnimation: transition=134 isSplitActive=false
06-13 13:10:26.919  2362  2405 V ShellRecents: RecentsTransitionHandler.startAnimation: no controller found
06-13 13:10:26.919  2362  2405 V WindowManagerShell: Transition doesn't have explicit remote, search filters for match for {id=134 t=OPEN f=0x0 trk=0 r=[0@Point(0, 0)] c=[{m=OPEN f=NONE leash=Surface(name=Task=260#2233)/@0x5553e9b sb=Rect(0, 0 - 1440, 3120) eb=Rect(0, 0 - 1440, 3120) epz=Point(1440, 3120) d=0 taskParent=-1 winMode=1 userId=0},{m=TO_BACK f=SHOW_WALLPAPER leash=Surface(name=Task=1#44)/@0x5411238 sb=Rect(0, 0 - 1440, 3120) eb=Rect(0, 0 - 1440, 3120) epz=Point(1440, 3120) d=0 taskParent=-1 winMode=1 userId=0},{m=TO_BACK f=IS_WALLPAPER leash=Surface(name=WallpaperWindowToken{8738049}#1855)/@0xf920211 sb=Rect(0, 0 - 1440, 3120) eb=Rect(0, 0 - 1440, 3120) epz=Point(1440, 3120) d=0}]}
06-13 13:10:26.919  2362  2405 V WindowManagerShell:  Checking filter Pair{{types=[] flags=0x0] notFlags=0x0 checks=[{atype=undefined independent=true modes=[CLOSE,TO_BACK] flags=IN_TASK_WITH_EMBEDDED_ACTIVITY mustBeTask=false order=ANY topActivity=null launchCookie=null taskFragmentToken=android.os.BinderProxy@cd776a2 windowingMode=undefined isCrossDisplayMove=false}]} RemoteTransition { remoteTransition = android.window.IRemoteTransition$Stub$Proxy@ea231b0, appThread = android.app.IApplicationThread$Stub$Proxy@452f829, debugName = overlayBackTransition, filter = null }}
