06-13 13:05:16.649 20914 20914 I AconfigPackage: com.android.bluetooth.flags is mapped to com.android.bt
06-13 13:05:16.649 20914 20914 I AconfigPackage: android.graphics.pdf.flags is mapped to com.android.mediaprovider
06-13 13:05:16.649 20914 20914 I AconfigPackage: com.android.providers.media.flags is mapped to com.android.mediaprovider
06-13 13:05:16.649 20914 20914 I AconfigPackage: android.graphics.pdf.flags.readonly is mapped to com.android.mediaprovider
06-13 13:05:16.649 20914 20914 I AconfigPackage: com.android.os.statsd.flags is mapped to com.android.os.statsd
06-13 13:05:16.649 20914 20914 I AconfigPackage: com.android.ipsec.flags is mapped to com.android.ipsec
06-13 13:05:16.649 20914 20914 I AconfigPackage: com.android.media.extractor.flags is mapped to com.android.media
06-13 13:05:16.649 20914 20914 I AconfigPackage: com.android.media.metrics.flags is mapped to com.android.media
06-13 13:05:16.649 20914 20914 I AconfigPackage: com.android.media.mainline.flags is mapped to com.android.media
06-13 13:05:16.649 20914 20914 I AconfigPackage: com.android.uprobestats.flags is mapped to com.android.uprobestats
06-13 13:05:16.649 20914 20914 I AconfigPackage: android.uprobestats.mainline.flags is mapped to com.android.uprobestats
06-13 13:05:16.650 20914 20914 I AconfigPackage: com.android.tethering.mainline.beta is mapped to com.android.tethering
06-13 13:05:16.650 20914 20914 I AconfigPackage: android.net.http is mapped to com.android.tethering
06-13 13:05:16.650 20914 20914 I AconfigPackage: com.android.tethering.readonly.flags is mapped to com.android.tethering
06-13 13:05:16.650 20914 20914 I AconfigPackage: android.net.vcn is mapped to com.android.tethering
06-13 13:05:16.650 20914 20914 I AconfigPackage: com.android.net.flags is mapped to com.android.tethering
06-13 13:05:16.650 20914 20914 I AconfigPackage: com.android.tethering.flags is mapped to com.android.tethering
06-13 13:05:16.650 20914 20914 I AconfigPackage: com.android.tethering.beta.test is mapped to com.android.tethering
06-13 13:05:16.650 20914 20914 I AconfigPackage: com.android.nearby.flags is mapped to com.android.tethering
06-13 13:05:16.650 20914 20914 I AconfigPackage: com.android.net.thread.flags is mapped to com.android.tethering
06-13 13:05:16.650 20914 20914 I AconfigPackage: com.android.net.ct.flags is mapped to com.android.tethering
06-13 13:05:16.650 20914 20914 I AconfigPackage: com.android.art.flags is mapped to com.android.art
06-13 13:05:16.650 20914 20914 I AconfigPackage: com.android.art.rw.flags is mapped to com.android.art
06-13 13:05:16.650 20914 20914 I AconfigPackage: com.android.libcore is mapped to com.android.art
06-13 13:05:16.650 20914 20914 I AconfigPackage: android.os.profiling is mapped to com.android.profiling
06-13 13:05:16.650 20914 20914 I AconfigPackage: android.os.profiling.anomaly.flags is mapped to com.android.profiling
06-13 13:05:16.650 20914 20914 I AconfigPackage: com.android.crashrecovery.flags is mapped to com.android.crashrecovery
06-13 13:05:16.650 20914 20914 I AconfigPackage: android.provider.flags is mapped to com.android.configinfrastructure
06-13 13:05:16.650 20914 20914 I AconfigPackage: com.android.server.deviceconfig is mapped to com.android.configinfrastructure
06-13 13:05:16.650 20914 20914 I AconfigPackage: com.android.nfc.module.flags is mapped to com.android.nfcservices
06-13 13:05:16.650 20914 20914 I AconfigPackage: com.android.nfc.module.nonexported.flags is mapped to com.android.nfcservices
06-13 13:05:16.650 20914 20914 I AconfigPackage: com.android.appsearch.flags is mapped to com.android.appsearch
06-13 13:05:16.650 20914 20914 I AconfigPackage: com.android.adservices.flags is mapped to com.android.adservices
06-13 13:05:16.650 20914 20914 I AconfigPackage: com.android.sdksandbox.flags is mapped to com.android.adservices
06-13 13:05:16.650 20914 20914 I AconfigPackage: com.android.cellbroadcastreceiver.flags is mapped to com.android.cellbroadcast
06-13 13:05:16.650 20914 20914 I AconfigPackage: android.media.swcodec.flags is mapped to com.android.media.swcodec
06-13 13:05:16.651 20914 20914 I AconfigPackage: com.android.permission.flags is mapped to com.android.permission
06-13 13:05:16.651 20914 20914 I AconfigPackage: com.android.permissioncontroller.flags is mapped to com.android.permission
06-13 13:05:16.651 20914 20914 I AconfigPackage: com.android.adservices.ondevicepersonalization.flags is mapped to com.android.ondevicepersonalization
06-13 13:05:16.651 20914 20914 I AconfigPackage: com.android.healthfitness.flags is mapped to com.android.healthfitness
06-13 13:05:16.651 20914 20914 I AconfigPackage: com.android.icu is mapped to com.android.i18n
06-13 13:05:16.651 20914 20914 I AconfigPackage: com.android.system.virtualmachine.flags is mapped to com.android.virt
06-13 13:05:16.651 20914 20914 I AconfigPackage: com.android.devicelock.flags is mapped to com.android.devicelock
06-13 13:05:16.651 20914 20914 I AconfigPackage: com.android.rkpd.flags is mapped to com.android.rkpd
06-13 13:05:16.651 20914 20914 I AconfigPackage: com.android.adbd.flags is mapped to com.android.adbd
06-13 13:05:16.651 20914 20914 I AconfigPackage: android.telecom.flags is mapped to com.android.telephonycore
06-13 13:05:16.651 20914 20914 I AconfigPackage: com.android.internal.telecom.flags is mapped to com.android.telephonycore
06-13 13:05:16.651 20914 20914 I AconfigPackage: com.android.telephony.flags is mapped to com.android.telephonycore
06-13 13:05:16.651 20914 20914 I AconfigPackage: com.android.compos.flags is mapped to com.android.compos
06-13 13:05:16.652 20914 20914 E FeatureFlagsImplExport: android.os.flagging.AconfigStorageReadException: ERROR_PACKAGE_NOT_FOUND: package android.xr cannot be found on the device
06-13 13:05:16.654 20914 20914 D UiAutomationConnection: Created on user UserHandle{0}
06-13 13:05:16.654 20914 20914 I UiAutomation: Initialized for user 0 on display 0
06-13 13:05:16.654 20914 20914 W UiAutomation: Created with deprecatead constructor, assumes DEFAULT_DISPLAY
06-13 13:05:16.655  1609  5220 D AccessibilityManagerService: changeCurrentUserForTestAutomationIfNeededLocked(0): ignoring because device doesn't support visible background users
06-13 13:05:16.655  1609  5220 I UiAutomationManager: Registering UiTestAutomationService (id=com.android.server.accessibility/UiAutomation, flags=0x0) when called by user 0
06-13 13:05:16.656  1609  5220 V AccessibilityManagerService: onUserStateChangedLocked for userId: 0, forceUpdate: false
06-13 13:05:16.657  1609  2111 D ActivityManager: freezing 6963 com.google.android.apps.turbo
06-13 13:05:16.660  1609  2196 D InetDiagMessage: Destroyed 0 sockets, proto=IPPROTO_TCP, family=AF_INET, states=14
06-13 13:05:16.662  1609  2196 D InetDiagMessage: Destroyed 0 sockets, proto=IPPROTO_TCP, family=AF_INET6, states=14
06-13 13:05:16.662  1609  2196 D InetDiagMessage: Destroyed live tcp sockets for uids={10119} in 3ms
06-13 13:05:16.664  1609  5220 V AccessibilityUserState: updateShortcutTargets: type:accessibility_shortcut_target_service, current:{}, new:{}
06-13 13:05:16.664  1609  5220 V AccessibilityUserState: updateShortcutTargets: type:accessibility_button_targets, current:{}, new:{}
06-13 13:05:16.664  1609  5220 V AccessibilityUserState: updateShortcutTargets: type:accessibility_gesture_targets, current:{}, new:{}
06-13 13:05:16.664  1609  5220 V AccessibilityUserState: updateShortcutTargets: type:accessibility_qs_targets, current:{com.android.server.accessibility/ReduceBrightColors}, new:{com.android.server.accessibility/ReduceBrightColors}
06-13 13:05:16.664  1609  5220 V AccessibilityUserState: updateShortcutTargets: type:accessibility_key_gesture_targets, current:{}, new:{}
06-13 13:05:16.664  1609  5220 W MagnificationConnectionManager: requestConnection duplicated request: connect=false, mConnectionState=DISCONNECTED
06-13 13:05:16.667  1609  5220 D AccessibilityManagerService: .getAccessibilityShortcutTargets {shortcutType=32, userId=0}
06-13 13:05:16.668  1609  5165 V AccessibilityManagerService: onUserStateChangedLocked for userId: 0, forceUpdate: false
06-13 13:05:16.669  1609  5165 V AccessibilityUserState: updateShortcutTargets: type:accessibility_shortcut_target_service, current:{}, new:{}
06-13 13:05:16.669  1609  5165 V AccessibilityUserState: updateShortcutTargets: type:accessibility_button_targets, current:{}, new:{}
06-13 13:05:16.669  1609  5165 V AccessibilityUserState: updateShortcutTargets: type:accessibility_gesture_targets, current:{}, new:{}
06-13 13:05:16.669  1609  5165 V AccessibilityUserState: updateShortcutTargets: type:accessibility_qs_targets, current:{com.android.server.accessibility/ReduceBrightColors}, new:{com.android.server.accessibility/ReduceBrightColors}
06-13 13:05:16.669  1609  5165 V AccessibilityUserState: updateShortcutTargets: type:accessibility_key_gesture_targets, current:{}, new:{}
06-13 13:05:16.669  1609  5165 W MagnificationConnectionManager: requestConnection duplicated request: connect=false, mConnectionState=DISCONNECTED
06-13 13:05:16.669  2368  2753 D AccessibilitySourceService: enabled a11y services count 1
06-13 13:05:16.671  2549  3446 D TemperatureStateSource: sequence=6242 actualDelay=10000
06-13 13:05:16.671  2549  3446 D TemperatureStateSource: Reading temperature: sequence=6243
06-13 13:05:16.672  2368  2753 D AccessibilitySourceService: a11y source sending 1 issue to sc
06-13 13:05:16.672  1743  1743 I pixel-thermal: VIRTUAL-SKIN:28.3188 raw data: VIRTUAL-GNSS-DISP:28318.8 VIRTUAL-NEUTRAL-QUIET:27225 VIRTUAL-QUIET-USB2:26116.4 VIRTUAL-SKIN:28318.8 VIRTUAL-USB2-QUIET:25556.4 disp_therm:27788 gnss_tcxo_therm:29479 neutral_therm:28277 quiet_therm:27314 usb_pwr_therm2:27338 
06-13 13:05:16.673  2549  3446 D TemperatureStateSource: getDeviceTemperatures: sequence=6243 deviceTemperatureType=3 temperatureSource=0 temperatures=[28.318783]
06-13 13:05:16.673  1609  2469 D SafetySourceDataValidat: No cert check requested for package com.google.android.permissioncontroller
06-13 13:05:16.673  2549  3446 D BusinessScope: Enqueuing the block
06-13 13:05:16.673  2549  3446 D TemperatureStateSource: sequence=6243 waitTime=10000
06-13 13:05:16.673  2549  2628 D BusinessScope: Start running the #12603 block
06-13 13:05:16.673  1743  1743 I pixel-thermal: VIRTUAL-SKIN:28.3188 raw data: VIRTUAL-SKIN:28318.8 
06-13 13:05:16.674  2549  2628 I TemperatureStateSource: temperature was set
06-13 13:05:16.674  2549  2628 D BusinessScope: Enqueuing the block
06-13 13:05:16.674  2549  2628 D ImpulseStateSource: Notify clients: 6300
06-13 13:05:16.674  2549  2628 D BusinessScope: Finish running the #12603 block
06-13 13:05:16.674  2549  2628 D BusinessScope: Start running the #12604 block
06-13 13:05:16.674  2549  2628 D ImpulseConnection: bindService: com.google.android.apps.turbo
06-13 13:05:16.674  1609  2469 D AccessibilityManagerService: .getAccessibilityShortcutTargets {shortcutType=32, userId=0}
06-13 13:05:16.676  2368  2753 D AccessibilitySourceService: enabled a11y services count 1
06-13 13:05:16.678  1609  2249 D BackgroundInstallControlService: Package event received: 0
06-13 13:05:16.678  2368  2753 D AccessibilitySourceService: a11y source sending 1 issue to sc
06-13 13:05:16.679  1609  5220 D SafetySourceDataValidat: No cert check requested for package com.google.android.permissioncontroller
06-13 13:05:16.679  1609  5165 D ActivityManager: sync unfroze 6963 com.google.android.apps.turbo for 6
06-13 13:05:16.680  1609  2249 D BackgroundInstallControlService: Package event received: 0
06-13 13:05:16.681  2549  2549 D ImpulseConnection: onServiceConnected: ComponentInfo{com.google.android.apps.turbo/com.google.android.apps.turbo.adaptiveplatform.impulse.ImpulseClientService} service is null false
06-13 13:05:16.682  2549  2628 D BusinessScope: Finish running the #12604 block
06-13 13:05:16.682  1609  5165 W ProcessStats: Tracking association SourceState{b012234 com.google.android.pixelsystemservice/10471 ImpFg #161161} whose proc state 5 is better than process ProcessState{656d6ac com.google.android.apps.turbo/10119 pkg=com.google.android.apps.turbo} proc state 14 (7 skipped)
06-13 13:05:16.688  6963 20127 W Turbo.DeviceHealthLeversManagerImpl: applyLeversWithMaintenanceWindow: ignore the same request
06-13 13:05:17.660 16618 16629 I euth    : (REDACTED) HDM. appOpsListener %s %s
06-13 13:05:17.661 16618 16629 I euth    : (REDACTED) HDM. Ignoring irrelevant audio permission changes for package %s
06-13 13:05:17.675 20914 20914 W uiautomator: type=1400 audit(0.0:5517): avc:  denied  { read } for  name="u:object_r:qemu_sf_lcd_density_prop:s0" dev="tmpfs" ino=345 scontext=u:r:shell:s0 tcontext=u:object_r:qemu_sf_lcd_density_prop:s0 tclass=file permissive=0
06-13 13:05:17.675 20914 20914 W uiautomator: type=1400 audit(0.0:5518): avc:  denied  { read } for  name="u:object_r:qemu_sf_lcd_density_prop:s0" dev="tmpfs" ino=345 scontext=u:r:shell:s0 tcontext=u:object_r:qemu_sf_lcd_density_prop:s0 tclass=file permissive=0
06-13 13:05:17.679 20914 20914 W libc    : Access denied finding property "qemu.sf.lcd_density"
06-13 13:05:17.679 20914 20914 W libc    : Access denied finding property "qemu.sf.lcd_density"
06-13 13:05:17.685  4373  4518 W MediaProvider: isAppCloneUserPair for user 0: false
06-13 13:05:17.690 20914 20914 W AccessibilityNodeInfoDumper: Fetch time: 8ms
06-13 13:05:17.691  1609  5165 V AccessibilityManagerService: onUserStateChangedLocked for userId: 0, forceUpdate: false
06-13 13:05:17.692  1609  2249 D BackgroundInstallControlService: Package event received: 0
06-13 13:05:17.694 16618 16629 I euth    : (REDACTED) HDM. appOpsListener %s %s
06-13 13:05:17.695 16618 16629 I euth    : (REDACTED) HDM. Ignoring irrelevant audio permission changes for package %s
06-13 13:05:17.696  1609  5165 V AccessibilityUserState: updateShortcutTargets: type:accessibility_shortcut_target_service, current:{}, new:{}
06-13 13:05:17.696  1609  5165 V AccessibilityUserState: updateShortcutTargets: type:accessibility_button_targets, current:{}, new:{}
06-13 13:05:17.696  1609  5165 V AccessibilityUserState: updateShortcutTargets: type:accessibility_gesture_targets, current:{}, new:{}
06-13 13:05:17.696  1609  5165 V AccessibilityUserState: updateShortcutTargets: type:accessibility_qs_targets, current:{com.android.server.accessibility/ReduceBrightColors}, new:{com.android.server.accessibility/ReduceBrightColors}
06-13 13:05:17.696  1609  5165 V AccessibilityUserState: updateShortcutTargets: type:accessibility_key_gesture_targets, current:{}, new:{}
06-13 13:05:17.696  1609  5165 W MagnificationConnectionManager: requestConnection duplicated request: connect=false, mConnectionState=DISCONNECTED
06-13 13:05:17.696  1609  5165 D AccessibilityManagerService: restoreCurrentUserForTestAutomationIfNeededLocked(): ignoring because device doesn't support visible background users
06-13 13:05:17.699 20914 20928 W libbinder.IPCThreadState: call to talkWithDriver in joinThreadPool returned error: -9 (Bad file descriptor), FD: -1
06-13 13:05:17.699 20914 20925 W libbinder.IPCThreadState: call to talkWithDriver in joinThreadPool returned error: -9 (Bad file descriptor), FD: -1
06-13 13:05:17.699 20914 20924 W libbinder.IPCThreadState: call to talkWithDriver in joinThreadPool returned error: -9 (Bad file descriptor), FD: -1
06-13 13:05:17.699 20914 20914 D AndroidRuntime: Shutting down VM
06-13 13:05:17.701  1048  3005 I OE::VisualizerEffect: setParameter: captureSize = 128
06-13 13:05:17.706  1609  1609 V AccessibilityManagerService: onUserStateChangedLocked for userId: 0, forceUpdate: false
06-13 13:05:17.708  1609  1609 V AccessibilityUserState: updateShortcutTargets: type:accessibility_shortcut_target_service, current:{}, new:{}
06-13 13:05:17.708  1609  1609 V AccessibilityUserState: updateShortcutTargets: type:accessibility_button_targets, current:{}, new:{}
06-13 13:05:17.709  1609  1609 V AccessibilityUserState: updateShortcutTargets: type:accessibility_gesture_targets, current:{}, new:{}
06-13 13:05:17.709  1609  1609 V AccessibilityUserState: updateShortcutTargets: type:accessibility_qs_targets, current:{com.android.server.accessibility/ReduceBrightColors}, new:{com.android.server.accessibility/ReduceBrightColors}
06-13 13:05:17.709  1609  1609 V AccessibilityUserState: updateShortcutTargets: type:accessibility_key_gesture_targets, current:{}, new:{}
06-13 13:05:17.709  1609  1609 W MagnificationConnectionManager: requestConnection duplicated request: connect=false, mConnectionState=DISCONNECTED
06-13 13:05:17.710  1609  5217 D AccessibilityManagerService: .getAccessibilityShortcutTargets {shortcutType=32, userId=0}
06-13 13:05:17.711  2368  2753 D AccessibilitySourceService: enabled a11y services count 1
06-13 13:05:17.713  2368  2753 D AccessibilitySourceService: a11y source sending 1 issue to sc
06-13 13:05:17.713  1609  2469 D SafetySourceDataValidat: No cert check requested for package com.google.android.permissioncontroller
06-13 13:05:17.761  1050  2884 I bthal.activity: bt_power: LeAdvStat: 13:05:16:761 - 13:05:17:761, duration: 1000, le_adv_count: 1, total_le_adv_count: 7841, total_event_count: 1
06-13 13:05:18.219  1609  2469 V AccessibilityManagerService: onUserStateChangedLocked for userId: 0, forceUpdate: false
06-13 13:05:18.223  1609  2469 V AccessibilityUserState: updateShortcutTargets: type:accessibility_shortcut_target_service, current:{}, new:{}
06-13 13:05:18.223  1609  2469 V AccessibilityUserState: updateShortcutTargets: type:accessibility_button_targets, current:{}, new:{}
06-13 13:05:18.223  1609  2469 V AccessibilityUserState: updateShortcutTargets: type:accessibility_gesture_targets, current:{}, new:{}
06-13 13:05:18.223  1609  2469 V AccessibilityUserState: updateShortcutTargets: type:accessibility_qs_targets, current:{com.android.server.accessibility/ReduceBrightColors}, new:{com.android.server.accessibility/ReduceBrightColors}
06-13 13:05:18.223  1609  2469 V AccessibilityUserState: updateShortcutTargets: type:accessibility_key_gesture_targets, current:{}, new:{}
06-13 13:05:18.223  1609  2469 W MagnificationConnectionManager: requestConnection duplicated request: connect=false, mConnectionState=DISCONNECTED
06-13 13:05:18.230  4590  4590 D InsetsController: Setting requestedVisibleTypes to 498 (was 503)
06-13 13:05:18.233  1609  5220 D AccessibilityManagerService: .getAccessibilityShortcutTargets {shortcutType=32, userId=0}
06-13 13:05:18.239  2368  2753 D AccessibilitySourceService: enabled a11y services count 1
06-13 13:05:18.243  2368  2753 D AccessibilitySourceService: a11y source sending 1 issue to sc
06-13 13:05:18.247  1609  5217 D SafetySourceDataValidat: No cert check requested for package com.google.android.permissioncontroller
06-13 13:05:18.269  4590  4590 D InsetsController: Setting requestedVisibleTypes to 498 (was 503)
06-13 13:05:18.275  4590  4590 E ThemeUtils: View class com.jamworks.dynamicspot.customclass.CustomEditText is an AppCompat widget that can only be used with a Theme.AppCompat theme (or descendant).
06-13 13:05:18.283  4590  4590 E ThemeUtils: View class com.jamworks.dynamicspot.customclass.CustomEditText is an AppCompat widget that can only be used with a Theme.AppCompat theme (or descendant).
06-13 13:05:18.398 20521 20761 I okhttp.OkHttpClient: --> GET https://ongaku.local/v1/sync/status
06-13 13:05:18.407 20521 20761 I okhttp.OkHttpClient: <-- 200 OK http://127.0.0.1:8080/v1/sync/status (8ms, 121-byte body)
06-13 13:05:18.587  1363  1363 I adbd    : adbd service requested 'sync:'
06-13 13:05:18.612  1363  1363 I adbd    : adbd service requested 'shell,v2:export ANDROID_LOG_TAGS="''"; exec logcat '-d' '-t' '1200''
