--------- beginning of main
06-13 13:05:03.728  4221 20851 W NotificationCenter: NotificationCenter.unregisterListener():480 Listener hgm@2484a71 was not registered for notification class nky
06-13 13:05:03.730  4221 20501 W AutoCloseableReference: AutoCloseablePhantomReference.close():42 close() is invoked more than once
06-13 13:05:03.731  4221  4221 I NgaInputManager: NgaInputManager.onDeactivate():482 SmartEdit: unloading models false [SDG]
06-13 13:05:03.732  4221 20849 I KeyboardEventHandler: KeyboardEventHandler.handleKeyboardVisibilityEvent():214 Handling KeyboardVisibilityEvent: KEYBOARD_CLOSED [SD]
06-13 13:05:03.733  4221  4221 I PkModeUpdater: PkModeUpdater.onActivate():76 onActivate false true
06-13 13:05:03.733  4221  4221 I AccessoryInputModeManager: AccessoryInputModeManager.onModeStarted():353 Accessory input mode started: null
06-13 13:05:03.733  4221  4221 W SupplementaryKeyboardsWrapper: SupplementaryKeyboardsWrapper.deactivateKeyboard():162 keyboard accessory_candidates_consumer is not activated before!
06-13 13:05:03.734  4221  4221 W SupplementaryKeyboardsWrapper: SupplementaryKeyboardsWrapper.deactivateKeyboard():162 keyboard composing_text_consumer is not activated before!
06-13 13:05:03.734  4221  4221 I GlobeKeyExtension: GlobeKeyExtension.onActivate():130 
06-13 13:05:03.735  4221  4221 I KeyboardModeUtils: KeyboardModeUtils.getKeyboardBottomOffset():435 inch: 0.000000 ydpi: 511.277008 adjustKeyboardBottomByDisplaySize: false currentDensityDpi: 560 defaultDensityDpi: 560 keyboardBottomToScreenPx: 0 keyboardBottomToNavBarPx: -168 navBarHeight: 168
06-13 13:05:03.735  4221  4221 I BaseKeyboardSizeHelper: BaseKeyboardSizeHelper.calculateMaxKeyboardBodyHeight():73 leave 375 height for app when ime window height:2808, header height:154 and isFullscreenMode:false, so the max keyboard body height is:2279
06-13 13:05:03.735  4221  4221 I BaseKeyboardSizeHelper: BaseKeyboardSizeHelper.calculateMaxKeyboardBodyHeight():73 leave 375 height for app when ime window height:2808, header height:154 and isFullscreenMode:false, so the max keyboard body height is:2279
06-13 13:05:03.735  4221  4221 I AndroidIME: KeyboardViewManager.updateKeyboardBottomFrame():519 Set bottomFrameHeight = 28 while holderPaddingBottom = 28; navigationHeight = 168
06-13 13:05:03.735  4221  4221 I BaseKeyboardSizeHelper: BaseKeyboardSizeHelper.calculateMaxKeyboardBodyHeight():73 leave 375 height for app when ime window height:2808, header height:154 and isFullscreenMode:false, so the max keyboard body height is:2279
06-13 13:05:03.735  4221  4221 I BaseKeyboardSizeHelper: BaseKeyboardSizeHelper.calculateMaxKeyboardBodyHeight():73 leave 375 height for app when ime window height:2808, header height:154 and isFullscreenMode:false, so the max keyboard body height is:2279
06-13 13:05:03.735  4221  4221 I BaseKeyboardSizeHelper: BaseKeyboardSizeHelper.calculateMaxKeyboardBodyHeight():73 leave 375 height for app when ime window height:2808, header height:154 and isFullscreenMode:false, so the max keyboard body height is:2279
06-13 13:05:03.736  4221  4221 W ExtensionWrapper: ExtensionWrapper.setExtensionViewVisibility():878 interface nwy is not activate
06-13 13:05:03.736  4221  4221 I NgaExtension: NgaExtension.onActivate():646 NgaExtension#onActivate [SDG]
06-13 13:05:03.736  4221  5138 E native  : E0000 00:00:1781381103.736125    5138 bikey-model.cc:1326] Invalid frame index: 13; num frames: 13
06-13 13:05:03.736  4221  5138 E native  : E0000 00:00:1781381103.736180    5138 bikey-model.cc:1326] Invalid frame index: 13; num frames: 13
06-13 13:05:03.736  4221  4221 I NgaVoiceInputHandlerSwitcher: NgaVoiceInputHandlerSwitcher.restorePrimary():240 not switching to primary. fallback is null [SDG]
06-13 13:05:03.736  4221  4221 I NgaVoiceInputHandler: NgaVoiceInputHandler.maybeCreateInputManager():256 VoiceInputHandler:activating [SDG]
06-13 13:05:03.736  4221  4221 I SpeechEnhancementLogger: SpeechEnhancementLogger.logAtInfo():24 Speech enhancement is disabled because device model is not supported [SD]
06-13 13:05:03.736  4221  4221 I ModelessCommandDetector: ModelessCommandDetector.<init>():86 Created modeless command detector with language code en [SDG]
06-13 13:05:03.736  4221  4221 I NgaExtension: NgaExtension.onActivate():672 NgaExtension: interaction type=4 [SDG]
06-13 13:05:03.737  4221 20847 I KeyboardEventHandler: KeyboardEventHandler.handleKeyboardVisibilityEvent():214 Handling KeyboardVisibilityEvent: KEYBOARD_OPENED [SD]
06-13 13:05:03.738  4221 20854 I SpeechEnhancementLogger: SpeechEnhancementLogger.logAtInfo():24 Speech enhancement is disabled because device model is not supported [SD]
06-13 13:05:03.738  4221  4221 I Module  : DeviceLockedStatusModuleProvider$Module.updateDeviceLockedStatusInternal():127 repeatCheckTimes = 1, locked = false
06-13 13:05:03.738  4221 20851 I PackageStatusChecker: PackageStatusChecker.isPackageSuspended():24 Current package suspended=false [SD]
06-13 13:05:03.738  4221  4221 I VoiceImeUtils: VoiceImeUtils.shouldStartVoiceInputAutomaticallyInCurrentInputBox():160 No private IME option set to start voice input. [RD]
06-13 13:05:03.738  4221 20501 I SystemHapticSettings: SystemHapticSettings.updateSystemVibrationState():63 update vibration state: true
06-13 13:05:03.738  4221  4309 I CrossProfileSharedPreferences: CrossProfileSharedPreferences.maybeRunSyncTaskAfterFullSyncComplete():218 Full sync is not complete when incremental sync is called, trigger full sync
06-13 13:05:03.739  4221  4221 I StylusModule: StylusModule.onUpdateToolType():774 Update tool type = 0
--------- beginning of system
06-13 13:05:03.739  1609  5210 D ImeInsetsSourceProvider: showImePostLayout cancelled, serverVisible: true, frozen: false, mWin is: non-null, isDrawn: true, mGivenInsetsPending: false, imeLayeringTarget: Window{a191768 u0 com.takeya.animeongaku/com.takeya.animeongaku.MainActivity}, controlTarget: Window{a191768 u0 com.takeya.animeongaku/com.takeya.animeongaku.MainActivity}
06-13 13:05:03.739  1609  5210 D ImeInsetsSourceProvider: controlTarget == DisplayContent.imeControlTarget: true, hasPendingControls: false, leash is: non-null
06-13 13:05:03.739  1609  5210 I ImeTracker: com.takeya.animeongaku:45431f07: onCancelled at PHASE_SERVER_ABORT_SHOW_IME_POST_LAYOUT
06-13 13:05:03.739  4221  4221 I HardKeyTracker: HardKeyTracker.unregisterKeySequence():259 Unregister key sequence phm{labelResId=2132020537, callback=ffb@363c3bf, lastModifier=2, keyCodes=[32], actions=[0]}
06-13 13:05:03.739  4221 20449 I CrossProfileSharedPreferences: CrossProfileSharedPreferences.syncAllAllowedPreferencesInternal():276 Cannot make cross profile calls to full sync preferences
06-13 13:05:03.739  4221  4221 I HardKeyTracker: HardKeyTracker.unregisterKeySequence():259 Unregister key sequence phm{labelResId=2132020537, callback=ffb@bd8ba8c, lastModifier=0, keyCodes=[319], actions=[0]}
06-13 13:05:03.739  4221  4221 I HardKeyTracker: HardKeyTracker.registerKeySequence():201 Register key sequence phm{labelResId=2132020537, callback=ffb@41e4729, lastModifier=2, keyCodes=[32], actions=[0]}
06-13 13:05:03.739  4221  4221 I HardKeyTracker: HardKeyTracker.registerKeySequence():201 Register key sequence phm{labelResId=2132020537, callback=ffb@d48faae, lastModifier=0, keyCodes=[319], actions=[0]}
06-13 13:05:03.740  4221  4221 I HardKeyTracker: HardKeyTracker.unregisterKeySequence():259 Unregister key sequence phm{labelResId=2132020537, callback=ffb@69adcdb, lastModifier=2, keyCodes=[32], actions=[0]}
06-13 13:05:03.740  4221  4221 I HardKeyTracker: HardKeyTracker.unregisterKeySequence():259 Unregister key sequence phm{labelResId=2132020537, callback=ffb@b9cf378, lastModifier=0, keyCodes=[319], actions=[0]}
06-13 13:05:03.740  4221  4221 I HardKeyTracker: HardKeyTracker.registerKeySequence():201 Register key sequence phm{labelResId=2132020537, callback=ffb@507f04f, lastModifier=2, keyCodes=[32], actions=[0]}
06-13 13:05:03.740  4221  4221 I HardKeyTracker: HardKeyTracker.registerKeySequence():201 Register key sequence phm{labelResId=2132020537, callback=ffb@bb393dc, lastModifier=0, keyCodes=[319], actions=[0]}
06-13 13:05:03.740  4221  4221 I HardKeyTracker: HardKeyTracker.unregisterKeySequence():259 Unregister key sequence phm{labelResId=2132020537, callback=ffb@41e4729, lastModifier=2, keyCodes=[32], actions=[0]}
06-13 13:05:03.740  4221  4221 I HardKeyTracker: HardKeyTracker.unregisterKeySequence():259 Unregister key sequence phm{labelResId=2132020537, callback=ffb@d48faae, lastModifier=0, keyCodes=[319], actions=[0]}
06-13 13:05:03.740  4221  4221 I HardKeyTracker: HardKeyTracker.registerKeySequence():201 Register key sequence phm{labelResId=2132020537, callback=ffb@ffd426b, lastModifier=2, keyCodes=[32], actions=[0]}
06-13 13:05:03.740  4221  4221 I HardKeyTracker: HardKeyTracker.registerKeySequence():201 Register key sequence phm{labelResId=2132020537, callback=ffb@2d411c8, lastModifier=0, keyCodes=[319], actions=[0]}
06-13 13:05:03.741  4221  4221 I HardKeyTracker: HardKeyTracker.unregisterKeySequence():259 Unregister key sequence phm{labelResId=2132020537, callback=ffb@507f04f, lastModifier=2, keyCodes=[32], actions=[0]}
06-13 13:05:03.741  4221  4221 I HardKeyTracker: HardKeyTracker.unregisterKeySequence():259 Unregister key sequence phm{labelResId=2132020537, callback=ffb@bb393dc, lastModifier=0, keyCodes=[319], actions=[0]}
06-13 13:05:03.741  4221  4221 I HardKeyTracker: HardKeyTracker.registerKeySequence():201 Register key sequence phm{labelResId=2132020537, callback=ffb@19b186, lastModifier=2, keyCodes=[32], actions=[0]}
06-13 13:05:03.741  4221  4221 I HardKeyTracker: HardKeyTracker.registerKeySequence():201 Register key sequence phm{labelResId=2132020537, callback=ffb@2ab9a47, lastModifier=0, keyCodes=[319], actions=[0]}
06-13 13:05:03.741  4221 20850 I MultilangConditionManagerImpl: MultilangConditionManagerImpl.isAutomaticSwitchingEnabled():77 Automatic switching disabled because Gboard setting is not shown [SD]
06-13 13:05:03.741  4221 20850 I MultilangConditionManagerImpl: MultilangConditionManagerImpl.isAutomaticSwitchingEnabled():92 Automatic switching disabled because there aren't enough supported keyboard languages [SD]
06-13 13:05:03.741  4221  4221 W InputContextProxy: InputContextProxy.applyClientDiffInternal():933 Ignore [FetchSuggestions] diff due to stale request: 50<56, inputStateId=29, lastInputStateId=32
06-13 13:05:03.741  4221 20847 I AsrProviderChoice: AsrProviderChoice.setChosenProvider():83 Setting chosen ASR provider to: 6 [SD]
06-13 13:05:03.741  4221 20847 I EligibilityChecker: EligibilityChecker.triggerProactiveLanguagePackUpdate():475 Never attempted LP download before, triggering download for potential updates [SD]
06-13 13:05:03.741  4221 20847 I EligibilityChecker: EligibilityChecker.getDictationConfigEligibilityForLocale():310 Dictation is enabled. workprofile=false [SD]
06-13 13:05:03.742  4221 20443 I LanguageDownloadQueue: LanguageDownloadQueue.performLanguageDownload():81 Starting language download job for en-US [SD]
06-13 13:05:03.743  4221 20443 I LanguageDownloadQueue: LanguageDownloadQueue.performLanguageDownload():101 Skip download for en-US due to another recent attempt [SD]
06-13 13:05:03.743 20521 20521 I ImeTracker: com.takeya.animeongaku:bd14c51a: onShown
06-13 13:05:03.743  4221 20848 I MultilangConditionManagerImpl: MultilangConditionManagerImpl.isAutomaticSwitchingEnabled():77 Automatic switching disabled because Gboard setting is not shown [SD]
06-13 13:05:03.743  4221 20848 I MultilangConditionManagerImpl: MultilangConditionManagerImpl.isAutomaticSwitchingEnabled():92 Automatic switching disabled because there aren't enough supported keyboard languages [SD]
06-13 13:05:03.744  4221 20850 I EligibilityChecker: EligibilityChecker.getDictationConfigEligibilityForLocale():310 Dictation is enabled. workprofile=false [SD]
06-13 13:05:03.745  4221 20850 I MultilangConditionManagerImpl: MultilangConditionManagerImpl.isAutomaticSwitchingEnabled():77 Automatic switching disabled because Gboard setting is not shown [SD]
06-13 13:05:03.745  4221 20850 I MultilangConditionManagerImpl: MultilangConditionManagerImpl.isAutomaticSwitchingEnabled():92 Automatic switching disabled because there aren't enough supported keyboard languages [SD]
06-13 13:05:03.746  4221 20850 I KeyboardEligibilityNotifier: KeyboardEligibilityNotifier.notifyEligibility():76 Keyboard notified that eligibility=ELIGIBLE [SD]
06-13 13:05:03.746  4221 20849 I KeyboardUiManagerImpl: KeyboardUiManagerImpl.onKeyboardShownAgain():170 #onKeyboardShownAgain scheduled [SD]
06-13 13:05:03.746  4221 20854 I KeyboardUiManagerImpl: KeyboardUiManagerImpl.onKeyboardShownAgain():173 #onKeyboardShownAgain [SD]
06-13 13:05:03.747  4221 20851 I KeyboardEventHandler: KeyboardEventHandler.handleFieldChangedEvent():454 Handling FieldChangedEvent: fgPkg=com.takeya.animeongaku, fieldType=3.3e+04, interactionType=FIELD_CHANGE [SD]
06-13 13:05:03.747  4221 20848 I SpeechEnhancementLogger: SpeechEnhancementLogger.logAtInfo():24 Speech enhancement is disabled because device model is not supported [SD]
06-13 13:05:03.747  4221  4221 I DynamicLayoutHandler: DynamicLayoutHandler.loadDynamicKeys():92 This isn't a dynamic layout.
06-13 13:05:03.748  4221 20854 I PackageStatusChecker: PackageStatusChecker.isPackageSuspended():24 Current package suspended=false [SD]
06-13 13:05:03.748  4221  4221 I NgaStateManager: NgaStateManager.setAssistantDictationEligibility():188 AssistantDictationEligibility = 1 [SDG]
06-13 13:05:03.748  4221  4221 I NgaStateManager: NgaStateManager.buildConfigEligibilityPerLanguageTag():306 AssistantDictationEligibility(config, en-US) = 1 [SDG]
06-13 13:05:03.748  4221  5138 I Delight5Decoder: Delight5DecoderWrapper.setKeyboardLayout():553 setKeyboardLayout()
06-13 13:05:03.748  4221  4221 I NgaStateManager: NgaStateManager.buildConfigEligibilityPerLanguageTag():306 AssistantDictationEligibility(config, ja-JP) = 1 [SDG]
06-13 13:05:03.748  4221  4221 I NgaStateManager: NgaStateManager.setAssistantDictationEligibility():197 AssistantDictationEligibility(inputField) = 1 [SDG]
06-13 13:05:03.748  4221  4221 I NgaInputHandlerFactory: NgaInputHandlerFactory.restorePrimary():138 restoring primary [SDG]
06-13 13:05:03.748  4221  4221 I NgaVoiceInputHandlerSwitcher: NgaVoiceInputHandlerSwitcher.restorePrimary():240 not switching to primary. fallback is null [SDG]
06-13 13:05:03.748  4221  4221 I NgaExtension: NgaExtension.onDictatingStateChanged():921 Dictating state changed: dictating=false, status=0 [SDG]
06-13 13:05:03.749  4221  4221 I NgaStateManager: NgaStateManager.setAssistantDictationEligibility():188 AssistantDictationEligibility = 1 [SDG]
06-13 13:05:03.749  4221  4221 I NgaStateManager: NgaStateManager.buildConfigEligibilityPerLanguageTag():306 AssistantDictationEligibility(config, en-US) = 1 [SDG]
06-13 13:05:03.749  4221  4221 I NgaStateManager: NgaStateManager.buildConfigEligibilityPerLanguageTag():306 AssistantDictationEligibility(config, ja-JP) = 1 [SDG]
06-13 13:05:03.749  4221  4221 I NgaStateManager: NgaStateManager.setAssistantDictationEligibility():197 AssistantDictationEligibility(inputField) = 1 [SDG]
06-13 13:05:03.749  4221  4221 I NgaInputHandlerFactory: NgaInputHandlerFactory.restorePrimary():138 restoring primary [SDG]
06-13 13:05:03.749  4221  4221 I NgaVoiceInputHandlerSwitcher: NgaVoiceInputHandlerSwitcher.restorePrimary():240 not switching to primary. fallback is null [SDG]
06-13 13:05:03.749  4221  4221 W InputContextProxy: InputContextProxy.applyClientDiffInternal():933 Ignore [FetchSuggestions] diff due to stale request: 52<56, inputStateId=0, lastInputStateId=32
06-13 13:05:03.749  4221  4221 I GoogleInputMethodService: GoogleInputMethodService$1.onKeyboardViewShown():344 onKeyboardViewShown: keyboardType=prime, keyboardViewType=HEADER keyboardView=com.google.android.libraries.inputmethod.widgets.SoftKeyboardView{97d6d7f V.E...... ........ 0,0-1440,154}
06-13 13:05:03.749  4221  4221 I BaseKeyboardSizeHelper: BaseKeyboardSizeHelper.calculateMaxKeyboardBodyHeight():73 leave 375 height for app when ime window height:2808, header height:154 and isFullscreenMode:false, so the max keyboard body height is:2279
06-13 13:05:03.749  4221  4221 I GoogleInputMethodService: GoogleInputMethodService$1.onKeyboardViewShown():344 onKeyboardViewShown: keyboardType=prime, keyboardViewType=BODY keyboardView=com.google.android.libraries.inputmethod.widgets.SoftKeyboardView{915e5b3 V.E...... ........ 0,0-1440,876}
06-13 13:05:03.749  4221  4221 I BaseKeyboardSizeHelper: BaseKeyboardSizeHelper.calculateMaxKeyboardBodyHeight():73 leave 375 height for app when ime window height:2808, header height:154 and isFullscreenMode:false, so the max keyboard body height is:2279
06-13 13:05:03.749  4221  4221 I GlobeKeyExtension: GlobeKeyExtension$1.onKeyboardViewShown():77 maybeDisableLanguageSwitchKeyPref when the keyboard is shown
06-13 13:05:03.749  4221  4221 I GlobeKeyExtension: GlobeKeyExtension.maybeDisableLanguageSwitchKeyPref():211 maybeDisableLanguageSwitchKeyPref hasGlobeKeyBeenDisabled: true, shouldDisableLanguageSwitchKey: true
06-13 13:05:03.749  4221  4221 I NewLanguagePromptExtension: NewLanguagePromptExtension$1.onKeyboardViewShown():98 Not show new language banner: no change in enabled input method entries
06-13 13:05:03.750  4221  4221 I DynamicLayoutHandler: DynamicLayoutHandler.loadDynamicKeys():92 This isn't a dynamic layout.
06-13 13:05:03.750  4221  5138 I Delight5Decoder: Delight5DecoderWrapper.setKeyboardLayout():553 setKeyboardLayout()
06-13 13:05:03.750  4221  4221 W TooltipLifecycleManager: TooltipLifecycleManager.dismissTooltips():153 Tooltip with id spell_check_add_to_dictionary not found in tooltipManager.
06-13 13:05:03.751  4221 20849 I MultilangConditionManagerImpl: MultilangConditionManagerImpl.isAutomaticSwitchingEnabled():77 Automatic switching disabled because Gboard setting is not shown [SD]
06-13 13:05:03.751  4221 20849 I MultilangConditionManagerImpl: MultilangConditionManagerImpl.isAutomaticSwitchingEnabled():92 Automatic switching disabled because there aren't enough supported keyboard languages [SD]
06-13 13:05:03.751  4221 20851 I AsrProviderChoice: AsrProviderChoice.setChosenProvider():83 Setting chosen ASR provider to: 6 [SD]
06-13 13:05:03.751  4221 20851 I EligibilityChecker: EligibilityChecker.triggerProactiveLanguagePackUpdate():475 Never attempted LP download before, triggering download for potential updates [SD]
06-13 13:05:03.752  4221 20851 I EligibilityChecker: EligibilityChecker.getDictationConfigEligibilityForLocale():310 Dictation is enabled. workprofile=false [SD]
06-13 13:05:03.752  4221 20501 I LanguageDownloadQueue: LanguageDownloadQueue.performLanguageDownload():81 Starting language download job for en-US [SD]
06-13 13:05:03.752  4221 20501 I LanguageDownloadQueue: LanguageDownloadQueue.performLanguageDownload():101 Skip download for en-US due to another recent attempt [SD]
06-13 13:05:03.753  4221 20854 I MultilangConditionManagerImpl: MultilangConditionManagerImpl.isAutomaticSwitchingEnabled():77 Automatic switching disabled because Gboard setting is not shown [SD]
06-13 13:05:03.753  4221 20854 I MultilangConditionManagerImpl: MultilangConditionManagerImpl.isAutomaticSwitchingEnabled():92 Automatic switching disabled because there aren't enough supported keyboard languages [SD]
06-13 13:05:03.753  4221 20854 I EligibilityChecker: EligibilityChecker.getDictationConfigEligibilityForLocale():310 Dictation is enabled. workprofile=false [SD]
06-13 13:05:03.754  4221 20848 I MultilangConditionManagerImpl: MultilangConditionManagerImpl.isAutomaticSwitchingEnabled():77 Automatic switching disabled because Gboard setting is not shown [SD]
06-13 13:05:03.754  4221 20848 I MultilangConditionManagerImpl: MultilangConditionManagerImpl.isAutomaticSwitchingEnabled():92 Automatic switching disabled because there aren't enough supported keyboard languages [SD]
06-13 13:05:03.755  4221 20848 I KeyboardEligibilityNotifier: KeyboardEligibilityNotifier.notifyEligibility():76 Keyboard notified that eligibility=ELIGIBLE [SD]
06-13 13:05:03.756  4221  4221 I KeyboardModeUtils: KeyboardModeUtils.getKeyboardBottomOffset():435 inch: 0.000000 ydpi: 511.277008 adjustKeyboardBottomByDisplaySize: false currentDensityDpi: 560 defaultDensityDpi: 560 keyboardBottomToScreenPx: 0 keyboardBottomToNavBarPx: -168 navBarHeight: 168
06-13 13:05:03.757  4221  4221 I BaseKeyboardSizeHelper: BaseKeyboardSizeHelper.calculateMaxKeyboardBodyHeight():73 leave 375 height for app when ime window height:2808, header height:154 and isFullscreenMode:false, so the max keyboard body height is:2279
06-13 13:05:03.757  4221  4221 I BaseKeyboardSizeHelper: BaseKeyboardSizeHelper.calculateMaxKeyboardBodyHeight():73 leave 375 height for app when ime window height:2808, header height:154 and isFullscreenMode:false, so the max keyboard body height is:2279
06-13 13:05:03.757  4221  4221 I AndroidIME: KeyboardViewManager.updateKeyboardBottomFrame():519 Set bottomFrameHeight = 28 while holderPaddingBottom = 28; navigationHeight = 168
06-13 13:05:03.757  4221  4221 I NgaStateManager: NgaStateManager.setAssistantDictationEligibility():188 AssistantDictationEligibility = 1 [SDG]
06-13 13:05:03.757  4221  4221 I NgaStateManager: NgaStateManager.buildConfigEligibilityPerLanguageTag():306 AssistantDictationEligibility(config, en-US) = 1 [SDG]
06-13 13:05:03.757  4221  4221 I NgaStateManager: NgaStateManager.buildConfigEligibilityPerLanguageTag():306 AssistantDictationEligibility(config, ja-JP) = 1 [SDG]
06-13 13:05:03.757  4221  4221 I NgaStateManager: NgaStateManager.setAssistantDictationEligibility():197 AssistantDictationEligibility(inputField) = 1 [SDG]
06-13 13:05:03.757  4221  4221 I NgaInputHandlerFactory: NgaInputHandlerFactory.restorePrimary():138 restoring primary [SDG]
06-13 13:05:03.757  4221  4221 I NgaVoiceInputHandlerSwitcher: NgaVoiceInputHandlerSwitcher.restorePrimary():240 not switching to primary. fallback is null [SDG]
06-13 13:05:03.757  4221  4221 I NgaExtension: NgaExtension.onDictatingStateChanged():921 Dictating state changed: dictating=false, status=0 [SDG]
06-13 13:05:03.759  4221  4221 I NgaStateManager: NgaStateManager.setAssistantDictationEligibility():188 AssistantDictationEligibility = 1 [SDG]
06-13 13:05:03.759  4221  4221 I NgaStateManager: NgaStateManager.buildConfigEligibilityPerLanguageTag():306 AssistantDictationEligibility(config, en-US) = 1 [SDG]
06-13 13:05:03.759  4221  4221 I NgaStateManager: NgaStateManager.buildConfigEligibilityPerLanguageTag():306 AssistantDictationEligibility(config, ja-JP) = 1 [SDG]
06-13 13:05:03.759  4221  4221 I NgaStateManager: NgaStateManager.setAssistantDictationEligibility():197 AssistantDictationEligibility(inputField) = 1 [SDG]
06-13 13:05:03.759  4221  4221 I NgaInputHandlerFactory: NgaInputHandlerFactory.restorePrimary():138 restoring primary [SDG]
06-13 13:05:03.759  4221  4221 I NgaVoiceInputHandlerSwitcher: NgaVoiceInputHandlerSwitcher.restorePrimary():240 not switching to primary. fallback is null [SDG]
06-13 13:05:03.759  4221  4221 I KeyboardModeUtils: KeyboardModeUtils.getKeyboardBottomOffset():435 inch: 0.000000 ydpi: 511.277008 adjustKeyboardBottomByDisplaySize: false currentDensityDpi: 560 defaultDensityDpi: 560 keyboardBottomToScreenPx: 0 keyboardBottomToNavBarPx: -168 navBarHeight: 168
06-13 13:05:03.760  4221  4221 I BaseKeyboardSizeHelper: BaseKeyboardSizeHelper.calculateMaxKeyboardBodyHeight():73 leave 375 height for app when ime window height:2808, header height:154 and isFullscreenMode:false, so the max keyboard body height is:2279
06-13 13:05:03.760  4221  4221 I BaseKeyboardSizeHelper: BaseKeyboardSizeHelper.calculateMaxKeyboardBodyHeight():73 leave 375 height for app when ime window height:2808, header height:154 and isFullscreenMode:false, so the max keyboard body height is:2279
06-13 13:05:03.760  4221  4221 I AndroidIME: KeyboardViewManager.updateKeyboardBottomFrame():519 Set bottomFrameHeight = 28 while holderPaddingBottom = 28; navigationHeight = 168
06-13 13:05:03.819  1743  1746 I pixel-thermal: quiet_therm:27.338 raw data: quiet_therm:27338 
06-13 13:05:03.820  1743  1746 I pixel-thermal: VIRTUAL-USB-UI:0 raw data: USB-MINUS-NEUTRAL:-986 USB-MINUS-USB2:-23 VIRTUAL-USB-UI:0 neutral_therm:28277 usb_pwr_therm:27291 usb_pwr_therm2:27314 
06-13 13:05:03.820  1743  1746 I pixel-thermal: VIRTUAL-USB-THROTTLING:0 raw data: USB-MINUS-NEUTRAL:-986 USB-MINUS-USB2:-23 VIRTUAL-USB-THROTTLING:0 usb_pwr_therm:27291 
06-13 13:05:03.820  1743  1746 I pixel-thermal: usb_pwr_therm:27.291 raw data: usb_pwr_therm:27291 
06-13 13:05:03.820  1743  1746 I pixel-thermal: Power rails total power: 574.60 mW for 60046 ms
06-13 13:05:03.820  1743  1746 I pixel-thermal: Power rails [S6M_LLDO1: 85.05 mW] [L7S_SENSORS: 3.98 mW] [S10M_VDD_TPU: 0.00 mW] [S5M_VDD_INT: 17.67 mW] [S2M_VDD_CPUCL2: 60.99 mW] [S1M_VDD_MIF: 26.83 mW] 
06-13 13:05:03.820  1743  1746 I pixel-thermal: Power rails [S4M_VDD_CPUCL0: 40.03 mW] [VSYS_PWR_WLAN_BT: 60.25 mW] [VSYS_PWR_RFFE: 1.49 mW] [VSYS_PWR_MODEM: 7.27 mW] [VSYS_PWR_MMWAVE: 0.59 mW] [S3M_VDD_CPUCL1: 17.97 mW] 
06-13 13:05:03.820  1743  1746 I pixel-thermal: Power rails [L2S_PLL_MIPI_UFS: 18.58 mW] [L14S_ALIVE: 0.00 mW] [S9S_VDD_AOC: 11.81 mW] [S4S_VDD2H_MEM: 14.92 mW] [L9S_GNSS_CORE: 0.00 mW] [S8S_VDD_G3D_L2: 2.71 mW] 
06-13 13:05:03.820  1743  1746 I pixel-thermal: Power rails [S5S_VDDQ_MEM: 1.66 mW] [S2S_VDD_G3D: 1.88 mW] [S1S_VDD_CAM: 0.96 mW] [S8M_LLDO2: 41.38 mW] [L15M_VDD_SLC_M: 19.56 mW] [VSYS_PWR_DISPLAY: 139.00 mW] 
06-13 13:05:03.820  1743  1746 I pixel-thermal: CDEV log gxp-cooling state:0 tpu_cooling state:0 usbc-port state:0 thermal-cpufreq-1 state:0 chg_mdis state:0 thermal-gpufreq-0 state:0 thermal-cpufreq-2 state:0 thermal-cpufreq-0 state:0 
06-13 13:05:03.889  4221  4221 W TooltipLifecycleManager: TooltipLifecycleManager.dismissTooltips():153 Tooltip with id spell_check_add_to_dictionary not found in tooltipManager.
06-13 13:05:03.910  1126  3328 I WifiHAL : Creating message to get link statistics; iface = 47
06-13 13:05:03.919  4221  4221 W TooltipLifecycleManager: TooltipLifecycleManager.dismissTooltips():153 Tooltip with id spell_check_add_to_dictionary not found in tooltipManager.
06-13 13:05:04.033  1126  3328 E libbinder.IPCThreadState: binder thread pool (1 threads) starved for 123 ms
06-13 13:05:04.079  1126  3328 D WifiHAL : Start debug command: mType GET_FEATURE
06-13 13:05:04.079  1126  3328 I WifiHAL : CreateRequest mType = GET_FEATURE
06-13 13:05:04.079  1126  3328 D WifiHAL : In DebugCommand::handleResponse, mType:GET_FEATURE
06-13 13:05:04.079  1126  3328 D WifiHAL : len = 4, expected len = 4
06-13 13:05:04.267  1363  1363 I adbd    : adbd service requested 'shell,v2,raw:input tap 420 1380'
06-13 13:05:04.348  1363  1363 I adbd    : adbd service requested 'shell,v2,raw:input text stubpass'
06-13 13:05:04.386 20521 20521 D InsetsController: show(ime())
06-13 13:05:04.386 20521 20521 I ImeTracker: com.takeya.animeongaku:7b6fea46: onRequestShow at ORIGIN_CLIENT reason SHOW_SOFT_INPUT_BY_INSETS_API fromUser false userId 0 displayId 0
06-13 13:05:04.386 20521 20521 I ImeTracker: com.takeya.animeongaku:7b6fea46: onCancelled at PHASE_CLIENT_APPLY_ANIMATION
06-13 13:05:04.387  1609  2132 I ImeTracker: com.takeya.animeongaku:f1a69918: onRequestShow at ORIGIN_SERVER reason ATTACH_NEW_INPUT fromUser false userId 0 displayId 0
06-13 13:05:04.388  4221  4221 I GoogleInputMethodService: GoogleInputMethodService.onStartInput():1446 onStartInput(EditorInfo{EditorInfo{packageName=com.takeya.animeongaku, inputType=8081, inputTypeString=Password[AutoCorrect], enableLearning=false, autoCorrection=false, autoComplete=true, imeOptions=2000006, privateImeOptions=null, actionName=DONE, actionLabel=null, initialSelStart=0, initialSelEnd=0, initialCapsMode=0, label=null, fieldId=-1, fieldName=null, extras=Bundle[mParcelledData.dataSize=404], hintText=null, hintLocales=[]}}, true)
06-13 13:05:04.388  4221  4221 W SessionManager: SessionManager.beginSession():72 Try to begin an already begun session [INPUT_SESSION], end it first
06-13 13:05:04.388  4221  4221 W SessionManager: SessionManager.endSession():119 Child session [INPUT_VIEW_SESSION] is not ended while ending session [{INPUT_VIEW_SESSION=1781381103711, TRAINING_CACHE_SESSION=1781381103713, IME_SESSION=1781381103712, INPUT_SESSION=1781381103707}], ending it now.
06-13 13:05:04.388  4221  4221 W SessionManager: SessionManager.endSession():119 Child session [IME_SESSION] is not ended while ending session [{INPUT_VIEW_SESSION=1781381103711, TRAINING_CACHE_SESSION=1781381103713, IME_SESSION=1781381103712, INPUT_SESSION=1781381103707}], ending it now.
06-13 13:05:04.388  4221  4221 I AndroidIME: LatinIMEBase.updateInputViewCoverNavigation():321 Update input view padding, isNavbarOverInputWindow=true, bottom inset=168
06-13 13:05:04.389  4221  4221 I Module  : DeviceLockedStatusModuleProvider$Module.updateDeviceLockedStatusInternal():127 repeatCheckTimes = 1, locked = false
06-13 13:05:04.389  4221  4221 I HardKeyTracker: HardKeyTracker.unregisterKeySequence():259 Unregister key sequence phm{labelResId=0, callback=cqg@d45d8be, lastModifier=0, keyCodes=[57, 57], actions=[1, 0]}
06-13 13:05:04.389  4221  4221 I HardKeyTracker: HardKeyTracker.unregisterKeySequence():259 Unregister key sequence phm{labelResId=0, callback=cqg@e20486c, lastModifier=0, keyCodes=[58, 58], actions=[1, 0]}
06-13 13:05:04.390  4221  4221 I GoogleInputMethodService: GoogleInputMethodService.onStartInputView():1532 onStartInputView(EditorInfo{EditorInfo{packageName=com.takeya.animeongaku, inputType=8081, inputTypeString=Password[AutoCorrect], enableLearning=false, autoCorrection=false, autoComplete=true, imeOptions=2000006, privateImeOptions=null, actionName=DONE, actionLabel=null, initialSelStart=0, initialSelEnd=0, initialCapsMode=0, label=null, fieldId=-1, fieldName=null, extras=Bundle[{android.support.text.emoji.emojiCompat_metadataVersion=12, androidx.core.view.inputmethod.EditorInfoCompat.STYLUS_HANDWRITING_ENABLED=false, android.support.text.emoji.emojiCompat_replaceAll=false}], hintText=null, hintLocales=[]}}, true)
06-13 13:05:04.390  1609  1632 W PackageConfigPersister: App-specific configuration not found for packageName: com.takeya.animeongaku and userId: 0
06-13 13:05:04.391  4221  4221 I InputBundle: InputBundle.consumeEvent():1056 Skip consuming an event as keyboard status is INACTIVE
06-13 13:05:04.391  4221  4221 I AndroidIME: AbstractIme.onDeactivate():213 LatinIme.onDeactivate()
06-13 13:05:04.391  4221  4221 W SessionManager: SessionManager.endSession():111 Try to end a not begun session [IME_SESSION].
06-13 13:05:04.391  4221  4221 I KeyboardHeightUtil: KeyboardHeightUtil.getOemKeyboardHeightRatio():81 systemKeyboardHeightRatio:1.025000.
06-13 13:05:04.395  4221  4309 I NebulaeTrainingCacheMetricsProcessor: NebulaeTrainingCacheMetricsProcessor.processEndSession():590 End training cache session: com.takeya.animeongaku_-1/
06-13 13:05:04.407  4221  4309 I CrossProfileSharedPreferences: CrossProfileSharedPreferences.maybeRunSyncTaskAfterFullSyncComplete():218 Full sync is not complete when incremental sync is called, trigger full sync
06-13 13:05:04.408 20521 20521 I ImeTracker: com.takeya.animeongaku:775a7742: onRequestShow at ORIGIN_CLIENT reason SHOW_SOFT_INPUT fromUser false userId 0 displayId 0
06-13 13:05:04.408  4221  4309 E UserFeatureCache: UserFeatureCache.getStore():760 Wrong feature id provided -1 for protobuf qcg.
06-13 13:05:04.408 20521 20521 D InsetsController: show(ime())
06-13 13:05:04.408 20521 20521 I ImeTracker: com.takeya.animeongaku:775a7742: onCancelled at PHASE_CLIENT_APPLY_ANIMATION
06-13 13:05:04.408  4221  4309 E UserFeatureCache: UserFeatureCache.getProto():684 Feature not enabled should not called: 19
06-13 13:05:04.408  4221 20449 I CrossProfileSharedPreferences: CrossProfileSharedPreferences.syncAllAllowedPreferencesInternal():276 Cannot make cross profile calls to full sync preferences
06-13 13:05:04.424  4221  4221 I AndroidIME: InputBundleManager.startInput():357 startInput2 restarting=true
06-13 13:05:04.424  4221  4221 I AndroidIME: InputBundleManager.loadActiveInputBundleId():542 loadActiveInputBundleId: und-Latn-x-password, password
06-13 13:05:04.424  4221  4221 I InputBundle: InputBundle.activateIme():598 activateIme: INACTIVE, keyboardType=prime
06-13 13:05:04.425  4221  4221 I ImeInterfacePrivate: IIme.createImeWithClassName():62 IIme created from HiltImeFactory: com.google.android.libraries.inputmethod.ime.password.PasswordIme
06-13 13:05:04.425  4221  4221 I AndroidIME: AbstractIme.onActivate():95 PasswordIme.onActivate() : EditorInfo = EditorInfo{packageName=com.takeya.animeongaku, inputType=8081, inputTypeString=Password[AutoCorrect], enableLearning=false, autoCorrection=false, autoComplete=true, imeOptions=2000006, privateImeOptions=null, actionName=DONE, actionLabel=null, initialSelStart=0, initialSelEnd=0, initialCapsMode=0, label=null, fieldId=-1, fieldName=null, extras=Bundle[{android.support.text.emoji.emojiCompat_metadataVersion=12, androidx.core.view.inputmethod.EditorInfoCompat.STYLUS_HANDWRITING_ENABLED=false, android.support.text.emoji.emojiCompat_replaceAll=false}], hintText=null, hintLocales=[]}, IncognitoMode = false, DeviceLocked = false
06-13 13:05:04.425  4221  4221 I InputBundle: InputBundle.activateKeyboard():653 activateKeyboard: ACTIVE, type=oiz[keyboardType=prime, payload=null]
06-13 13:05:04.425  4221  4221 I KeyboardWrapper: KeyboardWrapper.activateKeyboard():592 activateKeyboard(): type=prime, status=INACTIVE, imeDef=ohs{stringId=password, language=und-Latn-x-password, languageTag=und-Latn-x-password, processedConditions={variant=qwerty, true=true, language=en-US, enable_number_row=true, device=phone, enable_number_row_in_password=true, enable_pk_simulator=false}, className=com.google.android.libraries.inputmethod.ime.password.PasswordIme, label=2132019378, keyEventInterpreter=null, inlineComposing=true, autoCapital=true, announceAutoSelectedCandidate=true, statusIcon=0, indicatorIcon=0, indicatorLabel=null, displayAppCompletions=false, extraValues=ohl{}, processors=ojm@da195c6, unacceptableMetaKeys=4098, languageSpecificSettings=0, asciiCapable=false, alwaysShowSuggestions=false, useAsciiPasswordKeyboard=false, keyboardGroupDef=oiu@5737323, phenotypeFlagId=0, localizationLanguageTag=null, supportsInlineSuggestion=false}
06-13 13:05:04.426  4221  4221 I KeyboardManager: KeyboardManager.requestKeyboard():249 Creating keyboard prime, imeId=password, cacheKey=theme,!gsf,!pgsf,!use_system_font,BORDER,DYNAMIC_DARK_BRIGHT_KEY,FLAVOR_DPI=XXXHDPI,IS_LIGHT,KEYBOARD_WIDTH_CATEGORY=NORMAL,KEY_BORDER_SHAPE=1,LIGHT_THEME=true,PHYSICAL_DIAGONAL=5.9037175,POPUP,SCREEN_SHORTEST_WIDTH=411,SCREEN_SHORTEST_WIDTH_NO_SCALE=411,SW400DP,XXXHDPI,bottom4dp,bright_key_on_dynamic_color_dark_theme=true,enable_popup_on_keypress=true,non_linear_scale,noshadow,overlay_builtin_dynamic_color_light_base.binarypb:gm3-light-fff7f5ff-ff0058ba-65f4eb49c856e02f0c9596da4cbfc6d1,pgsans,silkpopup
06-13 13:05:04.426  4221  4221 I KeyboardDefManager: KeyboardDefManager.requestKeyboardDef():128 requestKeyboardDef(): type=prime, info=oir{defIds=[#0x7f1705fa, #0x7f170891, #0x7f1706ba], defIdsCacheKey=[2132215290, 2132215953, 2132215482]}
06-13 13:05:04.426  4221  4221 I KeyboardDefManager: KeyboardDefManager.requestKeyboardDef():195 requestKeyboardDef(): getOrCreate from cache, info=oir{defIds=[#0x7f1705fa, #0x7f170891, #0x7f1706ba], defIdsCacheKey=[2132215290, 2132215953, 2132215482]}
06-13 13:05:04.427  4221  4221 I KeyboardDefManager: KeyboardDefManager$Companion$addFutureCallbackForKeyboardDefReceiver$1.onSuccess():425 requestKeyboardDef onSuccess(): info=oir{defIds=[#0x7f1705fa, #0x7f170891, #0x7f1706ba], defIdsCacheKey=[2132215290, 2132215953, 2132215482]}
06-13 13:05:04.427  4221  4221 I KeyboardInterfacePrivate: IKeyboard.createKeyboard():67 Keyboard created from HiltKeyboardFactory: com.google.android.apps.inputmethod.latin.keyboard.LatinPasswordKeyboard
06-13 13:05:04.427  4221  4221 I KeyboardWrapper: KeyboardWrapper.onKeyboardReady():226 onKeyboardReady(): type=null(prime), kb=com.google.android.apps.inputmethod.latin.keyboard.LatinPasswordKeyboard@ab924d7
06-13 13:05:04.427  4221  4221 W TooltipLifecycleManager: TooltipLifecycleManager.dismissTooltips():153 Tooltip with id auto_translate_banner not found in tooltipManager.
06-13 13:05:04.428  4221  4221 I KeyboardWrapper: KeyboardWrapper.doActivateKeyboard():624 doActivateKeyboard(): prime
06-13 13:05:04.471  4221  4221 I KeyboardViewHelper: KeyboardViewHelper.getView():180 Get view with height ratio:1.025000
06-13 13:05:04.500  4221  4221 I BaseKeyboardSizeHelper: BaseKeyboardSizeHelper.calculateMaxKeyboardBodyHeight():73 leave 375 height for app when ime window height:2808, header height:154 and isFullscreenMode:false, so the max keyboard body height is:2279
06-13 13:05:04.501  4221  4221 I SoftKeyboardView: SoftKeyboardView.setMaxHeight():1113 Set max keyboard height:2279.
06-13 13:05:04.501  4221  4221 W TooltipLifecycleManager: TooltipLifecycleManager.dismissTooltips():153 Tooltip with id undo_access_point_promotion_banner not found in tooltipManager.
06-13 13:05:04.502  4221  4221 I KeyboardModeUtils: KeyboardModeUtils.getKeyboardBottomOffset():435 inch: 0.000000 ydpi: 511.277008 adjustKeyboardBottomByDisplaySize: false currentDensityDpi: 560 defaultDensityDpi: 560 keyboardBottomToScreenPx: 0 keyboardBottomToNavBarPx: -168 navBarHeight: 168
06-13 13:05:04.502  4221  4221 I BaseKeyboardSizeHelper: BaseKeyboardSizeHelper.calculateMaxKeyboardBodyHeight():73 leave 375 height for app when ime window height:2808, header height:154 and isFullscreenMode:false, so the max keyboard body height is:2279
06-13 13:05:04.502  4221  4221 I BaseKeyboardSizeHelper: BaseKeyboardSizeHelper.calculateMaxKeyboardBodyHeight():73 leave 375 height for app when ime window height:2808, header height:154 and isFullscreenMode:false, so the max keyboard body height is:2279
06-13 13:05:04.502  4221  4221 I AndroidIME: KeyboardViewManager.updateKeyboardBottomFrame():519 Set bottomFrameHeight = 28 while holderPaddingBottom = 28; navigationHeight = 168
06-13 13:05:04.502  4221  4221 I BaseKeyboardSizeHelper: BaseKeyboardSizeHelper.calculateMaxKeyboardBodyHeight():73 leave 375 height for app when ime window height:2808, header height:154 and isFullscreenMode:false, so the max keyboard body height is:2279
06-13 13:05:04.503  4221  4221 I BaseKeyboardSizeHelper: BaseKeyboardSizeHelper.calculateMaxKeyboardBodyHeight():73 leave 375 height for app when ime window height:2808, header height:154 and isFullscreenMode:false, so the max keyboard body height is:2279
06-13 13:05:04.503  4221  4221 I BaseKeyboardSizeHelper: BaseKeyboardSizeHelper.calculateMaxKeyboardBodyHeight():73 leave 375 height for app when ime window height:2808, header height:154 and isFullscreenMode:false, so the max keyboard body height is:2279
06-13 13:05:04.503  4221  4221 I GlobeKeyExtension: GlobeKeyExtension.getKeyboardInitialStates():186 
06-13 13:05:04.504  4221  4221 W KeyboardDef: KeyboardDef.getKeyboardViewDef():397 KeyboardViewDef is not found: keyboardDef=oil{processedConditions={show_comma_key=true, enable_more_candidates_view_for_multilingual=false, layout_9key_split=false, enable_secondary_symbols=true, pref_enable_flick_symbols=false, enable_scrub_move=true, language=en-US, deprecate_long_press_space_for_ime_picker=false, show_suggestion_strip=true, expressions=normal, android_software_xr_api_spatial=false, variant=qwerty, free_cursor=false, show_period_key=true, enable_number_row=true, device=phone, keyboard_mode=normal, show_secondary_digits=false, enable_pk_simulator=false, enable_preemptive_decode=true}, globalConditions={global_theme_key=theme,!gsf,!pgsf,!use_system_font,BORDER,DYNAMIC_DARK_BRIGHT_KEY,FLAVOR_DPI=XXXHDPI,IS_LIGHT,KEYBOARD_WIDTH_CATEGORY=NORMAL,KEY_BORDER_SHAPE=1,LIGHT_THEME=true,PHYSICAL_DIAGONAL=5.9037175,POPUP,SCREEN_SHORTEST_WIDTH=411,SCREEN_SHORTEST_WIDTH_NO_SCALE=411,SW400DP,XXXHDPI,bottom4dp,bright_key_on_dynamic_color_dark_theme=true,enable_popup_on_keypress=true,non_linear_scale,noshadow,overlay_builtin_dynamic_color_light_base.binarypb:gm3-light-fff7f5ff-ff0058ba-65f4eb49c856e02f0c9596da4cbfc6d1,pgsans,silkpopup, global_locale=en_US, global_density_dpi=560, global_orientation=1}, className=.latin.keyboard.LatinPasswordKeyboard, resourceIds=[#0x7f1705fa, #0x7f170891, #0x7f1706ba], initialStates=0, keyboardViewDefs=[ojd{direction=null, id=#0x7f0b0230, isScalable=true, layoutId=#0x7f0e02c3, type=BODY, touchable=true, defaultShow=true}, ojd{direction=null, id=#0x7f0b0230, isScalable=false, layoutId=#0x7f0e021e, type=FLOATING_CANDIDATES, touchable=false, defaultShow=false}, ojd{direction=LOCALE, id=#0x7f0b0230, isScalable=false, layoutId=#0x7f0e0527, type=HEADER, touchable=true, defaultShow=true}], persistentStates=0, persistentStatesPrefKey=null, popupBubbleLayoutId=#0x7f0e0618, recentKeyLayoutId=#0x0, recentKeyPopupLayoutId=#0x0, recentKeyType=null, rememberRecentKey=NONE, sessionStates=26388279066624}, type=WIDGET, id=2131427888
06-13 13:05:04.504  4221  4221 W Keyboard: Keyboard.getKeyboardViewHelper():607 null helper is returned: keyboardDef=oil{processedConditions={show_comma_key=true, enable_more_candidates_view_for_multilingual=false, layout_9key_split=false, enable_secondary_symbols=true, pref_enable_flick_symbols=false, enable_scrub_move=true, language=en-US, deprecate_long_press_space_for_ime_picker=false, show_suggestion_strip=true, expressions=normal, android_software_xr_api_spatial=false, variant=qwerty, free_cursor=false, show_period_key=true, enable_number_row=true, device=phone, keyboard_mode=normal, show_secondary_digits=false, enable_pk_simulator=false, enable_preemptive_decode=true}, globalConditions={global_theme_key=theme,!gsf,!pgsf,!use_system_font,BORDER,DYNAMIC_DARK_BRIGHT_KEY,FLAVOR_DPI=XXXHDPI,IS_LIGHT,KEYBOARD_WIDTH_CATEGORY=NORMAL,KEY_BORDER_SHAPE=1,LIGHT_THEME=true,PHYSICAL_DIAGONAL=5.9037175,POPUP,SCREEN_SHORTEST_WIDTH=411,SCREEN_SHORTEST_WIDTH_NO_SCALE=411,SW400DP,XXXHDPI,bottom4dp,bright_key_on_dynamic_color_dark_theme=true,enable_popup_on_keypress=true,non_linear_scale,noshadow,overlay_builtin_dynamic_color_light_base.binarypb:gm3-light-fff7f5ff-ff0058ba-65f4eb49c856e02f0c9596da4cbfc6d1,pgsans,silkpopup, global_locale=en_US, global_density_dpi=560, global_orientation=1}, className=.latin.keyboard.LatinPasswordKeyboard, resourceIds=[#0x7f1705fa, #0x7f170891, #0x7f1706ba], initialStates=0, keyboardViewDefs=[ojd{direction=null, id=#0x7f0b0230, isScalable=true, layoutId=#0x7f0e02c3, type=BODY, touchable=true, defaultShow=true}, ojd{direction=null, id=#0x7f0b0230, isScalable=false, layoutId=#0x7f0e021e, type=FLOATING_CANDIDATES, touchable=false, defaultShow=false}, ojd{direction=LOCALE, id=#0x7f0b0230, isScalable=false, layoutId=#0x7f0e0527, type=HEADER, touchable=true, defaultShow=true}], persistentStates=0, persistentStatesPrefKey=null, popupBubbleLayoutId=#0x7f0e0618, recentKeyLayoutId=#0x0, recentKeyPopupLayoutId=#0x0, recentKeyType=null, rememberRecentKey=NONE, sessionStates=26388279066624}, type=WIDGET, helpersCreated={HEADER=ntb@798aded, BODY=ntb@34e7422, FLOATING_CANDIDATES=ntb@415feb3}, context.getResources().getConfiguration(): {1.0 310mcc260mnc [en_US,ja_JP] ldltr sw411dp w411dp h891dp 560dpi nrml long compactNeeded hdr widecg port finger -keyb/v/h -nav/h winConfig={ mBounds=Rect(0, 0 - 1440, 3120) mAppBounds=Rect(0, 0 - 1440, 3120) mMaxBounds=Rect(0, 0 - 1440, 3120) mDisplayRotation=ROTATION_0 mWindowingMode=fullscreen mActivityType=undefined mAlwaysOnTop=undefined mRotation=ROTATION_0} s.13 fontWeightAdjustment=0}
06-13 13:05:04.504  4221  4221 I MotionEventHandlerManager: MotionEventHandlerManager.newHandlerInstance():562 Created handler instance from HiltMotionEventHandlerFactory com.google.android.libraries.inputmethod.motioneventhandler.BasicMotionEventHandler
06-13 13:05:04.505  4221  4221 I MotionEventHandlerManager: MotionEventHandlerManager.newHandlerInstance():562 Created handler instance from HiltMotionEventHandlerFactory .motioneventhandler.BasicMotionEventHandler
06-13 13:05:04.505  4221  4221 I MotionEventHandlerManager: MotionEventHandlerManager.newHandlerInstance():562 Created handler instance from HiltMotionEventHandlerFactory .motioneventhandler.scrubmove.ScrubDeleteMotionEventHandler
06-13 13:05:04.505  4221  4221 I MotionEventHandlerManager: MotionEventHandlerManager.newHandlerInstance():562 Created handler instance from HiltMotionEventHandlerFactory .motioneventhandler.scrubmove.ScrubMoveMotionEventHandler
06-13 13:05:04.505  4221  4221 I MotionEventHandlerManager: MotionEventHandlerManager.newHandlerInstance():562 Created handler instance from HiltMotionEventHandlerFactory com.google.android.libraries.inputmethod.motioneventhandler.BasicMotionEventHandler
06-13 13:05:04.505  4221  4221 I BaseKeyboardSizeHelper: BaseKeyboardSizeHelper.calculateMaxKeyboardBodyHeight():73 leave 375 height for app when ime window height:2808, header height:154 and isFullscreenMode:false, so the max keyboard body height is:2279
06-13 13:05:04.509  4221  4221 I KeyboardDefManager: KeyboardDefManager.requestKeyboardDef():128 requestKeyboardDef(): type=symbol, info=oir{defIds=[#0x7f170923], defIdsCacheKey=[2132216099]}
06-13 13:05:04.510  4221  4221 I KeyboardDefManager: KeyboardDefManager.requestKeyboardDef():195 requestKeyboardDef(): getOrCreate from cache, info=oir{defIds=[#0x7f170923], defIdsCacheKey=[2132216099]}
06-13 13:05:04.510  4221  4221 I KeyboardDefManager: KeyboardDefManager$Companion$addFutureCallbackForKeyboardDefReceiver$1.onSuccess():425 requestKeyboardDef onSuccess(): info=oir{defIds=[#0x7f170923], defIdsCacheKey=[2132216099]}
06-13 13:05:04.510  4221  4221 I KeyboardInterfacePrivate: IKeyboard.createKeyboard():67 Keyboard created from HiltKeyboardFactory: com.google.android.apps.inputmethod.latin.keyboard.LatinSymbolsKeyboard
06-13 13:05:04.511  4221  4221 I KeyboardDefManager: KeyboardDefManager.requestKeyboardDef():128 requestKeyboardDef(): type=digit, info=oir{defIds=[#0x7f17086a], defIdsCacheKey=[2132215914]}
06-13 13:05:04.511  4221  4221 I KeyboardDefManager: KeyboardDefManager.requestKeyboardDef():195 requestKeyboardDef(): getOrCreate from cache, info=oir{defIds=[#0x7f17086a], defIdsCacheKey=[2132215914]}
06-13 13:05:04.511  4221  4221 I KeyboardDefManager: KeyboardDefManager$Companion$addFutureCallbackForKeyboardDefReceiver$1.onSuccess():425 requestKeyboardDef onSuccess(): info=oir{defIds=[#0x7f17086a], defIdsCacheKey=[2132215914]}
06-13 13:05:04.511  4221  4221 I KeyboardInterfacePrivate: IKeyboard.createKeyboard():67 Keyboard created from HiltKeyboardFactory: com.google.android.apps.inputmethod.latin.keyboard.LatinDigitsKeyboard
06-13 13:05:04.511  4221  4221 I AndroidIME: InputBundleManager.startInput():372 startInput() with oiz[keyboardType=prime, payload=null]
06-13 13:05:04.512  4221  4221 W SupplementaryKeyboardsWrapper: SupplementaryKeyboardsWrapper.deactivateKeyboard():162 keyboard composing_text_consumer is not activated before!
06-13 13:05:04.512  4221  4221 I GlobeKeyExtension: GlobeKeyExtension.onDeactivate():154 
06-13 13:05:04.512  4221  4221 I NgaExtension: NgaExtension.onDeactivate():687 NgaExtension#onDeactivate [SDG]
06-13 13:05:04.513  4221 20851 I NgaDataShareClient: NgaDataShareClient.sendCorrectionsAndEndSession():412 endDataPushSession() [SDG]
06-13 13:05:04.513  4221 20851 I NgaDataShareClient: NgaDataShareClient.sendCorrectionsList():420 sendCorrectionsList() [SDG]
06-13 13:05:04.513  4221  4221 W NotificationCenter: NotificationCenter.unregisterListener():480 Listener hfa@d7ecdf was not registered for notification class nky
06-13 13:05:04.513  4221 20851 W NgaDataShareClient: NgaDataShareClient.getClientInfo():504 null TriggerApplicationId provided. [SDG]
06-13 13:05:04.513  4221  4221 I NgaVoiceInputHandler: NgaVoiceInputHandler.shutdownInternalLegacy():342 VoiceInputHandler:deactivating with reason: SHUTDOWN_UNIVERSAL_EXTENSION_ON_DEACTIVATE [SDG]
06-13 13:05:04.513  4221 20849 I DataShareHelper: DataShareHelper.shareCorrections():24 shareCorrections() [SD]
06-13 13:05:04.513  4221  4221 W NotificationCenter: NotificationCenter.unregisterListener():480 Listener ooe@1205c36 was not registered for notification class oof
06-13 13:05:04.513  4221 20851 W NotificationCenter: NotificationCenter.unregisterListener():480 Listener hgn@8fbc018 was not registered for notification class nqx
06-13 13:05:04.513  4221  4221 W SmartEdit: SmartEdit.setGenAiVoiceEditManager():827 Cannot set LC UI delegate: promotionManager is null
06-13 13:05:04.513  4221 20851 W NotificationCenter: NotificationCenter.unregisterListener():480 Listener hgm@2484a71 was not registered for notification class nky
06-13 13:05:04.513  4221  4221 I NgaInputManager: NgaInputManager.onDeactivate():482 SmartEdit: unloading models false [SDG]
06-13 13:05:04.513  4221 20443 W AutoCloseableReference: AutoCloseablePhantomReference.close():42 close() is invoked more than once
06-13 13:05:04.514  4221 20854 I KeyboardEventHandler: KeyboardEventHandler.handleKeyboardVisibilityEvent():214 Handling KeyboardVisibilityEvent: KEYBOARD_CLOSED [SD]
06-13 13:05:04.514  4221  4221 I PkModeUpdater: PkModeUpdater.onActivate():76 onActivate false true
06-13 13:05:04.514  4221  4221 I AccessoryInputModeManager: AccessoryInputModeManager.onModeStarted():353 Accessory input mode started: null
06-13 13:05:04.515  4221  4221 W SupplementaryKeyboardsWrapper: SupplementaryKeyboardsWrapper.deactivateKeyboard():162 keyboard accessory_candidates_consumer is not activated before!
06-13 13:05:04.515  4221  4221 W SupplementaryKeyboardsWrapper: SupplementaryKeyboardsWrapper.deactivateKeyboard():162 keyboard composing_text_consumer is not activated before!
