06-13 13:05:17.690 20914 20914 W AccessibilityNodeInfoDumper: Fetch time: 8ms
06-13 13:05:17.691  1609  5165 V AccessibilityManagerService: onUserStateChangedLocked for userId: 0, forceUpdate: false
06-13 13:05:17.692  1609  2249 D BackgroundInstallControlService: Package event received: 0
06-13 13:05:17.694 16618 16629 I euth    : (REDACTED) HDM. appOpsListener %s %s
06-13 13:05:17.695 16618 16629 I euth    : (REDACTED) HDM. Ignoring irrelevant audio permission changes for package %s
06-13 13:05:17.696  1609  5165 V AccessibilityUserState: updateShortcutTargets: type:accessibility_shortcut_target_service, current:{}, new:{}
06-13 13:05:17.696  1609  5165 V AccessibilityUserState: updateShortcutTargets: type:accessibility_button_targets, current:{}, new:{}
06-13 13:05:17.696  1609  5165 V AccessibilityUserState: updateShortcutTargets: type:accessibility_gesture_targets, current:{}, new:{}
06-13 13:05:17.696  1609  5165 V AccessibilityUserState: updateShortcutTargets: type:accessibility_qs_targets, current:{com.android.server.accessibility/ReduceBrightColors}, new:{com.android.server.accessibility/ReduceBrightColors}
06-13 13:05:17.696  1609  5165 V AccessibilityUserState: updateShortcutTargets: type:accessibility_key_gesture_targets, current:{}, new:{}
06-13 13:05:17.696  1609  5165 W MagnificationConnectionManager: requestConnection duplicated request: connect=false, mConnectionState=DISCONNECTED
06-13 13:05:17.696  1609  5165 D AccessibilityManagerService: restoreCurrentUserForTestAutomationIfNeededLocked(): ignoring because device doesn't support visible background users
06-13 13:05:17.699 20914 20928 W libbinder.IPCThreadState: call to talkWithDriver in joinThreadPool returned error: -9 (Bad file descriptor), FD: -1
06-13 13:05:17.699 20914 20925 W libbinder.IPCThreadState: call to talkWithDriver in joinThreadPool returned error: -9 (Bad file descriptor), FD: -1
06-13 13:05:17.699 20914 20924 W libbinder.IPCThreadState: call to talkWithDriver in joinThreadPool returned error: -9 (Bad file descriptor), FD: -1
06-13 13:05:17.699 20914 20914 D AndroidRuntime: Shutting down VM
06-13 13:05:17.701  1048  3005 I OE::VisualizerEffect: setParameter: captureSize = 128
06-13 13:05:17.706  1609  1609 V AccessibilityManagerService: onUserStateChangedLocked for userId: 0, forceUpdate: false
06-13 13:05:17.708  1609  1609 V AccessibilityUserState: updateShortcutTargets: type:accessibility_shortcut_target_service, current:{}, new:{}
06-13 13:05:17.708  1609  1609 V AccessibilityUserState: updateShortcutTargets: type:accessibility_button_targets, current:{}, new:{}
06-13 13:05:17.709  1609  1609 V AccessibilityUserState: updateShortcutTargets: type:accessibility_gesture_targets, current:{}, new:{}
06-13 13:05:17.709  1609  1609 V AccessibilityUserState: updateShortcutTargets: type:accessibility_qs_targets, current:{com.android.server.accessibility/ReduceBrightColors}, new:{com.android.server.accessibility/ReduceBrightColors}
06-13 13:05:17.709  1609  1609 V AccessibilityUserState: updateShortcutTargets: type:accessibility_key_gesture_targets, current:{}, new:{}
06-13 13:05:17.709  1609  1609 W MagnificationConnectionManager: requestConnection duplicated request: connect=false, mConnectionState=DISCONNECTED
06-13 13:05:17.710  1609  5217 D AccessibilityManagerService: .getAccessibilityShortcutTargets {shortcutType=32, userId=0}
06-13 13:05:17.711  2368  2753 D AccessibilitySourceService: enabled a11y services count 1
06-13 13:05:17.713  2368  2753 D AccessibilitySourceService: a11y source sending 1 issue to sc
06-13 13:05:17.713  1609  2469 D SafetySourceDataValidat: No cert check requested for package com.google.android.permissioncontroller
06-13 13:05:17.761  1050  2884 I bthal.activity: bt_power: LeAdvStat: 13:05:16:761 - 13:05:17:761, duration: 1000, le_adv_count: 1, total_le_adv_count: 7841, total_event_count: 1
06-13 13:05:18.219  1609  2469 V AccessibilityManagerService: onUserStateChangedLocked for userId: 0, forceUpdate: false
06-13 13:05:18.223  1609  2469 V AccessibilityUserState: updateShortcutTargets: type:accessibility_shortcut_target_service, current:{}, new:{}
06-13 13:05:18.223  1609  2469 V AccessibilityUserState: updateShortcutTargets: type:accessibility_button_targets, current:{}, new:{}
06-13 13:05:18.223  1609  2469 V AccessibilityUserState: updateShortcutTargets: type:accessibility_gesture_targets, current:{}, new:{}
06-13 13:05:18.223  1609  2469 V AccessibilityUserState: updateShortcutTargets: type:accessibility_qs_targets, current:{com.android.server.accessibility/ReduceBrightColors}, new:{com.android.server.accessibility/ReduceBrightColors}
06-13 13:05:18.223  1609  2469 V AccessibilityUserState: updateShortcutTargets: type:accessibility_key_gesture_targets, current:{}, new:{}
06-13 13:05:18.223  1609  2469 W MagnificationConnectionManager: requestConnection duplicated request: connect=false, mConnectionState=DISCONNECTED
06-13 13:05:18.230  4590  4590 D InsetsController: Setting requestedVisibleTypes to 498 (was 503)
06-13 13:05:18.233  1609  5220 D AccessibilityManagerService: .getAccessibilityShortcutTargets {shortcutType=32, userId=0}
06-13 13:05:18.239  2368  2753 D AccessibilitySourceService: enabled a11y services count 1
06-13 13:05:18.243  2368  2753 D AccessibilitySourceService: a11y source sending 1 issue to sc
06-13 13:05:18.247  1609  5217 D SafetySourceDataValidat: No cert check requested for package com.google.android.permissioncontroller
06-13 13:05:18.269  4590  4590 D InsetsController: Setting requestedVisibleTypes to 498 (was 503)
06-13 13:05:18.275  4590  4590 E ThemeUtils: View class com.jamworks.dynamicspot.customclass.CustomEditText is an AppCompat widget that can only be used with a Theme.AppCompat theme (or descendant).
06-13 13:05:18.283  4590  4590 E ThemeUtils: View class com.jamworks.dynamicspot.customclass.CustomEditText is an AppCompat widget that can only be used with a Theme.AppCompat theme (or descendant).
06-13 13:05:18.398 20521 20761 I okhttp.OkHttpClient: --> GET https://ongaku.local/v1/sync/status
06-13 13:05:18.407 20521 20761 I okhttp.OkHttpClient: <-- 200 OK http://127.0.0.1:8080/v1/sync/status (8ms, 121-byte body)
06-13 13:05:18.587  1363  1363 I adbd    : adbd service requested 'sync:'
06-13 13:05:18.612  1363  1363 I adbd    : adbd service requested 'shell,v2:export ANDROID_LOG_TAGS="''"; exec logcat '-d' '-t' '1200''
06-13 13:05:19.450  1126  1126 I WifiHAL : Creating message to get link statistics; iface = 47
06-13 13:05:19.494  1058  1093 D CHRE.HAL: Received a nanoapp message from 0x476f6f676c001022 endpoint 0x8082: Type 0x3 size 8 
06-13 13:05:19.495  1091  1091 I suez-nanoapp-clients: Barometric peak detected: magnitude = 409.543091 hPa (bucket: 49), duration = 200.000000 ms (bucket: 18).
06-13 13:05:19.496  1091  1975 I suez-nanoapp-clients: Vendor atom [id = 100047] reported.
06-13 13:05:19.496  1058  1093 I CHRE    : @ 92367.077: [ip] Peak detected: magnitude = 409.543097 hpa, duration = 200.000002 ms
06-13 13:05:19.544  1126  1126 D WifiHAL : Start debug command: mType GET_FEATURE
06-13 13:05:19.544  1126  1126 I WifiHAL : CreateRequest mType = GET_FEATURE
06-13 13:05:19.544  1126  1126 D WifiHAL : In DebugCommand::handleResponse, mType:GET_FEATURE
06-13 13:05:19.544  1126  1126 D WifiHAL : len = 4, expected len = 4
06-13 13:05:20.187  1330  1330 W TracingMuxer: type=1400 audit(0.0:5519): avc:  denied  { write } for  name="traced_producer" dev="tmpfs" ino=1280 scontext=u:r:gxp_logging:s0 tcontext=u:object_r:traced_producer_socket:s0 tclass=sock_file permissive=0
06-13 13:05:20.237  2562  3238 D HbmSvManager: Ambient sensor :  TMD3719 Ambient Light update Lux : 68.29905
06-13 13:05:20.417 20521 20761 I okhttp.OkHttpClient: --> GET https://ongaku.local/v1/sync/status
06-13 13:05:20.443 20521 20761 I okhttp.OkHttpClient: <-- 200 OK http://127.0.0.1:8080/v1/sync/status (25ms, 121-byte body)
06-13 13:05:21.275  1609  2111 D ActivityManager: freezing 4916 com.google.android.apps.messaging
06-13 13:05:21.875  1050  2884 I bthal.activity: bt_power: LeAdvStat: 13:05:20:875 - 13:05:21:875, duration: 1000, le_adv_count: 1, total_le_adv_count: 7842, total_event_count: 1
06-13 13:05:21.956   904 20470 I NearbyMediums: Found Fast Ble Advertisements :
06-13 13:05:21.956   904 20470 I NearbyMediums: BleAdvertisement { version=2, socketVersion=2, isFast=true, serviceIdHash=null, data=[ 0x23 0x47 0x31 0x30 0x39 0x11 0x32 0xad 0xd7 0xc5 0x6b 0xdc 0x31 0xb2 0xbd 0x56 0x21 0x2a 0x5f 0xcc 0xc2 0x01 0xc3 ], deviceToken=[ 0xc6 0x4e ], rxAdvertisement=null } : 2 times.
06-13 13:05:21.956   904 20470 I NearbyMediums: BleAdvertisement { version=2, socketVersion=2, isFast=true, serviceIdHash=null, data=[ 0x23 0x47 0x35 0x4d 0x39 0x11 0x32 0x86 0x0f 0x13 0xa2 0xc7 0xe4 0x51 0xaa 0xd1 0xde 0xe0 0x80 0x04 0x1d 0x56 0x23 ], deviceToken=[ 0xba 0x2b ], rxAdvertisement=null } : 5 times.
06-13 13:05:21.956   904 20470 I NearbyMediums: Total 7 fast advertisements from 2 unique advertisers.
06-13 13:05:21.957   904 20470 I NearbyMediums: Current Tracked Scanning Clients are : {NearbyConnections.EnvironmentMonitor, NearbySharing}
06-13 13:05:22.262  1609  2111 D ActivityManager: freezing 4691 com.google.android.apps.tycho
06-13 13:05:22.454 20521 20761 I okhttp.OkHttpClient: --> GET https://ongaku.local/v1/sync/status
06-13 13:05:22.485 20521 20761 I okhttp.OkHttpClient: <-- 200 OK http://127.0.0.1:8080/v1/sync/status (29ms, 121-byte body)
06-13 13:05:22.550  1126  3328 I WifiHAL : Creating message to get link statistics; iface = 47
06-13 13:05:22.652  1126  3328 D WifiHAL : Start debug command: mType GET_FEATURE
06-13 13:05:22.652  1126  3328 I WifiHAL : CreateRequest mType = GET_FEATURE
06-13 13:05:22.653  1126  3328 D WifiHAL : In DebugCommand::handleResponse, mType:GET_FEATURE
06-13 13:05:22.653  1126  3328 D WifiHAL : len = 4, expected len = 4
06-13 13:05:22.656  2936  2968 D IwlanDataService: onCapabilitiesChanged: 100 [ Transports: WIFI Capabilities: NOT_METERED&INTERNET&NOT_RESTRICTED&TRUSTED&NOT_VPN&VALIDATED&NOT_ROAMING&FOREGROUND&NOT_CONGESTED&NOT_SUSPENDED&NOT_VCN_MANAGED&NOT_BANDWIDTH_CONSTRAINED LinkUpBandwidth>=18481Kbps LinkDnBandwidth>=70609Kbps TransportInfo: <SSID: "KitsuNet", BSSID: f4:92:bf:88:b9:2b, MAC: c8:2a:dd:b6:e9:9e, IP: /192.168.173.201, Security type: 2, Supplicant state: COMPLETED, Wi-Fi standard: 11ax, RSSI: -60, Link speed: 1200Mbps, Tx Link speed: 1200Mbps, Max Supported Tx Link speed: 1200Mbps, Calculated Tx : 182Mbps, Rx Link speed: 1200Mbps, Max Supported Rx Link speed: 1200Mbps, Calculated Rx : 677Mbps, Frequency: 5745MHz, Net ID: 107, Metered hint: false, score: 100, isUsable: true, CarrierMerged: false, SubscriptionId: -1, IsPrimary: 1, Trusted: true, Restricted: false, Ephemeral: false, OEM paid: false, OEM private: false, OSU AP: false, FQDN: <none>, Provider friendly name: <none>, Requesting package name: <none>"KitsuNet"wpa2-pskMLO Information: , Is TID-To-Link negotiation supported by the AP: false, AP MLD Address: <none>, AP MLO Link Id: <none>, AP MLO Affiliated links: <none>, Vendor Data: <none>> SignalStrength: -60 OwnerUid: 1000 AdminUids: [1000] SSID: "KitsuNet" UnderlyingNetworks: Null]
06-13 13:05:22.656  2936  2968 D IwlanDataService: Network 100 connected using transport WIFI
06-13 13:05:22.662  2936  3092 D IwlanNetworkService: onCapabilitiesChanged: 100
06-13 13:05:22.663  3022  3116 D IwlanNetworkStatusTracker: onCapabilitiesChanged: 100
06-13 13:05:22.663  3022  3116 D IwlanNetworkStatusTracker: OnCapability : Wifi Available already true and validation status unchanged
06-13 13:05:22.663  3022  3116 E IwlanNetworkStatusTracker: Could not get Wifi SSID
06-13 13:05:22.664  3353  3492 D DeviceStateHelper: Wifi freq: 5745
06-13 13:05:22.664  3353  3513 I WifiSignalInfo: onCapabilitiesChanged: rssi:-60
06-13 13:05:22.665  3353  3497 D ImsPreconditionCheck: {subId=1} handleMessage: { when=0 what=16 target=ejg async=false heapIndex=-1 }
06-13 13:05:22.665  3353  3497 D ImsPreconditionCheck: {subId=1} onWifiCapabilitiesChanged: wifiNetworkValidated: true
06-13 13:05:22.665  2646  3751 W SHANNON_IMS: 0289 [CONN] NetworkSpecifier and TransportInfo are not valid (DefaultNetworkCallback%updateSubscriptionId:121)
06-13 13:05:22.665  2646  3751 I SHANNON_IMS: 0291 [CONN] network:100 WIFI connected, subId: -1 [SLID:0] (DefaultNetworkCallback%onCapabilitiesChanged:76)
06-13 13:05:22.666  2626  3828 D SHANNON_RCS: 2222 [0][PROX][TELE] onCapabilitiesChanged, Network: 100, NetworkCapabilities: [ Transports: WIFI Capabilities: NOT_METERED&INTERNET&NOT_RESTRICTED&TRUSTED&NOT_VPN&VALIDATED&NOT_ROAMING&FOREGROUND&NOT_CONGESTED&NOT_SUSPENDED&NOT_VCN_MANAGED&NOT_BANDWIDTH_CONSTRAINED LinkUpBandwidth>=18481Kbps LinkDnBandwidth>=70609Kbps TransportInfo: <SSID: <unknown ssid>, BSSID: 02:00:00:00:00:00, MAC: 02:00:00:00:00:00, IP: /192.168.173.201, Security type: 2, Supplicant state: COMPLETED, Wi-Fi standard: 11ax, RSSI: -60, Link speed: 1200Mbps, Tx Link speed: 1200Mbps, Max Supported Tx Link speed: 1200Mbps, Calculated Tx : 182Mbps, Rx Link speed: 1200Mbps, Max Supported Rx Link speed: 1200Mbps, Calculated Rx : 677Mbps, Frequency: 5745MHz, Net ID: -1, Metered hint: false, score: 100, isUsable: true, CarrierMerged: false, SubscriptionId: -1, IsPrimary: -1, Trusted: true, Restricted: false, Ephemeral: false, OEM paid: false, OEM private: false, OSU AP: false, FQDN: <none>, Provider friendly name: <none>, Requesting package name: <none><none>MLO Information: , Is TID-To-Link negotiation supported by the AP: false, AP MLD Address: <none>, AP MLO Link Id: <none>, AP MLO Affiliated links: <none>, Vendor Data: <none>> SignalStrength: -60 UnderlyingNetworks: Null] (DefaultNetworkCallback%onCapabilitiesChanged:76)
06-13 13:05:22.669  1609  1688 D ActivityManager: sync unfroze 13436 com.google.android.apps.privacy.wildlife for 3
06-13 13:05:22.673  5232  5232 I Tycho.VoiceLibrary: TeleWifiMonitor.updateSignalState, (is connected: true, signal level: 88%, link speed: 204Mbps) -> (is connected: true, signal level: 88%, link speed: 1200Mbps)
06-13 13:05:22.673  1609  2249 D BackgroundInstallControlService: Package event received: 0
06-13 13:05:22.674  5232  5232 I Tycho.VoiceLibrary: Skip the config reloading on wifi_state_change because it's using local profile and enableConfigReloadForLocalProfile is disabled.
06-13 13:05:22.675  5232  5232 I Tycho.VoiceLibrary: ImsRegistrationNetworkSelector.onWifiStateChanged
06-13 13:05:22.675 13436 13436 I Wildlife_WildlifeVpnReceiver: ACTION_WIFI_STATE_CHANGED
06-13 13:05:22.675 13436 13436 I Wildlife_WildlifeCobaltEventLoggerImpl: SysUI wifi state changed event logged
06-13 13:05:22.677 13436 13436 I Wildlife_WildlifeVpnManagerImpl: restoreSettingsFromBackupIfNecessary() false, true, false
06-13 13:05:22.677 13436 13436 I Wildlife_OpenWifiNudgeManagerImpl: wifiStateChangedFuture
06-13 13:05:22.677 13436 20759 I Wildlife_OpenWifiNudgeManagerImpl: handleWifiStateChanged(): consumer is not active
06-13 13:05:22.679  1609  4979 D ActivityManager: sync unfroze 4691 com.google.android.apps.tycho for 7
06-13 13:05:22.679  4417  4676 I BugleRcsEngine: Connected state: [1], networkType: [WIFI] [CONTEXT thread_id=60 ]
06-13 13:05:22.680  4417  4863 I BugleRcsEngine: handleMessage processing message:[NOTIFY_UPTIME_IGNORE_STATE_CHANGED] with [non-null]:RcsEngineImpl reference [CONTEXT log_prefix="RcsEngineImpl[DUAL_REG]:[a8f71631-44a9]>Handler" thread_id=66 ]
06-13 13:05:22.680  1609  2249 D BackgroundInstallControlService: Package event received: 0
06-13 13:05:22.681   904  1045 I NullBinder: NullBinder for android.net.action.RECOMMEND_NETWORKS triggering remote TransactionTooLargeException due to Service without Chimera impl, calling uid: 1000, calling pid: 0
06-13 13:05:22.681   904  1045 W libbinder.Binder: Large reply transaction of 1056768 bytes, interface descriptor , code 1, flags 17
06-13 13:05:22.690  1609  4979 D ActivityManager: sync unfroze 4916 com.google.android.apps.messaging for 7
06-13 13:05:22.691  1609  2249 D BackgroundInstallControlService: Package event received: 0
06-13 13:05:22.697 30928 15371 I CobaltLoggerImpl: (REDACTED) Logging Cobalt occurrence for metric %d-%d-%d, with count %d and event vector %s, for caller: %s
06-13 13:05:22.697 30928 15371 I CobaltLoggerImpl: (REDACTED) Loaded Cobalt registry contains metric: %d-%d-%d
06-13 13:05:22.698  1609  2196 D ConnectivityService: NetReassign [no changes] [c 0] [a 5] [i 1]
06-13 13:05:22.699   904 20471 I NearbyMediums: Wifi changed new SSID: "KitsuNet"
06-13 13:05:22.699   904 20471 I NearbyMediums: WifiLanConnectivityInfo is not changed, skip notify.
06-13 13:05:22.702  1058  1093 D CHRE    : @ 92370.287: Parsed nanoapp message from host: app ID 0x476f6f676c00100b endpoint 0xf msgType 112 payload size 14
06-13 13:05:22.703  1058  1093 I CHRE    : @ 92370.288: [NanoMinion] received MSG Type 0x70, Version 1, 10 bytes
06-13 13:05:22.703  1058  1093 I CHRE    : @ 92370.288: [AR] context-signal: has_bt=0, bt=0, has_wifi=1, wifi=1
06-13 13:05:22.703   904   904 D BoundBrokerSvc: onRebind: Intent { act=com.google.android.gms.common.telemetry.service.START dat=chimera-action:/... xflg=0x4 cmp=com.google.android.gms/.chimera.PersistentApiService }
06-13 13:05:23.193   904 20471 I NearbySharing: Network state changed: NetworkState(isRestricted=false, isOnline=true, isCongested=false, isMetered=false, isWifiConnected=true)
06-13 13:05:23.819  8142  8163 I Finsky  : [45] Stats for Executor: LightweightExecutor vzk@138401a[Running, pool size = 4, active threads = 0, queued tasks = 0, completed tasks = 9679]
06-13 13:05:23.819  8142  8163 I Finsky  : [45] Stats for Executor: BlockingExecutor vzk@4f1117d[Running, pool size = 1, active threads = 0, queued tasks = 0, completed tasks = 849]
06-13 13:05:23.819  8142  8163 I Finsky  : [45] Stats for Executor: bgExecutor vzk@302672b[Running, pool size = 4, active threads = 0, queued tasks = 0, completed tasks = 23820]
06-13 13:05:24.492 20521 20761 I okhttp.OkHttpClient: --> GET https://ongaku.local/v1/sync/status
06-13 13:05:24.513 20521 20761 I okhttp.OkHttpClient: <-- 200 OK http://127.0.0.1:8080/v1/sync/status (20ms, 121-byte body)
06-13 13:05:24.735  1050  2884 I bthal.activity: bt_power: LeAdvStat: 13:05:23:735 - 13:05:24:735, duration: 1000, le_adv_count: 1, total_le_adv_count: 7843, total_event_count: 1
06-13 13:05:25.661  1126  3328 I WifiHAL : Creating message to get link statistics; iface = 47
06-13 13:05:25.757  1126  3328 D WifiHAL : Start debug command: mType GET_FEATURE
06-13 13:05:25.757  1126  3328 I WifiHAL : CreateRequest mType = GET_FEATURE
06-13 13:05:25.758  1126  3328 D WifiHAL : In DebugCommand::handleResponse, mType:GET_FEATURE
06-13 13:05:25.758  1126  3328 D WifiHAL : len = 4, expected len = 4
06-13 13:05:26.164  1050  2884 I bthal.activity: bt_power: LeAdvStat: 13:05:25:073 - 13:05:26:164, duration: 1091, le_adv_count: 3, total_le_adv_count: 7846, total_event_count: 3
06-13 13:05:26.520 20521 20761 I okhttp.OkHttpClient: --> GET https://ongaku.local/v1/sync/status
06-13 13:05:26.544 20521 20761 I okhttp.OkHttpClient: <-- 200 OK http://127.0.0.1:8080/v1/sync/status (23ms, 121-byte body)
06-13 13:05:26.674  2549  2754 D TemperatureStateSource: sequence=6243 actualDelay=10000
06-13 13:05:26.674  2549  2754 D TemperatureStateSource: Reading temperature: sequence=6244
06-13 13:05:26.677  1743  1743 I pixel-thermal: VIRTUAL-SKIN:28.4093 raw data: VIRTUAL-GNSS-DISP:28409.3 VIRTUAL-NEUTRAL-QUIET:27250.3 VIRTUAL-QUIET-USB2:26116.4 VIRTUAL-SKIN:28409.3 VIRTUAL-USB2-QUIET:25556.4 disp_therm:27788 gnss_tcxo_therm:29635 neutral_therm:28344 quiet_therm:27314 usb_pwr_therm2:27338 
06-13 13:05:26.678  2549  2754 D TemperatureStateSource: getDeviceTemperatures: sequence=6244 deviceTemperatureType=3 temperatureSource=0 temperatures=[28.40926]
06-13 13:05:26.678  2549  2754 D BusinessScope: Enqueuing the block
06-13 13:05:26.678  2549  2754 D TemperatureStateSource: sequence=6244 waitTime=10000
06-13 13:05:26.678  2549  3446 D BusinessScope: Start running the #12605 block
06-13 13:05:26.679  2549  3446 D BusinessScope: Enqueuing the block
06-13 13:05:26.679  2549  3446 D ImpulseStateSource: Notify clients: 6301
06-13 13:05:26.679  2549  3446 D BusinessScope: Finish running the #12605 block
06-13 13:05:26.679  2549  3446 D BusinessScope: Start running the #12606 block
06-13 13:05:26.679  2549  3446 D BusinessScope: Finish running the #12606 block
06-13 13:05:27.559  1050  2884 I bthal.activity: bt_power: LeAdvStat: 13:05:26:504 - 13:05:27:558, duration: 1054, le_adv_count: 2, total_le_adv_count: 7848, total_event_count: 2
06-13 13:05:27.734   904   904 D BoundBrokerSvc: onUnbind: Intent { act=com.google.android.gms.common.telemetry.service.START dat=chimera-action:/... xflg=0x4 cmp=com.google.android.gms/.chimera.PersistentApiService }
06-13 13:05:28.552 20521 20761 I okhttp.OkHttpClient: --> GET https://ongaku.local/v1/sync/status
06-13 13:05:28.579 20521 20761 I okhttp.OkHttpClient: <-- 200 OK http://127.0.0.1:8080/v1/sync/status (26ms, 121-byte body)
06-13 13:05:28.767  1126  3328 I WifiHAL : Creating message to get link statistics; iface = 47
06-13 13:05:28.879  1126  3328 E libbinder.IPCThreadState: binder thread pool (1 threads) starved for 111 ms
06-13 13:05:28.923  1126  3328 D WifiHAL : Start debug command: mType GET_FEATURE
06-13 13:05:28.923  1126  3328 I WifiHAL : CreateRequest mType = GET_FEATURE
06-13 13:05:28.923  1126  3328 D WifiHAL : In DebugCommand::handleResponse, mType:GET_FEATURE
06-13 13:05:28.924  1126  3328 D WifiHAL : len = 4, expected len = 4
06-13 13:05:28.942  1050  2884 I bthal.activity: bt_power: LeAdvStat: 13:05:27:942 - 13:05:28:942, duration: 1000, le_adv_count: 1, total_le_adv_count: 7849, total_event_count: 1
06-13 13:05:30.034  1363  1363 I adbd    : adbd service requested 'shell,v2,raw:input tap 1020 1690'
06-13 13:05:30.089  2368  2368 I GrantPermissionsViewModel: Logged buttons presented and clicked permissionGroupName=android.permission-group.NOTIFICATIONS uid=10519 package=com.takeya.animeongaku presentedButtons=9 clickedButton=1 isPermissionRationaleShown=false sessionId=7730330732546400441 targetSdk=36 prompt=BASIC initialLocationPrecision=0 selectedLocationPrecision=0 locationAccuracyButtonClicked= false
06-13 13:05:30.092  2549  2549 I cdas-PermissionService: OnPermissionsChangedListener, permission state changed with id=10519, cdasAppUid=-1
06-13 13:05:30.092  1609  5165 W EnhancedConfirmationService: The packageName should not be null.
06-13 13:05:30.092  1609  1609 D PermissionMonitor: setLocalNetworkPermissions in onPermissionsChanged took 78 microseconds.
06-13 13:05:30.093  2368  2368 I GrantPermissionsViewModel: Permission grant result requestId=7730330732546400441 callingUid=10519 callingPackage=com.takeya.animeongaku permission=android.permission.POST_NOTIFICATIONS isImplicit=false result=4 isPermissionRationaleShown=falseisPackageRestrictedByEnhancedConfirmation=false
06-13 13:05:30.094  2549  2549 I cdas-PermissionService: OnPermissionsChangedListener, permission state changed with id=10519, cdasAppUid=-1
06-13 13:05:30.095  2362  2405 V WindowManagerShell: Transition requested (#128): android.os.BinderProxy@c83aff2 TransitionRequestInfo { type = CLOSE, triggerTask = null, pipChange = null, remoteTransitionInfo = null, displayChange = null, requestedLocation = null, userChange = null, windowingLayerChange = null, fullscreenRequestChange = null, flags = 0, debugId = 128 }
06-13 13:05:30.095  2362  2405 W DisplayDisconnectTransitionHandler: No disconnect change found in the transition, not handling request.
06-13 13:05:30.096  1609  1609 D PermissionMonitor: setLocalNetworkPermissions in onPermissionsChanged took 14 microseconds.
06-13 13:05:30.098   554   612 I libbinder.BpBinder: onLastStrongRef automatically unlinking death recipients for binder (0xb4000072e45bdf00) with descriptor: '(not cached)'
06-13 13:05:30.103  1609  2249 D BackgroundInstallControlService: Package event received: 0
06-13 13:05:30.113  1609  1671 V WindowManager: Sent Transition (#128) createdAt=06-13 13:05:30.095 via request=TransitionRequestInfo { type = CLOSE, triggerTask = null, pipChange = null, remoteTransitionInfo = null, displayChange = null, requestedLocation = null, userChange = null, windowingLayerChange = null, fullscreenRequestChange = null, flags = 0, debugId = 128 }
06-13 13:05:30.113  1609  1671 V WindowManager:     startWCT=WindowContainerTransaction { changes= {} hops= [] flags= 0 errorCallbackToken=null taskFragmentOrganizer=null }
06-13 13:05:30.114  1609  1671 V WindowManager:     info={id=128 t=CLOSE f=0x0 trk=0 r=[0@Point(0, 0)] c=[
06-13 13:05:30.114  1609  1671 V WindowManager:         {m=CLOSE f=TRANSLUCENT|FILLS_TASK leash=Surface(name=ActivityRecord{74543984 u0 com.google.android.permissioncontroller/com.android.permissioncontroller.permission.ui.GrantPermissionsActivity t258}#2068)/@0xd5f091d sb=Rect(0, 0 - 1440, 3120) eb=Rect(0, 0 - 1440, 3120) epz=Point(1440, 3120) d=0 bc=ffe4e7ff activity=ActivityTransitionInfo { component = ComponentInfo{com.google.android.permissioncontroller/com.android.permissioncontroller.permission.ui.GrantPermissionsActivity}, taskId = 258, appCompatTransitionInfo = null } opt={t=FROM_STYLE mUserId=0}}
06-13 13:05:30.114  1609  1671 V WindowManager:     ]}
06-13 13:05:30.116  2362  2467 V WindowManagerShell: onTransitionReady(transaction=6910602404697)
06-13 13:05:30.116  2362  2405 V WindowManagerShell: onTransitionReady (#128) android.os.BinderProxy@c83aff2: {id=128 t=CLOSE f=0x0 trk=0 r=[0@Point(0, 0)] c=[
06-13 13:05:30.116  2362  2405 V WindowManagerShell:         {m=CLOSE f=TRANSLUCENT|FILLS_TASK leash=Surface(name=ActivityRecord{74543984 u0 com.google.android.permissioncontroller/com.android.permissioncontroller.permission.ui.GrantPermissionsActivity t258}#2068)/@0xad9d643 sb=Rect(0, 0 - 1440, 3120) eb=Rect(0, 0 - 1440, 3120) epz=Point(1440, 3120) d=0 bc=ffe4e7ff activity=ActivityTransitionInfo { component = ComponentInfo{com.google.android.permissioncontroller/com.android.permissioncontroller.permission.ui.GrantPermissionsActivity}, taskId = 258, appCompatTransitionInfo = null } opt={t=FROM_STYLE mUserId=0}}
06-13 13:05:30.116  2362  2405 V WindowManagerShell:     ]}
06-13 13:05:30.116  2362  2405 V WindowManagerShell: Playing animation for (#128) android.os.BinderProxy@c83aff2@0
06-13 13:05:30.117  2362  2405 D ShellSplitScreen: startAnimation: transition=128 isSplitActive=false
06-13 13:05:30.117  2362  2405 V ShellRecents: RecentsTransitionHandler.startAnimation: no controller found
06-13 13:05:30.117  2362  2405 V WindowManagerShell: Transition doesn't have explicit remote, search filters for match for {id=128 t=CLOSE f=0x0 trk=0 r=[0@Point(0, 0)] c=[{m=CLOSE f=TRANSLUCENT|FILLS_TASK leash=Surface(name=ActivityRecord{74543984 u0 com.google.android.permissioncontroller/com.android.permissioncontroller.permission.ui.GrantPermissionsActivity t258}#2068)/@0xad9d643 sb=Rect(0, 0 - 1440, 3120) eb=Rect(0, 0 - 1440, 3120) epz=Point(1440, 3120) d=0 bc=ffe4e7ff activity=ActivityTransitionInfo { component = ComponentInfo{com.google.android.permissioncontroller/com.android.permissioncontroller.permission.ui.GrantPermissionsActivity}, taskId = 258, appCompatTransitionInfo = null } opt={t=FROM_STYLE mUserId=0}}]}
06-13 13:05:30.117  2362  2405 V WindowManagerShell:  Checking filter Pair{{types=[] flags=0x0] notFlags=0x0 checks=[{atype=undefined independent=true modes=[CLOSE,TO_BACK] flags=IN_TASK_WITH_EMBEDDED_ACTIVITY mustBeTask=false order=ANY topActivity=null launchCookie=null taskFragmentToken=android.os.BinderProxy@cd776a2 windowingMode=undefined isCrossDisplayMove=false}]} RemoteTransition { remoteTransition = android.window.IRemoteTransition$Stub$Proxy@ea231b0, appThread = android.app.IApplicationThread$Stub$Proxy@452f829, debugName = overlayBackTransition, filter = null }}
06-13 13:05:30.117  2362  2405 V WindowManagerShell:  Checking filter Pair{{types=[] flags=0x0] notFlags=0x0 checks=[{atype=dream independent=true modes=[OPEN,TO_FRONT] flags=NONE mustBeTask=false order=ANY topActivity=null launchCookie=null windowingMode=undefined isCrossDisplayMove=false},{atype=home independent=true modes=[CLOSE,TO_BACK] flags=NONE mustBeTask=false order=ANY topActivity=null launchCookie=null windowingMode=undefined isCrossDisplayMove=false}]} RemoteTransition { remoteTransition = android.window.IRemoteTransition$Stub$Proxy@7a657ae, appThread = android.app.IApplicationThread$Stub$Proxy@f1e894f, debugName = LauncherToDream, filter = null }}
06-13 13:05:30.117  2362  2405 V WindowManagerShell:  Checking filter Pair{{types=[] flags=0x0] notFlags=0x0 checks=[{atype=standard independent=false modes=[CHANGE] flags=NONE mustBeTask=true order=ANY topActivity=null launchCookie=null windowingMode=undefined isCrossDisplayMove=true}]} RemoteTransition { remoteTransition = android.window.IRemoteTransition$Stub$Proxy@ff0b8dc, appThread = android.app.IApplicationThread$Stub$Proxy@7f9ede5, debugName = QuickstepDisplayMove, filter = null }}
06-13 13:05:30.117  2362  2405 V WindowManagerShell:  Checking filter Pair{{types=[] flags=0x0] notFlags=0x100 checks=[{atype=home independent=true modes=[OPEN,TO_FRONT] flags=NONE mustBeTask=false order=ANY topActivity=ComponentInfo{com.google.android.apps.nexuslauncher/com.google.android.apps.nexuslauncher.NexusLauncherActivity} launchCookie=null windowingMode=undefined isCrossDisplayMove=false},{atype=standard independent=true modes=[CLOSE,TO_BACK] flags=NONE mustBeTask=false order=ANY topActivity=null launchCookie=null windowingMode=undefined isCrossDisplayMove=false},{NOT atype=undefined independent=true modes=[] flags=NONE mustBeTask=true order=ANY topActivity=null launchCookie=null customAnim=true windowingMode=undefined isCrossDisplayMove=false}]} RemoteTransition { remoteTransition = android.window.IRemoteTransition$Stub$Proxy@440ba, appThread = android.app.IApplicationThread$Stub$Proxy@7646b6b, debugName = QuickstepLaunchHome, filter = null }}
06-13 13:05:30.117  2362  2405 V WindowManagerShell:  Delegate animation for (#128) to null
06-13 13:05:30.117  2362  2405 V WindowManagerShell: start default transition animation, info = {id=128 t=CLOSE f=0x0 trk=0 r=[0@Point(0, 0)] c=[{m=CLOSE f=TRANSLUCENT|FILLS_TASK leash=Surface(name=ActivityRecord{74543984 u0 com.google.android.permissioncontroller/com.android.permissioncontroller.permission.ui.GrantPermissionsActivity t258}#2068)/@0xad9d643 sb=Rect(0, 0 - 1440, 3120) eb=Rect(0, 0 - 1440, 3120) epz=Point(1440, 3120) d=0 bc=ffe4e7ff activity=ActivityTransitionInfo { component = ComponentInfo{com.google.android.permissioncontroller/com.android.permissioncontroller.permission.ui.GrantPermissionsActivity}, taskId = 258, appCompatTransitionInfo = null } opt={t=FROM_STYLE mUserId=0}}]}
06-13 13:05:30.117  2362  2405 V WindowManagerShell: loadAnimation: anim=null animAttr=0x7 type=CLOSE isEntrance=false
06-13 13:05:30.118  2362  2405 V WindowManagerShell: Transition animation finished (aborted=false), notifying core (#128) android.os.BinderProxy@c83aff2@0
06-13 13:05:30.119  1609  2249 D BackgroundInstallControlService: Package event received: 0
06-13 13:05:30.120  1609  2249 D BackgroundInstallControlService: Package event received: 0
06-13 13:05:30.122  1609  1671 V WindowManager: Finish Transition (#128): created at 06-13 13:05:30.095 collect-started=0.039ms request-sent=0.063ms started=3.729ms ready=13.671ms sent=16.748ms finished=26.542ms
06-13 13:05:30.123  2362  2405 V WindowManagerShell: Track 0 became idle
06-13 13:05:30.123  2362  2405 V WindowManagerShell: All active transition animations finished
06-13 13:05:30.123  2362  2405 V WindowManagerShell:  animated by com.android.wm.shell.transition.DefaultTransitionHandler@947feaf
06-13 13:05:30.123  2362  2405 V WindowManagerShell: Track 0 became idle
06-13 13:05:30.123  2362  2405 V WindowManagerShell: All active transition animations finished
06-13 13:05:30.128 20521 20521 W ImeBackCallbackProxy: Ime callback not found. Ignoring unregisterReceivedCallback. callbackId: 100616322 remaining callbacks: 0
06-13 13:05:30.130  1609  2132 I ImeTracker: com.takeya.animeongaku:4cfdac0d: onRequestHide at ORIGIN_SERVER reason HIDE_UNSPECIFIED_WINDOW fromUser false userId 0 displayId 0
06-13 13:05:30.130 20521 20521 D InsetsController: hide(ime())
06-13 13:05:30.130 20521 20521 I ImeTracker: com.takeya.animeongaku:4cfdac0d: onCancelled at PHASE_CLIENT_ALREADY_HIDDEN
06-13 13:05:30.135  4221  4221 I GoogleInputMethodService: GoogleInputMethodService.onFinishInput():2259 
06-13 13:05:30.136  4221  4221 I Module  : DeviceLockedStatusModuleProvider$Module.updateDeviceLockedStatusInternal():127 repeatCheckTimes = 0, locked = false
06-13 13:05:30.136  1609  1632 I ImeTracker: system_server:4e24dcac: onRequestHide at ORIGIN_SERVER reason IME_REQUESTED_CHANGED_LISTENER fromUser false displayId 0
06-13 13:05:30.137  4221  4221 I GoogleInputMethodService: GoogleInputMethodService.onStartInput():1446 onStartInput(EditorInfo{EditorInfo{packageName=com.takeya.animeongaku, inputType=0, inputTypeString=NULL, enableLearning=false, autoCorrection=false, autoComplete=false, imeOptions=0, privateImeOptions=null, actionName=UNSPECIFIED, actionLabel=null, initialSelStart=-1, initialSelEnd=-1, initialCapsMode=0, label=null, fieldId=0, fieldName=null, extras=null, hintText=null, hintLocales=[]}}, false)
06-13 13:05:30.137  4221  4221 I AndroidIME: LatinIMEBase.updateInputViewCoverNavigation():321 Update input view padding, isNavbarOverInputWindow=true, bottom inset=168
06-13 13:05:30.138  4221  4221 I Module  : DeviceLockedStatusModuleProvider$Module.updateDeviceLockedStatusInternal():127 repeatCheckTimes = 1, locked = false
06-13 13:05:30.139  1609  1671 D HintManagerService: Sent cleanup message for uid 10228
06-13 13:05:30.143  2368  2368 D VRI[GrantPermissionsActivity]: visibilityChanged oldVisibility=true newVisibility=false
06-13 13:05:30.146  1609  2249 D BackgroundInstallControlService: Package event received: 0
06-13 13:05:30.148  1609  4486 D HealthConnectTrackerManagerImpl: No packages eligible for step tracking. Aborting initialization.
06-13 13:05:30.148  1609  1674 W ProcessStats: Tracking association SourceState{a880c58 com.samsung.android.heartplugin:persistent/10356 Service #161180} whose proc state 8 is better than process ProcessState{6a9a8ad com.samsung.android.heartplugin/10356 pkg=com.samsung.android.heartplugin} proc state 15 (0 skipped)
06-13 13:05:30.149  1609  1674 I ImeTracker: system_server:4e24dcac: onCancelled at PHASE_SERVER_SHOULD_HIDE
06-13 13:05:30.151  1609  1632 W PackageConfigPersister: App-specific configuration not found for packageName: com.takeya.animeongaku and userId: 0
06-13 13:05:30.158  2368  2368 D WindowOnBackDispatcher: setTopOnBackInvokedCallback (unwrapped): null
06-13 13:05:30.159  1609  1632 D CoreBackPreview: Window{815b4a9 u0 com.google.android.permissioncontroller/com.android.permissioncontroller.permission.ui.GrantPermissionsActivity}: Setting back callback null
06-13 13:05:30.161  2368  2368 I ImeTracker: com.google.android.permissioncontroller:42677a4e: onRequestHide at ORIGIN_CLIENT reason HIDE_WINDOW_LOST_FOCUS fromUser false userId 0 displayId 0
06-13 13:05:30.162  2368  2368 D InsetsController: hide(ime())
06-13 13:05:30.162  2368  2368 I ImeTracker: com.google.android.permissioncontroller:42677a4e: onCancelled at PHASE_CLIENT_ALREADY_HIDDEN
06-13 13:05:30.169  2368  2368 D ViewRootImpl: Skipping stats log for color mode
06-13 13:05:30.172  1609  2100 D ActivityManager: sync unfroze 24538 com.google.android.apps.photos for 6
06-13 13:05:30.181  1609  2249 D BackgroundInstallControlService: Package event received: 0
06-13 13:05:30.184  8142  8142 I Finsky  : [2] SCH: job service start with id 9929.
06-13 13:05:30.189  8142 20948 I Finsky  : [757] SCH: Satisfied jobs for 9929 are: 12-1
06-13 13:05:30.190  8142 20947 I Finsky  : [756] SCH: Job 12-1 starting
06-13 13:05:30.190  8142  8142 I Finsky  : [2] WM::SCH: Logging work start for 12-1
06-13 13:05:30.191  8142  8142 I Finsky  : [2] [ContentSync] job started
06-13 13:05:30.209 30112 30112 D b/417220811: invalidateLoadedTasks - previous requestLoadId: -1
06-13 13:05:30.269  1609  1940 W JobScheduler: Job didn't exist in JobStore: d84dbb8 #u0a194/1034 com.google.android.apps.photos/com.google.android.libraries.social.mediamonitor.MediaMonitorJobSchedulerService
06-13 13:05:30.269  1609  1940 W ParceledListSlice: Element #352 is 19712 bytes.
06-13 13:05:30.289  1609  4979 W UriGrantsManagerService: No permission grants found for com.google.android.apps.photos
06-13 13:05:30.290  1609  4979 W UriGrantsManagerService: No permission grants found for com.google.android.apps.photos
06-13 13:05:30.302  8142 20950 I Finsky  : [759] App states replicator found 57 unowned apps
06-13 13:05:30.328  1609  2249 D BackgroundInstallControlService: Package event received: 0
06-13 13:05:30.339   904  1310 E AuthPII : [RequestTokenManager] getToken() -> BAD_AUTHENTICATION. App: com.android.vending, Service: oauth2:https://www.googleapis.com/auth/googleplay
06-13 13:05:30.339   904  1310 E AuthPII : bjjk: Long live credential not available.
06-13 13:05:30.339   904  1310 E AuthPII : 	at aicq.a(:com.google.android.gms@262031035@26.20.31 (260400-919905943):1347)
06-13 13:05:30.339   904  1310 E AuthPII : 	at aicx.b(:com.google.android.gms@262031035@26.20.31 (260400-919905943):26)
06-13 13:05:30.339   904  1310 E AuthPII : 	at aicv.a(:com.google.android.gms@262031035@26.20.31 (260400-919905943):745)
06-13 13:05:30.339   904  1310 E AuthPII : 	at aicu.b(:com.google.android.gms@262031035@26.20.31 (260400-919905943):151)
06-13 13:05:30.339   904  1310 E AuthPII : 	at abab.d(:com.google.android.gms@262031035@26.20.31 (260400-919905943):800)
06-13 13:05:30.339   904  1310 E AuthPII : 	at ahwh.getAuthToken(:com.google.android.gms@262031035@26.20.31 (260400-919905943):411)
06-13 13:05:30.339   904  1310 E AuthPII : 	at android.accounts.AbstractAccountAuthenticator$Transport.getAuthToken(AbstractAccountAuthenticator.java:248)
06-13 13:05:30.339   904  1310 E AuthPII : 	at android.accounts.IAccountAuthenticator$Stub.onTransact(IAccountAuthenticator.java:254)
06-13 13:05:30.339   904  1310 E AuthPII : 	at android.os.Binder.transact(Binder.java:1318)
06-13 13:05:30.339   904  1310 E AuthPII : 	at cqtp.onTransact(:com.google.android.gms@262031035@26.20.31 (260400-919905943):12)
06-13 13:05:30.339   904  1310 E AuthPII : 	at android.os.Binder.transact(Binder.java:1318)
06-13 13:05:30.339   904  1310 E AuthPII : 	at ccio.onTransact(:com.google.android.gms@262031035@26.20.31 (260400-919905943):169)
06-13 13:05:30.339   904  1310 E AuthPII : 	at android.os.Binder.execTransactInternal(Binder.java:1471)
06-13 13:05:30.339   904  1310 E AuthPII : 	at android.os.Binder.execTransact(Binder.java:1411)
06-13 13:05:30.339   904  1310 E AuthPII : Message is Long live credential not available.
06-13 13:05:30.339   904  1310 E AuthPII : bjjk: Long live credential not available.
06-13 13:05:30.339   904  1310 E AuthPII : 	at aicq.a(:com.google.android.gms@262031035@26.20.31 (260400-919905943):1347)
06-13 13:05:30.339   904  1310 E AuthPII : 	at aicx.b(:com.google.android.gms@262031035@26.20.31 (260400-919905943):26)
06-13 13:05:30.339   904  1310 E AuthPII : 	at aicv.a(:com.google.android.gms@262031035@26.20.31 (260400-919905943):745)
06-13 13:05:30.339   904  1310 E AuthPII : 	at aicu.b(:com.google.android.gms@262031035@26.20.31 (260400-919905943):151)
06-13 13:05:30.339   904  1310 E AuthPII : 	at abab.d(:com.google.android.gms@262031035@26.20.31 (260400-919905943):800)
06-13 13:05:30.339   904  1310 E AuthPII : 	at ahwh.getAuthToken(:com.google.android.gms@262031035@26.20.31 (260400-919905943):411)
06-13 13:05:30.339   904  1310 E AuthPII : 	at android.accounts.AbstractAccountAuthenticator$Transport.getAuthToken(AbstractAccountAuthenticator.java:248)
06-13 13:05:30.339   904  1310 E AuthPII : 	at android.accounts.IAccountAuthenticator$Stub.onTransact(IAccountAuthenticator.java:254)
06-13 13:05:30.339   904  1310 E AuthPII : 	at android.os.Binder.transact(Binder.java:1318)
06-13 13:05:30.339   904  1310 E AuthPII : 	at cqtp.onTransact(:com.google.android.gms@262031035@26.20.31 (260400-919905943):12)
06-13 13:05:30.339   904  1310 E AuthPII : 	at android.os.Binder.transact(Binder.java:1318)
06-13 13:05:30.339   904  1310 E AuthPII : 	at ccio.onTransact(:com.google.android.gms@262031035@26.20.31 (260400-919905943):169)
06-13 13:05:30.339   904  1310 E AuthPII : 	at android.os.Binder.execTransactInternal(Binder.java:1471)
06-13 13:05:30.339   904  1310 E AuthPII : 	at android.os.Binder.execTransact(Binder.java:1411)
06-13 13:05:30.348   904  1310 I Auth    : (REDACTED) [GetToken] GetToken failed for app=%s with userRecoverable status: %s 
06-13 13:05:30.348   904  1310 W Auth    : [ChimeraGetToken] exception while trying to fetch auth tokens for app=com.google.android.gms, scope=oauth2:https://www.googleapis.com/auth/googleplay [CONTEXT service_id=153 ]
06-13 13:05:30.348   904  1310 W Auth    : aicp: GetToken failed with status code and recovery intent: BadAuthentication
06-13 13:05:30.348   904  1310 W Auth    : 	at aicu.b(:com.google.android.gms@262031035@26.20.31 (260400-919905943):352)
06-13 13:05:30.348   904  1310 W Auth    : 	at abab.d(:com.google.android.gms@262031035@26.20.31 (260400-919905943):800)
06-13 13:05:30.348   904  1310 W Auth    : 	at ahwh.getAuthToken(:com.google.android.gms@262031035@26.20.31 (260400-919905943):411)
06-13 13:05:30.348   904  1310 W Auth    : 	at android.accounts.AbstractAccountAuthenticator$Transport.getAuthToken(AbstractAccountAuthenticator.java:248)
06-13 13:05:30.348   904  1310 W Auth    : 	at android.accounts.IAccountAuthenticator$Stub.onTransact(IAccountAuthenticator.java:254)
06-13 13:05:30.348   904  1310 W Auth    : 	at android.os.Binder.transact(Binder.java:1318)
06-13 13:05:30.348   904  1310 W Auth    : 	at cqtp.onTransact(:com.google.android.gms@262031035@26.20.31 (260400-919905943):12)
06-13 13:05:30.348   904  1310 W Auth    : 	at android.os.Binder.transact(Binder.java:1318)
06-13 13:05:30.348   904  1310 W Auth    : 	at ccio.onTransact(:com.google.android.gms@262031035@26.20.31 (260400-919905943):169)
06-13 13:05:30.348   904  1310 W Auth    : 	at android.os.Binder.execTransactInternal(Binder.java:1471)
06-13 13:05:30.348   904  1310 W Auth    : 	at android.os.Binder.execTransact(Binder.java:1411)
06-13 13:05:30.348   904  1310 W GLSActivity: [GmsAccountAuthenticatorImpl] error status while fetching token:BadAuthentication
06-13 13:05:30.354  8142 20950 I Finsky  : [759] Completed 1 account content syncs with 0 successful.
06-13 13:05:30.354  8142  8142 I Finsky  : [2] [ContentSync] Installation state replication failed, parameters=Id: 12-1, CT: 1781381067016, Constraints: [{ L: 60000, D: 86400000, C: CHARGING_NONE, I: IDLE_NONE, N: NET_ANY, B: BATTERY_ANY }].
06-13 13:05:30.355  8142  8142 I Finsky  : [2] [ContentSync] Scheduling replication attempt 3.
06-13 13:05:30.355  8142  8142 I Finsky  : [2] SCH: jobFinished: 12-1. TimeElapsed: 165ms.
06-13 13:05:30.355  8142  8142 I Finsky  : [2] WM::SCH: Logging work end for 12-1
06-13 13:05:30.358  8142 20948 I Finsky  : [757] SCH: Attempting to reschedule job: Id: 12-1, Constraints: [{ L: 80000, D: 86400000, C: CHARGING_NONE, I: IDLE_NONE, N: NET_ANY, B: BATTERY_ANY }]
06-13 13:05:30.363  8142  8182 I Finsky  : [58] SCH: Scheduling phonesky job Id: 1-1337, CT: 1781359162721, Constraints: [{ L: 43131201, D: 86331201, C: CHARGING_NONE, I: IDLE_NONE, N: NET_ANY, B: BATTERY_ANY }]
06-13 13:05:30.363  8142  8182 I Finsky  : [58] SCH: Scheduling phonesky job Id: 34-3742, CT: 1781316012279, Constraints: [{ L: 604800000, D: 2575761871, C: CHARGING_NONE, I: IDLE_NONE, N: NET_ANY, B: BATTERY_ANY }]
06-13 13:05:30.363  8142  8182 I Finsky  : [58] SCH: Scheduling phonesky job Id: 34-3745, CT: 1781378995848, Constraints: [{ L: 79199785, D: 1375199785, C: CHARGING_NONE, I: IDLE_NONE, N: NET_ANY, B: BATTERY_ANY }]
06-13 13:05:30.363  8142  8182 I Finsky  : [58] SCH: Scheduling phonesky job Id: 34-3746, CT: 1781378996831, Constraints: [{ L: 604800000, D: 2591999236, C: CHARGING_NONE, I: IDLE_NONE, N: NET_ANY, B: BATTERY_ANY }]
06-13 13:05:30.367  8142  8184 I Finsky  : [60] SCH: Scheduling 1 system job(s)
06-13 13:05:30.367  8142  8184 I Finsky  : [60] SCH: Scheduling system job Id: 9934, L: 21163555, D: 64363555, C: false, I: false, N: 1
06-13 13:05:30.370  8142 20947 I Finsky  : [756] SCH: job service finished with id 9929.
06-13 13:05:30.376  1050  2884 I bthal.activity: bt_power: LeAdvStat: 13:05:29:376 - 13:05:30:376, duration: 1000, le_adv_count: 1, total_le_adv_count: 7850, total_event_count: 1
06-13 13:05:30.406  8142  8174 I Finsky  : [54] WM::SCH: Logging work initialize for 12-1
06-13 13:05:30.410  8142  8183 I Finsky  : [59] SCH: Scheduling phonesky job Id: 12-1, CT: 1781381130358, Constraints: [{ L: 80000, D: 86400000, C: CHARGING_NONE, I: IDLE_NONE, N: NET_ANY, B: BATTERY_ANY }]
06-13 13:05:30.412  8142  8184 I Finsky  : [60] SCH: Scheduling 1 system job(s)
06-13 13:05:30.412  8142  8184 I Finsky  : [60] SCH: Scheduling system job Id: 9934, L: 79946, D: 64363510, C: false, I: false, N: 1
06-13 13:05:30.559  1609  1632 W UriGrantsManagerService: No permission grants found for com.google.android.apps.photos
06-13 13:05:30.559  1609  1632 W UriGrantsManagerService: No permission grants found for com.google.android.apps.photos
06-13 13:05:30.590 20521 20761 I okhttp.OkHttpClient: --> GET https://ongaku.local/v1/sync/status
06-13 13:05:30.596  1609  1632 W UriGrantsManagerService: No permission grants found for com.google.android.apps.photos
06-13 13:05:30.597  1609  1632 W UriGrantsManagerService: No permission grants found for com.google.android.apps.photos
06-13 13:05:30.606 20521 20761 I okhttp.OkHttpClient: <-- 200 OK http://127.0.0.1:8080/v1/sync/status (15ms, 121-byte body)
06-13 13:05:31.150  1609  2112 D HintManagerService: Starts cleaning for 10228
06-13 13:05:31.796  1050  2884 I bthal.activity: bt_power: LeAdvStat: 13:05:30:795 - 13:05:31:796, duration: 1000, le_adv_count: 1, total_le_adv_count: 7851, total_event_count: 1
06-13 13:05:31.931  1126  1126 I WifiHAL : Creating message to get link statistics; iface = 47
06-13 13:05:31.960   904 20470 I NearbyMediums: Found Fast Ble Advertisements :
06-13 13:05:31.960   904 20470 I NearbyMediums: BleAdvertisement { version=2, socketVersion=2, isFast=true, serviceIdHash=null, data=[ 0x23 0x47 0x31 0x30 0x39 0x11 0x32 0xad 0xd7 0xc5 0x6b 0xdc 0x31 0xb2 0xbd 0x56 0x21 0x2a 0x5f 0xcc 0xc2 0x01 0xc3 ], deviceToken=[ 0xc6 0x4e ], rxAdvertisement=null } : 2 times.
06-13 13:05:31.960   904 20470 I NearbyMediums: BleAdvertisement { version=2, socketVersion=2, isFast=true, serviceIdHash=null, data=[ 0x23 0x47 0x35 0x4d 0x39 0x11 0x32 0x86 0x0f 0x13 0xa2 0xc7 0xe4 0x51 0xaa 0xd1 0xde 0xe0 0x80 0x04 0x1d 0x56 0x23 ], deviceToken=[ 0xba 0x2b ], rxAdvertisement=null } : 7 times.
06-13 13:05:31.960   904 20470 I NearbyMediums: Total 9 fast advertisements from 2 unique advertisers.
06-13 13:05:31.960   904 20470 I NearbyMediums: Current Tracked Scanning Clients are : {NearbyConnections.EnvironmentMonitor, NearbySharing}
06-13 13:05:32.029  2936  2968 D IwlanDataService: onCapabilitiesChanged: 100 [ Transports: WIFI Capabilities: NOT_METERED&INTERNET&NOT_RESTRICTED&TRUSTED&NOT_VPN&VALIDATED&NOT_ROAMING&FOREGROUND&NOT_CONGESTED&NOT_SUSPENDED&NOT_VCN_MANAGED&NOT_BANDWIDTH_CONSTRAINED LinkUpBandwidth>=18481Kbps LinkDnBandwidth>=70609Kbps TransportInfo: <SSID: "KitsuNet", BSSID: f4:92:bf:88:b9:2b, MAC: c8:2a:dd:b6:e9:9e, IP: /192.168.173.201, Security type: 2, Supplicant state: COMPLETED, Wi-Fi standard: 11ax, RSSI: -60, Link speed: 204Mbps, Tx Link speed: 204Mbps, Max Supported Tx Link speed: 1200Mbps, Calculated Tx : 1073Mbps, Rx Link speed: 864Mbps, Max Supported Rx Link speed: 1200Mbps, Calculated Rx : 1129Mbps, Frequency: 5745MHz, Net ID: 107, Metered hint: false, score: 100, isUsable: true, CarrierMerged: false, SubscriptionId: -1, IsPrimary: 1, Trusted: true, Restricted: false, Ephemeral: false, OEM paid: false, OEM private: false, OSU AP: false, FQDN: <none>, Provider friendly name: <none>, Requesting package name: <none>"KitsuNet"wpa2-pskMLO Information: , Is TID-To-Link negotiation supported by the AP: false, AP MLD Address: <none>, AP MLO Link Id: <none>, AP MLO Affiliated links: <none>, Vendor Data: <none>> SignalStrength: -60 OwnerUid: 1000 AdminUids: [1000] SSID: "KitsuNet" UnderlyingNetworks: Null]
06-13 13:05:32.029  2936  2968 D IwlanDataService: Network 100 connected using transport WIFI
06-13 13:05:32.029  2936  3092 D IwlanNetworkService: onCapabilitiesChanged: 100
06-13 13:05:32.030  3022  3116 D IwlanNetworkStatusTracker: onCapabilitiesChanged: 100
06-13 13:05:32.030  3022  3116 D IwlanNetworkStatusTracker: OnCapability : Wifi Available already true and validation status unchanged
06-13 13:05:32.030  3022  3116 E IwlanNetworkStatusTracker: Could not get Wifi SSID
06-13 13:05:32.031  3353  3513 I WifiSignalInfo: onCapabilitiesChanged: rssi:-60
06-13 13:05:32.031  1126  1126 D WifiHAL : Start debug command: mType GET_FEATURE
06-13 13:05:32.031  1126  1126 I WifiHAL : CreateRequest mType = GET_FEATURE
06-13 13:05:32.031  1126  1126 D WifiHAL : In DebugCommand::handleResponse, mType:GET_FEATURE
06-13 13:05:32.031  1126  1126 D WifiHAL : len = 4, expected len = 4
06-13 13:05:32.031  3353  3492 D DeviceStateHelper: Wifi freq: 5745
06-13 13:05:32.032  3353  3497 D ImsPreconditionCheck: {subId=1} handleMessage: { when=-1ms what=16 target=ejg async=false heapIndex=-1 }
06-13 13:05:32.032  3353  3497 D ImsPreconditionCheck: {subId=1} onWifiCapabilitiesChanged: wifiNetworkValidated: true
06-13 13:05:32.033  2646  3751 W SHANNON_IMS: 0294 [CONN] NetworkSpecifier and TransportInfo are not valid (DefaultNetworkCallback%updateSubscriptionId:121)
