06-13 13:10:36.295  4221  4221 I UniversalDictationUiProvider: UniversalDictationUiProvider.onDeactivate():69 onDeactivate() [UD]
06-13 13:10:36.295  4221 21452 W AutoCloseableReference: AutoCloseablePhantomReference.close():42 close() is invoked more than once
06-13 13:10:36.295  4221  4221 I AndroidIME: AbstractIme.onDeactivate():213 PasswordIme.onDeactivate()
06-13 13:10:36.295  4221 21807 I KeyboardEventHandler: KeyboardEventHandler.handleKeyboardVisibilityEvent():214 Handling KeyboardVisibilityEvent: KEYBOARD_CLOSED [SD]
06-13 13:10:36.295  4221  4221 I PrimesLoggerHolder: FrameMetricServiceImpl.stopAsFuture():213 Measurement not found: OnConfigurationChanged
06-13 13:10:36.295  4221  4221 I GoogleInputMethodService: GoogleInputMethodService.onFinishInput():2259 
06-13 13:10:36.295  1609  2678 I ImeTracker: system_server:7050de06: onRequestHide at ORIGIN_SERVER reason IME_REQUESTED_CHANGED_LISTENER fromUser false displayId 0
06-13 13:10:36.296  4221  4221 I Module  : DeviceLockedStatusModuleProvider$Module.updateDeviceLockedStatusInternal():127 repeatCheckTimes = 0, locked = false
06-13 13:10:36.296  4221  4221 D ImeBackCallbackSender: Unregister OnBackInvokedCallback at app window (packageName=com.takeya.animeongaku)
06-13 13:10:36.296  4221  4221 I GoogleInputMethodService: GoogleInputMethodService.onStartInput():1446 onStartInput(EditorInfo{EditorInfo{packageName=com.google.android.permissioncontroller, inputType=0, inputTypeString=NULL, enableLearning=false, autoCorrection=false, autoComplete=false, imeOptions=0, privateImeOptions=null, actionName=UNSPECIFIED, actionLabel=null, initialSelStart=-1, initialSelEnd=-1, initialCapsMode=0, label=null, fieldId=0, fieldName=null, extras=null, hintText=null, hintLocales=[]}}, false)
06-13 13:10:36.296  4221  4221 I AndroidIME: LatinIMEBase.updateInputViewCoverNavigation():321 Update input view padding, isNavbarOverInputWindow=true, bottom inset=168
06-13 13:10:36.296  4221  4221 I Module  : DeviceLockedStatusModuleProvider$Module.updateDeviceLockedStatusInternal():127 repeatCheckTimes = 1, locked = false
06-13 13:10:36.297  4221  4221 I GoogleInputMethodService: GoogleInputMethodService.onStartInputView():1532 onStartInputView(EditorInfo{EditorInfo{packageName=com.google.android.permissioncontroller, inputType=0, inputTypeString=NULL, enableLearning=false, autoCorrection=false, autoComplete=false, imeOptions=0, privateImeOptions=null, actionName=UNSPECIFIED, actionLabel=null, initialSelStart=-1, initialSelEnd=-1, initialCapsMode=0, label=null, fieldId=0, fieldName=null, extras=null, hintText=null, hintLocales=[]}}, false)
06-13 13:10:36.297  4221  4221 I KeyboardHeightUtil: KeyboardHeightUtil.getOemKeyboardHeightRatio():81 systemKeyboardHeightRatio:1.025000.
06-13 13:10:36.300  4221  4221 I InputContextChangeTracker: InputContextChangeTracker.fixLyingSelectionRangeFromSurroundingText():1678 fixLyingSelectionRangeFromSurroundingText(): [-1, -1]([-1, -1]) -> [0, 0]([0, 0])
06-13 13:10:36.300  4221  4309 I CrossProfileSharedPreferences: CrossProfileSharedPreferences.maybeRunSyncTaskAfterFullSyncComplete():218 Full sync is not complete when incremental sync is called, trigger full sync
06-13 13:10:36.300  1609  1671 D HintManagerService: Sent cleanup message for uid 10186
06-13 13:10:36.300  4221  4221 I AndroidIME: InputBundleManager.startInput():357 startInput2 restarting=false
06-13 13:10:36.300  4221  4221 I AndroidIME: InputBundleManager.loadActiveInputBundleId():542 loadActiveInputBundleId: und-Latn-x-password, password
06-13 13:10:36.300  4221  4221 I InputBundle: InputBundle.activateIme():598 activateIme: INACTIVE, keyboardType=prime
06-13 13:10:36.300  4221  4221 I AndroidIME: AbstractIme.onActivate():95 PasswordIme.onActivate() : EditorInfo = EditorInfo{packageName=com.google.android.permissioncontroller, inputType=0, inputTypeString=NULL, enableLearning=false, autoCorrection=false, autoComplete=false, imeOptions=0, privateImeOptions=null, actionName=UNSPECIFIED, actionLabel=null, initialSelStart=-1, initialSelEnd=-1, initialCapsMode=0, label=null, fieldId=0, fieldName=null, extras=null, hintText=null, hintLocales=[]}, IncognitoMode = false, DeviceLocked = false
06-13 13:10:36.300  4221  4221 I InputBundle: InputBundle.activateKeyboard():653 activateKeyboard: ACTIVE, type=oiz[keyboardType=prime, payload=null]
06-13 13:10:36.300  4221  4221 I KeyboardWrapper: KeyboardWrapper.activateKeyboard():592 activateKeyboard(): type=prime, status=INACTIVE, imeDef=ohs{stringId=password, language=und-Latn-x-password, languageTag=und-Latn-x-password, processedConditions={variant=qwerty, true=true, language=en-US, enable_number_row=true, device=phone, enable_number_row_in_password=true, enable_pk_simulator=false}, className=com.google.android.libraries.inputmethod.ime.password.PasswordIme, label=2132019378, keyEventInterpreter=null, inlineComposing=true, autoCapital=true, announceAutoSelectedCandidate=true, statusIcon=0, indicatorIcon=0, indicatorLabel=null, displayAppCompletions=false, extraValues=ohl{}, processors=ojm@da195c6, unacceptableMetaKeys=4098, languageSpecificSettings=0, asciiCapable=false, alwaysShowSuggestions=false, useAsciiPasswordKeyboard=false, keyboardGroupDef=oiu@5737323, phenotypeFlagId=0, localizationLanguageTag=null, supportsInlineSuggestion=false}
06-13 13:10:36.300  4221  4221 I KeyboardManager: KeyboardManager.requestKeyboard():249 Creating keyboard prime, imeId=password, cacheKey=theme,!gsf,!pgsf,!use_system_font,BORDER,DYNAMIC_DARK_BRIGHT_KEY,FLAVOR_DPI=XXXHDPI,IS_LIGHT,KEYBOARD_WIDTH_CATEGORY=NORMAL,KEY_BORDER_SHAPE=1,LIGHT_THEME=true,PHYSICAL_DIAGONAL=5.9037175,POPUP,SCREEN_SHORTEST_WIDTH=411,SCREEN_SHORTEST_WIDTH_NO_SCALE=411,SW400DP,XXXHDPI,bottom4dp,bright_key_on_dynamic_color_dark_theme=true,enable_popup_on_keypress=true,non_linear_scale,noshadow,overlay_builtin_dynamic_color_light_base.binarypb:gm3-light-fff7f5ff-ff0058ba-65f4eb49c856e02f0c9596da4cbfc6d1,pgsans,silkpopup
06-13 13:10:36.300  4221  4221 I KeyboardDefManager: KeyboardDefManager.requestKeyboardDef():128 requestKeyboardDef(): type=prime, info=oir{defIds=[#0x7f1705fa, #0x7f170891, #0x7f1706ba], defIdsCacheKey=[2132215290, 2132215953, 2132215482]}
06-13 13:10:36.301  4221  4221 I KeyboardDefManager: KeyboardDefManager.requestKeyboardDef():195 requestKeyboardDef(): getOrCreate from cache, info=oir{defIds=[#0x7f1705fa, #0x7f170891, #0x7f1706ba], defIdsCacheKey=[2132215290, 2132215953, 2132215482]}
06-13 13:10:36.301  4221  4221 I KeyboardDefManager: KeyboardDefManager$Companion$addFutureCallbackForKeyboardDefReceiver$1.onSuccess():425 requestKeyboardDef onSuccess(): info=oir{defIds=[#0x7f1705fa, #0x7f170891, #0x7f1706ba], defIdsCacheKey=[2132215290, 2132215953, 2132215482]}
06-13 13:10:36.301  4221  4221 I KeyboardWrapper: KeyboardWrapper.onKeyboardReady():226 onKeyboardReady(): type=prime(prime), kb=com.google.android.apps.inputmethod.latin.keyboard.LatinPasswordKeyboard@ab924d7
06-13 13:10:36.301  4221  4221 I KeyboardWrapper: KeyboardWrapper.doActivateKeyboard():624 doActivateKeyboard(): prime
06-13 13:10:36.301  4221  4309 E UserFeatureCache: UserFeatureCache.getStore():760 Wrong feature id provided -1 for protobuf qcg.
06-13 13:10:36.301  4221  4309 E UserFeatureCache: UserFeatureCache.getProto():684 Feature not enabled should not called: 19
06-13 13:10:36.301  4221 21710 I CrossProfileSharedPreferences: CrossProfileSharedPreferences.syncAllAllowedPreferencesInternal():276 Cannot make cross profile calls to full sync preferences
06-13 13:10:36.302  4221  4221 I BaseKeyboardSizeHelper: BaseKeyboardSizeHelper.calculateMaxKeyboardBodyHeight():73 leave 375 height for app when ime window height:2808, header height:154 and isFullscreenMode:false, so the max keyboard body height is:2279
06-13 13:10:36.302  1609  5165 W PackageConfigPersister: App-specific configuration not found for packageName: com.google.android.permissioncontroller and userId: 0
06-13 13:10:36.302  4221  4221 W TooltipLifecycleManager: TooltipLifecycleManager.dismissTooltips():153 Tooltip with id undo_access_point_promotion_banner not found in tooltipManager.
06-13 13:10:36.302  4221  4221 I GlobeKeyExtension: GlobeKeyExtension.getKeyboardInitialStates():186 
06-13 13:10:36.303  4221  4221 W Keyboard: Keyboard.getKeyboardViewHelper():607 null helper is returned: keyboardDef=oil{processedConditions={show_comma_key=true, enable_more_candidates_view_for_multilingual=false, layout_9key_split=false, enable_secondary_symbols=true, pref_enable_flick_symbols=false, enable_scrub_move=true, language=en-US, deprecate_long_press_space_for_ime_picker=false, show_suggestion_strip=true, expressions=normal, android_software_xr_api_spatial=false, variant=qwerty, free_cursor=false, show_period_key=true, enable_number_row=true, device=phone, keyboard_mode=normal, show_secondary_digits=false, enable_pk_simulator=false, enable_preemptive_decode=true}, globalConditions={global_theme_key=theme,!gsf,!pgsf,!use_system_font,BORDER,DYNAMIC_DARK_BRIGHT_KEY,FLAVOR_DPI=XXXHDPI,IS_LIGHT,KEYBOARD_WIDTH_CATEGORY=NORMAL,KEY_BORDER_SHAPE=1,LIGHT_THEME=true,PHYSICAL_DIAGONAL=5.9037175,POPUP,SCREEN_SHORTEST_WIDTH=411,SCREEN_SHORTEST_WIDTH_NO_SCALE=411,SW400DP,XXXHDPI,bottom4dp,bright_key_on_dynamic_color_dark_theme=true,enable_popup_on_keypress=true,non_linear_scale,noshadow,overlay_builtin_dynamic_color_light_base.binarypb:gm3-light-fff7f5ff-ff0058ba-65f4eb49c856e02f0c9596da4cbfc6d1,pgsans,silkpopup, global_locale=en_US, global_density_dpi=560, global_orientation=1}, className=.latin.keyboard.LatinPasswordKeyboard, resourceIds=[#0x7f1705fa, #0x7f170891, #0x7f1706ba], initialStates=0, keyboardViewDefs=[ojd{direction=null, id=#0x7f0b0230, isScalable=true, layoutId=#0x7f0e02c3, type=BODY, touchable=true, defaultShow=true}, ojd{direction=null, id=#0x7f0b0230, isScalable=false, layoutId=#0x7f0e021e, type=FLOATING_CANDIDATES, touchable=false, defaultShow=false}, ojd{direction=LOCALE, id=#0x7f0b0230, isScalable=false, layoutId=#0x7f0e0527, type=HEADER, touchable=true, defaultShow=true}], persistentStates=0, persistentStatesPrefKey=null, popupBubbleLayoutId=#0x7f0e0618, recentKeyLayoutId=#0x0, recentKeyPopupLayoutId=#0x0, recentKeyType=null, rememberRecentKey=NONE, sessionStates=26388279066624}, type=WIDGET, helpersCreated={HEADER=ntb@798aded, BODY=ntb@34e7422, FLOATING_CANDIDATES=ntb@415feb3}, context.getResources().getConfiguration(): {1.0 310mcc260mnc [en_US,ja_JP] ldltr sw411dp w411dp h891dp 560dpi nrml long compactNeeded hdr widecg port finger -keyb/v/h -nav/h winConfig={ mBounds=Rect(0, 0 - 1440, 3120) mAppBounds=Rect(0, 0 - 1440, 3120) mMaxBounds=Rect(0, 0 - 1440, 3120) mDisplayRotation=ROTATION_0 mWindowingMode=fullscreen mActivityType=undefined mAlwaysOnTop=undefined mRotation=ROTATION_0} s.13 fontWeightAdjustment=0}
06-13 13:10:36.303  4221  4221 I BaseKeyboardSizeHelper: BaseKeyboardSizeHelper.calculateMaxKeyboardBodyHeight():73 leave 375 height for app when ime window height:2808, header height:154 and isFullscreenMode:false, so the max keyboard body height is:2279
06-13 13:10:36.303  4221  4221 I AndroidIME: InputBundleManager.startInput():372 startInput() with oiz[keyboardType=prime, payload=null]
06-13 13:10:36.303  4221  4221 I PkModeUpdater: PkModeUpdater.onActivate():76 onActivate false true
06-13 13:10:36.303  4221  4221 I AccessoryInputModeManager: AccessoryInputModeManager.onModeStarted():353 Accessory input mode started: null
06-13 13:10:36.303  4221  4221 W SupplementaryKeyboardsWrapper: SupplementaryKeyboardsWrapper.deactivateKeyboard():162 keyboard accessory_candidates_consumer is not activated before!
06-13 13:10:36.304  4221  4221 W SupplementaryKeyboardsWrapper: SupplementaryKeyboardsWrapper.deactivateKeyboard():162 keyboard composing_text_consumer is not activated before!
06-13 13:10:36.304  4221  4221 I ContactPromoExtension: ContactPromoExtension.onActivate():82 Not activated ContactPromoExtension: not a normal text input box.
06-13 13:10:36.304  4221  4221 I GlobeKeyExtension: GlobeKeyExtension.onActivate():130 
06-13 13:10:36.304  4221  4221 I KeyboardModeUtils: KeyboardModeUtils.getKeyboardBottomOffset():435 inch: 0.000000 ydpi: 511.277008 adjustKeyboardBottomByDisplaySize: false currentDensityDpi: 560 defaultDensityDpi: 560 keyboardBottomToScreenPx: 0 keyboardBottomToNavBarPx: -168 navBarHeight: 168
06-13 13:10:36.304  4221  4221 I BaseKeyboardSizeHelper: BaseKeyboardSizeHelper.calculateMaxKeyboardBodyHeight():73 leave 375 height for app when ime window height:2808, header height:154 and isFullscreenMode:false, so the max keyboard body height is:2279
06-13 13:10:36.304  4221  4221 I BaseKeyboardSizeHelper: BaseKeyboardSizeHelper.calculateMaxKeyboardBodyHeight():73 leave 375 height for app when ime window height:2808, header height:154 and isFullscreenMode:false, so the max keyboard body height is:2279
06-13 13:10:36.304  4221  4221 I AndroidIME: KeyboardViewManager.updateKeyboardBottomFrame():519 Set bottomFrameHeight = 28 while holderPaddingBottom = 28; navigationHeight = 168
06-13 13:10:36.304  4221  4221 I BaseKeyboardSizeHelper: BaseKeyboardSizeHelper.calculateMaxKeyboardBodyHeight():73 leave 375 height for app when ime window height:2808, header height:154 and isFullscreenMode:false, so the max keyboard body height is:2279
06-13 13:10:36.304  4221  4221 I BaseKeyboardSizeHelper: BaseKeyboardSizeHelper.calculateMaxKeyboardBodyHeight():73 leave 375 height for app when ime window height:2808, header height:154 and isFullscreenMode:false, so the max keyboard body height is:2279
06-13 13:10:36.305  4221  4221 I BaseKeyboardSizeHelper: BaseKeyboardSizeHelper.calculateMaxKeyboardBodyHeight():73 leave 375 height for app when ime window height:2808, header height:154 and isFullscreenMode:false, so the max keyboard body height is:2279
06-13 13:10:36.305  4221  4221 W ExtensionWrapper: ExtensionWrapper.setExtensionViewVisibility():878 interface nwy is not activate
06-13 13:10:36.305  4221  4221 I NewLanguagePromptExtension: NewLanguagePromptExtension.onActivate():189 Not activated NewLanguagePromptExtension: not a normal text input box.
06-13 13:10:36.305  4221  4221 I NgaExtension: NgaExtension.onActivate():646 NgaExtension#onActivate [SDG]
06-13 13:10:36.305  4221  4221 I NgaVoiceInputHandlerSwitcher: NgaVoiceInputHandlerSwitcher.restorePrimary():240 not switching to primary. fallback is null [SDG]
06-13 13:10:36.305  4221  4221 I NgaVoiceInputHandler: NgaVoiceInputHandler.maybeCreateInputManager():256 VoiceInputHandler:activating [SDG]
06-13 13:10:36.305  4221  4221 I SpeechEnhancementLogger: SpeechEnhancementLogger.logAtInfo():24 Speech enhancement is disabled because device model is not supported [SD]
06-13 13:10:36.305  4221  4221 I ModelessCommandDetector: ModelessCommandDetector.<init>():86 Created modeless command detector with language code en [SDG]
06-13 13:10:36.305  4221  4221 I NgaExtension: NgaExtension.onActivate():672 NgaExtension: interaction type=4 [SDG]
06-13 13:10:36.306  4221  4221 I UniversalDictationUiProvider: UniversalDictationUiProvider.onActivate():63 onActivate() [UD]
06-13 13:10:36.307  4221 21805 I KeyboardEventHandler: KeyboardEventHandler.handleKeyboardVisibilityEvent():214 Handling KeyboardVisibilityEvent: KEYBOARD_OPENED [SD]
06-13 13:10:36.308  4221 21806 I SpeechEnhancementLogger: SpeechEnhancementLogger.logAtInfo():24 Speech enhancement is disabled because device model is not supported [SD]
06-13 13:10:36.308  4221 21800 I PackageStatusChecker: PackageStatusChecker.isPackageSuspended():24 Current package suspended=false [SD]
06-13 13:10:36.308  4221  4221 I Module  : DeviceLockedStatusModuleProvider$Module.updateDeviceLockedStatusInternal():127 repeatCheckTimes = 1, locked = false
06-13 13:10:36.308  1609  1675 I ImeTracker: system_server:ffbab7a1: onRequestShow at ORIGIN_SERVER reason CONTROLS_CHANGED fromUser false displayId 0
06-13 13:10:36.308  4221  4221 I VoiceImeUtils: VoiceImeUtils.shouldStartVoiceInputAutomaticallyInCurrentInputBox():160 No private IME option set to start voice input. [RD]
06-13 13:10:36.308  4221 21711 I SystemHapticSettings: SystemHapticSettings.updateSystemVibrationState():63 update vibration state: true
06-13 13:10:36.309  4221  4221 D ImeBackCallbackSender: Register OnBackInvokedCallback with priority=-1 at app window (packageName=com.google.android.permissioncontroller)
06-13 13:10:36.309  4221  4309 I CrossProfileSharedPreferences: CrossProfileSharedPreferences.maybeRunSyncTaskAfterFullSyncComplete():218 Full sync is not complete when incremental sync is called, trigger full sync
06-13 13:10:36.309  2368  2368 D WindowOnBackDispatcher: setTopOnBackInvokedCallback (unwrapped): android.view.ImeBackAnimationController@d992811
06-13 13:10:36.309  4221  4221 I GoogleInputMethodService: GoogleInputMethodService.onFinishInputView():1661 onFinishInputView(false)
06-13 13:10:36.309  4221  4221 W SupplementaryKeyboardsWrapper: SupplementaryKeyboardsWrapper.deactivateKeyboard():162 keyboard composing_text_consumer is not activated before!
06-13 13:10:36.309  4221  4221 I GlobeKeyExtension: GlobeKeyExtension.onDeactivate():154 
06-13 13:10:36.310  4221  4221 I NgaExtension: NgaExtension.onDeactivate():687 NgaExtension#onDeactivate [SDG]
06-13 13:10:36.310  4221 21710 I CrossProfileSharedPreferences: CrossProfileSharedPreferences.syncAllAllowedPreferencesInternal():276 Cannot make cross profile calls to full sync preferences
06-13 13:10:36.310  4221  4221 W NotificationCenter: NotificationCenter.unregisterListener():480 Listener hfa@d7ecdf was not registered for notification class nky
06-13 13:10:36.310  2368  2368 I ImeTracker: system_server:ffbab7a1: onCancelled at PHASE_CLIENT_ON_CONTROLS_CHANGED
06-13 13:10:36.310  4221  4221 W TooltipLifecycleManager: TooltipLifecycleManager.dismissTooltips():153 Tooltip with id spell_check_add_to_dictionary not found in tooltipManager.
06-13 13:10:36.310  1609  1939 D CoreBackPreview: Window{bc62f72 u0 com.google.android.permissioncontroller/com.android.permissioncontroller.permission.ui.GrantPermissionsActivity}: Setting back callback OnBackInvokedCallbackInfo{mCallback=android.window.IOnBackInvokedCallback$Stub$Proxy@af55c9c, mPriority=0, mIsAnimationCallback=true, mOverrideBehavior=0}
06-13 13:10:36.310  4221  4221 I NgaVoiceInputHandler: NgaVoiceInputHandler.shutdownInternalLegacy():342 VoiceInputHandler:deactivating with reason: SHUTDOWN_UNIVERSAL_EXTENSION_ON_DEACTIVATE [SDG]
06-13 13:10:36.310  4221 21802 I NgaDataShareClient: NgaDataShareClient.sendCorrectionsAndEndSession():412 endDataPushSession() [SDG]
06-13 13:10:36.310  4221  4221 W NotificationCenter: NotificationCenter.unregisterListener():480 Listener ooe@1205c36 was not registered for notification class oof
06-13 13:10:36.310  4221  4221 W SmartEdit: SmartEdit.setGenAiVoiceEditManager():827 Cannot set LC UI delegate: promotionManager is null
06-13 13:10:36.310  4221 21802 I NgaDataShareClient: NgaDataShareClient.sendCorrectionsList():420 sendCorrectionsList() [SDG]
06-13 13:10:36.310  4221  4221 I NgaInputManager: NgaInputManager.onDeactivate():482 SmartEdit: unloading models false [SDG]
06-13 13:10:36.310  4221  4221 I UniversalDictationUiProvider: UniversalDictationUiProvider.onDeactivate():69 onDeactivate() [UD]
06-13 13:10:36.310  4221 21802 W NgaDataShareClient: NgaDataShareClient.getClientInfo():504 null TriggerApplicationId provided. [SDG]
06-13 13:10:36.310  4221 21454 W AutoCloseableReference: AutoCloseablePhantomReference.close():42 close() is invoked more than once
06-13 13:10:36.310  4221  4221 I AndroidIME: AbstractIme.onDeactivate():213 PasswordIme.onDeactivate()
06-13 13:10:36.310  4221 21802 W NotificationCenter: NotificationCenter.unregisterListener():480 Listener hgn@8fbc018 was not registered for notification class nqx
06-13 13:10:36.310  4221 21804 I DataShareHelper: DataShareHelper.shareCorrections():24 shareCorrections() [SD]
06-13 13:10:36.311  4221 21802 W NotificationCenter: NotificationCenter.unregisterListener():480 Listener hgm@2484a71 was not registered for notification class nky
06-13 13:10:36.311  4221  4221 I PrimesLoggerHolder: FrameMetricServiceImpl.stopAsFuture():213 Measurement not found: OnConfigurationChanged
06-13 13:10:36.311  4221  4221 D ImeBackCallbackSender: Unregister OnBackInvokedCallback at app window (packageName=com.google.android.permissioncontroller)
06-13 13:10:36.311  4221  4221 I ImeTracker: system_server:7050de06: onHidden
06-13 13:10:36.312  2368  2368 D WindowOnBackDispatcher: setTopOnBackInvokedCallback (unwrapped): android.app.Activity$$ExternalSyntheticLambda0@7ba645
06-13 13:10:36.312  1609  5210 D CoreBackPreview: Window{bc62f72 u0 com.google.android.permissioncontroller/com.android.permissioncontroller.permission.ui.GrantPermissionsActivity}: Setting back callback OnBackInvokedCallbackInfo{mCallback=android.window.IOnBackInvokedCallback$Stub$Proxy@95826a5, mPriority=-1, mIsAnimationCallback=false, mOverrideBehavior=0}
06-13 13:10:36.312  4221 21806 I MultilangConditionManagerImpl: MultilangConditionManagerImpl.isAutomaticSwitchingEnabled():77 Automatic switching disabled because Gboard setting is not shown [SD]
06-13 13:10:36.312  4221 21806 I MultilangConditionManagerImpl: MultilangConditionManagerImpl.isAutomaticSwitchingEnabled():92 Automatic switching disabled because there aren't enough supported keyboard languages [SD]
06-13 13:10:36.312  4221 21806 I AsrProviderChoice: AsrProviderChoice.setChosenProvider():83 Setting chosen ASR provider to: 6 [SD]
06-13 13:10:36.312  4221 21806 I EligibilityChecker: EligibilityChecker.triggerProactiveLanguagePackUpdate():475 Never attempted LP download before, triggering download for potential updates [SD]
06-13 13:10:36.313  4221 21806 I EligibilityChecker: EligibilityChecker.getDictationConfigEligibilityForLocale():310 Dictation is enabled. workprofile=false [SD]
06-13 13:10:36.313  4221 21710 I LanguageDownloadQueue: LanguageDownloadQueue.performLanguageDownload():81 Starting language download job for en-US [SD]
06-13 13:10:36.315  4221 21805 I MultilangConditionManagerImpl: MultilangConditionManagerImpl.isAutomaticSwitchingEnabled():77 Automatic switching disabled because Gboard setting is not shown [SD]
06-13 13:10:36.315  4221 21805 I MultilangConditionManagerImpl: MultilangConditionManagerImpl.isAutomaticSwitchingEnabled():92 Automatic switching disabled because there aren't enough supported keyboard languages [SD]
06-13 13:10:36.315  4221 21804 I EligibilityChecker: EligibilityChecker.getDictationConfigEligibilityForLocale():310 Dictation is enabled. workprofile=false [SD]
06-13 13:10:36.315  4221 21800 I EligibilityUtilKt: EligibilityUtilKt.isDictationSupportedInInputField():92 Field type is not set, assuming supported input field. [SD]
06-13 13:10:36.315  4221 21800 I MultilangConditionManagerImpl: MultilangConditionManagerImpl.isAutomaticSwitchingEnabled():77 Automatic switching disabled because Gboard setting is not shown [SD]
06-13 13:10:36.315  4221 21800 I MultilangConditionManagerImpl: MultilangConditionManagerImpl.isAutomaticSwitchingEnabled():92 Automatic switching disabled because there aren't enough supported keyboard languages [SD]
06-13 13:10:36.316  4221 21800 I KeyboardEligibilityNotifier: KeyboardEligibilityNotifier.notifyEligibility():76 Keyboard notified that eligibility=ELIGIBLE [SD]
06-13 13:10:36.316  4221 21805 I KeyboardUiManagerImpl: KeyboardUiManagerImpl.onKeyboardShownAgain():170 #onKeyboardShownAgain scheduled [SD]
06-13 13:10:36.316  4221 21804 I KeyboardUiManagerImpl: KeyboardUiManagerImpl.onKeyboardShownAgain():173 #onKeyboardShownAgain [SD]
06-13 13:10:36.316  4221 21805 I KeyboardEventHandler: KeyboardEventHandler.handleFieldChangedEvent():454 Handling FieldChangedEvent: fgPkg=com.google.android.permissioncontroller, fieldType=0, interactionType=FIELD_CHANGE [SD]
06-13 13:10:36.316  4221 21804 I SpeechEnhancementLogger: SpeechEnhancementLogger.logAtInfo():24 Speech enhancement is disabled because device model is not supported [SD]
06-13 13:10:36.317  4221  4221 I HardKeyTracker: HardKeyTracker.unregisterKeySequence():259 Unregister key sequence phm{labelResId=2132020537, callback=ffb@f9ff937, lastModifier=2, keyCodes=[32], actions=[0]}
06-13 13:10:36.317  4221  4221 I HardKeyTracker: HardKeyTracker.unregisterKeySequence():259 Unregister key sequence phm{labelResId=2132020537, callback=ffb@c960ea4, lastModifier=0, keyCodes=[319], actions=[0]}
06-13 13:10:36.317  4221  4221 I HardKeyTracker: HardKeyTracker.registerKeySequence():201 Register key sequence phm{labelResId=2132020537, callback=ffb@5628185, lastModifier=2, keyCodes=[32], actions=[0]}
06-13 13:10:36.317  4221  4221 I HardKeyTracker: HardKeyTracker.registerKeySequence():201 Register key sequence phm{labelResId=2132020537, callback=ffb@45dbda, lastModifier=0, keyCodes=[319], actions=[0]}
06-13 13:10:36.317  4221 21710 I LanguageDownloadQueue: LanguageDownloadQueue.performLanguageDownload():101 Skip download for en-US due to another recent attempt [SD]
06-13 13:10:36.317  4221  4221 I HardKeyTracker: HardKeyTracker.unregisterKeySequence():259 Unregister key sequence phm{labelResId=2132020537, callback=ffb@b32640d, lastModifier=2, keyCodes=[32], actions=[0]}
06-13 13:10:36.317  4221  4221 I HardKeyTracker: HardKeyTracker.unregisterKeySequence():259 Unregister key sequence phm{labelResId=2132020537, callback=ffb@dfebfc2, lastModifier=0, keyCodes=[319], actions=[0]}
06-13 13:10:36.318  4221  4221 I HardKeyTracker: HardKeyTracker.registerKeySequence():201 Register key sequence phm{labelResId=2132020537, callback=ffb@ab866e8, lastModifier=2, keyCodes=[32], actions=[0]}
06-13 13:10:36.318  4221  4221 I HardKeyTracker: HardKeyTracker.registerKeySequence():201 Register key sequence phm{labelResId=2132020537, callback=ffb@f4eb101, lastModifier=0, keyCodes=[319], actions=[0]}
06-13 13:10:36.318  4221  4221 I HardKeyTracker: HardKeyTracker.unregisterKeySequence():259 Unregister key sequence phm{labelResId=2132020537, callback=ffb@5628185, lastModifier=2, keyCodes=[32], actions=[0]}
06-13 13:10:36.318  4221  4221 I HardKeyTracker: HardKeyTracker.unregisterKeySequence():259 Unregister key sequence phm{labelResId=2132020537, callback=ffb@45dbda, lastModifier=0, keyCodes=[319], actions=[0]}
06-13 13:10:36.318  4221  4221 I HardKeyTracker: HardKeyTracker.registerKeySequence():201 Register key sequence phm{labelResId=2132020537, callback=ffb@635dba6, lastModifier=2, keyCodes=[32], actions=[0]}
06-13 13:10:36.318  4221  4221 I HardKeyTracker: HardKeyTracker.registerKeySequence():201 Register key sequence phm{labelResId=2132020537, callback=ffb@63f49e7, lastModifier=0, keyCodes=[319], actions=[0]}
06-13 13:10:36.318  4221  4221 I HardKeyTracker: HardKeyTracker.unregisterKeySequence():259 Unregister key sequence phm{labelResId=2132020537, callback=ffb@ab866e8, lastModifier=2, keyCodes=[32], actions=[0]}
06-13 13:10:36.319  4221  4221 I HardKeyTracker: HardKeyTracker.unregisterKeySequence():259 Unregister key sequence phm{labelResId=2132020537, callback=ffb@f4eb101, lastModifier=0, keyCodes=[319], actions=[0]}
06-13 13:10:36.319  4221  4221 I HardKeyTracker: HardKeyTracker.registerKeySequence():201 Register key sequence phm{labelResId=2132020537, callback=ffb@1210994, lastModifier=2, keyCodes=[32], actions=[0]}
06-13 13:10:36.319  4221  4221 I HardKeyTracker: HardKeyTracker.registerKeySequence():201 Register key sequence phm{labelResId=2132020537, callback=ffb@8745c3d, lastModifier=0, keyCodes=[319], actions=[0]}
06-13 13:10:36.319  4221 21800 I PackageStatusChecker: PackageStatusChecker.isPackageSuspended():24 Current package suspended=false [SD]
06-13 13:10:36.319  4221  4221 I HardKeyTracker: HardKeyTracker.unregisterKeySequence():259 Unregister key sequence phm{labelResId=2132020537, callback=ffb@635dba6, lastModifier=2, keyCodes=[32], actions=[0]}
06-13 13:10:36.319  4221  4221 I HardKeyTracker: HardKeyTracker.unregisterKeySequence():259 Unregister key sequence phm{labelResId=2132020537, callback=ffb@63f49e7, lastModifier=0, keyCodes=[319], actions=[0]}
06-13 13:10:36.319  4221  4221 I HardKeyTracker: HardKeyTracker.registerKeySequence():201 Register key sequence phm{labelResId=2132020537, callback=ffb@1d40c32, lastModifier=2, keyCodes=[32], actions=[0]}
06-13 13:10:36.319  4221  4221 I HardKeyTracker: HardKeyTracker.registerKeySequence():201 Register key sequence phm{labelResId=2132020537, callback=ffb@3ac9d83, lastModifier=0, keyCodes=[319], actions=[0]}
06-13 13:10:36.319  4221  4221 I HardKeyTracker: HardKeyTracker.unregisterKeySequence():259 Unregister key sequence phm{labelResId=2132020537, callback=ffb@1210994, lastModifier=2, keyCodes=[32], actions=[0]}
06-13 13:10:36.319  4221  4221 I HardKeyTracker: HardKeyTracker.unregisterKeySequence():259 Unregister key sequence phm{labelResId=2132020537, callback=ffb@8745c3d, lastModifier=0, keyCodes=[319], actions=[0]}
06-13 13:10:36.319  4221  4221 I HardKeyTracker: HardKeyTracker.registerKeySequence():201 Register key sequence phm{labelResId=2132020537, callback=ffb@ecf2b00, lastModifier=2, keyCodes=[32], actions=[0]}
06-13 13:10:36.319  4221  4221 I HardKeyTracker: HardKeyTracker.registerKeySequence():201 Register key sequence phm{labelResId=2132020537, callback=ffb@f4f7f39, lastModifier=0, keyCodes=[319], actions=[0]}
06-13 13:10:36.320  4221  4221 I GoogleInputMethodService: GoogleInputMethodService$1.onKeyboardViewShown():344 onKeyboardViewShown: keyboardType=prime, keyboardViewType=HEADER keyboardView=com.google.android.libraries.inputmethod.widgets.SoftKeyboardView{b27ecea V.E...... .......D 0,0-1440,154}
06-13 13:10:36.320  4221  4221 I BaseKeyboardSizeHelper: BaseKeyboardSizeHelper.calculateMaxKeyboardBodyHeight():73 leave 375 height for app when ime window height:2808, header height:154 and isFullscreenMode:false, so the max keyboard body height is:2279
06-13 13:10:36.321  4221  4221 I GoogleInputMethodService: GoogleInputMethodService$1.onKeyboardViewShown():344 onKeyboardViewShown: keyboardType=prime, keyboardViewType=BODY keyboardView=com.google.android.libraries.inputmethod.widgets.SoftKeyboardView{e66a6f3 V.E...... ........ 0,0-1440,998}
06-13 13:10:36.321  4221  4221 I BaseKeyboardSizeHelper: BaseKeyboardSizeHelper.calculateMaxKeyboardBodyHeight():73 leave 375 height for app when ime window height:2808, header height:154 and isFullscreenMode:false, so the max keyboard body height is:2279
06-13 13:10:36.321   680  2491 E powerhal-libperfmgr: Error: shouldn't report duration during pause state.
06-13 13:10:36.321  4221 21806 I MultilangConditionManagerImpl: MultilangConditionManagerImpl.isAutomaticSwitchingEnabled():77 Automatic switching disabled because Gboard setting is not shown [SD]
06-13 13:10:36.321  4221  4221 I GlobeKeyExtension: GlobeKeyExtension$1.onKeyboardViewShown():77 maybeDisableLanguageSwitchKeyPref when the keyboard is shown
06-13 13:10:36.321  4221 21806 I MultilangConditionManagerImpl: MultilangConditionManagerImpl.isAutomaticSwitchingEnabled():92 Automatic switching disabled because there aren't enough supported keyboard languages [SD]
06-13 13:10:36.321  4221  4221 I GlobeKeyExtension: GlobeKeyExtension.maybeDisableLanguageSwitchKeyPref():211 maybeDisableLanguageSwitchKeyPref hasGlobeKeyBeenDisabled: true, shouldDisableLanguageSwitchKey: true
06-13 13:10:36.321  4221 21806 I AsrProviderChoice: AsrProviderChoice.setChosenProvider():83 Setting chosen ASR provider to: 6 [SD]
06-13 13:10:36.321  4221  4221 I NewLanguagePromptExtension: NewLanguagePromptExtension$1.onKeyboardViewShown():88 Not show new language banner: not prime keyboard, or the extension not activated.
06-13 13:10:36.321 30112 30112 D b/417220811: invalidateLoadedTasks - previous requestLoadId: -1
06-13 13:10:36.322  4221  4221 I KeyboardModeUtils: KeyboardModeUtils.getKeyboardBottomOffset():435 inch: 0.000000 ydpi: 511.277008 adjustKeyboardBottomByDisplaySize: false currentDensityDpi: 560 defaultDensityDpi: 560 keyboardBottomToScreenPx: 0 keyboardBottomToNavBarPx: -168 navBarHeight: 168
06-13 13:10:36.322  4221  4221 I BaseKeyboardSizeHelper: BaseKeyboardSizeHelper.calculateMaxKeyboardBodyHeight():73 leave 375 height for app when ime window height:2808, header height:154 and isFullscreenMode:false, so the max keyboard body height is:2279
06-13 13:10:36.322  4221  4221 I BaseKeyboardSizeHelper: BaseKeyboardSizeHelper.calculateMaxKeyboardBodyHeight():73 leave 375 height for app when ime window height:2808, header height:154 and isFullscreenMode:false, so the max keyboard body height is:2279
06-13 13:10:36.322  4221  4221 I AndroidIME: KeyboardViewManager.updateKeyboardBottomFrame():519 Set bottomFrameHeight = 28 while holderPaddingBottom = 28; navigationHeight = 168
06-13 13:10:36.324  4221 21806 I EligibilityChecker: EligibilityChecker.triggerProactiveLanguagePackUpdate():475 Never attempted LP download before, triggering download for potential updates [SD]
06-13 13:10:36.324  4221 21806 I EligibilityChecker: EligibilityChecker.getDictationConfigEligibilityForLocale():310 Dictation is enabled. workprofile=false [SD]
06-13 13:10:36.324  4221 21452 I LanguageDownloadQueue: LanguageDownloadQueue.performLanguageDownload():81 Starting language download job for en-US [SD]
06-13 13:10:36.325  4221 21804 I MultilangConditionManagerImpl: MultilangConditionManagerImpl.isAutomaticSwitchingEnabled():77 Automatic switching disabled because Gboard setting is not shown [SD]
06-13 13:10:36.325  4221 21804 I MultilangConditionManagerImpl: MultilangConditionManagerImpl.isAutomaticSwitchingEnabled():92 Automatic switching disabled because there aren't enough supported keyboard languages [SD]
06-13 13:10:36.325  4221 21804 I EligibilityChecker: EligibilityChecker.getDictationConfigEligibilityForLocale():310 Dictation is enabled. workprofile=false [SD]
06-13 13:10:36.325  4221  4221 I NgaStateManager: NgaStateManager.setAssistantDictationEligibility():188 AssistantDictationEligibility = 1 [SDG]
06-13 13:10:36.325  4221 21804 I EligibilityUtilKt: EligibilityUtilKt.isDictationSupportedInInputField():92 Field type is not set, assuming supported input field. [SD]
06-13 13:10:36.325  4221 21804 I MultilangConditionManagerImpl: MultilangConditionManagerImpl.isAutomaticSwitchingEnabled():77 Automatic switching disabled because Gboard setting is not shown [SD]
06-13 13:10:36.325  4221  4221 I NgaStateManager: NgaStateManager.buildConfigEligibilityPerLanguageTag():306 AssistantDictationEligibility(config, en-US) = 1 [SDG]
06-13 13:10:36.325  4221 21804 I MultilangConditionManagerImpl: MultilangConditionManagerImpl.isAutomaticSwitchingEnabled():92 Automatic switching disabled because there aren't enough supported keyboard languages [SD]
06-13 13:10:36.325  4221  4221 I NgaStateManager: NgaStateManager.buildConfigEligibilityPerLanguageTag():306 AssistantDictationEligibility(config, ja-JP) = 1 [SDG]
06-13 13:10:36.325  4221  4221 I NgaStateManager: NgaStateManager.setAssistantDictationEligibility():197 AssistantDictationEligibility(inputField) = 1 [SDG]
06-13 13:10:36.326  4221 21804 I KeyboardEligibilityNotifier: KeyboardEligibilityNotifier.notifyEligibility():76 Keyboard notified that eligibility=ELIGIBLE [SD]
06-13 13:10:36.326  4221  4221 I NgaInputHandlerFactory: NgaInputHandlerFactory.restorePrimary():138 restoring primary [SDG]
06-13 13:10:36.326  4221 21804 I KeyboardEventHandler: KeyboardEventHandler.handleKeyboardVisibilityEvent():214 Handling KeyboardVisibilityEvent: KEYBOARD_CLOSED [SD]
06-13 13:10:36.326  4221  4221 I NgaVoiceInputHandlerSwitcher: NgaVoiceInputHandlerSwitcher.restorePrimary():240 not switching to primary. fallback is null [SDG]
06-13 13:10:36.326  4221  4221 I NgaExtension: NgaExtension.onDictatingStateChanged():921 Dictating state changed: dictating=false, status=0 [SDG]
06-13 13:10:36.326   680  2491 E powerhal-libperfmgr: Error: shouldn't report duration during pause state.
06-13 13:10:36.327  4221  4221 W NgaExtension: NgaExtension.handleUiCommand():1006 cannot update UI in state NgaState{connected=true, keyboardVisible=false, dictationEligible=true, currentFieldEligibilityUpToDate=true, dictating=false, languageIndicatorVisible=false, keyboardTypeSupported=true, config=# jis@adbafd8a, clientType=1, eligibilityByLanguageTag={en-US=1, ja-JP=1}, currentEligibility=1, autoStarted=false} [SDG]
06-13 13:10:36.327  4221 21452 I LanguageDownloadQueue: LanguageDownloadQueue.performLanguageDownload():101 Skip download for en-US due to another recent attempt [SD]
06-13 13:10:36.327  4221  4221 I KeyboardModeUtils: KeyboardModeUtils.getKeyboardBottomOffset():435 inch: 0.000000 ydpi: 511.277008 adjustKeyboardBottomByDisplaySize: false currentDensityDpi: 560 defaultDensityDpi: 560 keyboardBottomToScreenPx: 0 keyboardBottomToNavBarPx: -168 navBarHeight: 168
06-13 13:10:36.328  4221  4221 I BaseKeyboardSizeHelper: BaseKeyboardSizeHelper.calculateMaxKeyboardBodyHeight():73 leave 375 height for app when ime window height:2808, header height:154 and isFullscreenMode:false, so the max keyboard body height is:2279
06-13 13:10:36.328  4221  4221 I BaseKeyboardSizeHelper: BaseKeyboardSizeHelper.calculateMaxKeyboardBodyHeight():73 leave 375 height for app when ime window height:2808, header height:154 and isFullscreenMode:false, so the max keyboard body height is:2279
06-13 13:10:36.328  4221  4221 I AndroidIME: KeyboardViewManager.updateKeyboardBottomFrame():519 Set bottomFrameHeight = 28 while holderPaddingBottom = 28; navigationHeight = 168
06-13 13:10:36.328 22037 22086 I okhttp.OkHttpClient: <-- 401 Unauthorized http://127.0.0.1:8080/v1/auth/login (179ms, 216-byte body)
06-13 13:10:36.328  4221  4221 I NgaStateManager: NgaStateManager.setAssistantDictationEligibility():188 AssistantDictationEligibility = 1 [SDG]
06-13 13:10:36.328  4221  4221 I NgaStateManager: NgaStateManager.buildConfigEligibilityPerLanguageTag():306 AssistantDictationEligibility(config, en-US) = 1 [SDG]
06-13 13:10:36.328  4221  4221 I NgaStateManager: NgaStateManager.buildConfigEligibilityPerLanguageTag():306 AssistantDictationEligibility(config, ja-JP) = 1 [SDG]
06-13 13:10:36.328  4221  4221 I NgaStateManager: NgaStateManager.setAssistantDictationEligibility():197 AssistantDictationEligibility(inputField) = 1 [SDG]
06-13 13:10:36.329  4221  4221 I NgaInputHandlerFactory: NgaInputHandlerFactory.restorePrimary():138 restoring primary [SDG]
06-13 13:10:36.329  4221  4221 I NgaVoiceInputHandlerSwitcher: NgaVoiceInputHandlerSwitcher.restorePrimary():240 not switching to primary. fallback is null [SDG]
06-13 13:10:36.333 22037 22037 I ImeTracker: com.takeya.animeongaku:b02971a8: onCancelled at PHASE_CLIENT_ANIMATION_CANCEL
06-13 13:10:36.333   680  2491 E powerhal-libperfmgr: Error: shouldn't report duration during pause state.
06-13 13:10:36.334  1609  5164 I ImeTracker: com.takeya.animeongaku:b02971a8: onFinished on previously finished token at PHASE_SERVER_NOTIFY_HIDE_ANIMATION_FINISHED with STATUS_CANCEL
06-13 13:10:36.334  1609  5164 I ImeTracker: com.takeya.animeongaku:b02971a8: onCancelled at PHASE_SERVER_NOTIFY_HIDE_ANIMATION_FINISHED
06-13 13:10:36.342   680  2491 E powerhal-libperfmgr: Error: shouldn't report duration during pause state.
06-13 13:10:36.499  1609  2111 D ActivityManager: freezing 6737 com.android.chrome
06-13 13:10:36.501  1609  2111 D ActivityManager: freezing 21114 com.google.android.documentsui
06-13 13:10:36.505  1609  2196 D InetDiagMessage: Destroyed 0 sockets, proto=IPPROTO_TCP, family=AF_INET, states=14
06-13 13:10:36.507  1609  2196 D InetDiagMessage: Destroyed 0 sockets, proto=IPPROTO_TCP, family=AF_INET6, states=14
06-13 13:10:36.507  1609  2196 D InetDiagMessage: Destroyed live tcp sockets for uids={10183} in 4ms
06-13 13:10:36.606  1609  2196 D InetDiagMessage: Destroyed 0 sockets, proto=IPPROTO_TCP, family=AF_INET, states=14
06-13 13:10:36.607  1050  2884 I bthal.activity: bt_power: LeAdvStat: 13:10:35:603 - 13:10:36:607, duration: 1003, le_adv_count: 1, total_le_adv_count: 8042, total_event_count: 0
06-13 13:10:36.608  1609  2196 D InetDiagMessage: Destroyed 0 sockets, proto=IPPROTO_TCP, family=AF_INET6, states=14
06-13 13:10:36.609  1609  2196 D InetDiagMessage: Destroyed live tcp sockets for uids={10084} in 4ms
06-13 13:10:36.687  1609  2111 D ActivityManager: freezing 24538 com.google.android.apps.photos
06-13 13:10:36.692  1609  2111 D ActivityManager: freezing 6146 com.microsoft.emmx
06-13 13:10:36.694  1609  2196 D InetDiagMessage: Destroyed 0 sockets, proto=IPPROTO_TCP, family=AF_INET, states=14
06-13 13:10:36.695  1609  2196 D InetDiagMessage: Destroyed 0 sockets, proto=IPPROTO_TCP, family=AF_INET6, states=14
06-13 13:10:36.695  1609  2196 D InetDiagMessage: Destroyed live tcp sockets for uids={10194} in 3ms
06-13 13:10:36.757  5781  5781 I ContentProtectionServic: CP service destroyed
06-13 13:10:36.758  1609  1609 I RemoteContentProtectionService: Connection status for: ComponentInfo{com.google.android.odad/com.google.android.apps.miphone.odad.contentprotection.ContentProtectionService} changed to: disconnected
06-13 13:10:36.761  5781 23828 D VirtualMachine: onTrimMemory: Completed setMemoryBalloonByPercent on thread: pool-33-thread-1
06-13 13:10:36.815  4221  4221 W TooltipLifecycleManager: TooltipLifecycleManager.dismissTooltips():153 Tooltip with id undo_access_point_promotion_banner not found in tooltipManager.
06-13 13:10:36.825  1609  1632 I ImeTracker: system_server:ed48b9a2: onRequestHide at ORIGIN_SERVER reason IME_REQUESTED_CHANGED_LISTENER fromUser false displayId 0
06-13 13:10:36.826  1609  1674 I ImeTracker: system_server:ed48b9a2: onCancelled at PHASE_SERVER_SHOULD_HIDE
06-13 13:10:36.831  4221  4221 I KeyboardModeUtils: KeyboardModeUtils.getKeyboardBottomOffset():435 inch: 0.000000 ydpi: 511.277008 adjustKeyboardBottomByDisplaySize: false currentDensityDpi: 560 defaultDensityDpi: 560 keyboardBottomToScreenPx: 0 keyboardBottomToNavBarPx: -168 navBarHeight: 168
06-13 13:10:36.832  4221  4221 I BaseKeyboardSizeHelper: BaseKeyboardSizeHelper.calculateMaxKeyboardBodyHeight():73 leave 375 height for app when ime window height:2808, header height:154 and isFullscreenMode:false, so the max keyboard body height is:2279
06-13 13:10:36.832  4221  4221 I BaseKeyboardSizeHelper: BaseKeyboardSizeHelper.calculateMaxKeyboardBodyHeight():73 leave 375 height for app when ime window height:2808, header height:154 and isFullscreenMode:false, so the max keyboard body height is:2279
06-13 13:10:36.832  4221  4221 I AndroidIME: KeyboardViewManager.updateKeyboardBottomFrame():519 Set bottomFrameHeight = 28 while holderPaddingBottom = 28; navigationHeight = 168
06-13 13:10:36.867  1609  2111 D ActivityManager: freezing 12517 com.samsung.android.samsungpay.gear
06-13 13:10:36.867  1609  2196 D InetDiagMessage: Destroyed 0 sockets, proto=IPPROTO_TCP, family=AF_INET, states=14
06-13 13:10:36.868  1609  2196 D InetDiagMessage: Destroyed 0 sockets, proto=IPPROTO_TCP, family=AF_INET6, states=14
06-13 13:10:36.869  1609  2196 D InetDiagMessage: Destroyed live tcp sockets for uids={10331} in 2ms
06-13 13:10:36.869  1609  2111 D ActivityManager: freezing 5430 com.samsung.android.heartplugin
06-13 13:10:36.871  1609  2111 D ActivityManager: freezing 7259 com.google.android.adservices.api
06-13 13:10:36.874  1609  2196 D InetDiagMessage: Destroyed 0 sockets, proto=IPPROTO_TCP, family=AF_INET, states=14
06-13 13:10:36.876  1609  2196 D InetDiagMessage: Destroyed 0 sockets, proto=IPPROTO_TCP, family=AF_INET6, states=14
06-13 13:10:36.876  1609  2196 D InetDiagMessage: Destroyed live tcp sockets for uids={10373} in 3ms
06-13 13:10:36.877  1609  2196 D InetDiagMessage: Destroyed 0 sockets, proto=IPPROTO_TCP, family=AF_INET, states=14
06-13 13:10:36.878  1609  2196 D InetDiagMessage: Destroyed 0 sockets, proto=IPPROTO_TCP, family=AF_INET6, states=14
06-13 13:10:36.878  1609  2196 D InetDiagMessage: Destroyed live tcp sockets for uids={10356} in 2ms
06-13 13:10:36.879  1609  2196 D InetDiagMessage: Destroyed 0 sockets, proto=IPPROTO_TCP, family=AF_INET, states=14
06-13 13:10:36.880  1609  2196 D InetDiagMessage: Destroyed 0 sockets, proto=IPPROTO_TCP, family=AF_INET6, states=14
06-13 13:10:36.880  1609  2196 D InetDiagMessage: Destroyed live tcp sockets for uids={10234} in 2ms
06-13 13:10:36.927  4221 21800 I KeyboardEventHandler: KeyboardEventHandler.handleKeyboardHidden():293 Keyboard closed, ending dictation. [SD]
06-13 13:10:36.979  2549  3446 D ImpulseConnection: timeout didn't happen: com.google.android.apps.turbo
06-13 13:10:36.987  2549  2628 D TemperatureStateSource: sequence=6274 actualDelay=10000
06-13 13:10:36.987  2549  2628 D TemperatureStateSource: Reading temperature: sequence=6275
06-13 13:10:36.991  1743  1743 I pixel-thermal: VIRTUAL-SKIN:28.4544 raw data: VIRTUAL-GNSS-DISP:28454.4 VIRTUAL-NEUTRAL-QUIET:27440.4 VIRTUAL-QUIET-USB2:26304.7 VIRTUAL-SKIN:28454.4 VIRTUAL-USB2-QUIET:25764.5 disp_therm:27988 gnss_tcxo_therm:29568 neutral_therm:28544 quiet_therm:27498 usb_pwr_therm2:27565 
06-13 13:10:36.992  2549  2628 D TemperatureStateSource: getDeviceTemperatures: sequence=6275 deviceTemperatureType=3 temperatureSource=0 temperatures=[28.4544]
06-13 13:10:36.992  2549  2628 D BusinessScope: Enqueuing the block
06-13 13:10:36.992  2549  2628 D TemperatureStateSource: sequence=6275 waitTime=10000
06-13 13:10:36.992  2549  2638 D BusinessScope: Start running the #12671 block
06-13 13:10:36.994  1743  1743 I pixel-thermal: VIRTUAL-SKIN:28.4544 raw data: VIRTUAL-SKIN:28454.4 
06-13 13:10:36.994  2549  2638 I TemperatureStateSource: temperature was set
06-13 13:10:36.995  2549  2638 D BusinessScope: Enqueuing the block
06-13 13:10:36.995  2549  2638 D ImpulseStateSource: Notify clients: 6334
06-13 13:10:36.995  2549  2638 D BusinessScope: Finish running the #12671 block
06-13 13:10:36.995  2549  2638 D BusinessScope: Start running the #12672 block
06-13 13:10:36.997  2549  2638 D BusinessScope: Finish running the #12672 block
06-13 13:10:37.008  6963 21957 W Turbo.DeviceHealthLeversManagerImpl: applyLeversWithMaintenanceWindow: ignore the same request
06-13 13:10:37.305  1609  2112 D HintManagerService: Starts cleaning for 10186
06-13 13:10:37.307 16618  7323 I euth    : (REDACTED) HDM. appOpsListener %s %s
06-13 13:10:37.307 16618  7323 I euth    : (REDACTED) HDM. Ignoring irrelevant audio permission changes for package %s
06-13 13:10:37.311   545 21982 I keystore2: system/security/keystore2/watchdog/src/lib.rs:371 - Watchdog thread idle -> terminating. Have a great day.
06-13 13:10:37.314  4221 21799 I KeyboardActiveSessionStreamManager: KeyboardActiveSessionStreamManager.closeStream():110 Closing stream. [SDG]
06-13 13:10:37.317  4221 21799 I Interaction: Interaction$KeyboardEventStreamObserver.onCompleted():141 Interaction#6 completed by the client [SD]
06-13 13:10:37.319  4221 21802 I Interaction: Interaction.shutdownAndForget$java_com_google_android_libraries_inputmethod_voice_smartdictation_service_interaction_interaction():92 Shutting down Interaction#6 [SD]
06-13 13:10:37.320  4221 21802 I KeyboardActiveSessionStreamManager: KeyboardActiveSessionStreamManager$AssistantEventObserver.onCompleted():240 Assistant event stream completed. [SDG]
06-13 13:10:37.321  4221 21802 I InteractionManager: InteractionManager.forgetInteraction$java_com_google_android_libraries_inputmethod_voice_smartdictation_service_interaction_interaction():50 Forgetting Interaction#6 [SD]
06-13 13:10:38.199  1126  1126 I WifiHAL : Creating message to get link statistics; iface = 47
06-13 13:10:38.335  1126  1126 D WifiHAL : Start debug command: mType GET_FEATURE
06-13 13:10:38.336  1126  1126 I WifiHAL : CreateRequest mType = GET_FEATURE
06-13 13:10:38.336  1126  1126 D WifiHAL : In DebugCommand::handleResponse, mType:GET_FEATURE
06-13 13:10:38.336  1126  1126 D WifiHAL : len = 4, expected len = 4
06-13 13:10:40.705  1050  2884 I bthal.activity: bt_power: LeAdvStat: 13:10:39:703 - 13:10:40:704, duration: 1001, le_adv_count: 1, total_le_adv_count: 8043, total_event_count: 1
06-13 13:10:41.347  1126  1126 I WifiHAL : Creating message to get link statistics; iface = 47
06-13 13:10:41.482  1126  1126 D WifiHAL : Start debug command: mType GET_FEATURE
06-13 13:10:41.482  1126  1126 I WifiHAL : CreateRequest mType = GET_FEATURE
06-13 13:10:41.482  1126  1126 D WifiHAL : In DebugCommand::handleResponse, mType:GET_FEATURE
06-13 13:10:41.482  1126  1126 D WifiHAL : len = 4, expected len = 4
06-13 13:10:42.122   904 21016 I NearbyMediums: Found Fast Ble Advertisements :
06-13 13:10:42.122   904 21016 I NearbyMediums: BleAdvertisement { version=2, socketVersion=2, isFast=true, serviceIdHash=null, data=[ 0x23 0x47 0x35 0x4d 0x39 0x11 0x32 0x86 0x0f 0x13 0xa2 0xc7 0xe4 0x51 0xaa 0xd1 0xde 0xe0 0x80 0x04 0x1d 0x56 0x23 ], deviceToken=[ 0xba 0x2b ], rxAdvertisement=null } : 4 times.
06-13 13:10:42.122   904 21016 I NearbyMediums: BleAdvertisement { version=2, socketVersion=2, isFast=true, serviceIdHash=null, data=[ 0x23 0x44 0x47 0x4a 0x4e 0x11 0x32 0xe9 0x31 0xfb 0x48 0xf5 0xec 0xed 0x5e 0xd8 0x99 0x6e 0x70 0x5c 0x4f 0x6b 0xe2 ], deviceToken=[ 0xd9 0x4b ], rxAdvertisement=null } : 4 times.
06-13 13:10:42.122   904 21016 I NearbyMediums: Total 8 fast advertisements from 2 unique advertisers.
06-13 13:10:42.123   904 21016 I NearbyMediums: Current Tracked Scanning Clients are : {NearbyConnections.EnvironmentMonitor, NearbySharing}
06-13 13:10:42.137  1050  2884 I bthal.activity: bt_power: LeAdvStat: 13:10:41:135 - 13:10:42:136, duration: 1000, le_adv_count: 1, total_le_adv_count: 8044, total_event_count: 1
06-13 13:10:43.567  1050  2884 I bthal.activity: bt_power: LeAdvStat: 13:10:42:566 - 13:10:43:566, duration: 1000, le_adv_count: 1, total_le_adv_count: 8045, total_event_count: 1
06-13 13:10:44.499  1126  3328 I WifiHAL : Creating message to get link statistics; iface = 47
06-13 13:10:44.642  1126  3328 D WifiHAL : Start debug command: mType GET_FEATURE
06-13 13:10:44.642  1126  3328 I WifiHAL : CreateRequest mType = GET_FEATURE
