06-13 13:09:24.719  4953  5020 I ffwx    : #sync() complete
06-13 13:09:24.722  4953  5013 D RemoteListenableDelegatingWorker: Cleaning up
06-13 13:09:24.724  1609  2249 D BackgroundInstallControlService: Package event received: 0
06-13 13:09:24.725  4953  5013 I WM-WorkerWrapper: Worker result SUCCESS for Work [ id=4c2030c8-8ef2-4879-8a45-124ae0def3f7, tags={ com.google.apps.tiktok.contrib.work.TikTokListenableWorker,com.google.apps.tiktok.sync.impl.workmanager.SyncPeriodicWorker_proc<search>,sync_constraint:charger_unmetered,TikTokWorker#com.google.apps.tiktok.sync.impl.workmanager.SyncPeriodicWorker } ]
06-13 13:09:24.728  4953  4953 D WM-Processor: pby 4c2030c8-8ef2-4879-8a45-124ae0def3f7 executed; reschedule = false
06-13 13:09:24.728  4953  4953 D WM-GreedyScheduler: Stopping tracking for WorkGenerationalId(workSpecId=4c2030c8-8ef2-4879-8a45-124ae0def3f7, generation=1872)
06-13 13:09:24.728  4953  4953 D WM-SystemJobService: 4c2030c8-8ef2-4879-8a45-124ae0def3f7 executed on JobScheduler
06-13 13:09:24.732  4953  5013 D WM-GreedyScheduler: Cancelling work ID 4c2030c8-8ef2-4879-8a45-124ae0def3f7
06-13 13:09:24.733   904   913 E AuthPII : [RequestTokenManager] getToken() -> BAD_AUTHENTICATION. App: com.android.vending, Service: oauth2:https://www.googleapis.com/auth/googleplay
06-13 13:09:24.733   904   913 E AuthPII : bjjk: Long live credential not available.
06-13 13:09:24.733   904   913 E AuthPII : 	at aicq.a(:com.google.android.gms@262031035@26.20.31 (260400-919905943):1347)
06-13 13:09:24.733   904   913 E AuthPII : 	at aicx.b(:com.google.android.gms@262031035@26.20.31 (260400-919905943):26)
06-13 13:09:24.733   904   913 E AuthPII : 	at aicv.a(:com.google.android.gms@262031035@26.20.31 (260400-919905943):745)
06-13 13:09:24.733   904   913 E AuthPII : 	at aicu.b(:com.google.android.gms@262031035@26.20.31 (260400-919905943):151)
06-13 13:09:24.733   904   913 E AuthPII : 	at abab.d(:com.google.android.gms@262031035@26.20.31 (260400-919905943):800)
06-13 13:09:24.733   904   913 E AuthPII : 	at ahwh.getAuthToken(:com.google.android.gms@262031035@26.20.31 (260400-919905943):411)
06-13 13:09:24.733   904   913 E AuthPII : 	at android.accounts.AbstractAccountAuthenticator$Transport.getAuthToken(AbstractAccountAuthenticator.java:248)
06-13 13:09:24.733   904   913 E AuthPII : 	at android.accounts.IAccountAuthenticator$Stub.onTransact(IAccountAuthenticator.java:254)
06-13 13:09:24.733   904   913 E AuthPII : 	at android.os.Binder.transact(Binder.java:1318)
06-13 13:09:24.733   904   913 E AuthPII : 	at cqtp.onTransact(:com.google.android.gms@262031035@26.20.31 (260400-919905943):12)
06-13 13:09:24.733   904   913 E AuthPII : 	at android.os.Binder.transact(Binder.java:1318)
06-13 13:09:24.733   904   913 E AuthPII : 	at ccio.onTransact(:com.google.android.gms@262031035@26.20.31 (260400-919905943):169)
06-13 13:09:24.733   904   913 E AuthPII : 	at android.os.Binder.execTransactInternal(Binder.java:1471)
06-13 13:09:24.733   904   913 E AuthPII : 	at android.os.Binder.execTransact(Binder.java:1411)
06-13 13:09:24.734   904   913 E AuthPII : Message is Long live credential not available.
06-13 13:09:24.734   904   913 E AuthPII : bjjk: Long live credential not available.
06-13 13:09:24.734   904   913 E AuthPII : 	at aicq.a(:com.google.android.gms@262031035@26.20.31 (260400-919905943):1347)
06-13 13:09:24.734   904   913 E AuthPII : 	at aicx.b(:com.google.android.gms@262031035@26.20.31 (260400-919905943):26)
06-13 13:09:24.734   904   913 E AuthPII : 	at aicv.a(:com.google.android.gms@262031035@26.20.31 (260400-919905943):745)
06-13 13:09:24.734   904   913 E AuthPII : 	at aicu.b(:com.google.android.gms@262031035@26.20.31 (260400-919905943):151)
06-13 13:09:24.734   904   913 E AuthPII : 	at abab.d(:com.google.android.gms@262031035@26.20.31 (260400-919905943):800)
06-13 13:09:24.734   904   913 E AuthPII : 	at ahwh.getAuthToken(:com.google.android.gms@262031035@26.20.31 (260400-919905943):411)
06-13 13:09:24.734   904   913 E AuthPII : 	at android.accounts.AbstractAccountAuthenticator$Transport.getAuthToken(AbstractAccountAuthenticator.java:248)
06-13 13:09:24.734   904   913 E AuthPII : 	at android.accounts.IAccountAuthenticator$Stub.onTransact(IAccountAuthenticator.java:254)
06-13 13:09:24.734   904   913 E AuthPII : 	at android.os.Binder.transact(Binder.java:1318)
06-13 13:09:24.734   904   913 E AuthPII : 	at cqtp.onTransact(:com.google.android.gms@262031035@26.20.31 (260400-919905943):12)
06-13 13:09:24.734   904   913 E AuthPII : 	at android.os.Binder.transact(Binder.java:1318)
06-13 13:09:24.734   904   913 E AuthPII : 	at ccio.onTransact(:com.google.android.gms@262031035@26.20.31 (260400-919905943):169)
06-13 13:09:24.734   904   913 E AuthPII : 	at android.os.Binder.execTransactInternal(Binder.java:1471)
06-13 13:09:24.734   904   913 E AuthPII : 	at android.os.Binder.execTransact(Binder.java:1411)
06-13 13:09:24.740  4953  5013 D WM-SystemJobScheduler: Scheduling work ID 4c2030c8-8ef2-4879-8a45-124ae0def3f7Job ID 17462
06-13 13:09:24.740   904   913 I Auth    : (REDACTED) [GetToken] GetToken failed for app=%s with userRecoverable status: %s 
06-13 13:09:24.741   904   913 W Auth    : [ChimeraGetToken] exception while trying to fetch auth tokens for app=com.google.android.gms, scope=oauth2:https://www.googleapis.com/auth/googleplay [CONTEXT service_id=153 ]
06-13 13:09:24.741   904   913 W Auth    : aicp: GetToken failed with status code and recovery intent: BadAuthentication
06-13 13:09:24.741   904   913 W Auth    : 	at aicu.b(:com.google.android.gms@262031035@26.20.31 (260400-919905943):352)
06-13 13:09:24.741   904   913 W Auth    : 	at abab.d(:com.google.android.gms@262031035@26.20.31 (260400-919905943):800)
06-13 13:09:24.741   904   913 W Auth    : 	at ahwh.getAuthToken(:com.google.android.gms@262031035@26.20.31 (260400-919905943):411)
06-13 13:09:24.741   904   913 W Auth    : 	at android.accounts.AbstractAccountAuthenticator$Transport.getAuthToken(AbstractAccountAuthenticator.java:248)
06-13 13:09:24.741   904   913 W Auth    : 	at android.accounts.IAccountAuthenticator$Stub.onTransact(IAccountAuthenticator.java:254)
06-13 13:09:24.741   904   913 W Auth    : 	at android.os.Binder.transact(Binder.java:1318)
06-13 13:09:24.741   904   913 W Auth    : 	at cqtp.onTransact(:com.google.android.gms@262031035@26.20.31 (260400-919905943):12)
06-13 13:09:24.741   904   913 W Auth    : 	at android.os.Binder.transact(Binder.java:1318)
06-13 13:09:24.741   904   913 W Auth    : 	at ccio.onTransact(:com.google.android.gms@262031035@26.20.31 (260400-919905943):169)
06-13 13:09:24.741   904   913 W Auth    : 	at android.os.Binder.execTransactInternal(Binder.java:1471)
06-13 13:09:24.741   904   913 W Auth    : 	at android.os.Binder.execTransact(Binder.java:1411)
06-13 13:09:24.741   904   913 W GLSActivity: [GmsAccountAuthenticatorImpl] error status while fetching token:BadAuthentication
06-13 13:09:24.744  4953  5013 D WM-GreedyScheduler: Ignoring {WorkSpec: 6ab1a8a1-771b-49f5-b39c-e6d2248eeb52}. Requires ContentUri triggers.
06-13 13:09:24.745  8142 21849 I Finsky  : [776] Completed 1 account content syncs with 0 successful.
06-13 13:09:24.745  4953  5020 D WM-WorkConstraintsTrack: NetworkRequestConstraintController unregister shared callback
06-13 13:09:24.745  8142  8142 I Finsky  : [2] [ContentSync] Installation state replication failed, parameters=Id: 12-1, CT: 1781381242695, Constraints: [{ L: 100000, D: 86400000, C: CHARGING_NONE, I: IDLE_NONE, N: NET_ANY, B: BATTERY_ANY }].
06-13 13:09:24.745  8142  8142 I Finsky  : [2] [ContentSync] Giving up after 5 failures.
06-13 13:09:24.745  8142  8142 I Finsky  : [2] SCH: jobFinished: 12-1. TimeElapsed: 265ms.
06-13 13:09:24.745  8142  8142 I Finsky  : [2] WM::SCH: Logging work end for 12-1
06-13 13:09:24.753  8142  8187 I Finsky  : [62] SCH: Scheduling phonesky job Id: 1-1337, CT: 1781359162721, Constraints: [{ L: 43131201, D: 86331201, C: CHARGING_NONE, I: IDLE_NONE, N: NET_ANY, B: BATTERY_ANY }]
06-13 13:09:24.753  8142  8187 I Finsky  : [62] SCH: Scheduling phonesky job Id: 34-3742, CT: 1781316012279, Constraints: [{ L: 604800000, D: 2575761871, C: CHARGING_NONE, I: IDLE_NONE, N: NET_ANY, B: BATTERY_ANY }]
06-13 13:09:24.753  8142  8187 I Finsky  : [62] SCH: Scheduling phonesky job Id: 34-3745, CT: 1781378995848, Constraints: [{ L: 79199785, D: 1375199785, C: CHARGING_NONE, I: IDLE_NONE, N: NET_ANY, B: BATTERY_ANY }]
06-13 13:09:24.753  8142  8187 I Finsky  : [62] SCH: Scheduling phonesky job Id: 34-3746, CT: 1781378996831, Constraints: [{ L: 604800000, D: 2591999236, C: CHARGING_NONE, I: IDLE_NONE, N: NET_ANY, B: BATTERY_ANY }]
06-13 13:09:24.755  8142  8182 I Finsky  : [58] SCH: Scheduling 1 system job(s)
06-13 13:09:24.755  8142  8182 I Finsky  : [58] SCH: Scheduling system job Id: 9944, L: 20929167, D: 64129167, C: false, I: false, N: 1
06-13 13:09:24.757  8142 21842 I Finsky  : [773] SCH: job service finished with id 9939.
06-13 13:09:24.799  4953  5013 I eibz    : (REDACTED) getting App Capabilities %s
06-13 13:09:24.799  4953  4994 I ehzc    : Building Device Properties.
06-13 13:09:24.801  1128  2215 W APM::HwModule: getDeviceDescriptor: could not find HW module for device  (AUDIO_DEVICE_OUT_WIRED_HEADSET, 00000004) address 
06-13 13:09:24.802  1128  2215 W APM::HwModule: getDeviceDescriptor: could not find HW module for device  (AUDIO_DEVICE_OUT_WIRED_HEADPHONE, 00000008) address 
06-13 13:09:24.847  4953 21856 I dhrd    : (REDACTED) The syncToken for corpus %s is %s and the syncRequestReason is %s
06-13 13:09:25.022  1609  5279 W UriGrantsManagerService: No permission grants found for com.google.android.apps.photos
06-13 13:09:25.022  1609  5279 W UriGrantsManagerService: No permission grants found for com.google.android.apps.photos
06-13 13:09:25.055  1609  5279 W UriGrantsManagerService: No permission grants found for com.google.android.apps.photos
06-13 13:09:25.056  1609  5279 W UriGrantsManagerService: No permission grants found for com.google.android.apps.photos
06-13 13:09:25.071  1050  2884 I bthal.activity: bt_power: LeAdvStat: 13:09:24:071 - 13:09:25:071, duration: 1000, le_adv_count: 1, total_le_adv_count: 7981, total_event_count: 1
06-13 13:09:25.084  4221  4221 W TooltipLifecycleManager: TooltipLifecycleManager.dismissTooltips():153 Tooltip with id undo_access_point_promotion_banner not found in tooltipManager.
06-13 13:09:25.093  1609  5279 I ImeTracker: system_server:7ecc8e3d: onRequestHide at ORIGIN_SERVER reason IME_REQUESTED_CHANGED_LISTENER fromUser false displayId 0
06-13 13:09:25.094  1609  1674 I ImeTracker: system_server:7ecc8e3d: onCancelled at PHASE_SERVER_SHOULD_HIDE
06-13 13:09:25.100  4221  4221 I KeyboardModeUtils: KeyboardModeUtils.getKeyboardBottomOffset():435 inch: 0.000000 ydpi: 511.277008 adjustKeyboardBottomByDisplaySize: false currentDensityDpi: 560 defaultDensityDpi: 560 keyboardBottomToScreenPx: 0 keyboardBottomToNavBarPx: -168 navBarHeight: 168
06-13 13:09:25.100  4221  4221 I BaseKeyboardSizeHelper: BaseKeyboardSizeHelper.calculateMaxKeyboardBodyHeight():73 leave 375 height for app when ime window height:2808, header height:154 and isFullscreenMode:false, so the max keyboard body height is:2279
06-13 13:09:25.100  4221  4221 I BaseKeyboardSizeHelper: BaseKeyboardSizeHelper.calculateMaxKeyboardBodyHeight():73 leave 375 height for app when ime window height:2808, header height:154 and isFullscreenMode:false, so the max keyboard body height is:2279
06-13 13:09:25.100  4221  4221 I AndroidIME: KeyboardViewManager.updateKeyboardBottomFrame():519 Set bottomFrameHeight = 28 while holderPaddingBottom = 28; navigationHeight = 168
06-13 13:09:25.174  4221 21804 I KeyboardEventHandler: KeyboardEventHandler.handleKeyboardHidden():293 Keyboard closed, ending dictation. [SD]
06-13 13:09:25.237  4953 21855 I dhvj    : (REDACTED) Writing data for these Geller corpora: %s
06-13 13:09:25.529 16618  7323 I euth    : (REDACTED) HDM. appOpsListener %s %s
06-13 13:09:25.529 16618  7323 I euth    : (REDACTED) HDM. Ignoring irrelevant audio permission changes for package %s
06-13 13:09:25.530  1609  2112 D HintManagerService: Starts cleaning for 10186
06-13 13:09:25.579  4221 21799 I KeyboardActiveSessionStreamManager: KeyboardActiveSessionStreamManager.closeStream():110 Closing stream. [SDG]
06-13 13:09:25.580  4221 21799 I Interaction: Interaction$KeyboardEventStreamObserver.onCompleted():141 Interaction#5 completed by the client [SD]
06-13 13:09:25.581  4221 21802 I Interaction: Interaction.shutdownAndForget$java_com_google_android_libraries_inputmethod_voice_smartdictation_service_interaction_interaction():92 Shutting down Interaction#5 [SD]
06-13 13:09:25.582  4221 21805 I KeyboardActiveSessionStreamManager: KeyboardActiveSessionStreamManager$AssistantEventObserver.onCompleted():240 Assistant event stream completed. [SDG]
06-13 13:09:25.582  4221 21805 I InteractionManager: InteractionManager.forgetInteraction$java_com_google_android_libraries_inputmethod_voice_smartdictation_service_interaction_interaction():50 Forgetting Interaction#5 [SD]
06-13 13:09:25.611  4953 21855 I dhvj    : (REDACTED) Wrote %d elements for corpus %s
06-13 13:09:25.613  4953 21855 I dhvj    : (REDACTED) Writing metadata key: %s, corpus: %s
06-13 13:09:25.614  4953 21855 I dhvj    : (REDACTED) Writing metadata key: %s, corpus: %s
06-13 13:09:25.615  4953 21855 I dhvj    : (REDACTED) Writing metadata key: %s, corpus: %s
06-13 13:09:25.648  4953  5064 I ffwx    : Scheduling next wakeup
06-13 13:09:25.649  4953  5064 I ffxx    : Scheduling next periodic WorkManager workers
06-13 13:09:25.669  4953  5020 D WM-GreedyScheduler: Cancelling work ID f2b73909-2e02-426e-bb7a-87f38ca20bcd
06-13 13:09:25.681  4953  5020 D WM-SystemJobScheduler: Scheduling work ID f2b73909-2e02-426e-bb7a-87f38ca20bcdJob ID 17463
06-13 13:09:25.683  4953  5020 D WM-GreedyScheduler: Ignoring {WorkSpec: 6ab1a8a1-771b-49f5-b39c-e6d2248eeb52}. Requires ContentUri triggers.
06-13 13:09:25.695  4953  5020 D WM-GreedyScheduler: Cancelling work ID 4c2030c8-8ef2-4879-8a45-124ae0def3f7
06-13 13:09:25.701  4953  5020 D WM-SystemJobScheduler: Scheduling work ID 4c2030c8-8ef2-4879-8a45-124ae0def3f7Job ID 17464
06-13 13:09:25.704  4953  5020 D WM-GreedyScheduler: Ignoring {WorkSpec: 6ab1a8a1-771b-49f5-b39c-e6d2248eeb52}. Requires ContentUri triggers.
06-13 13:09:25.712  4953  5020 D WM-GreedyScheduler: Cancelling work ID ce5029d3-6ff9-461d-9ec4-2e2d3ef9b013
06-13 13:09:25.718  4953  5020 D WM-SystemJobScheduler: Scheduling work ID ce5029d3-6ff9-461d-9ec4-2e2d3ef9b013Job ID 17465
06-13 13:09:25.743  4953  5020 D WM-GreedyScheduler: Ignoring {WorkSpec: 6ab1a8a1-771b-49f5-b39c-e6d2248eeb52}. Requires ContentUri triggers.
06-13 13:09:25.759  4953  5020 D WM-GreedyScheduler: Cancelling work ID 4c2030c8-8ef2-4879-8a45-124ae0def3f7
06-13 13:09:25.766  4953  5020 D WM-SystemJobScheduler: Scheduling work ID 4c2030c8-8ef2-4879-8a45-124ae0def3f7Job ID 17466
06-13 13:09:25.768  4953  5020 D WM-GreedyScheduler: Ignoring {WorkSpec: 6ab1a8a1-771b-49f5-b39c-e6d2248eeb52}. Requires ContentUri triggers.
06-13 13:09:25.771  4953  5064 I ffxx    : Successfully scheduled next periodic workers
06-13 13:09:25.776  4953  4994 I ffwx    : #sync() complete
06-13 13:09:25.778  4953  5013 D RemoteListenableDelegatingWorker: Cleaning up
06-13 13:09:25.783  4953  5013 I WM-WorkerWrapper: Worker result SUCCESS for Work [ id=6752a80c-ffd5-43a4-99e4-a076ec45e103, tags={ com.google.apps.tiktok.contrib.work.TikTokListenableWorker,com.google.apps.tiktok.sync.impl.workmanager.SyncPeriodicWorker_proc<search>,sync_constraint:charger,TikTokWorker#com.google.apps.tiktok.sync.impl.workmanager.SyncPeriodicWorker } ]
06-13 13:09:25.785  4953  4953 D WM-Processor: pby 6752a80c-ffd5-43a4-99e4-a076ec45e103 executed; reschedule = false
06-13 13:09:25.785  4953  4953 D WM-GreedyScheduler: Stopping tracking for WorkGenerationalId(workSpecId=6752a80c-ffd5-43a4-99e4-a076ec45e103, generation=936)
06-13 13:09:25.785  4953  4953 D WM-SystemJobService: 6752a80c-ffd5-43a4-99e4-a076ec45e103 executed on JobScheduler
06-13 13:09:25.796  4953  5013 D WM-GreedyScheduler: Cancelling work ID 6752a80c-ffd5-43a4-99e4-a076ec45e103
06-13 13:09:25.813  4953  5013 D WM-SystemJobScheduler: Scheduling work ID 6752a80c-ffd5-43a4-99e4-a076ec45e103Job ID 17467
06-13 13:09:25.818  4953  5013 D WM-GreedyScheduler: Ignoring {WorkSpec: 6ab1a8a1-771b-49f5-b39c-e6d2248eeb52}. Requires ContentUri triggers.
06-13 13:09:25.819  4953  5013 D WM-BrdcstRcvrCnstrntTrc: pfj: unregistering receiver
06-13 13:09:25.921  1126  3328 I WifiHAL : Creating message to get link statistics; iface = 47
06-13 13:09:26.062  1126  3328 D WifiHAL : Start debug command: mType GET_FEATURE
06-13 13:09:26.062  1126  3328 I WifiHAL : CreateRequest mType = GET_FEATURE
06-13 13:09:26.062  1126  3328 D WifiHAL : In DebugCommand::handleResponse, mType:GET_FEATURE
06-13 13:09:26.062  1126  3328 D WifiHAL : len = 4, expected len = 4
06-13 13:09:26.071  2936  3092 D IwlanNetworkService: onCapabilitiesChanged: 100
06-13 13:09:26.072  2936  2968 D IwlanDataService: onCapabilitiesChanged: 100 [ Transports: WIFI Capabilities: NOT_METERED&INTERNET&NOT_RESTRICTED&TRUSTED&NOT_VPN&VALIDATED&NOT_ROAMING&FOREGROUND&NOT_CONGESTED&NOT_SUSPENDED&NOT_VCN_MANAGED&NOT_BANDWIDTH_CONSTRAINED LinkUpBandwidth>=18481Kbps LinkDnBandwidth>=70609Kbps TransportInfo: <SSID: "KitsuNet", BSSID: f4:92:bf:88:b9:2b, MAC: c8:2a:dd:b6:e9:9e, IP: /192.168.173.201, Security type: 2, Supplicant state: COMPLETED, Wi-Fi standard: 11ax, RSSI: -62, Link speed: 68Mbps, Tx Link speed: 68Mbps, Max Supported Tx Link speed: 1200Mbps, Calculated Tx : 60Mbps, Rx Link speed: 864Mbps, Max Supported Rx Link speed: 1200Mbps, Calculated Rx : 542Mbps, Frequency: 5745MHz, Net ID: 107, Metered hint: false, score: 100, isUsable: true, CarrierMerged: false, SubscriptionId: -1, IsPrimary: 1, Trusted: true, Restricted: false, Ephemeral: false, OEM paid: false, OEM private: false, OSU AP: false, FQDN: <none>, Provider friendly name: <none>, Requesting package name: <none>"KitsuNet"wpa2-pskMLO Information: , Is TID-To-Link negotiation supported by the AP: false, AP MLD Address: <none>, AP MLO Link Id: <none>, AP MLO Affiliated links: <none>, Vendor Data: <none>> SignalStrength: -62 OwnerUid: 1000 AdminUids: [1000] SSID: "KitsuNet" UnderlyingNetworks: Null]
06-13 13:09:26.072  2936  2968 D IwlanDataService: Network 100 connected using transport WIFI
06-13 13:09:26.074  3022  3116 D IwlanNetworkStatusTracker: onCapabilitiesChanged: 100
06-13 13:09:26.074  3022  3116 D IwlanNetworkStatusTracker: OnCapability : Wifi Available already true and validation status unchanged
06-13 13:09:26.074  3022  3116 E IwlanNetworkStatusTracker: Could not get Wifi SSID
06-13 13:09:26.079  3353  3492 D DeviceStateHelper: Wifi freq: 5745
06-13 13:09:26.081  3353  3513 I WifiSignalInfo: onCapabilitiesChanged: rssi:-62
06-13 13:09:26.082  3353  3497 D ImsPreconditionCheck: {subId=1} handleMessage: { when=-1ms what=16 target=ejg async=false heapIndex=-1 }
06-13 13:09:26.082  3353  3497 D ImsPreconditionCheck: {subId=1} onWifiCapabilitiesChanged: wifiNetworkValidated: true
06-13 13:09:26.083  2646  3751 W SHANNON_IMS: 0313 [CONN] NetworkSpecifier and TransportInfo are not valid (DefaultNetworkCallback%updateSubscriptionId:121)
06-13 13:09:26.084  2646  3751 I SHANNON_IMS: 0315 [CONN] network:100 WIFI connected, subId: -1 [SLID:0] (DefaultNetworkCallback%onCapabilitiesChanged:76)
06-13 13:09:26.085  2626  3828 D SHANNON_RCS: 2228 [0][PROX][TELE] onCapabilitiesChanged, Network: 100, NetworkCapabilities: [ Transports: WIFI Capabilities: NOT_METERED&INTERNET&NOT_RESTRICTED&TRUSTED&NOT_VPN&VALIDATED&NOT_ROAMING&FOREGROUND&NOT_CONGESTED&NOT_SUSPENDED&NOT_VCN_MANAGED&NOT_BANDWIDTH_CONSTRAINED LinkUpBandwidth>=18481Kbps LinkDnBandwidth>=70609Kbps TransportInfo: <SSID: <unknown ssid>, BSSID: 02:00:00:00:00:00, MAC: 02:00:00:00:00:00, IP: /192.168.173.201, Security type: 2, Supplicant state: COMPLETED, Wi-Fi standard: 11ax, RSSI: -62, Link speed: 68Mbps, Tx Link speed: 68Mbps, Max Supported Tx Link speed: 1200Mbps, Calculated Tx : 60Mbps, Rx Link speed: 864Mbps, Max Supported Rx Link speed: 1200Mbps, Calculated Rx : 542Mbps, Frequency: 5745MHz, Net ID: -1, Metered hint: false, score: 100, isUsable: true, CarrierMerged: false, SubscriptionId: -1, IsPrimary: -1, Trusted: true, Restricted: false, Ephemeral: false, OEM paid: false, OEM private: false, OSU AP: false, FQDN: <none>, Provider friendly name: <none>, Requesting package name: <none><none>MLO Information: , Is TID-To-Link negotiation supported by the AP: false, AP MLD Address: <none>, AP MLO Link Id: <none>, AP MLO Affiliated links: <none>, Vendor Data: <none>> SignalStrength: -62 UnderlyingNetworks: Null] (DefaultNetworkCallback%onCapabilitiesChanged:76)
06-13 13:09:26.097  1609  2249 D BackgroundInstallControlService: Package event received: 0
06-13 13:09:26.109  4417  4863 I BugleRcsEngine: handleMessage processing message:[NOTIFY_UPTIME_IGNORE_STATE_CHANGED] with [non-null]:RcsEngineImpl reference [CONTEXT log_prefix="RcsEngineImpl[DUAL_REG]:[a8f71631-44a9]>Handler" thread_id=66 ]
06-13 13:09:26.113  4417  4676 I BugleRcsEngine: Connected state: [1], networkType: [WIFI] [CONTEXT thread_id=60 ]
06-13 13:09:26.115   904  1312 I NullBinder: NullBinder for android.net.action.RECOMMEND_NETWORKS triggering remote TransactionTooLargeException due to Service without Chimera impl, calling uid: 1000, calling pid: 0
06-13 13:09:26.115   904  1312 W libbinder.Binder: Large reply transaction of 1056768 bytes, interface descriptor , code 1, flags 17
06-13 13:09:26.118  1609  2196 D ConnectivityService: NetReassign [no changes] [c 0] [a 2] [i 1]
06-13 13:09:26.120  1609  2249 D BackgroundInstallControlService: Package event received: 0
06-13 13:09:26.121  1058  1093 D CHRE    : @ 92613.703: Parsed nanoapp message from host: app ID 0x476f6f676c00100b endpoint 0xf msgType 112 payload size 14
06-13 13:09:26.126  1609  1688 D ActivityManager: sync unfroze 13436 com.google.android.apps.privacy.wildlife for 3
06-13 13:09:26.128   904 20471 I NearbyMediums: Wifi changed new SSID: "KitsuNet"
06-13 13:09:26.128   904 20471 I NearbyMediums: WifiLanConnectivityInfo is not changed, skip notify.
06-13 13:09:26.129  1609  2249 D BackgroundInstallControlService: Package event received: 0
06-13 13:09:26.130 13436 13436 I Wildlife_WildlifeVpnReceiver: ACTION_WIFI_STATE_CHANGED
06-13 13:09:26.131  1058  1093 I CHRE    : @ 92613.703: [NanoMinion] received MSG Type 0x70, Version 1, 10 bytes
06-13 13:09:26.131  1058  1093 I CHRE    : @ 92613.704: [AR] context-signal: has_bt=0, bt=0, has_wifi=1, wifi=1
06-13 13:09:26.132 13436 13436 I Wildlife_WildlifeCobaltEventLoggerImpl: SysUI wifi state changed event logged
06-13 13:09:26.132 13436 13436 I Wildlife_WildlifeVpnManagerImpl: restoreSettingsFromBackupIfNecessary() false, true, false
06-13 13:09:26.133 13436 13436 I Wildlife_OpenWifiNudgeManagerImpl: wifiStateChangedFuture
06-13 13:09:26.133 13436 21717 I Wildlife_OpenWifiNudgeManagerImpl: handleWifiStateChanged(): consumer is not active
06-13 13:09:26.134   904   904 D BoundBrokerSvc: onRebind: Intent { act=com.google.android.gms.common.telemetry.service.START dat=chimera-action:/... xflg=0x4 cmp=com.google.android.gms/.chimera.PersistentApiService }
06-13 13:09:26.155 30928 12120 I CobaltLoggerImpl: (REDACTED) Logging Cobalt occurrence for metric %d-%d-%d, with count %d and event vector %s, for caller: %s
06-13 13:09:26.155 30928 12120 I CobaltLoggerImpl: (REDACTED) Loaded Cobalt registry contains metric: %d-%d-%d
06-13 13:09:26.509  1050  2884 I bthal.activity: bt_power: LeAdvStat: 13:09:25:507 - 13:09:26:508, duration: 1001, le_adv_count: 1, total_le_adv_count: 7982, total_event_count: 1
06-13 13:09:26.520 21594 21594 D WM-DelayedWorkTracker: Scheduling work 1b23943d-9853-46cf-a393-ed581ab4cfee
06-13 13:09:26.522 21594 21594 D WM-GreedyScheduler: Starting tracking for 1b23943d-9853-46cf-a393-ed581ab4cfee
06-13 13:09:26.538 21594 21657 D WM-ConstraintTracker: NetworkStateTracker24: initial state = NetworkState(isConnected=true, isValidated=true, isMetered=false, isNotRoaming=true)
06-13 13:09:26.538 21594 21657 D WM-NetworkStateTracker: Registering network callback
06-13 13:09:26.541  1609  4979 D ConnectivityService: requestNetwork for uid/pid:10519/21594 activeRequest: null callbackRequest: 4069 [NetworkRequest [ REQUEST id=4070, [ Capabilities: INTERNET&NOT_RESTRICTED&TRUSTED&NOT_VCN_MANAGED&NOT_BANDWIDTH_CONSTRAINED Uid: 10519 RequestorUid: 10519 RequestorPkg: com.takeya.animeongaku UnderlyingNetworks: Null] ]] callback flags: 0 order: 2147483647 isUidTracked: false declaredMethods: AVAIL|LOST|NC
06-13 13:09:26.544 21594 21657 D WM-GreedyScheduler: Constraints met: Scheduling work ID WorkGenerationalId(workSpecId=1b23943d-9853-46cf-a393-ed581ab4cfee, generation=0)
06-13 13:09:26.545 21594 21625 D WM-NetworkStateTracker: Network capabilities changed: [ Transports: WIFI Capabilities: NOT_METERED&INTERNET&NOT_RESTRICTED&TRUSTED&NOT_VPN&VALIDATED&NOT_ROAMING&FOREGROUND&NOT_CONGESTED&NOT_SUSPENDED&NOT_VCN_MANAGED&NOT_BANDWIDTH_CONSTRAINED LinkUpBandwidth>=18481Kbps LinkDnBandwidth>=70609Kbps TransportInfo: <SSID: <unknown ssid>, BSSID: 02:00:00:00:00:00, MAC: 02:00:00:00:00:00, IP: /192.168.173.201, Security type: 2, Supplicant state: COMPLETED, Wi-Fi standard: 11ax, RSSI: -62, Link speed: 68Mbps, Tx Link speed: 68Mbps, Max Supported Tx Link speed: 1200Mbps, Calculated Tx : 60Mbps, Rx Link speed: 864Mbps, Max Supported Rx Link speed: 1200Mbps, Calculated Rx : 542Mbps, Frequency: 5745MHz, Net ID: -1, Metered hint: false, score: 100, isUsable: true, CarrierMerged: false, SubscriptionId: -1, IsPrimary: -1, Trusted: true, Restricted: false, Ephemeral: false, OEM paid: false, OEM private: false, OSU AP: false, FQDN: <none>, Provider friendly name: <none>, Requesting package name: <none><none>MLO Information: , Is TID-To-Link negotiation supported by the AP: false, AP MLD Address: <none>, AP MLO Link Id: <none>, AP MLO Affiliated links: <none>, Vendor Data: <none>> SignalStrength: -62 UnderlyingNetworks: Null]
06-13 13:09:26.547  1609  2189 D WifiNetworkFactory: got request NetworkRequest [ REQUEST id=4070, [ Capabilities: INTERNET&NOT_RESTRICTED&TRUSTED&NOT_VCN_MANAGED&NOT_BANDWIDTH_CONSTRAINED Uid: 10519 RequestorUid: 10519 RequestorPkg: com.takeya.animeongaku UnderlyingNetworks: Null] ]
06-13 13:09:26.548  1609  2189 D UntrustedWifiNetworkFactory: got request NetworkRequest [ REQUEST id=4070, [ Capabilities: INTERNET&NOT_RESTRICTED&TRUSTED&NOT_VCN_MANAGED&NOT_BANDWIDTH_CONSTRAINED Uid: 10519 RequestorUid: 10519 RequestorPkg: com.takeya.animeongaku UnderlyingNetworks: Null] ]
06-13 13:09:26.549  1609  2189 D OemPaidWifiNetworkFactory: got request NetworkRequest [ REQUEST id=4070, [ Capabilities: INTERNET&NOT_RESTRICTED&TRUSTED&NOT_VCN_MANAGED&NOT_BANDWIDTH_CONSTRAINED Uid: 10519 RequestorUid: 10519 RequestorPkg: com.takeya.animeongaku UnderlyingNetworks: Null] ]
06-13 13:09:26.550  1609  2189 D MultiInternetWifiNetworkFactory: got request NetworkRequest [ REQUEST id=4070, [ Capabilities: INTERNET&NOT_RESTRICTED&TRUSTED&NOT_VCN_MANAGED&NOT_BANDWIDTH_CONSTRAINED Uid: 10519 RequestorUid: 10519 RequestorPkg: com.takeya.animeongaku UnderlyingNetworks: Null] ]
06-13 13:09:26.551  1609  2196 D ConnectivityService: NetReassign [4070 : null → 100] [c 0] [a 2] [i 6]
06-13 13:09:26.554 21594 21657 D WM-Processor: Processor: processing WorkGenerationalId(workSpecId=1b23943d-9853-46cf-a393-ed581ab4cfee, generation=0)
06-13 13:09:26.568 21594 21594 D WM-WorkerWrapper: Starting work for com.takeya.animeongaku.work.LibraryPullWorker
06-13 13:09:26.578 21594 21699 I okhttp.OkHttpClient: --> GET https://ongaku.local/v1/library
06-13 13:09:26.602 21594 21699 I okhttp.OkHttpClient: <-- 401 Unauthorized http://127.0.0.1:8080/v1/library (24ms, 79-byte body)
06-13 13:09:26.619 21594 21654 I WM-WorkerWrapper: Worker result RETRY for Work [ id=1b23943d-9853-46cf-a393-ed581ab4cfee, tags={ com.takeya.animeongaku.work.LibraryPullWorker } ]
06-13 13:09:26.627 21594 21594 D WM-Processor: Processor 1b23943d-9853-46cf-a393-ed581ab4cfee executed; reschedule = true
06-13 13:09:26.629 21594 21594 D WM-GreedyScheduler: Stopping tracking for WorkGenerationalId(workSpecId=1b23943d-9853-46cf-a393-ed581ab4cfee, generation=0)
06-13 13:09:26.632   904 20471 I NearbySharing: Network state changed: NetworkState(isRestricted=false, isOnline=true, isCongested=false, isMetered=false, isWifiConnected=true)
06-13 13:09:26.633 21594 21654 D WM-GreedyScheduler: Cancelling work ID 1b23943d-9853-46cf-a393-ed581ab4cfee
06-13 13:09:26.646 21594 21654 D WM-SystemJobScheduler: Scheduling work ID 1b23943d-9853-46cf-a393-ed581ab4cfeeJob ID 4
06-13 13:09:26.651 21594 21654 D WM-NetworkStateTracker: Unregistering network callback
06-13 13:09:26.873  2549  2754 D ImpulseConnection: timeout didn't happen: com.google.android.apps.turbo
06-13 13:09:26.887  2549  2628 D TemperatureStateSource: sequence=6267 actualDelay=10002
06-13 13:09:26.889  2549  2628 D TemperatureStateSource: Reading temperature: sequence=6268
06-13 13:09:26.899  1743  1743 I pixel-thermal: VIRTUAL-SKIN:28.4239 raw data: VIRTUAL-GNSS-DISP:28423.9 VIRTUAL-NEUTRAL-QUIET:27608 VIRTUAL-QUIET-USB2:26429.8 VIRTUAL-SKIN:28423.9 VIRTUAL-USB2-QUIET:25848.7 disp_therm:28099 gnss_tcxo_therm:29435 neutral_therm:28767 quiet_therm:27632 usb_pwr_therm2:27610 
06-13 13:09:26.902  2549  2628 D TemperatureStateSource: getDeviceTemperatures: sequence=6268 deviceTemperatureType=3 temperatureSource=0 temperatures=[28.42388]
06-13 13:09:26.902  2549  2628 D BusinessScope: Enqueuing the block
06-13 13:09:26.903  2549  2628 D TemperatureStateSource: sequence=6268 waitTime=10000
06-13 13:09:26.903  2549  2638 D BusinessScope: Start running the #12657 block
06-13 13:09:26.908  1743  1743 I pixel-thermal: VIRTUAL-SKIN:28.4239 raw data: VIRTUAL-SKIN:28423.9 
06-13 13:09:26.909  2549  2638 I TemperatureStateSource: temperature was set
06-13 13:09:26.913  2549  2638 D BusinessScope: Enqueuing the block
06-13 13:09:26.913  2549  2638 D ImpulseStateSource: Notify clients: 6327
06-13 13:09:26.913  2549  2638 D BusinessScope: Finish running the #12657 block
06-13 13:09:26.914  2549  2638 D BusinessScope: Start running the #12658 block
06-13 13:09:26.917  2549  2638 D BusinessScope: Finish running the #12658 block
06-13 13:09:26.946  6963 21391 W Turbo.DeviceHealthLeversManagerImpl: applyLeversWithMaintenanceWindow: ignore the same request
06-13 13:09:28.073  7360  7360 I [AuthEngine][5140]: 411f0ee last vehicle disconnected, unregistering device motion manager!
06-13 13:09:28.078  1091  1091 D usf_sensor_hal: linear acceleration: Enter Batch. Period = 200000000, latency = 0.
06-13 13:09:28.080  1091  1721 I sensor-suez: Vendor atom [id = 100243] reported.
06-13 13:09:28.090  7360  7360 I [AuthEngine][5140]: 411f0ee last vehicle disconnected, clearing state!
06-13 13:09:29.074  1126  1126 I WifiHAL : Creating message to get link statistics; iface = 47
06-13 13:09:29.218  1126  1126 D WifiHAL : Start debug command: mType GET_FEATURE
06-13 13:09:29.218  1126  1126 I WifiHAL : CreateRequest mType = GET_FEATURE
06-13 13:09:29.219  1126  1126 D WifiHAL : In DebugCommand::handleResponse, mType:GET_FEATURE
06-13 13:09:29.219  1126  1126 D WifiHAL : len = 4, expected len = 4
06-13 13:09:29.349  1050  2884 I bthal.activity: bt_power: LeAdvStat: 13:09:28:347 - 13:09:29:348, duration: 1001, le_adv_count: 1, total_le_adv_count: 7983, total_event_count: 1
06-13 13:09:29.702  1609  2196 D InetDiagMessage: Destroyed 0 sockets, proto=IPPROTO_TCP, family=AF_INET, states=14
06-13 13:09:29.707  1609  2196 D InetDiagMessage: Destroyed 0 sockets, proto=IPPROTO_TCP, family=AF_INET6, states=14
06-13 13:09:29.707  1609  2196 D InetDiagMessage: Destroyed live tcp sockets for uids={10194} in 12ms
06-13 13:09:29.712  1609  2196 D InetDiagMessage: Destroyed 0 sockets, proto=IPPROTO_TCP, family=AF_INET, states=14
06-13 13:09:29.717  1609  2196 D InetDiagMessage: Destroyed 0 sockets, proto=IPPROTO_TCP, family=AF_INET6, states=14
06-13 13:09:29.717  1609  2196 D InetDiagMessage: Destroyed live tcp sockets for uids={20194} in 10ms
06-13 13:09:30.787  1050  2884 I bthal.activity: bt_power: LeAdvStat: 13:09:29:785 - 13:09:30:786, duration: 1000, le_adv_count: 1, total_le_adv_count: 7984, total_event_count: 1
06-13 13:09:30.812  1609  2196 D InetDiagMessage: Destroyed 0 sockets, proto=IPPROTO_TCP, family=AF_INET, states=14
06-13 13:09:30.817  1609  2196 D InetDiagMessage: Destroyed 0 sockets, proto=IPPROTO_TCP, family=AF_INET6, states=14
06-13 13:09:30.818  1609  2196 D InetDiagMessage: Destroyed live tcp sockets for uids={10234} in 11ms
06-13 13:09:30.822  1609  2196 D InetDiagMessage: Destroyed 0 sockets, proto=IPPROTO_TCP, family=AF_INET, states=14
06-13 13:09:30.827  1609  2196 D InetDiagMessage: Destroyed 0 sockets, proto=IPPROTO_TCP, family=AF_INET6, states=14
06-13 13:09:30.827  1609  2196 D InetDiagMessage: Destroyed live tcp sockets for uids={20234} in 9ms
06-13 13:09:31.173   904   904 D BoundBrokerSvc: onUnbind: Intent { act=com.google.android.gms.common.telemetry.service.START dat=chimera-action:/... xflg=0x4 cmp=com.google.android.gms/.chimera.PersistentApiService }
06-13 13:09:31.655 21594 21601 I eya.animeongaku: Background young concurrent mark compact GC freed 25MB AllocSpace bytes, 0(0B) LOS objects, 94% free, 13MB/256MB, paused 548us,2.725ms total 136.836ms
06-13 13:09:32.028  1050  2884 I bthal.activity: bt_power: LeAdvStat: 13:09:31:027 - 13:09:32:027, duration: 1000, le_adv_count: 1, total_le_adv_count: 7985, total_event_count: 1
06-13 13:09:32.066   904 20471 I NearbyMediums: Found Fast Ble Advertisements :
06-13 13:09:32.066   904 20471 I NearbyMediums: BleAdvertisement { version=2, socketVersion=2, isFast=true, serviceIdHash=null, data=[ 0x23 0x47 0x35 0x4d 0x39 0x11 0x32 0x86 0x0f 0x13 0xa2 0xc7 0xe4 0x51 0xaa 0xd1 0xde 0xe0 0x80 0x04 0x1d 0x56 0x23 ], deviceToken=[ 0xba 0x2b ], rxAdvertisement=null } : 4 times.
06-13 13:09:32.066   904 20471 I NearbyMediums: BleAdvertisement { version=2, socketVersion=2, isFast=true, serviceIdHash=null, data=[ 0x23 0x44 0x47 0x4a 0x4e 0x11 0x32 0xe9 0x31 0xfb 0x48 0xf5 0xec 0xed 0x5e 0xd8 0x99 0x6e 0x70 0x5c 0x4f 0x6b 0xe2 ], deviceToken=[ 0xd9 0x4b ], rxAdvertisement=null } : 2 times.
06-13 13:09:32.066   904 20471 I NearbyMediums: Total 6 fast advertisements from 2 unique advertisers.
06-13 13:09:32.067   904 20471 I NearbyMediums: Current Tracked Scanning Clients are : {NearbyConnections.EnvironmentMonitor, NearbySharing}
06-13 13:09:32.236  1126  3328 I WifiHAL : Creating message to get link statistics; iface = 47
06-13 13:09:32.367  1126  3328 D WifiHAL : Start debug command: mType GET_FEATURE
06-13 13:09:32.368  1126  3328 I WifiHAL : CreateRequest mType = GET_FEATURE
06-13 13:09:32.368  1126  3328 D WifiHAL : In DebugCommand::handleResponse, mType:GET_FEATURE
06-13 13:09:32.368  1126  3328 D WifiHAL : len = 4, expected len = 4
06-13 13:09:32.390  1363  1363 I adbd    : adbd service requested 'exec:screencap '-p''
06-13 13:09:32.497 21880 21880 W libbinder.BackendUnifiedServiceManager: Thread Pool max thread count is 0. Cannot cache binder as linkToDeath cannot be implemented. serviceName: SurfaceFlingerAIDL
06-13 13:09:32.498 21880 21880 W libbinder.BpBinder: Linking to death on android.gui.ISurfaceComposer but there are no threads (yet?) listening to incoming transactions. See ProcessState::startThreadPool and ProcessState::setThreadPoolMaxThreadCount. Generally you should setup the binder threadpool before other initialization steps.
06-13 13:09:32.498 21880 21880 W libbinder.ProcessState: Extra binder thread started, but 0 threads requested. Do not use *startThreadPool when zero threads are requested.
06-13 13:09:32.804  1363  1363 I adbd    : adbd service requested 'shell,v2,raw:uiautomator dump /sdcard/qa01-real-after-login.xml'
06-13 13:09:32.902 21882 21882 D AndroidRuntime: >>>>>> START com.android.internal.os.RuntimeInit uid 2000 <<<<<<
06-13 13:09:32.907 21882 21882 I AndroidRuntime: Using default boot image
06-13 13:09:32.907 21882 21882 I AndroidRuntime: Leaving lock profiling enabled
06-13 13:09:32.909 21882 21882 I app_process: Using generational CollectorTypeCMC GC.
06-13 13:09:32.963 21882 21882 D nativeloader: InitDefaultPublicLibraries for_preload=1: libandroid.so:libaaudio.so:libamidi.so:libbinder_ndk.so:libc.so:libcamera2ndk.so:libdl.so:libEGL.so:libGLESv1_CM.so:libGLESv2.so:libGLESv3.so:libicu.so:libicui18n.so:libicuuc.so:libjnigraphics.so:liblog.so:libmediandk.so:libm.so:libnativehelper.so:libnativewindow.so:libOpenMAXAL.so:libOpenSLES.so:libRS.so:libstdc++.so:libsync.so:libvulkan.so:libwebviewchromium_plat_support.so:libz.so
06-13 13:09:32.972 21882 21882 D nativeloader: Load libicu_jni.so using APEX ns com_android_art for caller /apex/com.android.art/javalib/core-oj.jar: ok
06-13 13:09:32.972 21882 21882 D app_process: u_setTimeZoneFilesDirectory("/apex/com.android.tzdata/etc/tz/versioned/9/icu") succeeded. 
06-13 13:09:32.972 21882 21882 D app_process: I18n APEX ICU file found: /apex/com.android.i18n/etc/icu/icudt76l.dat
06-13 13:09:32.972 21882 21882 D nativeloader: Load libjavacore.so using APEX ns com_android_art for caller /apex/com.android.art/javalib/core-oj.jar: ok
06-13 13:09:32.973 21882 21882 D nativeloader: Load libopenjdk.so using APEX ns com_android_art for caller /apex/com.android.art/javalib/core-oj.jar: ok
06-13 13:09:32.974 21882 21882 I app_process: Priority-to-niceness mapping: 19, 16, 13, 10, 0, -2, -4, -5, -6, -8
06-13 13:09:32.992 21882 21882 D nativeloader: Load libframework-connectivity-tiramisu-jni.so using APEX ns com_android_tethering for caller /apex/com.android.tethering/javalib/framework-connectivity-t.jar: ok
06-13 13:09:32.993 21882 21882 D AndroidRuntime: Calling main entry com.android.commands.uiautomator.Launcher
06-13 13:09:32.996 21882 21882 I AconfigPackage: com.android.uwb.flags is mapped to com.android.uwb
06-13 13:09:32.996 21882 21882 I AconfigPackage: com.android.ranging.flags is mapped to com.android.uwb
06-13 13:09:32.996 21882 21882 I AconfigPackage: com.android.wifi.flags is mapped to com.android.wifi
06-13 13:09:32.996 21882 21882 I AconfigPackage: com.android.org.conscrypt.flags is mapped to com.android.conscrypt
06-13 13:09:32.996 21882 21882 I AconfigPackage: com.android.org.conscrypt.net.flags is mapped to com.android.conscrypt
06-13 13:09:32.996 21882 21882 I AconfigPackage: com.android.bluetooth.beta.flags is mapped to com.android.bt
06-13 13:09:32.996 21882 21882 I AconfigPackage: com.android.bluetooth.flags is mapped to com.android.bt
06-13 13:09:32.996 21882 21882 I AconfigPackage: android.graphics.pdf.flags is mapped to com.android.mediaprovider
06-13 13:09:32.996 21882 21882 I AconfigPackage: com.android.providers.media.flags is mapped to com.android.mediaprovider
06-13 13:09:32.996 21882 21882 I AconfigPackage: android.graphics.pdf.flags.readonly is mapped to com.android.mediaprovider
06-13 13:09:32.996 21882 21882 I AconfigPackage: com.android.os.statsd.flags is mapped to com.android.os.statsd
06-13 13:09:32.996 21882 21882 I AconfigPackage: com.android.ipsec.flags is mapped to com.android.ipsec
06-13 13:09:32.996 21882 21882 I AconfigPackage: com.android.media.extractor.flags is mapped to com.android.media
06-13 13:09:32.996 21882 21882 I AconfigPackage: com.android.media.metrics.flags is mapped to com.android.media
06-13 13:09:32.996 21882 21882 I AconfigPackage: com.android.media.mainline.flags is mapped to com.android.media
06-13 13:09:32.996 21882 21882 I AconfigPackage: com.android.uprobestats.flags is mapped to com.android.uprobestats
06-13 13:09:32.996 21882 21882 I AconfigPackage: android.uprobestats.mainline.flags is mapped to com.android.uprobestats
06-13 13:09:32.996 21882 21882 I AconfigPackage: com.android.tethering.mainline.beta is mapped to com.android.tethering
06-13 13:09:32.997 21882 21882 I AconfigPackage: android.net.http is mapped to com.android.tethering
06-13 13:09:32.997 21882 21882 I AconfigPackage: com.android.tethering.readonly.flags is mapped to com.android.tethering
06-13 13:09:32.997 21882 21882 I AconfigPackage: android.net.vcn is mapped to com.android.tethering
06-13 13:09:32.997 21882 21882 I AconfigPackage: com.android.net.flags is mapped to com.android.tethering
06-13 13:09:32.997 21882 21882 I AconfigPackage: com.android.tethering.flags is mapped to com.android.tethering
06-13 13:09:32.997 21882 21882 I AconfigPackage: com.android.tethering.beta.test is mapped to com.android.tethering
06-13 13:09:32.997 21882 21882 I AconfigPackage: com.android.nearby.flags is mapped to com.android.tethering
06-13 13:09:32.997 21882 21882 I AconfigPackage: com.android.net.thread.flags is mapped to com.android.tethering
06-13 13:09:32.997 21882 21882 I AconfigPackage: com.android.net.ct.flags is mapped to com.android.tethering
06-13 13:09:32.997 21882 21882 I AconfigPackage: com.android.art.flags is mapped to com.android.art
06-13 13:09:32.997 21882 21882 I AconfigPackage: com.android.art.rw.flags is mapped to com.android.art
06-13 13:09:32.997 21882 21882 I AconfigPackage: com.android.libcore is mapped to com.android.art
06-13 13:09:32.997 21882 21882 I AconfigPackage: android.os.profiling is mapped to com.android.profiling
06-13 13:09:32.997 21882 21882 I AconfigPackage: android.os.profiling.anomaly.flags is mapped to com.android.profiling
06-13 13:09:32.997 21882 21882 I AconfigPackage: com.android.crashrecovery.flags is mapped to com.android.crashrecovery
06-13 13:09:32.997 21882 21882 I AconfigPackage: android.provider.flags is mapped to com.android.configinfrastructure
06-13 13:09:32.997 21882 21882 I AconfigPackage: com.android.server.deviceconfig is mapped to com.android.configinfrastructure
06-13 13:09:32.997 21882 21882 I AconfigPackage: com.android.nfc.module.flags is mapped to com.android.nfcservices
06-13 13:09:32.997 21882 21882 I AconfigPackage: com.android.nfc.module.nonexported.flags is mapped to com.android.nfcservices
06-13 13:09:32.997 21882 21882 I AconfigPackage: com.android.appsearch.flags is mapped to com.android.appsearch
06-13 13:09:32.997 21882 21882 I AconfigPackage: com.android.adservices.flags is mapped to com.android.adservices
06-13 13:09:32.997 21882 21882 I AconfigPackage: com.android.sdksandbox.flags is mapped to com.android.adservices
06-13 13:09:32.997 21882 21882 I AconfigPackage: com.android.cellbroadcastreceiver.flags is mapped to com.android.cellbroadcast
06-13 13:09:32.997 21882 21882 I AconfigPackage: android.media.swcodec.flags is mapped to com.android.media.swcodec
06-13 13:09:32.997 21882 21882 I AconfigPackage: com.android.permission.flags is mapped to com.android.permission
06-13 13:09:32.997 21882 21882 I AconfigPackage: com.android.permissioncontroller.flags is mapped to com.android.permission
06-13 13:09:32.998 21882 21882 I AconfigPackage: com.android.adservices.ondevicepersonalization.flags is mapped to com.android.ondevicepersonalization
06-13 13:09:32.998 21882 21882 I AconfigPackage: com.android.healthfitness.flags is mapped to com.android.healthfitness
06-13 13:09:32.998 21882 21882 I AconfigPackage: com.android.icu is mapped to com.android.i18n
06-13 13:09:32.998 21882 21882 I AconfigPackage: com.android.system.virtualmachine.flags is mapped to com.android.virt
06-13 13:09:32.998 21882 21882 I AconfigPackage: com.android.devicelock.flags is mapped to com.android.devicelock
06-13 13:09:32.998 21882 21882 I AconfigPackage: com.android.rkpd.flags is mapped to com.android.rkpd
06-13 13:09:32.998 21882 21882 I AconfigPackage: com.android.adbd.flags is mapped to com.android.adbd
06-13 13:09:32.998 21882 21882 I AconfigPackage: android.telecom.flags is mapped to com.android.telephonycore
06-13 13:09:32.998 21882 21882 I AconfigPackage: com.android.internal.telecom.flags is mapped to com.android.telephonycore
06-13 13:09:32.998 21882 21882 I AconfigPackage: com.android.telephony.flags is mapped to com.android.telephonycore
06-13 13:09:32.998 21882 21882 I AconfigPackage: com.android.compos.flags is mapped to com.android.compos
06-13 13:09:32.998 21882 21882 E FeatureFlagsImplExport: android.os.flagging.AconfigStorageReadException: ERROR_PACKAGE_NOT_FOUND: package android.xr cannot be found on the device
06-13 13:09:33.000 21882 21882 D UiAutomationConnection: Created on user UserHandle{0}
06-13 13:09:33.000 21882 21882 I UiAutomation: Initialized for user 0 on display 0
06-13 13:09:33.000 21882 21882 W UiAutomation: Created with deprecatead constructor, assumes DEFAULT_DISPLAY
06-13 13:09:33.001  1609  2678 D AccessibilityManagerService: changeCurrentUserForTestAutomationIfNeededLocked(0): ignoring because device doesn't support visible background users
06-13 13:09:33.001  1609  2678 I UiAutomationManager: Registering UiTestAutomationService (id=com.android.server.accessibility/UiAutomation, flags=0x0) when called by user 0
06-13 13:09:33.002  1609  2678 V AccessibilityManagerService: onUserStateChangedLocked for userId: 0, forceUpdate: false
06-13 13:09:33.009  1609  2678 V AccessibilityUserState: updateShortcutTargets: type:accessibility_shortcut_target_service, current:{}, new:{}
06-13 13:09:33.009  1609  2678 V AccessibilityUserState: updateShortcutTargets: type:accessibility_button_targets, current:{}, new:{}
06-13 13:09:33.009  1609  2678 V AccessibilityUserState: updateShortcutTargets: type:accessibility_gesture_targets, current:{}, new:{}
06-13 13:09:33.009  1609  2678 V AccessibilityUserState: updateShortcutTargets: type:accessibility_qs_targets, current:{com.android.server.accessibility/ReduceBrightColors}, new:{com.android.server.accessibility/ReduceBrightColors}
06-13 13:09:33.009  1609  2678 V AccessibilityUserState: updateShortcutTargets: type:accessibility_key_gesture_targets, current:{}, new:{}
06-13 13:09:33.009  1609  2678 W MagnificationConnectionManager: requestConnection duplicated request: connect=false, mConnectionState=DISCONNECTED
06-13 13:09:33.012  1609  2678 D AccessibilityManagerService: .getAccessibilityShortcutTargets {shortcutType=32, userId=0}
06-13 13:09:33.013  1609  2678 V AccessibilityManagerService: onUserStateChangedLocked for userId: 0, forceUpdate: false
06-13 13:09:33.013  2368 18191 D AccessibilitySourceService: enabled a11y services count 1
06-13 13:09:33.014  1609  2678 V AccessibilityUserState: updateShortcutTargets: type:accessibility_shortcut_target_service, current:{}, new:{}
06-13 13:09:33.014  1609  2678 V AccessibilityUserState: updateShortcutTargets: type:accessibility_button_targets, current:{}, new:{}
06-13 13:09:33.014  1609  2678 V AccessibilityUserState: updateShortcutTargets: type:accessibility_gesture_targets, current:{}, new:{}
06-13 13:09:33.014  1609  2678 V AccessibilityUserState: updateShortcutTargets: type:accessibility_qs_targets, current:{com.android.server.accessibility/ReduceBrightColors}, new:{com.android.server.accessibility/ReduceBrightColors}
06-13 13:09:33.014  1609  2678 V AccessibilityUserState: updateShortcutTargets: type:accessibility_key_gesture_targets, current:{}, new:{}
06-13 13:09:33.014  1609  2678 W MagnificationConnectionManager: requestConnection duplicated request: connect=false, mConnectionState=DISCONNECTED
06-13 13:09:33.016  2368 18191 D AccessibilitySourceService: a11y source sending 1 issue to sc
06-13 13:09:33.016  1609  4979 D SafetySourceDataValidat: No cert check requested for package com.google.android.permissioncontroller
06-13 13:09:33.018  1609  2642 D AccessibilityManagerService: .getAccessibilityShortcutTargets {shortcutType=32, userId=0}
06-13 13:09:33.019  2368  2753 D AccessibilitySourceService: enabled a11y services count 1
06-13 13:09:33.020  2368  2753 D AccessibilitySourceService: a11y source sending 1 issue to sc
06-13 13:09:33.020  1609  2642 D SafetySourceDataValidat: No cert check requested for package com.google.android.permissioncontroller
06-13 13:09:33.452  1050  2884 I bthal.activity: bt_power: LeAdvStat: 13:09:32:450 - 13:09:33:452, duration: 1001, le_adv_count: 1, total_le_adv_count: 7986, total_event_count: 1
06-13 13:09:34.012 16618  7323 I euth    : (REDACTED) HDM. appOpsListener %s %s
06-13 13:09:34.013 16618  7323 I euth    : (REDACTED) HDM. Ignoring irrelevant audio permission changes for package %s
06-13 13:09:34.031 21882 21882 W libc    : Access denied finding property "qemu.sf.lcd_density"
06-13 13:09:34.031 21882 21882 W libc    : Access denied finding property "qemu.sf.lcd_density"
06-13 13:09:34.027 21882 21882 W uiautomator: type=1400 audit(0.0:5540): avc:  denied  { read } for  name="u:object_r:qemu_sf_lcd_density_prop:s0" dev="tmpfs" ino=345 scontext=u:r:shell:s0 tcontext=u:object_r:qemu_sf_lcd_density_prop:s0 tclass=file permissive=0
06-13 13:09:34.027 21882 21882 W uiautomator: type=1400 audit(0.0:5541): avc:  denied  { read } for  name="u:object_r:qemu_sf_lcd_density_prop:s0" dev="tmpfs" ino=345 scontext=u:r:shell:s0 tcontext=u:object_r:qemu_sf_lcd_density_prop:s0 tclass=file permissive=0
06-13 13:09:34.042  4373  8591 W MediaProvider: isAppCloneUserPair for user 0: false
06-13 13:09:34.063 21882 21882 W AccessibilityNodeInfoDumper: Fetch time: 27ms
06-13 13:09:34.065  1609  2642 V AccessibilityManagerService: onUserStateChangedLocked for userId: 0, forceUpdate: false
06-13 13:09:34.067  1609  2249 D BackgroundInstallControlService: Package event received: 0
06-13 13:09:34.068  1609  2642 V AccessibilityUserState: updateShortcutTargets: type:accessibility_shortcut_target_service, current:{}, new:{}
06-13 13:09:34.068  1609  2642 V AccessibilityUserState: updateShortcutTargets: type:accessibility_button_targets, current:{}, new:{}
06-13 13:09:34.068  1609  2642 V AccessibilityUserState: updateShortcutTargets: type:accessibility_gesture_targets, current:{}, new:{}
