06-13 13:05:04.515  4221  4221 I ContactPromoExtension: ContactPromoExtension.onActivate():82 Not activated ContactPromoExtension: not a normal text input box.
06-13 13:05:04.515  4221  4221 I GlobeKeyExtension: GlobeKeyExtension.onActivate():130 
06-13 13:05:04.516  4221  4221 I KeyboardModeUtils: KeyboardModeUtils.getKeyboardBottomOffset():435 inch: 0.000000 ydpi: 511.277008 adjustKeyboardBottomByDisplaySize: false currentDensityDpi: 560 defaultDensityDpi: 560 keyboardBottomToScreenPx: 0 keyboardBottomToNavBarPx: -168 navBarHeight: 168
06-13 13:05:04.516  4221  4221 I BaseKeyboardSizeHelper: BaseKeyboardSizeHelper.calculateMaxKeyboardBodyHeight():73 leave 375 height for app when ime window height:2808, header height:154 and isFullscreenMode:false, so the max keyboard body height is:2279
06-13 13:05:04.516  4221  4221 I BaseKeyboardSizeHelper: BaseKeyboardSizeHelper.calculateMaxKeyboardBodyHeight():73 leave 375 height for app when ime window height:2808, header height:154 and isFullscreenMode:false, so the max keyboard body height is:2279
06-13 13:05:04.516  4221  4221 I AndroidIME: KeyboardViewManager.updateKeyboardBottomFrame():519 Set bottomFrameHeight = 28 while holderPaddingBottom = 28; navigationHeight = 168
06-13 13:05:04.516  4221  4221 I BaseKeyboardSizeHelper: BaseKeyboardSizeHelper.calculateMaxKeyboardBodyHeight():73 leave 375 height for app when ime window height:2808, header height:154 and isFullscreenMode:false, so the max keyboard body height is:2279
06-13 13:05:04.517  4221  4221 I BaseKeyboardSizeHelper: BaseKeyboardSizeHelper.calculateMaxKeyboardBodyHeight():73 leave 375 height for app when ime window height:2808, header height:154 and isFullscreenMode:false, so the max keyboard body height is:2279
06-13 13:05:04.517  4221  4221 I BaseKeyboardSizeHelper: BaseKeyboardSizeHelper.calculateMaxKeyboardBodyHeight():73 leave 375 height for app when ime window height:2808, header height:154 and isFullscreenMode:false, so the max keyboard body height is:2279
06-13 13:05:04.517  4221  4221 W ExtensionWrapper: ExtensionWrapper.setExtensionViewVisibility():878 interface nwy is not activate
06-13 13:05:04.517  4221  4221 I NewLanguagePromptExtension: NewLanguagePromptExtension.onActivate():189 Not activated NewLanguagePromptExtension: not a normal text input box.
06-13 13:05:04.517  4221  4221 I NgaExtension: NgaExtension.onActivate():646 NgaExtension#onActivate [SDG]
06-13 13:05:04.517  4221  4221 I NgaVoiceInputHandlerSwitcher: NgaVoiceInputHandlerSwitcher.restorePrimary():240 not switching to primary. fallback is null [SDG]
06-13 13:05:04.517  4221  4221 I NgaVoiceInputHandler: NgaVoiceInputHandler.maybeCreateInputManager():256 VoiceInputHandler:activating [SDG]
06-13 13:05:04.517  4221  4221 I SpeechEnhancementLogger: SpeechEnhancementLogger.logAtInfo():24 Speech enhancement is disabled because device model is not supported [SD]
06-13 13:05:04.517  4221  4221 I ModelessCommandDetector: ModelessCommandDetector.<init>():86 Created modeless command detector with language code en [SDG]
06-13 13:05:04.518  4221  4221 I NgaExtension: NgaExtension.onActivate():672 NgaExtension: interaction type=4 [SDG]
06-13 13:05:04.518  4221 20848 I KeyboardEventHandler: KeyboardEventHandler.handleKeyboardVisibilityEvent():214 Handling KeyboardVisibilityEvent: KEYBOARD_OPENED [SD]
06-13 13:05:04.519  4221 20849 I SpeechEnhancementLogger: SpeechEnhancementLogger.logAtInfo():24 Speech enhancement is disabled because device model is not supported [SD]
06-13 13:05:04.519  4221  4221 I Module  : DeviceLockedStatusModuleProvider$Module.updateDeviceLockedStatusInternal():127 repeatCheckTimes = 1, locked = false
06-13 13:05:04.519  4221 20851 I PackageStatusChecker: PackageStatusChecker.isPackageSuspended():24 Current package suspended=false [SD]
06-13 13:05:04.520  4221 20501 I SystemHapticSettings: SystemHapticSettings.updateSystemVibrationState():63 update vibration state: true
06-13 13:05:04.521  4221  4309 I CrossProfileSharedPreferences: CrossProfileSharedPreferences.maybeRunSyncTaskAfterFullSyncComplete():218 Full sync is not complete when incremental sync is called, trigger full sync
06-13 13:05:04.522  4221 20449 I CrossProfileSharedPreferences: CrossProfileSharedPreferences.syncAllAllowedPreferencesInternal():276 Cannot make cross profile calls to full sync preferences
06-13 13:05:04.523  4221 20854 I MultilangConditionManagerImpl: MultilangConditionManagerImpl.isAutomaticSwitchingEnabled():77 Automatic switching disabled because Gboard setting is not shown [SD]
06-13 13:05:04.523  4221 20854 I MultilangConditionManagerImpl: MultilangConditionManagerImpl.isAutomaticSwitchingEnabled():92 Automatic switching disabled because there aren't enough supported keyboard languages [SD]
06-13 13:05:04.523  4221 20854 I AsrProviderChoice: AsrProviderChoice.setChosenProvider():83 Setting chosen ASR provider to: 6 [SD]
06-13 13:05:04.523  4221 20854 I EligibilityChecker: EligibilityChecker.triggerProactiveLanguagePackUpdate():475 Never attempted LP download before, triggering download for potential updates [SD]
06-13 13:05:04.523  4221 20854 I EligibilityChecker: EligibilityChecker.getDictationConfigEligibilityForLocale():310 Dictation is enabled. workprofile=false [SD]
06-13 13:05:04.523  4221 20443 I LanguageDownloadQueue: LanguageDownloadQueue.performLanguageDownload():81 Starting language download job for en-US [SD]
06-13 13:05:04.524  4221 20443 I LanguageDownloadQueue: LanguageDownloadQueue.performLanguageDownload():101 Skip download for en-US due to another recent attempt [SD]
06-13 13:05:04.525  4221 20850 I MultilangConditionManagerImpl: MultilangConditionManagerImpl.isAutomaticSwitchingEnabled():77 Automatic switching disabled because Gboard setting is not shown [SD]
06-13 13:05:04.525  4221 20850 I MultilangConditionManagerImpl: MultilangConditionManagerImpl.isAutomaticSwitchingEnabled():92 Automatic switching disabled because there aren't enough supported keyboard languages [SD]
06-13 13:05:04.525  4221 20848 I EligibilityChecker: EligibilityChecker.getDictationConfigEligibilityForLocale():310 Dictation is enabled. workprofile=false [SD]
06-13 13:05:04.526  4221 20848 I EligibilityUtilKt: EligibilityUtilKt.getDictationInputFieldEligibility():29 Dictation is not enabled in the currently focused input field: 3.3e+04 workprofile=false [SD]
06-13 13:05:04.527  4221  4221 I StylusModule: StylusModule.onUpdateToolType():774 Update tool type = 0
06-13 13:05:04.527  4221  4221 I StylusModule: StylusModule.onUpdateToolType():774 Update tool type = 0
06-13 13:05:04.527  4221 20848 I MultilangConditionManagerImpl: MultilangConditionManagerImpl.isAutomaticSwitchingEnabled():77 Automatic switching disabled because Gboard setting is not shown [SD]
06-13 13:05:04.527  4221 20848 I MultilangConditionManagerImpl: MultilangConditionManagerImpl.isAutomaticSwitchingEnabled():92 Automatic switching disabled because there aren't enough supported keyboard languages [SD]
06-13 13:05:04.527  1609  1632 D ImeInsetsSourceProvider: showImePostLayout cancelled, serverVisible: true, frozen: false, mWin is: non-null, isDrawn: true, mGivenInsetsPending: false, imeLayeringTarget: Window{a191768 u0 com.takeya.animeongaku/com.takeya.animeongaku.MainActivity}, controlTarget: Window{a191768 u0 com.takeya.animeongaku/com.takeya.animeongaku.MainActivity}
06-13 13:05:04.527  1609  1632 D ImeInsetsSourceProvider: controlTarget == DisplayContent.imeControlTarget: true, hasPendingControls: false, leash is: non-null
06-13 13:05:04.527  4221  4221 I HardKeyTracker: HardKeyTracker.unregisterKeySequence():259 Unregister key sequence phm{labelResId=2132020537, callback=ffb@ffd426b, lastModifier=2, keyCodes=[32], actions=[0]}
06-13 13:05:04.527  4221  4221 I HardKeyTracker: HardKeyTracker.unregisterKeySequence():259 Unregister key sequence phm{labelResId=2132020537, callback=ffb@2d411c8, lastModifier=0, keyCodes=[319], actions=[0]}
06-13 13:05:04.527  1609  1632 I ImeTracker: com.takeya.animeongaku:b18ef743: onCancelled at PHASE_SERVER_ABORT_SHOW_IME_POST_LAYOUT
06-13 13:05:04.527  4221 20854 I KeyboardEligibilityNotifier: KeyboardEligibilityNotifier.notifyEligibility():76 Keyboard notified that eligibility=NON_ELIGIBLE_UNSUPPORTED_INPUT_FIELD [SD]
06-13 13:05:04.527  4221  4221 I HardKeyTracker: HardKeyTracker.registerKeySequence():201 Register key sequence phm{labelResId=2132020537, callback=ffb@f967b2e, lastModifier=2, keyCodes=[32], actions=[0]}
06-13 13:05:04.528  4221  4221 I HardKeyTracker: HardKeyTracker.registerKeySequence():201 Register key sequence phm{labelResId=2132020537, callback=ffb@dca485c, lastModifier=0, keyCodes=[319], actions=[0]}
06-13 13:05:04.528  4221 20854 I KeyboardUiManagerImpl: KeyboardUiManagerImpl.onKeyboardShownAgain():170 #onKeyboardShownAgain scheduled [SD]
06-13 13:05:04.528  4221 20854 I KeyboardEventHandler: KeyboardEventHandler.handleFieldChangedEvent():454 Handling FieldChangedEvent: fgPkg=com.takeya.animeongaku, fieldType=3.3e+04, interactionType=FIELD_CHANGE [SD]
06-13 13:05:04.528  4221 20847 I KeyboardUiManagerImpl: KeyboardUiManagerImpl.onKeyboardShownAgain():173 #onKeyboardShownAgain [SD]
06-13 13:05:04.528  4221  4221 I HardKeyTracker: HardKeyTracker.unregisterKeySequence():259 Unregister key sequence phm{labelResId=2132020537, callback=ffb@19b186, lastModifier=2, keyCodes=[32], actions=[0]}
06-13 13:05:04.528  4221  4221 I HardKeyTracker: HardKeyTracker.unregisterKeySequence():259 Unregister key sequence phm{labelResId=2132020537, callback=ffb@2ab9a47, lastModifier=0, keyCodes=[319], actions=[0]}
06-13 13:05:04.528  4221 20848 I SpeechEnhancementLogger: SpeechEnhancementLogger.logAtInfo():24 Speech enhancement is disabled because device model is not supported [SD]
06-13 13:05:04.528  4221  4221 I HardKeyTracker: HardKeyTracker.registerKeySequence():201 Register key sequence phm{labelResId=2132020537, callback=ffb@549de60, lastModifier=2, keyCodes=[32], actions=[0]}
06-13 13:05:04.528  4221 20850 I PackageStatusChecker: PackageStatusChecker.isPackageSuspended():24 Current package suspended=false [SD]
06-13 13:05:04.528  4221  4221 I HardKeyTracker: HardKeyTracker.registerKeySequence():201 Register key sequence phm{labelResId=2132020537, callback=ffb@751f19, lastModifier=0, keyCodes=[319], actions=[0]}
06-13 13:05:04.528  4221  4221 I HardKeyTracker: HardKeyTracker.unregisterKeySequence():259 Unregister key sequence phm{labelResId=2132020537, callback=ffb@f967b2e, lastModifier=2, keyCodes=[32], actions=[0]}
06-13 13:05:04.528  4221  4221 I HardKeyTracker: HardKeyTracker.unregisterKeySequence():259 Unregister key sequence phm{labelResId=2132020537, callback=ffb@dca485c, lastModifier=0, keyCodes=[319], actions=[0]}
06-13 13:05:04.528  4221  4221 I HardKeyTracker: HardKeyTracker.registerKeySequence():201 Register key sequence phm{labelResId=2132020537, callback=ffb@7ae0bde, lastModifier=2, keyCodes=[32], actions=[0]}
06-13 13:05:04.529  4221  4221 I HardKeyTracker: HardKeyTracker.registerKeySequence():201 Register key sequence phm{labelResId=2132020537, callback=ffb@86ce1bf, lastModifier=0, keyCodes=[319], actions=[0]}
06-13 13:05:04.529  4221  4221 I HardKeyTracker: HardKeyTracker.unregisterKeySequence():259 Unregister key sequence phm{labelResId=2132020537, callback=ffb@549de60, lastModifier=2, keyCodes=[32], actions=[0]}
06-13 13:05:04.529  4221  4221 I HardKeyTracker: HardKeyTracker.unregisterKeySequence():259 Unregister key sequence phm{labelResId=2132020537, callback=ffb@751f19, lastModifier=0, keyCodes=[319], actions=[0]}
06-13 13:05:04.529  4221  4221 I HardKeyTracker: HardKeyTracker.registerKeySequence():201 Register key sequence phm{labelResId=2132020537, callback=ffb@bde808c, lastModifier=2, keyCodes=[32], actions=[0]}
06-13 13:05:04.529  4221  4221 I HardKeyTracker: HardKeyTracker.registerKeySequence():201 Register key sequence phm{labelResId=2132020537, callback=ffb@12f93d5, lastModifier=0, keyCodes=[319], actions=[0]}
06-13 13:05:04.529  4221  4221 I HardKeyTracker: HardKeyTracker.unregisterKeySequence():259 Unregister key sequence phm{labelResId=2132020532, callback=ffb@54feab9, lastModifier=2, keyCodes=[56], actions=[0]}
06-13 13:05:04.529  4221  4221 I HardKeyTracker: HardKeyTracker.unregisterKeySequence():259 Unregister key sequence phm{labelResId=2132020532, callback=ffb@a17efe, lastModifier=0, keyCodes=[317], actions=[0]}
06-13 13:05:04.529  4221  4221 I HardKeyTracker: HardKeyTracker.registerKeySequence():201 Register key sequence phm{labelResId=2132020532, callback=ffb@617dadb, lastModifier=2, keyCodes=[56], actions=[0]}
06-13 13:05:04.529  4221  4221 I HardKeyTracker: HardKeyTracker.registerKeySequence():201 Register key sequence phm{labelResId=2132020532, callback=ffb@d391978, lastModifier=0, keyCodes=[317], actions=[0]}
06-13 13:05:04.529  4221  4221 W AccessPointsManager: AccessPointsManager.addAccessPoint():1133 The holder controller #0x7f0b24bb is not registered
06-13 13:05:04.530  4221  4221 I HardKeyTracker: HardKeyTracker.unregisterKeySequence():259 Unregister key sequence phm{labelResId=2132020532, callback=ffb@fe8a65f, lastModifier=2, keyCodes=[56], actions=[0]}
06-13 13:05:04.530  4221  4221 I HardKeyTracker: HardKeyTracker.unregisterKeySequence():259 Unregister key sequence phm{labelResId=2132020532, callback=ffb@539f8ac, lastModifier=0, keyCodes=[317], actions=[0]}
06-13 13:05:04.530  4221  4221 I HardKeyTracker: HardKeyTracker.registerKeySequence():201 Register key sequence phm{labelResId=2132020532, callback=ffb@1e29851, lastModifier=2, keyCodes=[56], actions=[0]}
06-13 13:05:04.530  4221  4221 I HardKeyTracker: HardKeyTracker.registerKeySequence():201 Register key sequence phm{labelResId=2132020532, callback=ffb@789b8b6, lastModifier=0, keyCodes=[317], actions=[0]}
06-13 13:05:04.531  4221  4221 I HardKeyTracker: HardKeyTracker.unregisterKeySequence():259 Unregister key sequence phm{labelResId=2132020536, callback=ffb@4baa5ce, lastModifier=2, keyCodes=[48], actions=[0]}
06-13 13:05:04.531  4221 20848 I MultilangConditionManagerImpl: MultilangConditionManagerImpl.isAutomaticSwitchingEnabled():77 Automatic switching disabled because Gboard setting is not shown [SD]
06-13 13:05:04.531  4221 20848 I MultilangConditionManagerImpl: MultilangConditionManagerImpl.isAutomaticSwitchingEnabled():92 Automatic switching disabled because there aren't enough supported keyboard languages [SD]
06-13 13:05:04.531  4221  4221 I HardKeyTracker: HardKeyTracker.registerKeySequence():201 Register key sequence phm{labelResId=2132020536, callback=ffb@fe7688d, lastModifier=2, keyCodes=[48], actions=[0]}
06-13 13:05:04.531  4221 20851 I AsrProviderChoice: AsrProviderChoice.setChosenProvider():83 Setting chosen ASR provider to: 6 [SD]
06-13 13:05:04.531  4221 20851 I EligibilityChecker: EligibilityChecker.triggerProactiveLanguagePackUpdate():475 Never attempted LP download before, triggering download for potential updates [SD]
06-13 13:05:04.531  4221  4221 I HardKeyTracker: HardKeyTracker.unregisterKeySequence():259 Unregister key sequence phm{labelResId=2132020536, callback=ffb@d518cef, lastModifier=2, keyCodes=[48], actions=[0]}
06-13 13:05:04.531  4221 20449 I LanguageDownloadQueue: LanguageDownloadQueue.performLanguageDownload():81 Starting language download job for en-US [SD]
06-13 13:05:04.531  4221  4221 I HardKeyTracker: HardKeyTracker.registerKeySequence():201 Register key sequence phm{labelResId=2132020536, callback=ffb@3419f90, lastModifier=2, keyCodes=[48], actions=[0]}
06-13 13:05:04.531  4221 20851 I EligibilityChecker: EligibilityChecker.getDictationConfigEligibilityForLocale():310 Dictation is enabled. workprofile=false [SD]
06-13 13:05:04.531  4221  4221 W AccessPointsManager: AccessPointsManager.addAccessPoint():1133 The holder controller #0x7f0b24bb is not registered
06-13 13:05:04.532  4221 20449 I LanguageDownloadQueue: LanguageDownloadQueue.performLanguageDownload():101 Skip download for en-US due to another recent attempt [SD]
06-13 13:05:04.534  4221 20849 I MultilangConditionManagerImpl: MultilangConditionManagerImpl.isAutomaticSwitchingEnabled():77 Automatic switching disabled because Gboard setting is not shown [SD]
06-13 13:05:04.534  4221 20849 I MultilangConditionManagerImpl: MultilangConditionManagerImpl.isAutomaticSwitchingEnabled():92 Automatic switching disabled because there aren't enough supported keyboard languages [SD]
06-13 13:05:04.535  4221 20848 I EligibilityChecker: EligibilityChecker.getDictationConfigEligibilityForLocale():310 Dictation is enabled. workprofile=false [SD]
06-13 13:05:04.536  4221 20848 I EligibilityUtilKt: EligibilityUtilKt.getDictationInputFieldEligibility():29 Dictation is not enabled in the currently focused input field: 3.3e+04 workprofile=false [SD]
06-13 13:05:04.536  4221 20848 I MultilangConditionManagerImpl: MultilangConditionManagerImpl.isAutomaticSwitchingEnabled():77 Automatic switching disabled because Gboard setting is not shown [SD]
06-13 13:05:04.536  4221 20848 I MultilangConditionManagerImpl: MultilangConditionManagerImpl.isAutomaticSwitchingEnabled():92 Automatic switching disabled because there aren't enough supported keyboard languages [SD]
06-13 13:05:04.536  4221 20848 I KeyboardEligibilityNotifier: KeyboardEligibilityNotifier.notifyEligibility():76 Keyboard notified that eligibility=NON_ELIGIBLE_UNSUPPORTED_INPUT_FIELD [SD]
06-13 13:05:04.537  4221  4221 W View    : requestLayout() improperly called by com.google.android.libraries.inputmethod.widgets.SoftKeyView{8d369af VFE...C.. ......ID 7,0-154,154 #7f0b050c app:id/key_pos_header_access_points_menu} during layout: running second layout pass
06-13 13:05:04.537  4221  4221 W View    : requestLayout() improperly called by com.google.android.libraries.inputmethod.widgets.CopyImageSourceView{55205ee V.ED..... ......ID 7,0-1357,154 #7f0b01ec app:id/0_resource_name_obfuscated} during layout: running second layout pass
06-13 13:05:04.537  4221  4221 W View    : requestLayout() improperly called by android.widget.LinearLayout{d3579b5 V.E...... ......ID 154,0-1210,154 #7f0b03a7 app:id/0_resource_name_obfuscated} during layout: running second layout pass
06-13 13:05:04.537  4221  4221 W View    : requestLayout() improperly called by com.google.android.libraries.inputmethod.widgets.SoftKeyView{680dfa7 VFE...CL. ......ID 1210,0-1357,154 #7f0b0514 app:id/key_pos_header_power_key} during layout: running second layout pass
06-13 13:05:04.537  1609  2680 I ImeTracker: com.takeya.animeongaku:f1a69918: onCancelled at PHASE_SERVER_POST_LAYOUT_NOTIFY_CONTROLS_CHANGED
06-13 13:05:04.539  2362  2405 D Bubbles : BubbleController.BubblesImeListener.onImeVisibilityChanged visible=true runnable=null stackView=null
06-13 13:05:04.540  1755  1980 I twoshay.TouchContextService: Got new packet! ContextPacket{orientation: PORTRAIT, audioMode: NORMAL, adaptiveTouchSensitivity: OFF, screenProtectorMode: OFF, imeState: ImeState{displayId: 0, visible: true, top: 1772, left: 0, bottom: 3120, right: 1440}, audioDeviceInfo: TYPE_UNKNOWN}
06-13 13:05:04.544  4221  4221 I GoogleInputMethodService: GoogleInputMethodService$1.onKeyboardViewShown():344 onKeyboardViewShown: keyboardType=prime, keyboardViewType=HEADER keyboardView=com.google.android.libraries.inputmethod.widgets.SoftKeyboardView{b27ecea V.E...... ........ 0,0-1440,154}
06-13 13:05:04.545  4221  4221 I BaseKeyboardSizeHelper: BaseKeyboardSizeHelper.calculateMaxKeyboardBodyHeight():73 leave 375 height for app when ime window height:2808, header height:154 and isFullscreenMode:false, so the max keyboard body height is:2279
06-13 13:05:04.545  4221  4221 I GoogleInputMethodService: GoogleInputMethodService$1.onKeyboardViewShown():344 onKeyboardViewShown: keyboardType=prime, keyboardViewType=BODY keyboardView=com.google.android.libraries.inputmethod.widgets.SoftKeyboardView{e66a6f3 V.E...... ........ 0,0-1440,998}
06-13 13:05:04.545  4221  4221 I BaseKeyboardSizeHelper: BaseKeyboardSizeHelper.calculateMaxKeyboardBodyHeight():73 leave 375 height for app when ime window height:2808, header height:154 and isFullscreenMode:false, so the max keyboard body height is:2279
06-13 13:05:04.545  4221  4221 I GlobeKeyExtension: GlobeKeyExtension$1.onKeyboardViewShown():77 maybeDisableLanguageSwitchKeyPref when the keyboard is shown
06-13 13:05:04.545  4221  4221 I GlobeKeyExtension: GlobeKeyExtension.maybeDisableLanguageSwitchKeyPref():211 maybeDisableLanguageSwitchKeyPref hasGlobeKeyBeenDisabled: true, shouldDisableLanguageSwitchKey: true
06-13 13:05:04.546  4221  4221 I NewLanguagePromptExtension: NewLanguagePromptExtension$1.onKeyboardViewShown():88 Not show new language banner: not prime keyboard, or the extension not activated.
06-13 13:05:04.546  4221  4221 I NgaStateManager: NgaStateManager.setAssistantDictationEligibility():188 AssistantDictationEligibility = 10 [SDG]
06-13 13:05:04.546  4221  4221 I NgaStateManager: NgaStateManager.buildConfigEligibilityPerLanguageTag():306 AssistantDictationEligibility(config, en-US) = 1 [SDG]
06-13 13:05:04.546  4221  4221 I NgaStateManager: NgaStateManager.buildConfigEligibilityPerLanguageTag():306 AssistantDictationEligibility(config, ja-JP) = 1 [SDG]
06-13 13:05:04.546  4221  4221 I NgaStateManager: NgaStateManager.setAssistantDictationEligibility():197 AssistantDictationEligibility(inputField) = 10 [SDG]
06-13 13:05:04.546  4221  4221 I NgaExtension: NgaExtension.onDictatingStateChanged():921 Dictating state changed: dictating=false, status=0 [SDG]
06-13 13:05:04.546  4221  4221 W NgaExtension: NgaExtension.handleUiCommand():1006 cannot update UI in state NgaState{connected=true, keyboardVisible=true, dictationEligible=false, currentFieldEligibilityUpToDate=true, dictating=false, languageIndicatorVisible=false, keyboardTypeSupported=true, config=# jis@adbafd8a, clientType=1, eligibilityByLanguageTag={}, currentEligibility=10, autoStarted=false} [SDG]
06-13 13:05:04.547  4221  4221 I NgaStateManager: NgaStateManager.setAssistantDictationEligibility():188 AssistantDictationEligibility = 10 [SDG]
06-13 13:05:04.547  4221  4221 I NgaStateManager: NgaStateManager.buildConfigEligibilityPerLanguageTag():306 AssistantDictationEligibility(config, en-US) = 1 [SDG]
06-13 13:05:04.547  4221  4221 I NgaStateManager: NgaStateManager.buildConfigEligibilityPerLanguageTag():306 AssistantDictationEligibility(config, ja-JP) = 1 [SDG]
06-13 13:05:04.547  4221  4221 I NgaStateManager: NgaStateManager.setAssistantDictationEligibility():197 AssistantDictationEligibility(inputField) = 10 [SDG]
06-13 13:05:04.547  4221  4221 I KeyboardModeUtils: KeyboardModeUtils.getKeyboardBottomOffset():435 inch: 0.000000 ydpi: 511.277008 adjustKeyboardBottomByDisplaySize: false currentDensityDpi: 560 defaultDensityDpi: 560 keyboardBottomToScreenPx: 0 keyboardBottomToNavBarPx: -168 navBarHeight: 168
06-13 13:05:04.547  4221  4221 I BaseKeyboardSizeHelper: BaseKeyboardSizeHelper.calculateMaxKeyboardBodyHeight():73 leave 375 height for app when ime window height:2808, header height:154 and isFullscreenMode:false, so the max keyboard body height is:2279
06-13 13:05:04.547  4221  4221 I BaseKeyboardSizeHelper: BaseKeyboardSizeHelper.calculateMaxKeyboardBodyHeight():73 leave 375 height for app when ime window height:2808, header height:154 and isFullscreenMode:false, so the max keyboard body height is:2279
06-13 13:05:04.547  4221  4221 I AndroidIME: KeyboardViewManager.updateKeyboardBottomFrame():519 Set bottomFrameHeight = 28 while holderPaddingBottom = 28; navigationHeight = 168
06-13 13:05:04.547  4221  4221 I KeyboardModeUtils: KeyboardModeUtils.getKeyboardBottomOffset():435 inch: 0.000000 ydpi: 511.277008 adjustKeyboardBottomByDisplaySize: false currentDensityDpi: 560 defaultDensityDpi: 560 keyboardBottomToScreenPx: 0 keyboardBottomToNavBarPx: -168 navBarHeight: 168
06-13 13:05:04.547  4221  4221 I BaseKeyboardSizeHelper: BaseKeyboardSizeHelper.calculateMaxKeyboardBodyHeight():73 leave 375 height for app when ime window height:2808, header height:154 and isFullscreenMode:false, so the max keyboard body height is:2279
06-13 13:05:04.547  4221  4221 I BaseKeyboardSizeHelper: BaseKeyboardSizeHelper.calculateMaxKeyboardBodyHeight():73 leave 375 height for app when ime window height:2808, header height:154 and isFullscreenMode:false, so the max keyboard body height is:2279
06-13 13:05:04.547  4221  4221 I AndroidIME: KeyboardViewManager.updateKeyboardBottomFrame():519 Set bottomFrameHeight = 28 while holderPaddingBottom = 28; navigationHeight = 168
06-13 13:05:04.550  1609  1675 I ImeTracker: system_server:28932580: onRequestShow at ORIGIN_SERVER reason CONTROLS_CHANGED fromUser false displayId 0
06-13 13:05:04.569 20521 20521 D VRI[MainActivity]: WindowInsets changed: ime:[0,0,0,1348] 
06-13 13:05:04.585 20521 20521 I ImeTracker: system_server:28932580: onCancelled at PHASE_CLIENT_ON_CONTROLS_CHANGED
06-13 13:05:04.588  4221  4221 I StylusModule: StylusModule.onUpdateToolType():774 Update tool type = 0
06-13 13:05:04.589  4221  4221 I HardKeyTracker: HardKeyTracker.unregisterKeySequence():259 Unregister key sequence phm{labelResId=2132020537, callback=ffb@7ae0bde, lastModifier=2, keyCodes=[32], actions=[0]}
06-13 13:05:04.589  4221  4221 I HardKeyTracker: HardKeyTracker.unregisterKeySequence():259 Unregister key sequence phm{labelResId=2132020537, callback=ffb@86ce1bf, lastModifier=0, keyCodes=[319], actions=[0]}
06-13 13:05:04.590  4221  4221 I HardKeyTracker: HardKeyTracker.registerKeySequence():201 Register key sequence phm{labelResId=2132020537, callback=ffb@a7fa640, lastModifier=2, keyCodes=[32], actions=[0]}
06-13 13:05:04.590  4221  4221 I HardKeyTracker: HardKeyTracker.registerKeySequence():201 Register key sequence phm{labelResId=2132020537, callback=ffb@2817979, lastModifier=0, keyCodes=[319], actions=[0]}
06-13 13:05:04.596  4221  4221 I HardKeyTracker: HardKeyTracker.unregisterKeySequence():259 Unregister key sequence phm{labelResId=2132020537, callback=ffb@bde808c, lastModifier=2, keyCodes=[32], actions=[0]}
06-13 13:05:04.596  4221  4221 I HardKeyTracker: HardKeyTracker.unregisterKeySequence():259 Unregister key sequence phm{labelResId=2132020537, callback=ffb@12f93d5, lastModifier=0, keyCodes=[319], actions=[0]}
06-13 13:05:04.596  4221  4221 I HardKeyTracker: HardKeyTracker.registerKeySequence():201 Register key sequence phm{labelResId=2132020537, callback=ffb@8c790ca, lastModifier=2, keyCodes=[32], actions=[0]}
06-13 13:05:04.596  4221  4221 I HardKeyTracker: HardKeyTracker.registerKeySequence():201 Register key sequence phm{labelResId=2132020537, callback=ffb@152623b, lastModifier=0, keyCodes=[319], actions=[0]}
06-13 13:05:04.597  4221  4221 I KeyboardModeUtils: KeyboardModeUtils.getKeyboardBottomOffset():435 inch: 0.000000 ydpi: 511.277008 adjustKeyboardBottomByDisplaySize: false currentDensityDpi: 560 defaultDensityDpi: 560 keyboardBottomToScreenPx: 0 keyboardBottomToNavBarPx: -168 navBarHeight: 168
06-13 13:05:04.597  4221  4221 I BaseKeyboardSizeHelper: BaseKeyboardSizeHelper.calculateMaxKeyboardBodyHeight():73 leave 375 height for app when ime window height:2808, header height:154 and isFullscreenMode:false, so the max keyboard body height is:2279
06-13 13:05:04.597  4221  4221 I BaseKeyboardSizeHelper: BaseKeyboardSizeHelper.calculateMaxKeyboardBodyHeight():73 leave 375 height for app when ime window height:2808, header height:154 and isFullscreenMode:false, so the max keyboard body height is:2279
06-13 13:05:04.597  4221  4221 I AndroidIME: KeyboardViewManager.updateKeyboardBottomFrame():519 Set bottomFrameHeight = 28 while holderPaddingBottom = 28; navigationHeight = 168
06-13 13:05:04.600  4221  4221 I KeyboardModeUtils: KeyboardModeUtils.getKeyboardBottomOffset():435 inch: 0.000000 ydpi: 511.277008 adjustKeyboardBottomByDisplaySize: false currentDensityDpi: 560 defaultDensityDpi: 560 keyboardBottomToScreenPx: 0 keyboardBottomToNavBarPx: -168 navBarHeight: 168
06-13 13:05:04.600  4221  4221 I BaseKeyboardSizeHelper: BaseKeyboardSizeHelper.calculateMaxKeyboardBodyHeight():73 leave 375 height for app when ime window height:2808, header height:154 and isFullscreenMode:false, so the max keyboard body height is:2279
06-13 13:05:04.600  4221  4221 I BaseKeyboardSizeHelper: BaseKeyboardSizeHelper.calculateMaxKeyboardBodyHeight():73 leave 375 height for app when ime window height:2808, header height:154 and isFullscreenMode:false, so the max keyboard body height is:2279
06-13 13:05:04.600  4221  4221 I AndroidIME: KeyboardViewManager.updateKeyboardBottomFrame():519 Set bottomFrameHeight = 28 while holderPaddingBottom = 28; navigationHeight = 168
06-13 13:05:04.613  4221  4221 I StylusModule: StylusModule.onUpdateToolType():774 Update tool type = 0
06-13 13:05:04.644  4221  4221 I StylusModule: StylusModule.onUpdateToolType():774 Update tool type = 0
06-13 13:05:04.672  4221  4221 I StylusModule: StylusModule.onUpdateToolType():774 Update tool type = 0
06-13 13:05:04.701  4221  4221 I StylusModule: StylusModule.onUpdateToolType():774 Update tool type = 0
06-13 13:05:04.736  4221  4221 I StylusModule: StylusModule.onUpdateToolType():774 Update tool type = 0
06-13 13:05:04.764  4221  4221 I StylusModule: StylusModule.onUpdateToolType():774 Update tool type = 0
06-13 13:05:05.300  1363  1363 I adbd    : adbd service requested 'shell,v2,raw:input keyevent 111'
06-13 13:05:05.355  4221  4221 I StylusModule: StylusModule.onUpdateToolType():774 Update tool type = 0
06-13 13:05:05.782  1609  1673 W NotifHistoryProto: notification package name (com.google.android.odad) not found in string cache
06-13 13:05:05.783  1609  1673 W NotifHistoryProto: notification channel id (bg-work) not found in string cache
06-13 13:05:05.784  1609  1673 W NotifHistoryProto: notification package name (com.android.vending) not found in string cache
06-13 13:05:05.784  1609  1673 W NotifHistoryProto: notification channel id (maintenance-v2) not found in string cache
06-13 13:05:05.900  1363  1363 I adbd    : adbd service requested 'shell,v2,raw:input tap 720 1616'
06-13 13:05:05.969  1609  2680 D CompatChangeReporter: Compat change id reported: 358129114; UID 10519; state: ENABLED
06-13 13:05:05.973   554   611 I libbinder.BpBinder: onLastStrongRef automatically unlinking death recipients for binder (0xb4000072e45d2d20) with descriptor: '(not cached)'
06-13 13:05:05.975  1609  2680 V ActivityTaskManager: TaskLaunchParamsModifier: phase=3 task=Task{c3e71d9 #258 type=standard A=10519:com.takeya.animeongaku} activity=ActivityRecord{74543984 u0 com.google.android.permissioncontroller/com.android.permissioncontroller.permission.ui.GrantPermissionsActivity t-1} display-area-from-source=DefaultTaskDisplayArea@254098756 display-id=0 task-display-area-windowing-mode=1 suggested-display-area=DefaultTaskDisplayArea@254098756 inherit-from-source=fullscreen non-freeform-task-display-area display-area=DefaultTaskDisplayArea@254098756 default-portrait freeform-size-mismatch=Rect(362, 870 - 1079, 2310)
06-13 13:05:05.975  1609  2680 I ActivityTaskManager: START u0 {act=android.content.pm.action.REQUEST_PERMISSIONS xflg=0x4 pkg=com.google.android.permissioncontroller cmp=com.google.android.permissioncontroller/com.android.permissioncontroller.permission.ui.GrantPermissionsActivity (has extras)} with LAUNCH_MULTIPLE from uid 10519 (com.takeya.animeongaku) (rr=124634144) (BAL_ALLOW_VISIBLE_WINDOW) result code=0
06-13 13:05:05.975  2362  2405 V WindowManagerShell: Transition requested (#127): android.os.BinderProxy@2aa63fc TransitionRequestInfo { type = OPEN, triggerTask = TaskInfo{userId=0 taskId=258 effectiveUid=10519 displayId=0 isRunning=true baseIntent=Intent { act=android.intent.action.MAIN cat=[android.intent.category.LAUNCHER] flg=0x10200000 cmp=com.takeya.animeongaku/.MainActivity } baseActivity=ComponentInfo{com.takeya.animeongaku/com.takeya.animeongaku.MainActivity} topActivity=ComponentInfo{com.google.android.permissioncontroller/com.android.permissioncontroller.permission.ui.GrantPermissionsActivity} origActivity=null realActivity=ComponentInfo{com.takeya.animeongaku/com.takeya.animeongaku.MainActivity} realActivityIsAppLockEnabled=false numActivities=2 lastActiveTime=92352062 supportsMultiWindow=true resizeMode=1 isResizeable=true minWidth=-1 minHeight=-1 defaultMinSize=220 token=WCT{android.os.BinderProxy@64418a7} topActivityType=1 pictureInPictureParams=null shouldDockBigOverlays=false launchIntoPipHostTaskId=-1 lastParentTaskIdBeforePip=-1 displayCutoutSafeInsets=Rect(0, 0 - 0, 0) topActivityInfo=ActivityInfo{deb8a85 com.android.permissioncontroller.permission.ui.GrantPermissionsActivity} launchCookies=[] positionInParent=Point(0, 0) parentTaskId=-1 isFocused=true isVisible=true isVisibleRequested=true isTopActivityNoDisplay=false isSleeping=false locusId=null displayAreaFeatureId=1 isTopActivityTransparent=true isActivityStackTransparent=false lastNonFullscreenBounds=Rect(362, 870 - 1079, 2310) leafTaskBoundsFromOptions= false capturedLink=null capturedLinkTimestamp=0 requestedVisibleTypes=503 topActivityRequestOpenInBrowserEducationTimestamp=0 appCompatTaskInfo=AppCompatTaskInfo { topActivityInSizeCompat=false isLeafTask= true eligibleForLetterboxEducation= false isLetterboxEducationEnabled= false isLetterboxDoubleTapEnabled= false eligibleForUserAspectRatioButton= false topActivityBoundsLetterboxed= false isFromLetterboxDoubleTap= false topActivityLetterboxVerticalPosition= -1 topActivityLetterboxHorizontalPosition= -1 topActivityLetterboxWidth=-1 topActivityLetterboxHeight=-1 topActivityAppBounds=Rect(0, 0 - 1440, 3120) isUserFullscreenOverrideEnabled=false isSystemFullscreenOverrideEnabled=false hasMinAspectRatioOverride=false topActivityLetterboxBounds=null topNonResizableActivityAspectRatio=-1.0} topActivityMainWindowFrame=null isAppBubble=false}, pipChange = null, remoteTransitionInfo = null, displayChange = null, requestedLocation = null, userChange = null, windowingLayerChange = null, fullscreenRequestChange = null, flags = 0, debugId = 127 }
06-13 13:05:05.975  2362  2405 W DisplayDisconnectTransitionHandler: No disconnect change found in the transition, not handling request.
06-13 13:05:05.975  2362  2405 D ShellSplitScreen: logExit: no-op, mLoggerSessionId is null
06-13 13:05:06.003 20521 20761 I okhttp.OkHttpClient: --> POST https://ongaku.local/v1/auth/login (78-byte body)
06-13 13:05:06.023 20521 20761 I okhttp.OkHttpClient: <-- 200 OK http://127.0.0.1:8080/v1/auth/login (20ms, 131-byte body)
06-13 13:05:06.048 20521 20521 D InsetsController: hide(ime())
06-13 13:05:06.048 20521 20521 I ImeTracker: com.takeya.animeongaku:2087dabc: onRequestHide at ORIGIN_CLIENT reason HIDE_SOFT_INPUT_BY_INSETS_API fromUser false userId 0 displayId 0
06-13 13:05:06.048 20521 20521 D WindowOnBackDispatcher: setTopOnBackInvokedCallback (unwrapped): androidx.activity.OnBackPressedDispatcher$Api34Impl$createOnBackAnimationCallback$1@7f7efeb
06-13 13:05:06.048 20521 20521 D InsetsController: Setting requestedVisibleTypes to 503 (was 511)
06-13 13:05:06.049  1609  2680 D CoreBackPreview: Window{a191768 u0 com.takeya.animeongaku/com.takeya.animeongaku.MainActivity}: Setting back callback OnBackInvokedCallbackInfo{mCallback=android.window.IOnBackInvokedCallback$Stub$Proxy@ed2569c, mPriority=0, mIsAnimationCallback=true, mOverrideBehavior=0}
06-13 13:05:06.049 20521 20521 D VRI[MainActivity]: WindowInsets changed: ime:null 
06-13 13:05:06.049  1609  5279 I ImeTracker: system_server:56139d28: onRequestShow at ORIGIN_SERVER reason IME_REQUESTED_CHANGED_LISTENER fromUser false displayId 0
06-13 13:05:06.050  2362  2405 D Bubbles : BubbleController.BubblesImeListener.onImeVisibilityChanged visible=false runnable=null stackView=null
06-13 13:05:06.050  1755  1980 I twoshay.TouchContextService: Got new packet! ContextPacket{orientation: PORTRAIT, audioMode: NORMAL, adaptiveTouchSensitivity: OFF, screenProtectorMode: OFF, imeState: ImeState{displayId: 0, visible: false, top: 0, left: 0, bottom: 0, right: 0}, audioDeviceInfo: TYPE_UNKNOWN}
06-13 13:05:06.053  1609  1674 I ImeTracker: system_server:56139d28: onCancelled at PHASE_SERVER_ALREADY_VISIBLE
06-13 13:05:06.053  4221  4221 I GoogleInputMethodService: GoogleInputMethodService.onStartInput():1446 onStartInput(EditorInfo{EditorInfo{packageName=com.takeya.animeongaku, inputType=0, inputTypeString=NULL, enableLearning=false, autoCorrection=false, autoComplete=false, imeOptions=0, privateImeOptions=null, actionName=UNSPECIFIED, actionLabel=null, initialSelStart=-1, initialSelEnd=-1, initialCapsMode=0, label=null, fieldId=0, fieldName=null, extras=null, hintText=null, hintLocales=[]}}, true)
06-13 13:05:06.053  4221  4221 W SessionManager: SessionManager.beginSession():72 Try to begin an already begun session [INPUT_SESSION], end it first
06-13 13:05:06.053  4221  4221 W SessionManager: SessionManager.endSession():119 Child session [INPUT_VIEW_SESSION] is not ended while ending session [{INPUT_VIEW_SESSION=1781381104391, IME_SESSION=1781381104424, INPUT_SESSION=1781381104388}], ending it now.
06-13 13:05:06.054  4221  4221 W SessionManager: SessionManager.endSession():119 Child session [IME_SESSION] is not ended while ending session [{INPUT_VIEW_SESSION=1781381104391, IME_SESSION=1781381104424, INPUT_SESSION=1781381104388}], ending it now.
06-13 13:05:06.054  4221  4221 I AndroidIME: LatinIMEBase.updateInputViewCoverNavigation():321 Update input view padding, isNavbarOverInputWindow=true, bottom inset=168
06-13 13:05:06.054  4221  4221 I Module  : DeviceLockedStatusModuleProvider$Module.updateDeviceLockedStatusInternal():127 repeatCheckTimes = 1, locked = false
06-13 13:05:06.054  4221  4221 I HardKeyTracker: HardKeyTracker.registerKeySequence():201 Register key sequence phm{labelResId=0, callback=cqg@9533193, lastModifier=0, keyCodes=[57, 57], actions=[1, 0]}
06-13 13:05:06.054  4221  4221 I HardKeyTracker: HardKeyTracker.registerKeySequence():201 Register key sequence phm{labelResId=0, callback=cqg@c3915d0, lastModifier=0, keyCodes=[58, 58], actions=[1, 0]}
06-13 13:05:06.055  4221  4221 I GoogleInputMethodService: GoogleInputMethodService.onStartInputView():1532 onStartInputView(EditorInfo{EditorInfo{packageName=com.takeya.animeongaku, inputType=0, inputTypeString=NULL, enableLearning=false, autoCorrection=false, autoComplete=false, imeOptions=0, privateImeOptions=null, actionName=UNSPECIFIED, actionLabel=null, initialSelStart=-1, initialSelEnd=-1, initialCapsMode=0, label=null, fieldId=0, fieldName=null, extras=null, hintText=null, hintLocales=[]}}, true)
06-13 13:05:06.055  4221  4221 I AndroidIME: AbstractIme.onDeactivate():213 PasswordIme.onDeactivate()
06-13 13:05:06.055  4221  4221 W SessionManager: SessionManager.endSession():111 Try to end a not begun session [IME_SESSION].
06-13 13:05:06.055  1609  5279 W PackageConfigPersister: App-specific configuration not found for packageName: com.takeya.animeongaku and userId: 0
06-13 13:05:06.055  4221  4221 I KeyboardHeightUtil: KeyboardHeightUtil.getOemKeyboardHeightRatio():81 systemKeyboardHeightRatio:1.025000.
06-13 13:05:06.055  4221  4309 I CrossProfileSharedPreferences: CrossProfileSharedPreferences.maybeRunSyncTaskAfterFullSyncComplete():218 Full sync is not complete when incremental sync is called, trigger full sync
06-13 13:05:06.056  4221 20449 I CrossProfileSharedPreferences: CrossProfileSharedPreferences.syncAllAllowedPreferencesInternal():276 Cannot make cross profile calls to full sync preferences
06-13 13:05:06.057  4221  4309 E UserFeatureCache: UserFeatureCache.getStore():760 Wrong feature id provided -1 for protobuf qcg.
06-13 13:05:06.057  4221  4309 E UserFeatureCache: UserFeatureCache.getProto():684 Feature not enabled should not called: 19
06-13 13:05:06.059  1609  1675 I ImeTracker: system_server:10ab79da: onRequestShow at ORIGIN_SERVER reason CONTROLS_CHANGED fromUser false displayId 0
06-13 13:05:06.064  1609  2249 D BackgroundInstallControlService: Package event received: 0
06-13 13:05:06.066  1609  1632 D ActivityManager: quick sync unfreeze 2368 for 1
06-13 13:05:06.069  1609  1674 D ActivityManager: sync unfroze 2368 com.google.android.permissioncontroller for 1
06-13 13:05:06.071  1609  2249 D BackgroundInstallControlService: Package event received: 0
06-13 13:05:06.073  1609  2099 V Configuration: Updating configuration, locales updated from [] to [en_US,ja_JP]
06-13 13:05:06.073  1609  2099 V Configuration: Updating configuration, locales updated from [] to [en_US,ja_JP]
06-13 13:05:06.074  1609  2099 D IntervalStats: Unable to parse usage stats packages: [1502]
06-13 13:05:06.074  1609  2249 D BackgroundInstallControlService: Package event received: 0
06-13 13:05:06.074  1609  2249 D BackgroundInstallControlService: Package event received: 0
06-13 13:05:06.074  2368  2752 W ssioncontroller: Monitor::Inflate: Install failed 0x20821d0
06-13 13:05:06.074  1609  2099 V Configuration: Updating configuration, locales updated from [] to [en_US,ja_JP]
06-13 13:05:06.074  1609  2099 V Configuration: Updating configuration, locales updated from [] to [en_US,ja_JP]
06-13 13:05:06.074  1609  2099 V Configuration: Updating configuration, locales updated from [] to [en_US,ja_JP]
06-13 13:05:06.077  1609  2099 V Configuration: Updating configuration, locales updated from [] to [en_US,ja_JP]
06-13 13:05:06.077  1609  2099 V Configuration: Updating configuration, locales updated from [] to [en_US,ja_JP]
06-13 13:05:06.077  1609  2099 V Configuration: Updating configuration, locales updated from [] to [en_US,ja_JP]
06-13 13:05:06.078  1609  2099 V Configuration: Updating configuration, locales updated from [] to [en_US,ja_JP]
06-13 13:05:06.078  1609  2099 V Configuration: Updating configuration, locales updated from [] to [en_US,ja_JP]
06-13 13:05:06.080  1609  2099 V Configuration: Updating configuration, locales updated from [] to [en_US,ja_JP]
06-13 13:05:06.080  1609  2099 V Configuration: Updating configuration, locales updated from [] to [en_US,ja_JP]
06-13 13:05:06.080  1609  2100 D ActivityManager: sync unfroze 24538 com.google.android.apps.photos for 6
06-13 13:05:06.084  1609  2099 V Configuration: Updating configuration, locales updated from [] to [en_US,ja_JP]
06-13 13:05:06.085  1609  2099 D IntervalStats: Unable to parse usage stats packages: [1502]
06-13 13:05:06.086  1609  2099 V Configuration: Updating configuration, locales updated from [] to [en_US,ja_JP]
06-13 13:05:06.086  1609  2099 V Configuration: Updating configuration, locales updated from [] to [en_US]
06-13 13:05:06.086  1609  2099 V Configuration: Updating configuration, locales updated from [] to [en_US]
06-13 13:05:06.086  1609  2099 V Configuration: Updating configuration, locales updated from [] to [en_US,ja_JP]
06-13 13:05:06.086  1609  2099 V Configuration: Updating configuration, locales updated from [] to [en_US,ja_JP]
06-13 13:05:06.087  1609  2099 V Configuration: Updating configuration, locales updated from [] to [en_US]
06-13 13:05:06.087  1609  2099 V Configuration: Updating configuration, locales updated from [] to [en_US,ja_JP]
06-13 13:05:06.087  1609  2099 V Configuration: Updating configuration, locales updated from [] to [en_US,ja_JP]
06-13 13:05:06.088  1609  2099 V Configuration: Updating configuration, locales updated from [] to [en_US]
06-13 13:05:06.088  1609  2099 V Configuration: Updating configuration, locales updated from [] to [en_US,ja_JP]
06-13 13:05:06.088  1609  2099 D IntervalStats: Unable to parse usage stats packages: [1502]
06-13 13:05:06.089  1609  2099 V Configuration: Updating configuration, locales updated from [] to [en_US,ja_JP]
06-13 13:05:06.089  1609  2099 V Configuration: Updating configuration, locales updated from [] to [en_US,ja_JP]
06-13 13:05:06.089  1609  2099 V Configuration: Updating configuration, locales updated from [] to [en_US,ja_JP]
06-13 13:05:06.095  1743  1743 I pixel-thermal: VIRTUAL-SKIN:27.8303 raw data: VIRTUAL-GNSS-DISP:27830.3 VIRTUAL-NEUTRAL-QUIET:27239.9 VIRTUAL-QUIET-USB2:26135.6 VIRTUAL-SKIN:27830.3 VIRTUAL-USB2-QUIET:25553.6 disp_therm:27854 gnss_tcxo_therm:28589 neutral_therm:28277 quiet_therm:27338 usb_pwr_therm2:27314 
06-13 13:05:06.098  1609  5220 W JobScheduler: Job didn't exist in JobStore: 1f7a589 #u0a194/1034 com.google.android.apps.photos/com.google.android.libraries.social.mediamonitor.MediaMonitorJobSchedulerService
06-13 13:05:06.098  2368  2750 D AccessibilitySourceService: enabled a11y services count 1
06-13 13:05:06.102  2368  2750 D AccessibilitySourceService: a11y source sending 1 issue to sc
06-13 13:05:06.103  1609  1924 D SafetySourceDataValidat: No cert check requested for package com.google.android.permissioncontroller
06-13 13:05:06.104  2368 20889 I DisplayManager: Choreographer implicitly registered for the refresh rate.
06-13 13:05:06.105  2368 20889 D vulkan  : searching for layers in '/system/lib64'
06-13 13:05:06.106  2368  2750 D AccessibilitySourceService: enabled a11y services count 1
06-13 13:05:06.106  2368 20889 D vulkan  : searching for layers in '/system_ext/lib64'
06-13 13:05:06.108  2368  2750 D AccessibilitySourceService: a11y source sending 1 issue to sc
06-13 13:05:06.108  1609  1632 D SafetySourceDataValidat: No cert check requested for package com.google.android.permissioncontroller
06-13 13:05:06.111  2368  2753 D AccessibilitySourceService: enabled a11y services count 1
06-13 13:05:06.113  2368  2753 D AccessibilitySourceService: a11y source sending 1 issue to sc
06-13 13:05:06.113  1609  1924 W UriGrantsManagerService: No permission grants found for com.google.android.apps.photos
06-13 13:05:06.113  1609  1632 D SafetySourceDataValidat: No cert check requested for package com.google.android.permissioncontroller
06-13 13:05:06.113  1609  1924 W UriGrantsManagerService: No permission grants found for com.google.android.apps.photos
06-13 13:05:06.117  2368  2753 D AccessibilitySourceService: enabled a11y services count 1
06-13 13:05:06.118  2368  2753 D AccessibilitySourceService: a11y source sending 1 issue to sc
06-13 13:05:06.119  1609  1632 D SafetySourceDataValidat: No cert check requested for package com.google.android.permissioncontroller
06-13 13:05:06.121  2368  2753 D AccessibilitySourceService: enabled a11y services count 1
06-13 13:05:06.122  2368  2753 D AccessibilitySourceService: a11y source sending 1 issue to sc
06-13 13:05:06.123  1609  1632 D SafetySourceDataValidat: No cert check requested for package com.google.android.permissioncontroller
06-13 13:05:06.126  2368  2753 D AccessibilitySourceService: enabled a11y services count 1
06-13 13:05:06.127  2368  2753 D AccessibilitySourceService: a11y source sending 1 issue to sc
06-13 13:05:06.127  1609  1632 D SafetySourceDataValidat: No cert check requested for package com.google.android.permissioncontroller
06-13 13:05:06.130  2368  2753 D AccessibilitySourceService: enabled a11y services count 1
06-13 13:05:06.131 20521 20521 I ImeTracker: system_server:10ab79da: onCancelled at PHASE_CLIENT_ON_CONTROLS_CHANGED
06-13 13:05:06.131  4221  4221 I InputContextChangeTracker: InputContextChangeTracker.fixLyingSelectionRangeFromSurroundingText():1678 fixLyingSelectionRangeFromSurroundingText(): [-1, -1]([-1, -1]) -> [0, 0]([0, 0])
06-13 13:05:06.131  4221  4221 I AndroidIME: InputBundleManager.startInput():357 startInput2 restarting=true
06-13 13:05:06.131  4221  4221 I AndroidIME: InputBundleManager.loadActiveInputBundleId():542 loadActiveInputBundleId: und-Latn-x-password, password
06-13 13:05:06.131  4221  4221 I InputBundle: InputBundle.activateIme():598 activateIme: INACTIVE, keyboardType=prime
06-13 13:05:06.131  4221  4221 I AndroidIME: AbstractIme.onActivate():95 PasswordIme.onActivate() : EditorInfo = EditorInfo{packageName=com.takeya.animeongaku, inputType=0, inputTypeString=NULL, enableLearning=false, autoCorrection=false, autoComplete=false, imeOptions=0, privateImeOptions=null, actionName=UNSPECIFIED, actionLabel=null, initialSelStart=-1, initialSelEnd=-1, initialCapsMode=0, label=null, fieldId=0, fieldName=null, extras=null, hintText=null, hintLocales=[]}, IncognitoMode = false, DeviceLocked = false
06-13 13:05:06.132  4221  4221 I InputBundle: InputBundle.activateKeyboard():653 activateKeyboard: ACTIVE, type=oiz[keyboardType=prime, payload=null]
06-13 13:05:06.132  4221  4221 I KeyboardWrapper: KeyboardWrapper.activateKeyboard():592 activateKeyboard(): type=prime, status=INACTIVE, imeDef=ohs{stringId=password, language=und-Latn-x-password, languageTag=und-Latn-x-password, processedConditions={variant=qwerty, true=true, language=en-US, enable_number_row=true, device=phone, enable_number_row_in_password=true, enable_pk_simulator=false}, className=com.google.android.libraries.inputmethod.ime.password.PasswordIme, label=2132019378, keyEventInterpreter=null, inlineComposing=true, autoCapital=true, announceAutoSelectedCandidate=true, statusIcon=0, indicatorIcon=0, indicatorLabel=null, displayAppCompletions=false, extraValues=ohl{}, processors=ojm@da195c6, unacceptableMetaKeys=4098, languageSpecificSettings=0, asciiCapable=false, alwaysShowSuggestions=false, useAsciiPasswordKeyboard=false, keyboardGroupDef=oiu@5737323, phenotypeFlagId=0, localizationLanguageTag=null, supportsInlineSuggestion=false}
06-13 13:05:06.132  4221  4221 I KeyboardManager: KeyboardManager.requestKeyboard():249 Creating keyboard prime, imeId=password, cacheKey=theme,!gsf,!pgsf,!use_system_font,BORDER,DYNAMIC_DARK_BRIGHT_KEY,FLAVOR_DPI=XXXHDPI,IS_LIGHT,KEYBOARD_WIDTH_CATEGORY=NORMAL,KEY_BORDER_SHAPE=1,LIGHT_THEME=true,PHYSICAL_DIAGONAL=5.9037175,POPUP,SCREEN_SHORTEST_WIDTH=411,SCREEN_SHORTEST_WIDTH_NO_SCALE=411,SW400DP,XXXHDPI,bottom4dp,bright_key_on_dynamic_color_dark_theme=true,enable_popup_on_keypress=true,non_linear_scale,noshadow,overlay_builtin_dynamic_color_light_base.binarypb:gm3-light-fff7f5ff-ff0058ba-65f4eb49c856e02f0c9596da4cbfc6d1,pgsans,silkpopup
