06-13 13:05:32.033  2646  3751 I SHANNON_IMS: 0295 [CONN] network:100 WIFI connected, subId: -1 [SLID:0] (DefaultNetworkCallback%onCapabilitiesChanged:76)
06-13 13:05:32.036  2626  3828 D SHANNON_RCS: 2223 [0][PROX][TELE] onCapabilitiesChanged, Network: 100, NetworkCapabilities: [ Transports: WIFI Capabilities: NOT_METERED&INTERNET&NOT_RESTRICTED&TRUSTED&NOT_VPN&VALIDATED&NOT_ROAMING&FOREGROUND&NOT_CONGESTED&NOT_SUSPENDED&NOT_VCN_MANAGED&NOT_BANDWIDTH_CONSTRAINED LinkUpBandwidth>=18481Kbps LinkDnBandwidth>=70609Kbps TransportInfo: <SSID: <unknown ssid>, BSSID: 02:00:00:00:00:00, MAC: 02:00:00:00:00:00, IP: /192.168.173.201, Security type: 2, Supplicant state: COMPLETED, Wi-Fi standard: 11ax, RSSI: -60, Link speed: 204Mbps, Tx Link speed: 204Mbps, Max Supported Tx Link speed: 1200Mbps, Calculated Tx : 1073Mbps, Rx Link speed: 864Mbps, Max Supported Rx Link speed: 1200Mbps, Calculated Rx : 1129Mbps, Frequency: 5745MHz, Net ID: -1, Metered hint: false, score: 100, isUsable: true, CarrierMerged: false, SubscriptionId: -1, IsPrimary: -1, Trusted: true, Restricted: false, Ephemeral: false, OEM paid: false, OEM private: false, OSU AP: false, FQDN: <none>, Provider friendly name: <none>, Requesting package name: <none><none>MLO Information: , Is TID-To-Link negotiation supported by the AP: false, AP MLD Address: <none>, AP MLO Link Id: <none>, AP MLO Affiliated links: <none>, Vendor Data: <none>> SignalStrength: -60 UnderlyingNetworks: Null] (DefaultNetworkCallback%onCapabilitiesChanged:76)
06-13 13:05:32.038  5232  5232 I Tycho.VoiceLibrary: TeleWifiMonitor.updateSignalState, (is connected: true, signal level: 88%, link speed: 1200Mbps) -> (is connected: true, signal level: 88%, link speed: 204Mbps)
06-13 13:05:32.046  4417  4676 I BugleRcsEngine: Connected state: [1], networkType: [WIFI] [CONTEXT thread_id=60 ]
06-13 13:05:32.047  4417  4863 I BugleRcsEngine: handleMessage processing message:[NOTIFY_UPTIME_IGNORE_STATE_CHANGED] with [non-null]:RcsEngineImpl reference [CONTEXT log_prefix="RcsEngineImpl[DUAL_REG]:[a8f71631-44a9]>Handler" thread_id=66 ]
06-13 13:05:32.047  5232  5232 I Tycho.VoiceLibrary: Skip the config reloading on wifi_state_change because it's using local profile and enableConfigReloadForLocalProfile is disabled.
06-13 13:05:32.049  5232  5232 I Tycho.VoiceLibrary: ImsRegistrationNetworkSelector.onWifiStateChanged
06-13 13:05:32.051  1609  2249 D BackgroundInstallControlService: Package event received: 0
06-13 13:05:32.051   904 20471 I NearbyMediums: Wifi changed new SSID: "KitsuNet"
06-13 13:05:32.051   904 20471 I NearbyMediums: WifiLanConnectivityInfo is not changed, skip notify.
06-13 13:05:32.052  1609  2196 D ConnectivityService: NetReassign [no changes] [c 0] [a 2] [i 3]
06-13 13:05:32.053  1609  2249 D BackgroundInstallControlService: Package event received: 0
06-13 13:05:32.056  1058  1093 D CHRE    : @ 92379.641: Parsed nanoapp message from host: app ID 0x476f6f676c00100b endpoint 0xf msgType 112 payload size 14
06-13 13:05:32.057  1058  1093 I CHRE    : @ 92379.642: [NanoMinion] received MSG Type 0x70, Version 1, 10 bytes
06-13 13:05:32.057  1058  1093 I CHRE    : @ 92379.642: [AR] context-signal: has_bt=0, bt=0, has_wifi=1, wifi=1
06-13 13:05:32.060  1609  2249 D BackgroundInstallControlService: Package event received: 0
06-13 13:05:32.061   904  4533 I NullBinder: NullBinder for android.net.action.RECOMMEND_NETWORKS triggering remote TransactionTooLargeException due to Service without Chimera impl, calling uid: 1000, calling pid: 0
06-13 13:05:32.061   904  4533 W libbinder.Binder: Large reply transaction of 1056768 bytes, interface descriptor , code 1, flags 17
06-13 13:05:32.061 13436 13436 I Wildlife_WildlifeVpnReceiver: ACTION_WIFI_STATE_CHANGED
06-13 13:05:32.061 13436 13436 I Wildlife_WildlifeCobaltEventLoggerImpl: SysUI wifi state changed event logged
06-13 13:05:32.061 13436 13436 I Wildlife_WildlifeVpnManagerImpl: restoreSettingsFromBackupIfNecessary() false, true, false
06-13 13:05:32.061 13436 13436 I Wildlife_OpenWifiNudgeManagerImpl: wifiStateChangedFuture
06-13 13:05:32.062 13436 20759 I Wildlife_OpenWifiNudgeManagerImpl: handleWifiStateChanged(): consumer is not active
06-13 13:05:32.063   904   904 D BoundBrokerSvc: onRebind: Intent { act=com.google.android.gms.common.telemetry.service.START dat=chimera-action:/... xflg=0x4 cmp=com.google.android.gms/.chimera.PersistentApiService }
06-13 13:05:32.068 30928 15371 I CobaltLoggerImpl: (REDACTED) Logging Cobalt occurrence for metric %d-%d-%d, with count %d and event vector %s, for caller: %s
06-13 13:05:32.068 30928 15371 I CobaltLoggerImpl: (REDACTED) Loaded Cobalt registry contains metric: %d-%d-%d
06-13 13:05:32.549   904 20471 I NearbySharing: Network state changed: NetworkState(isRestricted=false, isOnline=true, isCongested=false, isMetered=false, isWifiConnected=true)
06-13 13:05:32.616 20521 20761 I okhttp.OkHttpClient: --> GET https://ongaku.local/v1/sync/status
06-13 13:05:32.637 20521 20761 I okhttp.OkHttpClient: <-- 200 OK http://127.0.0.1:8080/v1/sync/status (19ms, 121-byte body)
06-13 13:05:33.723  8142  8163 I Finsky  : [45] Stats for Executor: GrpcBackgroundExecutor vzk@8cba6e9[Running, pool size = 4, active threads = 0, queued tasks = 0, completed tasks = 21]
06-13 13:05:34.650 20521 20761 I okhttp.OkHttpClient: --> GET https://ongaku.local/v1/sync/status
06-13 13:05:34.670 20521 20761 I okhttp.OkHttpClient: <-- 200 OK http://127.0.0.1:8080/v1/sync/status (19ms, 121-byte body)
06-13 13:05:35.047  1126  1126 I WifiHAL : Creating message to get link statistics; iface = 47
06-13 13:05:35.154  1126  1126 D WifiHAL : Start debug command: mType GET_FEATURE
06-13 13:05:35.154  1126  1126 I WifiHAL : CreateRequest mType = GET_FEATURE
06-13 13:05:35.154  1126  1126 D WifiHAL : In DebugCommand::handleResponse, mType:GET_FEATURE
06-13 13:05:35.154  1126  1126 D WifiHAL : len = 4, expected len = 4
06-13 13:05:35.276  1609  2196 D InetDiagMessage: Destroyed 0 sockets, proto=IPPROTO_TCP, family=AF_INET, states=14
06-13 13:05:35.278  1609  2196 D InetDiagMessage: Destroyed 0 sockets, proto=IPPROTO_TCP, family=AF_INET6, states=14
06-13 13:05:35.278  1609  2196 D InetDiagMessage: Destroyed live tcp sockets for uids={10194} in 4ms
06-13 13:05:35.280  1609  2196 D InetDiagMessage: Destroyed 0 sockets, proto=IPPROTO_TCP, family=AF_INET, states=14
06-13 13:05:35.282  1609  2196 D InetDiagMessage: Destroyed 0 sockets, proto=IPPROTO_TCP, family=AF_INET6, states=14
06-13 13:05:35.282  1609  2196 D InetDiagMessage: Destroyed live tcp sockets for uids={20194} in 4ms
06-13 13:05:36.125  1058  1093 D CHRE    : @ 92383.705: Parsed nanoapp message from host: app ID 0x476f6f676c00100b endpoint 0xf msgType 112 payload size 10
06-13 13:05:36.127  1058  1093 I CHRE    : @ 92383.709: [NanoMinion] received MSG Type 0x70, Version 1, 6 bytes
06-13 13:05:36.127  1058  1093 I CHRE    : @ 92383.710: [AR] request.flush
06-13 13:05:36.127  1058  1093 D CHRE.HAL: Received a nanoapp message from 0x476f6f676c00100b endpoint 0xf: Type 0x401 size 27 
06-13 13:05:36.128  1058  1093 I CHRE    : @ 92383.710: [AR] send to host, reason=3, sampleSize=0, transitionSize=0, lastAccelTime = 92234147, lastAudioTime = 0 
06-13 13:05:36.129  1058  1093 I CHRE    : @ 92383.713: [NanoMinion] sent MSG Type 0x72, Version 0, 19 bytes, MessageId 232
06-13 13:05:36.145  1609  1632 W AppOps  : Noting op not finished: uid 10160 pkg com.google.android.gms code 113 startTime of in progress event=1781380921131
06-13 13:05:36.162  1609  1632 W AppOps  : Noting op not finished: uid 10160 pkg com.google.android.gms code 113 startTime of in progress event=1781380921131
06-13 13:05:36.183  1609  2469 W AppOps  : Noting op not finished: uid 10160 pkg com.google.android.gms code 79 startTime of in progress event=1781380921130
06-13 13:05:36.188   904  1020 I ActivityScheduler: nextTriggerTime: 92442276, in 60000ms, detectorType: 0,  alarmWindowMillis: 7500
06-13 13:05:36.679  2549  2638 D TemperatureStateSource: sequence=6244 actualDelay=10001
06-13 13:05:36.679  2549  2638 D TemperatureStateSource: Reading temperature: sequence=6245
06-13 13:05:36.681 20521 20761 I okhttp.OkHttpClient: --> GET https://ongaku.local/v1/sync/status
06-13 13:05:36.683  1743  1743 I pixel-thermal: VIRTUAL-SKIN:28.5959 raw data: VIRTUAL-GNSS-DISP:28595.9 VIRTUAL-NEUTRAL-QUIET:27330.2 VIRTUAL-QUIET-USB2:26163.4 VIRTUAL-SKIN:28595.9 VIRTUAL-USB2-QUIET:25603.4 disp_therm:27832 gnss_tcxo_therm:29925 neutral_therm:28478 quiet_therm:27361 usb_pwr_therm2:27385 
06-13 13:05:36.684  2549  2638 D TemperatureStateSource: getDeviceTemperatures: sequence=6245 deviceTemperatureType=3 temperatureSource=0 temperatures=[28.595942]
06-13 13:05:36.684  2549  2638 D BusinessScope: Enqueuing the block
06-13 13:05:36.685  2549  2638 D TemperatureStateSource: sequence=6245 waitTime=10000
06-13 13:05:36.685  2549  3446 D BusinessScope: Start running the #12607 block
06-13 13:05:36.686  1743  1743 I pixel-thermal: VIRTUAL-SKIN:28.5959 raw data: VIRTUAL-SKIN:28595.9 
06-13 13:05:36.687  2549  3446 I TemperatureStateSource: temperature was set
06-13 13:05:36.687  2549  3446 D BusinessScope: Enqueuing the block
06-13 13:05:36.687  2549  3446 D ImpulseStateSource: Notify clients: 6302
06-13 13:05:36.688  2549  3446 D BusinessScope: Finish running the #12607 block
06-13 13:05:36.688  2549  3446 D BusinessScope: Start running the #12608 block
06-13 13:05:36.689  2549  3446 D BusinessScope: Finish running the #12608 block
06-13 13:05:36.703 20521 20761 I okhttp.OkHttpClient: <-- 200 OK http://127.0.0.1:8080/v1/sync/status (21ms, 121-byte body)
06-13 13:05:36.704  6963 20318 W Turbo.DeviceHealthLeversManagerImpl: applyLeversWithMaintenanceWindow: ignore the same request
06-13 13:05:37.074   904   904 D BoundBrokerSvc: onUnbind: Intent { act=com.google.android.gms.common.telemetry.service.START dat=chimera-action:/... xflg=0x4 cmp=com.google.android.gms/.chimera.PersistentApiService }
06-13 13:05:37.147  1609  5279 W AppOps  : Noting op not finished: uid 10160 pkg com.google.android.gms code 113 startTime of in progress event=1781380921131
06-13 13:05:37.166   904   904 D BoundBrokerSvc: onRebind: Intent { act=com.google.android.gms.libs.gmscorelogger.service.START dat=chimera-action:/... xflg=0x4 cmp=com.google.android.gms/.chimera.PersistentDirectBootAwareApiService }
06-13 13:05:37.293  1050  2884 I bthal.activity: bt_power: LeAdvStat: 13:05:36:292 - 13:05:37:293, duration: 1000, le_adv_count: 1, total_le_adv_count: 7852, total_event_count: 1
06-13 13:05:38.160  1126  3328 I WifiHAL : Creating message to get link statistics; iface = 47
06-13 13:05:38.257  1126  3328 D WifiHAL : Start debug command: mType GET_FEATURE
06-13 13:05:38.257  1126  3328 I WifiHAL : CreateRequest mType = GET_FEATURE
06-13 13:05:38.257  1126  3328 D WifiHAL : In DebugCommand::handleResponse, mType:GET_FEATURE
06-13 13:05:38.257  1126  3328 D WifiHAL : len = 4, expected len = 4
06-13 13:05:38.600  1030  1077 W resolvrs::doh::connection: Connection driver returns some Err: Closed
06-13 13:05:38.715 20521 20761 I okhttp.OkHttpClient: --> GET https://ongaku.local/v1/sync/status
06-13 13:05:38.736  1050  2884 I bthal.activity: bt_power: LeAdvStat: 13:05:37:671 - 13:05:38:735, duration: 1064, le_adv_count: 3, total_le_adv_count: 7855, total_event_count: 3
06-13 13:05:38.738 20521 20761 I okhttp.OkHttpClient: <-- 200 OK http://127.0.0.1:8080/v1/sync/status (21ms, 121-byte body)
06-13 13:05:40.157  1050  2884 I bthal.activity: bt_power: LeAdvStat: 13:05:39:108 - 13:05:40:157, duration: 1049, le_adv_count: 2, total_le_adv_count: 7857, total_event_count: 2
06-13 13:05:40.170  1609  2111 D ActivityManager: freezing 2368 com.google.android.permissioncontroller
06-13 13:05:40.176  1609  2196 D InetDiagMessage: Destroyed 0 sockets, proto=IPPROTO_TCP, family=AF_INET, states=14
06-13 13:05:40.179  1609  2196 D InetDiagMessage: Destroyed 0 sockets, proto=IPPROTO_TCP, family=AF_INET6, states=14
06-13 13:05:40.179  1609  2196 D InetDiagMessage: Destroyed live tcp sockets for uids={10228} in 5ms
06-13 13:05:40.421  1609  2111 D ActivityManager: freezing 24538 com.google.android.apps.photos
06-13 13:05:40.427  1609  2196 D InetDiagMessage: Destroyed 0 sockets, proto=IPPROTO_TCP, family=AF_INET, states=14
06-13 13:05:40.430  1609  2196 D InetDiagMessage: Destroyed 0 sockets, proto=IPPROTO_TCP, family=AF_INET6, states=14
06-13 13:05:40.430  1609  2196 D InetDiagMessage: Destroyed live tcp sockets for uids={10194} in 5ms
06-13 13:05:40.749 20521 20761 I okhttp.OkHttpClient: --> GET https://ongaku.local/v1/sync/status
06-13 13:05:40.769 20521 20761 I okhttp.OkHttpClient: <-- 200 OK http://127.0.0.1:8080/v1/sync/status (19ms, 121-byte body)
06-13 13:05:41.263  1126  1126 I WifiHAL : Creating message to get link statistics; iface = 47
06-13 13:05:41.352  1126  1126 D WifiHAL : Start debug command: mType GET_FEATURE
06-13 13:05:41.352  1126  1126 I WifiHAL : CreateRequest mType = GET_FEATURE
06-13 13:05:41.352  1126  1126 D WifiHAL : In DebugCommand::handleResponse, mType:GET_FEATURE
06-13 13:05:41.352  1126  1126 D WifiHAL : len = 4, expected len = 4
06-13 13:05:41.608  1050  2884 I bthal.activity: bt_power: LeAdvStat: 13:05:40:607 - 13:05:41:608, duration: 1000, le_adv_count: 1, total_le_adv_count: 7858, total_event_count: 1
06-13 13:05:41.962   904 20471 I NearbyMediums: Found Fast Ble Advertisements :
06-13 13:05:41.962   904 20471 I NearbyMediums: BleAdvertisement { version=2, socketVersion=2, isFast=true, serviceIdHash=null, data=[ 0x23 0x47 0x31 0x30 0x39 0x11 0x32 0xad 0xd7 0xc5 0x6b 0xdc 0x31 0xb2 0xbd 0x56 0x21 0x2a 0x5f 0xcc 0xc2 0x01 0xc3 ], deviceToken=[ 0xc6 0x4e ], rxAdvertisement=null } : 2 times.
06-13 13:05:41.962   904 20471 I NearbyMediums: BleAdvertisement { version=2, socketVersion=2, isFast=true, serviceIdHash=null, data=[ 0x23 0x47 0x35 0x4d 0x39 0x11 0x32 0x86 0x0f 0x13 0xa2 0xc7 0xe4 0x51 0xaa 0xd1 0xde 0xe0 0x80 0x04 0x1d 0x56 0x23 ], deviceToken=[ 0xba 0x2b ], rxAdvertisement=null } : 5 times.
06-13 13:05:41.962   904 20471 I NearbyMediums: Total 7 fast advertisements from 2 unique advertisers.
06-13 13:05:41.963   904 20471 I NearbyMediums: Current Tracked Scanning Clients are : {NearbyConnections.EnvironmentMonitor, NearbySharing}
06-13 13:05:42.067  1609  2111 D ActivityManager: freezing 13436 com.google.android.apps.privacy.wildlife
06-13 13:05:42.075  1609  2196 D InetDiagMessage: Destroyed 0 sockets, proto=IPPROTO_TCP, family=AF_INET, states=14
06-13 13:05:42.077  1609  2196 D InetDiagMessage: Destroyed 0 sockets, proto=IPPROTO_TCP, family=AF_INET6, states=14
06-13 13:05:42.077  1609  2196 D InetDiagMessage: Destroyed live tcp sockets for uids={10468} in 6ms
06-13 13:05:42.779 20521 20761 I okhttp.OkHttpClient: --> GET https://ongaku.local/v1/sync/status
06-13 13:05:42.802 20521 20761 I okhttp.OkHttpClient: <-- 200 OK http://127.0.0.1:8080/v1/sync/status (22ms, 121-byte body)
06-13 13:05:42.976  1050  2884 I bthal.activity: bt_power: LeAdvStat: 13:05:41:976 - 13:05:42:976, duration: 1000, le_adv_count: 1, total_le_adv_count: 7859, total_event_count: 1
06-13 13:05:44.359  1126  1126 I WifiHAL : Creating message to get link statistics; iface = 47
06-13 13:05:44.409  1050  2884 I bthal.activity: bt_power: LeAdvStat: 13:05:43:409 - 13:05:44:409, duration: 1000, le_adv_count: 1, total_le_adv_count: 7860, total_event_count: 1
06-13 13:05:44.472  1126  1126 E libbinder.IPCThreadState: binder thread pool (1 threads) starved for 112 ms
06-13 13:05:44.512  1126  1126 D WifiHAL : Start debug command: mType GET_FEATURE
06-13 13:05:44.512  1126  1126 I WifiHAL : CreateRequest mType = GET_FEATURE
06-13 13:05:44.512  1126  1126 D WifiHAL : In DebugCommand::handleResponse, mType:GET_FEATURE
06-13 13:05:44.512  1126  1126 D WifiHAL : len = 4, expected len = 4
06-13 13:05:44.621 20521 20530 I eya.animeongaku: Background young concurrent mark compact GC freed 15MB AllocSpace bytes, 0(0B) LOS objects, 94% free, 14MB/256MB, paused 609us,6.563ms total 70.526ms
06-13 13:05:44.817 20521 20761 I okhttp.OkHttpClient: --> GET https://ongaku.local/v1/sync/status
06-13 13:05:44.837 20521 20761 I okhttp.OkHttpClient: <-- 200 OK http://127.0.0.1:8080/v1/sync/status (20ms, 121-byte body)
06-13 13:05:45.222  1126  3328 I WifiHAL : Creating message to get link statistics; iface = 47
06-13 13:05:45.329  1126  3328 E libbinder.IPCThreadState: binder thread pool (1 threads) starved for 107 ms
06-13 13:05:45.381  1050  1293 I bthal.flowcontrol: HciEventPreProcess: HCI Event 0xe Opcode 0xfd59 Length 22 unhandled by ControllerActivityWatcher
06-13 13:05:46.683  2549  2628 D ImpulseConnection: timeout didn't happen: com.google.android.apps.turbo
06-13 13:05:46.685  2549  2638 D TemperatureStateSource: sequence=6245 actualDelay=10000
06-13 13:05:46.685  2549  2638 D TemperatureStateSource: Reading temperature: sequence=6246
06-13 13:05:46.688  1743  1743 I pixel-thermal: VIRTUAL-SKIN:28.6292 raw data: VIRTUAL-GNSS-DISP:28629.2 VIRTUAL-NEUTRAL-QUIET:27401.4 VIRTUAL-QUIET-USB2:26214.8 VIRTUAL-SKIN:28629.2 VIRTUAL-USB2-QUIET:25675 disp_therm:27943 gnss_tcxo_therm:29902 neutral_therm:28589 quiet_therm:27408 usb_pwr_therm2:27476 
06-13 13:05:46.689  2549  2638 D TemperatureStateSource: getDeviceTemperatures: sequence=6246 deviceTemperatureType=3 temperatureSource=0 temperatures=[28.629221]
06-13 13:05:46.689  2549  2638 D BusinessScope: Enqueuing the block
06-13 13:05:46.690  2549  2638 D TemperatureStateSource: sequence=6246 waitTime=10000
06-13 13:05:46.690  2549  2754 D BusinessScope: Start running the #12609 block
06-13 13:05:46.690  2549  2754 D BusinessScope: Enqueuing the block
06-13 13:05:46.690  2549  2754 D ImpulseStateSource: Notify clients: 6303
06-13 13:05:46.690  2549  2754 D BusinessScope: Finish running the #12609 block
06-13 13:05:46.691  2549  2754 D BusinessScope: Start running the #12610 block
06-13 13:05:46.691  2549  2754 D BusinessScope: Finish running the #12610 block
06-13 13:05:46.850 20521 20761 I okhttp.OkHttpClient: --> GET https://ongaku.local/v1/sync/status
06-13 13:05:46.873 20521 20761 I okhttp.OkHttpClient: <-- 200 OK http://127.0.0.1:8080/v1/sync/status (22ms, 121-byte body)
06-13 13:05:47.519  1126  3328 I WifiHAL : Creating message to get link statistics; iface = 47
06-13 13:05:47.618  1126  3328 D WifiHAL : Start debug command: mType GET_FEATURE
06-13 13:05:47.618  1126  3328 I WifiHAL : CreateRequest mType = GET_FEATURE
06-13 13:05:47.619  1126  3328 D WifiHAL : In DebugCommand::handleResponse, mType:GET_FEATURE
06-13 13:05:47.619  1126  3328 D WifiHAL : len = 4, expected len = 4
06-13 13:05:48.884 20521 20761 I okhttp.OkHttpClient: --> GET https://ongaku.local/v1/sync/status
06-13 13:05:48.907 20521 20761 I okhttp.OkHttpClient: <-- 200 OK http://127.0.0.1:8080/v1/sync/status (22ms, 121-byte body)
06-13 13:05:50.137  1050  2884 I bthal.activity: bt_power: LeAdvStat: 13:05:49:136 - 13:05:50:137, duration: 1000, le_adv_count: 1, total_le_adv_count: 7861, total_event_count: 1
06-13 13:05:50.139  1363  1363 I adbd    : adbd service requested 'exec:screencap '-p''
06-13 13:05:50.219  1330  1330 W TracingMuxer: type=1400 audit(0.0:5520): avc:  denied  { write } for  name="traced_producer" dev="tmpfs" ino=1280 scontext=u:r:gxp_logging:s0 tcontext=u:object_r:traced_producer_socket:s0 tclass=sock_file permissive=0
06-13 13:05:50.229 20976 20976 W libbinder.BackendUnifiedServiceManager: Thread Pool max thread count is 0. Cannot cache binder as linkToDeath cannot be implemented. serviceName: SurfaceFlingerAIDL
06-13 13:05:50.230 20976 20976 W libbinder.BpBinder: Linking to death on android.gui.ISurfaceComposer but there are no threads (yet?) listening to incoming transactions. See ProcessState::startThreadPool and ProcessState::setThreadPoolMaxThreadCount. Generally you should setup the binder threadpool before other initialization steps.
06-13 13:05:50.230 20976 20976 W libbinder.ProcessState: Extra binder thread started, but 0 threads requested. Do not use *startThreadPool when zero threads are requested.
06-13 13:05:50.505  1363  1363 I adbd    : adbd service requested 'shell,v2,raw:uiautomator dump /sdcard/qa01-after-sync-wait.xml'
06-13 13:05:50.605 20978 20978 D AndroidRuntime: >>>>>> START com.android.internal.os.RuntimeInit uid 2000 <<<<<<
06-13 13:05:50.610 20978 20978 I AndroidRuntime: Using default boot image
06-13 13:05:50.610 20978 20978 I AndroidRuntime: Leaving lock profiling enabled
06-13 13:05:50.612 20978 20978 I app_process: Using generational CollectorTypeCMC GC.
06-13 13:05:50.623  1126  1126 I WifiHAL : Creating message to get link statistics; iface = 47
06-13 13:05:50.672 20978 20978 D nativeloader: InitDefaultPublicLibraries for_preload=1: libandroid.so:libaaudio.so:libamidi.so:libbinder_ndk.so:libc.so:libcamera2ndk.so:libdl.so:libEGL.so:libGLESv1_CM.so:libGLESv2.so:libGLESv3.so:libicu.so:libicui18n.so:libicuuc.so:libjnigraphics.so:liblog.so:libmediandk.so:libm.so:libnativehelper.so:libnativewindow.so:libOpenMAXAL.so:libOpenSLES.so:libRS.so:libstdc++.so:libsync.so:libvulkan.so:libwebviewchromium_plat_support.so:libz.so
06-13 13:05:50.686 20978 20978 D nativeloader: Load libicu_jni.so using APEX ns com_android_art for caller /apex/com.android.art/javalib/core-oj.jar: ok
06-13 13:05:50.686 20978 20978 D app_process: u_setTimeZoneFilesDirectory("/apex/com.android.tzdata/etc/tz/versioned/9/icu") succeeded. 
06-13 13:05:50.686 20978 20978 D app_process: I18n APEX ICU file found: /apex/com.android.i18n/etc/icu/icudt76l.dat
06-13 13:05:50.687 20978 20978 D nativeloader: Load libjavacore.so using APEX ns com_android_art for caller /apex/com.android.art/javalib/core-oj.jar: ok
06-13 13:05:50.688 20978 20978 D nativeloader: Load libopenjdk.so using APEX ns com_android_art for caller /apex/com.android.art/javalib/core-oj.jar: ok
06-13 13:05:50.689 20978 20978 I app_process: Priority-to-niceness mapping: 19, 16, 13, 10, 0, -2, -4, -5, -6, -8
06-13 13:05:50.708 20978 20978 D nativeloader: Load libframework-connectivity-tiramisu-jni.so using APEX ns com_android_tethering for caller /apex/com.android.tethering/javalib/framework-connectivity-t.jar: ok
06-13 13:05:50.709 20978 20978 D AndroidRuntime: Calling main entry com.android.commands.uiautomator.Launcher
06-13 13:05:50.712 20978 20978 I AconfigPackage: com.android.uwb.flags is mapped to com.android.uwb
06-13 13:05:50.712 20978 20978 I AconfigPackage: com.android.ranging.flags is mapped to com.android.uwb
06-13 13:05:50.712 20978 20978 I AconfigPackage: com.android.wifi.flags is mapped to com.android.wifi
06-13 13:05:50.713 20978 20978 I AconfigPackage: com.android.org.conscrypt.flags is mapped to com.android.conscrypt
06-13 13:05:50.713 20978 20978 I AconfigPackage: com.android.org.conscrypt.net.flags is mapped to com.android.conscrypt
06-13 13:05:50.713 20978 20978 I AconfigPackage: com.android.bluetooth.beta.flags is mapped to com.android.bt
06-13 13:05:50.713 20978 20978 I AconfigPackage: com.android.bluetooth.flags is mapped to com.android.bt
06-13 13:05:50.713 20978 20978 I AconfigPackage: android.graphics.pdf.flags is mapped to com.android.mediaprovider
06-13 13:05:50.713 20978 20978 I AconfigPackage: com.android.providers.media.flags is mapped to com.android.mediaprovider
06-13 13:05:50.713 20978 20978 I AconfigPackage: android.graphics.pdf.flags.readonly is mapped to com.android.mediaprovider
06-13 13:05:50.713 20978 20978 I AconfigPackage: com.android.os.statsd.flags is mapped to com.android.os.statsd
06-13 13:05:50.713 20978 20978 I AconfigPackage: com.android.ipsec.flags is mapped to com.android.ipsec
06-13 13:05:50.713 20978 20978 I AconfigPackage: com.android.media.extractor.flags is mapped to com.android.media
06-13 13:05:50.713 20978 20978 I AconfigPackage: com.android.media.metrics.flags is mapped to com.android.media
06-13 13:05:50.713 20978 20978 I AconfigPackage: com.android.media.mainline.flags is mapped to com.android.media
06-13 13:05:50.713 20978 20978 I AconfigPackage: com.android.uprobestats.flags is mapped to com.android.uprobestats
06-13 13:05:50.713 20978 20978 I AconfigPackage: android.uprobestats.mainline.flags is mapped to com.android.uprobestats
06-13 13:05:50.713 20978 20978 I AconfigPackage: com.android.tethering.mainline.beta is mapped to com.android.tethering
06-13 13:05:50.713 20978 20978 I AconfigPackage: android.net.http is mapped to com.android.tethering
06-13 13:05:50.713 20978 20978 I AconfigPackage: com.android.tethering.readonly.flags is mapped to com.android.tethering
06-13 13:05:50.713 20978 20978 I AconfigPackage: android.net.vcn is mapped to com.android.tethering
06-13 13:05:50.713 20978 20978 I AconfigPackage: com.android.net.flags is mapped to com.android.tethering
06-13 13:05:50.713 20978 20978 I AconfigPackage: com.android.tethering.flags is mapped to com.android.tethering
06-13 13:05:50.713 20978 20978 I AconfigPackage: com.android.tethering.beta.test is mapped to com.android.tethering
06-13 13:05:50.713 20978 20978 I AconfigPackage: com.android.nearby.flags is mapped to com.android.tethering
06-13 13:05:50.713 20978 20978 I AconfigPackage: com.android.net.thread.flags is mapped to com.android.tethering
06-13 13:05:50.713 20978 20978 I AconfigPackage: com.android.net.ct.flags is mapped to com.android.tethering
06-13 13:05:50.713 20978 20978 I AconfigPackage: com.android.art.flags is mapped to com.android.art
06-13 13:05:50.713 20978 20978 I AconfigPackage: com.android.art.rw.flags is mapped to com.android.art
06-13 13:05:50.713 20978 20978 I AconfigPackage: com.android.libcore is mapped to com.android.art
06-13 13:05:50.713 20978 20978 I AconfigPackage: android.os.profiling is mapped to com.android.profiling
06-13 13:05:50.713 20978 20978 I AconfigPackage: android.os.profiling.anomaly.flags is mapped to com.android.profiling
06-13 13:05:50.714 20978 20978 I AconfigPackage: com.android.crashrecovery.flags is mapped to com.android.crashrecovery
06-13 13:05:50.714 20978 20978 I AconfigPackage: android.provider.flags is mapped to com.android.configinfrastructure
06-13 13:05:50.714 20978 20978 I AconfigPackage: com.android.server.deviceconfig is mapped to com.android.configinfrastructure
06-13 13:05:50.714 20978 20978 I AconfigPackage: com.android.nfc.module.flags is mapped to com.android.nfcservices
06-13 13:05:50.714 20978 20978 I AconfigPackage: com.android.nfc.module.nonexported.flags is mapped to com.android.nfcservices
06-13 13:05:50.714 20978 20978 I AconfigPackage: com.android.appsearch.flags is mapped to com.android.appsearch
06-13 13:05:50.714 20978 20978 I AconfigPackage: com.android.adservices.flags is mapped to com.android.adservices
06-13 13:05:50.714 20978 20978 I AconfigPackage: com.android.sdksandbox.flags is mapped to com.android.adservices
06-13 13:05:50.714 20978 20978 I AconfigPackage: com.android.cellbroadcastreceiver.flags is mapped to com.android.cellbroadcast
06-13 13:05:50.714 20978 20978 I AconfigPackage: android.media.swcodec.flags is mapped to com.android.media.swcodec
06-13 13:05:50.714 20978 20978 I AconfigPackage: com.android.permission.flags is mapped to com.android.permission
06-13 13:05:50.714 20978 20978 I AconfigPackage: com.android.permissioncontroller.flags is mapped to com.android.permission
06-13 13:05:50.714 20978 20978 I AconfigPackage: com.android.adservices.ondevicepersonalization.flags is mapped to com.android.ondevicepersonalization
06-13 13:05:50.714 20978 20978 I AconfigPackage: com.android.healthfitness.flags is mapped to com.android.healthfitness
06-13 13:05:50.714 20978 20978 I AconfigPackage: com.android.icu is mapped to com.android.i18n
06-13 13:05:50.715 20978 20978 I AconfigPackage: com.android.system.virtualmachine.flags is mapped to com.android.virt
06-13 13:05:50.715 20978 20978 I AconfigPackage: com.android.devicelock.flags is mapped to com.android.devicelock
06-13 13:05:50.715 20978 20978 I AconfigPackage: com.android.rkpd.flags is mapped to com.android.rkpd
06-13 13:05:50.715 20978 20978 I AconfigPackage: com.android.adbd.flags is mapped to com.android.adbd
06-13 13:05:50.715 20978 20978 I AconfigPackage: android.telecom.flags is mapped to com.android.telephonycore
06-13 13:05:50.715 20978 20978 I AconfigPackage: com.android.internal.telecom.flags is mapped to com.android.telephonycore
06-13 13:05:50.715 20978 20978 I AconfigPackage: com.android.telephony.flags is mapped to com.android.telephonycore
06-13 13:05:50.715 20978 20978 I AconfigPackage: com.android.compos.flags is mapped to com.android.compos
06-13 13:05:50.715 20978 20978 E FeatureFlagsImplExport: android.os.flagging.AconfigStorageReadException: ERROR_PACKAGE_NOT_FOUND: package android.xr cannot be found on the device
06-13 13:05:50.716  1126  1126 D WifiHAL : Start debug command: mType GET_FEATURE
06-13 13:05:50.716  1126  1126 I WifiHAL : CreateRequest mType = GET_FEATURE
06-13 13:05:50.716  1126  1126 D WifiHAL : In DebugCommand::handleResponse, mType:GET_FEATURE
06-13 13:05:50.716  1126  1126 D WifiHAL : len = 4, expected len = 4
06-13 13:05:50.716 20978 20978 D UiAutomationConnection: Created on user UserHandle{0}
06-13 13:05:50.716 20978 20978 I UiAutomation: Initialized for user 0 on display 0
06-13 13:05:50.716 20978 20978 W UiAutomation: Created with deprecatead constructor, assumes DEFAULT_DISPLAY
06-13 13:05:50.717  1609  1632 D AccessibilityManagerService: changeCurrentUserForTestAutomationIfNeededLocked(0): ignoring because device doesn't support visible background users
06-13 13:05:50.717  1609  1632 I UiAutomationManager: Registering UiTestAutomationService (id=com.android.server.accessibility/UiAutomation, flags=0x0) when called by user 0
06-13 13:05:50.717  1609  1632 V AccessibilityManagerService: onUserStateChangedLocked for userId: 0, forceUpdate: false
06-13 13:05:50.724  1609  1632 V AccessibilityUserState: updateShortcutTargets: type:accessibility_shortcut_target_service, current:{}, new:{}
06-13 13:05:50.724  1609  1632 V AccessibilityUserState: updateShortcutTargets: type:accessibility_button_targets, current:{}, new:{}
06-13 13:05:50.724  1609  1632 V AccessibilityUserState: updateShortcutTargets: type:accessibility_gesture_targets, current:{}, new:{}
06-13 13:05:50.724  1609  1632 V AccessibilityUserState: updateShortcutTargets: type:accessibility_qs_targets, current:{com.android.server.accessibility/ReduceBrightColors}, new:{com.android.server.accessibility/ReduceBrightColors}
06-13 13:05:50.724  1609  1632 V AccessibilityUserState: updateShortcutTargets: type:accessibility_key_gesture_targets, current:{}, new:{}
06-13 13:05:50.724  1609  1632 W MagnificationConnectionManager: requestConnection duplicated request: connect=false, mConnectionState=DISCONNECTED
06-13 13:05:50.726  1609  5279 D AccessibilityManagerService: .getAccessibilityShortcutTargets {shortcutType=32, userId=0}
06-13 13:05:50.727  1609  5279 V AccessibilityManagerService: onUserStateChangedLocked for userId: 0, forceUpdate: false
06-13 13:05:50.727  1609  5279 V AccessibilityUserState: updateShortcutTargets: type:accessibility_shortcut_target_service, current:{}, new:{}
06-13 13:05:50.728  1609  5279 V AccessibilityUserState: updateShortcutTargets: type:accessibility_button_targets, current:{}, new:{}
06-13 13:05:50.728  1609  5279 V AccessibilityUserState: updateShortcutTargets: type:accessibility_gesture_targets, current:{}, new:{}
06-13 13:05:50.728  1609  5279 V AccessibilityUserState: updateShortcutTargets: type:accessibility_qs_targets, current:{com.android.server.accessibility/ReduceBrightColors}, new:{com.android.server.accessibility/ReduceBrightColors}
06-13 13:05:50.728  1609  5279 V AccessibilityUserState: updateShortcutTargets: type:accessibility_key_gesture_targets, current:{}, new:{}
06-13 13:05:50.728  1609  5279 W MagnificationConnectionManager: requestConnection duplicated request: connect=false, mConnectionState=DISCONNECTED
06-13 13:05:50.730  1609  5279 D AccessibilityManagerService: .getAccessibilityShortcutTargets {shortcutType=32, userId=0}
06-13 13:05:50.918 20521 20761 I okhttp.OkHttpClient: --> GET https://ongaku.local/v1/sync/status
06-13 13:05:50.940 20521 20761 I okhttp.OkHttpClient: <-- 200 OK http://127.0.0.1:8080/v1/sync/status (20ms, 121-byte body)
06-13 13:05:51.335  1050  2884 I bthal.activity: bt_power: LeAdvStat: 13:05:50:313 - 13:05:51:335, duration: 1021, le_adv_count: 2, total_le_adv_count: 7863, total_event_count: 2
06-13 13:05:51.722 16618 16629 I euth    : (REDACTED) HDM. appOpsListener %s %s
06-13 13:05:51.722 16618 16629 I euth    : (REDACTED) HDM. Ignoring irrelevant audio permission changes for package %s
06-13 13:05:51.727 20978 20978 W uiautomator: type=1400 audit(0.0:5521): avc:  denied  { read } for  name="u:object_r:qemu_sf_lcd_density_prop:s0" dev="tmpfs" ino=345 scontext=u:r:shell:s0 tcontext=u:object_r:qemu_sf_lcd_density_prop:s0 tclass=file permissive=0
06-13 13:05:51.727 20978 20978 W uiautomator: type=1400 audit(0.0:5522): avc:  denied  { read } for  name="u:object_r:qemu_sf_lcd_density_prop:s0" dev="tmpfs" ino=345 scontext=u:r:shell:s0 tcontext=u:object_r:qemu_sf_lcd_density_prop:s0 tclass=file permissive=0
06-13 13:05:51.733 20978 20978 W libc    : Access denied finding property "qemu.sf.lcd_density"
06-13 13:05:51.733 20978 20978 W libc    : Access denied finding property "qemu.sf.lcd_density"
06-13 13:05:51.743  4373 13855 W MediaProvider: isAppCloneUserPair for user 0: false
06-13 13:05:51.755 20978 20978 I AccessibilityNodeInfoDumper: Skipping invisible child: android.view.accessibility.AccessibilityNodeInfo@8b60; boundsInParent: Rect(0, 0 - 0, 0); boundsInScreen: Rect(0, 2938 - 42, 3064); boundsInWindow: Rect(0, 2938 - 42, 3064); packageName: com.takeya.animeongaku; className: android.view.View; text: null; error: null; maxTextLength: -1; stateDescription: null; contentDescription: null; tooltipText: null; containerTitle: null; viewIdResName: null; uniqueId: null; checkable: false; checked: false; focusable: true; focused: false; selected: false; clickable: true; longClickable: false; contextClickable: false; enabled: true; password: false; scrollable: false; granularScrollingSupported: false; importantForAccessibility: true; visible: false; actions: [AccessibilityAction: ACTION_FOCUS - null, AccessibilityAction: ACTION_ACCESSIBILITY_FOCUS - null, AccessibilityAction: ACTION_CLICK - null]; isTextSelectable: false
06-13 13:05:51.755 20978 20978 I AccessibilityNodeInfoDumper: Skipping invisible child: android.view.accessibility.AccessibilityNodeInfo@8b9e; boundsInParent: Rect(0, 0 - 0, 0); boundsInScreen: Rect(502, 2938 - 939, 3033); boundsInWindow: Rect(502, 2938 - 939, 3033); packageName: com.takeya.animeongaku; className: android.widget.TextView; text: Now Playing; error: null; maxTextLength: -1; stateDescription: null; contentDescription: null; tooltipText: null; containerTitle: null; viewIdResName: null; uniqueId: null; checkable: false; checked: false; focusable: false; focused: false; selected: false; clickable: false; longClickable: false; contextClickable: false; enabled: true; password: false; scrollable: false; granularScrollingSupported: false; importantForAccessibility: true; visible: false; actions: [AccessibilityAction: ACTION_NEXT_AT_MOVEMENT_GRANULARITY - null, AccessibilityAction: ACTION_PREVIOUS_AT_MOVEMENT_GRANULARITY - null, AccessibilityAction: ACTION_ACCESSIBILITY_FOCUS - null, AccessibilityAction: ACTION_SET_SELECTION - null]; isTextSelectable: false
06-13 13:05:51.755 20978 20978 I AccessibilityNodeInfoDumper: Skipping invisible child: android.view.accessibility.AccessibilityNodeInfo@8bbd; boundsInParent: Rect(0, 0 - 0, 0); boundsInScreen: Rect(1419, 2938 - 1440, 3064); boundsInWindow: Rect(1419, 2938 - 1440, 3064); packageName: com.takeya.animeongaku; className: android.view.View; text: null; error: null; maxTextLength: -1; stateDescription: null; contentDescription: null; tooltipText: null; containerTitle: null; viewIdResName: null; uniqueId: null; checkable: false; checked: false; focusable: true; focused: false; selected: false; clickable: true; longClickable: false; contextClickable: false; enabled: true; password: false; scrollable: false; granularScrollingSupported: false; importantForAccessibility: true; visible: false; actions: [AccessibilityAction: ACTION_FOCUS - null, AccessibilityAction: ACTION_ACCESSIBILITY_FOCUS - null, AccessibilityAction: ACTION_CLICK - null]; isTextSelectable: false
06-13 13:05:51.756 20978 20978 W AccessibilityNodeInfoDumper: Fetch time: 20ms
06-13 13:05:51.758  1609  5279 V AccessibilityManagerService: onUserStateChangedLocked for userId: 0, forceUpdate: false
06-13 13:05:51.759  1609  2249 D BackgroundInstallControlService: Package event received: 0
06-13 13:05:51.761  1609  5279 V AccessibilityUserState: updateShortcutTargets: type:accessibility_shortcut_target_service, current:{}, new:{}
06-13 13:05:51.761 16618 16629 I euth    : (REDACTED) HDM. appOpsListener %s %s
06-13 13:05:51.761  1609  5279 V AccessibilityUserState: updateShortcutTargets: type:accessibility_button_targets, current:{}, new:{}
06-13 13:05:51.761  1609  5279 V AccessibilityUserState: updateShortcutTargets: type:accessibility_gesture_targets, current:{}, new:{}
06-13 13:05:51.761 16618 16629 I euth    : (REDACTED) HDM. Ignoring irrelevant audio permission changes for package %s
06-13 13:05:51.761  1609  5279 V AccessibilityUserState: updateShortcutTargets: type:accessibility_qs_targets, current:{com.android.server.accessibility/ReduceBrightColors}, new:{com.android.server.accessibility/ReduceBrightColors}
06-13 13:05:51.761  1609  5279 V AccessibilityUserState: updateShortcutTargets: type:accessibility_key_gesture_targets, current:{}, new:{}
06-13 13:05:51.761  1609  5279 W MagnificationConnectionManager: requestConnection duplicated request: connect=false, mConnectionState=DISCONNECTED
06-13 13:05:51.761  1609  5279 D AccessibilityManagerService: restoreCurrentUserForTestAutomationIfNeededLocked(): ignoring because device doesn't support visible background users
06-13 13:05:51.762 20978 20993 W libbinder.IPCThreadState: call to talkWithDriver in joinThreadPool returned error: -9 (Bad file descriptor), FD: -1
06-13 13:05:51.762 20978 20990 W libbinder.IPCThreadState: call to talkWithDriver in joinThreadPool returned error: -9 (Bad file descriptor), FD: -1
06-13 13:05:51.762 20978 20978 D AndroidRuntime: Shutting down VM
06-13 13:05:51.763 20978 20989 W libbinder.IPCThreadState: call to talkWithDriver in joinThreadPool returned error: -9 (Bad file descriptor), FD: -1
06-13 13:05:51.767  1048  3005 I OE::VisualizerEffect: setParameter: captureSize = 128
06-13 13:05:51.772  1609  1609 V AccessibilityManagerService: onUserStateChangedLocked for userId: 0, forceUpdate: false
06-13 13:05:51.774  1609  1609 V AccessibilityUserState: updateShortcutTargets: type:accessibility_shortcut_target_service, current:{}, new:{}
06-13 13:05:51.774  1609  1609 V AccessibilityUserState: updateShortcutTargets: type:accessibility_button_targets, current:{}, new:{}
06-13 13:05:51.774  1609  1609 V AccessibilityUserState: updateShortcutTargets: type:accessibility_gesture_targets, current:{}, new:{}
06-13 13:05:51.774  1609  1609 V AccessibilityUserState: updateShortcutTargets: type:accessibility_qs_targets, current:{com.android.server.accessibility/ReduceBrightColors}, new:{com.android.server.accessibility/ReduceBrightColors}
06-13 13:05:51.774  1609  1609 V AccessibilityUserState: updateShortcutTargets: type:accessibility_key_gesture_targets, current:{}, new:{}
06-13 13:05:51.775  1609  1609 W MagnificationConnectionManager: requestConnection duplicated request: connect=false, mConnectionState=DISCONNECTED
06-13 13:05:51.775  1609  1632 D AccessibilityManagerService: .getAccessibilityShortcutTargets {shortcutType=32, userId=0}
06-13 13:05:51.965   904 20471 I NearbyMediums: Found Fast Ble Advertisements :
06-13 13:05:51.965   904 20471 I NearbyMediums: BleAdvertisement { version=2, socketVersion=2, isFast=true, serviceIdHash=null, data=[ 0x23 0x47 0x31 0x30 0x39 0x11 0x32 0xad 0xd7 0xc5 0x6b 0xdc 0x31 0xb2 0xbd 0x56 0x21 0x2a 0x5f 0xcc 0xc2 0x01 0xc3 ], deviceToken=[ 0xc6 0x4e ], rxAdvertisement=null } : 1 times.
06-13 13:05:51.965   904 20471 I NearbyMediums: BleAdvertisement { version=2, socketVersion=2, isFast=true, serviceIdHash=null, data=[ 0x23 0x47 0x35 0x4d 0x39 0x11 0x32 0x86 0x0f 0x13 0xa2 0xc7 0xe4 0x51 0xaa 0xd1 0xde 0xe0 0x80 0x04 0x1d 0x56 0x23 ], deviceToken=[ 0xba 0x2b ], rxAdvertisement=null } : 5 times.
06-13 13:05:51.965   904 20471 I NearbyMediums: Total 6 fast advertisements from 2 unique advertisers.
06-13 13:05:51.966   904 20471 I NearbyMediums: Current Tracked Scanning Clients are : {NearbyConnections.EnvironmentMonitor, NearbySharing}
06-13 13:05:52.140 31931 29634 I PlayCommon: [145] 1 files were purged due to exceeding total storage size of 2097152
06-13 13:05:52.248 31931 29634 I PlayCommon: [145] Preparing logs for uploading
06-13 13:05:52.255  1609  2249 D BackgroundInstallControlService: Package event received: 0
06-13 13:05:52.267   904  4533 E AuthPII : [RequestTokenManager] getToken() -> BAD_AUTHENTICATION. App: com.android.vending, Service: oauth2:https://www.googleapis.com/auth/googleplay
06-13 13:05:52.267   904  4533 E AuthPII : bjjk: Long live credential not available.
06-13 13:05:52.267   904  4533 E AuthPII : 	at aicq.a(:com.google.android.gms@262031035@26.20.31 (260400-919905943):1347)
06-13 13:05:52.267   904  4533 E AuthPII : 	at aicx.b(:com.google.android.gms@262031035@26.20.31 (260400-919905943):26)
06-13 13:05:52.267   904  4533 E AuthPII : 	at aicv.a(:com.google.android.gms@262031035@26.20.31 (260400-919905943):745)
06-13 13:05:52.267   904  4533 E AuthPII : 	at aicu.b(:com.google.android.gms@262031035@26.20.31 (260400-919905943):151)
06-13 13:05:52.267   904  4533 E AuthPII : 	at abab.d(:com.google.android.gms@262031035@26.20.31 (260400-919905943):800)
06-13 13:05:52.267   904  4533 E AuthPII : 	at ahwh.getAuthToken(:com.google.android.gms@262031035@26.20.31 (260400-919905943):411)
06-13 13:05:52.267   904  4533 E AuthPII : 	at android.accounts.AbstractAccountAuthenticator$Transport.getAuthToken(AbstractAccountAuthenticator.java:248)
06-13 13:05:52.267   904  4533 E AuthPII : 	at android.accounts.IAccountAuthenticator$Stub.onTransact(IAccountAuthenticator.java:254)
06-13 13:05:52.267   904  4533 E AuthPII : 	at android.os.Binder.transact(Binder.java:1318)
06-13 13:05:52.267   904  4533 E AuthPII : 	at cqtp.onTransact(:com.google.android.gms@262031035@26.20.31 (260400-919905943):12)
06-13 13:05:52.267   904  4533 E AuthPII : 	at android.os.Binder.transact(Binder.java:1318)
06-13 13:05:52.267   904  4533 E AuthPII : 	at ccio.onTransact(:com.google.android.gms@262031035@26.20.31 (260400-919905943):169)
06-13 13:05:52.267   904  4533 E AuthPII : 	at android.os.Binder.execTransactInternal(Binder.java:1471)
06-13 13:05:52.267   904  4533 E AuthPII : 	at android.os.Binder.execTransact(Binder.java:1411)
06-13 13:05:52.267   904  4533 E AuthPII : Message is Long live credential not available.
06-13 13:05:52.267   904  4533 E AuthPII : bjjk: Long live credential not available.
06-13 13:05:52.267   904  4533 E AuthPII : 	at aicq.a(:com.google.android.gms@262031035@26.20.31 (260400-919905943):1347)
06-13 13:05:52.267   904  4533 E AuthPII : 	at aicx.b(:com.google.android.gms@262031035@26.20.31 (260400-919905943):26)
06-13 13:05:52.267   904  4533 E AuthPII : 	at aicv.a(:com.google.android.gms@262031035@26.20.31 (260400-919905943):745)
06-13 13:05:52.267   904  4533 E AuthPII : 	at aicu.b(:com.google.android.gms@262031035@26.20.31 (260400-919905943):151)
06-13 13:05:52.267   904  4533 E AuthPII : 	at abab.d(:com.google.android.gms@262031035@26.20.31 (260400-919905943):800)
06-13 13:05:52.267   904  4533 E AuthPII : 	at ahwh.getAuthToken(:com.google.android.gms@262031035@26.20.31 (260400-919905943):411)
06-13 13:05:52.267   904  4533 E AuthPII : 	at android.accounts.AbstractAccountAuthenticator$Transport.getAuthToken(AbstractAccountAuthenticator.java:248)
06-13 13:05:52.267   904  4533 E AuthPII : 	at android.accounts.IAccountAuthenticator$Stub.onTransact(IAccountAuthenticator.java:254)
06-13 13:05:52.267   904  4533 E AuthPII : 	at android.os.Binder.transact(Binder.java:1318)
06-13 13:05:52.267   904  4533 E AuthPII : 	at cqtp.onTransact(:com.google.android.gms@262031035@26.20.31 (260400-919905943):12)
06-13 13:05:52.267   904  4533 E AuthPII : 	at android.os.Binder.transact(Binder.java:1318)
06-13 13:05:52.267   904  4533 E AuthPII : 	at ccio.onTransact(:com.google.android.gms@262031035@26.20.31 (260400-919905943):169)
06-13 13:05:52.267   904  4533 E AuthPII : 	at android.os.Binder.execTransactInternal(Binder.java:1471)
06-13 13:05:52.267   904  4533 E AuthPII : 	at android.os.Binder.execTransact(Binder.java:1411)
06-13 13:05:52.283  1609  4979 V AccessibilityManagerService: onUserStateChangedLocked for userId: 0, forceUpdate: false
06-13 13:05:52.283   904  4533 I Auth    : (REDACTED) [GetToken] GetToken failed for app=%s with userRecoverable status: %s 
06-13 13:05:52.284   904  4533 W Auth    : [ChimeraGetToken] exception while trying to fetch auth tokens for app=com.google.android.gms, scope=oauth2:https://www.googleapis.com/auth/googleplay [CONTEXT service_id=153 ]
06-13 13:05:52.284   904  4533 W Auth    : aicp: GetToken failed with status code and recovery intent: BadAuthentication
06-13 13:05:52.284   904  4533 W Auth    : 	at aicu.b(:com.google.android.gms@262031035@26.20.31 (260400-919905943):352)
06-13 13:05:52.284   904  4533 W Auth    : 	at abab.d(:com.google.android.gms@262031035@26.20.31 (260400-919905943):800)
06-13 13:05:52.284   904  4533 W Auth    : 	at ahwh.getAuthToken(:com.google.android.gms@262031035@26.20.31 (260400-919905943):411)
06-13 13:05:52.284   904  4533 W Auth    : 	at android.accounts.AbstractAccountAuthenticator$Transport.getAuthToken(AbstractAccountAuthenticator.java:248)
06-13 13:05:52.284   904  4533 W Auth    : 	at android.accounts.IAccountAuthenticator$Stub.onTransact(IAccountAuthenticator.java:254)
06-13 13:05:52.284   904  4533 W Auth    : 	at android.os.Binder.transact(Binder.java:1318)
06-13 13:05:52.284   904  4533 W Auth    : 	at cqtp.onTransact(:com.google.android.gms@262031035@26.20.31 (260400-919905943):12)
06-13 13:05:52.284   904  4533 W Auth    : 	at android.os.Binder.transact(Binder.java:1318)
06-13 13:05:52.284   904  4533 W Auth    : 	at ccio.onTransact(:com.google.android.gms@262031035@26.20.31 (260400-919905943):169)
06-13 13:05:52.284   904  4533 W Auth    : 	at android.os.Binder.execTransactInternal(Binder.java:1471)
06-13 13:05:52.284   904  4533 W Auth    : 	at android.os.Binder.execTransact(Binder.java:1411)
06-13 13:05:52.284   904  4533 W GLSActivity: [GmsAccountAuthenticatorImpl] error status while fetching token:BadAuthentication
06-13 13:05:52.285  1609  4979 V AccessibilityUserState: updateShortcutTargets: type:accessibility_shortcut_target_service, current:{}, new:{}
06-13 13:05:52.285  1609  4979 V AccessibilityUserState: updateShortcutTargets: type:accessibility_button_targets, current:{}, new:{}
06-13 13:05:52.285  1609  4979 V AccessibilityUserState: updateShortcutTargets: type:accessibility_gesture_targets, current:{}, new:{}
06-13 13:05:52.286  1609  4979 V AccessibilityUserState: updateShortcutTargets: type:accessibility_qs_targets, current:{com.android.server.accessibility/ReduceBrightColors}, new:{com.android.server.accessibility/ReduceBrightColors}
06-13 13:05:52.286  1609  4979 V AccessibilityUserState: updateShortcutTargets: type:accessibility_key_gesture_targets, current:{}, new:{}
06-13 13:05:52.286  1609  4979 W MagnificationConnectionManager: requestConnection duplicated request: connect=false, mConnectionState=DISCONNECTED
06-13 13:05:52.292  4590  4590 D InsetsController: Setting requestedVisibleTypes to 498 (was 503)
06-13 13:05:52.295 31931 29634 W PlayCommon: [145] Deferring log upload because couldn't retrieve auth token
06-13 13:05:52.295  1609  5279 D AccessibilityManagerService: .getAccessibilityShortcutTargets {shortcutType=32, userId=0}
06-13 13:05:52.338  4590  4590 D InsetsController: Setting requestedVisibleTypes to 498 (was 503)
06-13 13:05:52.347  4590  4590 E ThemeUtils: View class com.jamworks.dynamicspot.customclass.CustomEditText is an AppCompat widget that can only be used with a Theme.AppCompat theme (or descendant).
06-13 13:05:52.356  4590  4590 E ThemeUtils: View class com.jamworks.dynamicspot.customclass.CustomEditText is an AppCompat widget that can only be used with a Theme.AppCompat theme (or descendant).
06-13 13:05:52.639  1363  1363 I adbd    : adbd service requested 'sync:'
06-13 13:05:52.663  1363  1363 I adbd    : adbd service requested 'shell,v2:export ANDROID_LOG_TAGS="''"; exec logcat '-d' '-t' '2000''
06-13 13:05:52.709  1050  2884 I bthal.activity: bt_power: LeAdvStat: 13:05:51:709 - 13:05:52:709, duration: 1000, le_adv_count: 1, total_le_adv_count: 7864, total_event_count: 1
06-13 13:05:52.949 20521 20761 I okhttp.OkHttpClient: --> GET https://ongaku.local/v1/sync/status
06-13 13:05:52.978 20521 20761 I okhttp.OkHttpClient: <-- 200 OK http://127.0.0.1:8080/v1/sync/status (27ms, 121-byte body)
06-13 13:05:53.719  1126  1126 I WifiHAL : Creating message to get link statistics; iface = 47
06-13 13:05:53.817  1126  1126 D WifiHAL : Start debug command: mType GET_FEATURE
06-13 13:05:53.817  1126  1126 I WifiHAL : CreateRequest mType = GET_FEATURE
06-13 13:05:53.817  1126  1126 D WifiHAL : In DebugCommand::handleResponse, mType:GET_FEATURE
06-13 13:05:53.817  1126  1126 D WifiHAL : len = 4, expected len = 4
06-13 13:05:54.150  1050  2884 I bthal.activity: bt_power: LeAdvStat: 13:05:53:138 - 13:05:54:149, duration: 1011, le_adv_count: 2, total_le_adv_count: 7866, total_event_count: 2
06-13 13:05:54.984 20521 20761 I okhttp.OkHttpClient: --> GET https://ongaku.local/v1/sync/status
06-13 13:05:55.007 20521 20761 I okhttp.OkHttpClient: <-- 200 OK http://127.0.0.1:8080/v1/sync/status (22ms, 121-byte body)
