06-13 13:05:06.370  4221  4221 I KeyboardWrapper: KeyboardWrapper.activateKeyboard():592 activateKeyboard(): type=prime, status=INACTIVE, imeDef=ohs{stringId=password, language=und-Latn-x-password, languageTag=und-Latn-x-password, processedConditions={variant=qwerty, true=true, language=en-US, enable_number_row=true, device=phone, enable_number_row_in_password=true, enable_pk_simulator=false}, className=com.google.android.libraries.inputmethod.ime.password.PasswordIme, label=2132019378, keyEventInterpreter=null, inlineComposing=true, autoCapital=true, announceAutoSelectedCandidate=true, statusIcon=0, indicatorIcon=0, indicatorLabel=null, displayAppCompletions=false, extraValues=ohl{}, processors=ojm@da195c6, unacceptableMetaKeys=4098, languageSpecificSettings=0, asciiCapable=false, alwaysShowSuggestions=false, useAsciiPasswordKeyboard=false, keyboardGroupDef=oiu@5737323, phenotypeFlagId=0, localizationLanguageTag=null, supportsInlineSuggestion=false}
06-13 13:05:06.370  4221  4221 I KeyboardManager: KeyboardManager.requestKeyboard():249 Creating keyboard prime, imeId=password, cacheKey=theme,!gsf,!pgsf,!use_system_font,BORDER,DYNAMIC_DARK_BRIGHT_KEY,FLAVOR_DPI=XXXHDPI,IS_LIGHT,KEYBOARD_WIDTH_CATEGORY=NORMAL,KEY_BORDER_SHAPE=1,LIGHT_THEME=true,PHYSICAL_DIAGONAL=5.9037175,POPUP,SCREEN_SHORTEST_WIDTH=411,SCREEN_SHORTEST_WIDTH_NO_SCALE=411,SW400DP,XXXHDPI,bottom4dp,bright_key_on_dynamic_color_dark_theme=true,enable_popup_on_keypress=true,non_linear_scale,noshadow,overlay_builtin_dynamic_color_light_base.binarypb:gm3-light-fff7f5ff-ff0058ba-65f4eb49c856e02f0c9596da4cbfc6d1,pgsans,silkpopup
06-13 13:05:06.371  4221  4221 I KeyboardDefManager: KeyboardDefManager.requestKeyboardDef():128 requestKeyboardDef(): type=prime, info=oir{defIds=[#0x7f1705fa, #0x7f170891, #0x7f1706ba], defIdsCacheKey=[2132215290, 2132215953, 2132215482]}
06-13 13:05:06.371  4221  4221 I KeyboardDefManager: KeyboardDefManager.requestKeyboardDef():195 requestKeyboardDef(): getOrCreate from cache, info=oir{defIds=[#0x7f1705fa, #0x7f170891, #0x7f1706ba], defIdsCacheKey=[2132215290, 2132215953, 2132215482]}
06-13 13:05:06.371  1609  1671 D HintManagerService: Sent cleanup message for uid 10186
06-13 13:05:06.371  4221  4221 I KeyboardDefManager: KeyboardDefManager$Companion$addFutureCallbackForKeyboardDefReceiver$1.onSuccess():425 requestKeyboardDef onSuccess(): info=oir{defIds=[#0x7f1705fa, #0x7f170891, #0x7f1706ba], defIdsCacheKey=[2132215290, 2132215953, 2132215482]}
06-13 13:05:06.371  4221  4221 I KeyboardWrapper: KeyboardWrapper.onKeyboardReady():226 onKeyboardReady(): type=prime(prime), kb=com.google.android.apps.inputmethod.latin.keyboard.LatinPasswordKeyboard@ab924d7
06-13 13:05:06.371  4221  4221 I KeyboardWrapper: KeyboardWrapper.doActivateKeyboard():624 doActivateKeyboard(): prime
06-13 13:05:06.371  1609  5217 W PackageConfigPersister: App-specific configuration not found for packageName: com.google.android.permissioncontroller and userId: 0
06-13 13:05:06.371  4221 20449 I CrossProfileSharedPreferences: CrossProfileSharedPreferences.syncAllAllowedPreferencesInternal():276 Cannot make cross profile calls to full sync preferences
06-13 13:05:06.372  4221  4309 E UserFeatureCache: UserFeatureCache.getStore():760 Wrong feature id provided -1 for protobuf qcg.
06-13 13:05:06.372  4221  4309 E UserFeatureCache: UserFeatureCache.getProto():684 Feature not enabled should not called: 19
06-13 13:05:06.372  4221  4221 I BaseKeyboardSizeHelper: BaseKeyboardSizeHelper.calculateMaxKeyboardBodyHeight():73 leave 375 height for app when ime window height:2808, header height:154 and isFullscreenMode:false, so the max keyboard body height is:2279
06-13 13:05:06.372  4221  4221 W TooltipLifecycleManager: TooltipLifecycleManager.dismissTooltips():153 Tooltip with id undo_access_point_promotion_banner not found in tooltipManager.
06-13 13:05:06.372  4221  4221 I GlobeKeyExtension: GlobeKeyExtension.getKeyboardInitialStates():186 
06-13 13:05:06.373  4221  4221 W Keyboard: Keyboard.getKeyboardViewHelper():607 null helper is returned: keyboardDef=oil{processedConditions={show_comma_key=true, enable_more_candidates_view_for_multilingual=false, layout_9key_split=false, enable_secondary_symbols=true, pref_enable_flick_symbols=false, enable_scrub_move=true, language=en-US, deprecate_long_press_space_for_ime_picker=false, show_suggestion_strip=true, expressions=normal, android_software_xr_api_spatial=false, variant=qwerty, free_cursor=false, show_period_key=true, enable_number_row=true, device=phone, keyboard_mode=normal, show_secondary_digits=false, enable_pk_simulator=false, enable_preemptive_decode=true}, globalConditions={global_theme_key=theme,!gsf,!pgsf,!use_system_font,BORDER,DYNAMIC_DARK_BRIGHT_KEY,FLAVOR_DPI=XXXHDPI,IS_LIGHT,KEYBOARD_WIDTH_CATEGORY=NORMAL,KEY_BORDER_SHAPE=1,LIGHT_THEME=true,PHYSICAL_DIAGONAL=5.9037175,POPUP,SCREEN_SHORTEST_WIDTH=411,SCREEN_SHORTEST_WIDTH_NO_SCALE=411,SW400DP,XXXHDPI,bottom4dp,bright_key_on_dynamic_color_dark_theme=true,enable_popup_on_keypress=true,non_linear_scale,noshadow,overlay_builtin_dynamic_color_light_base.binarypb:gm3-light-fff7f5ff-ff0058ba-65f4eb49c856e02f0c9596da4cbfc6d1,pgsans,silkpopup, global_locale=en_US, global_density_dpi=560, global_orientation=1}, className=.latin.keyboard.LatinPasswordKeyboard, resourceIds=[#0x7f1705fa, #0x7f170891, #0x7f1706ba], initialStates=0, keyboardViewDefs=[ojd{direction=null, id=#0x7f0b0230, isScalable=true, layoutId=#0x7f0e02c3, type=BODY, touchable=true, defaultShow=true}, ojd{direction=null, id=#0x7f0b0230, isScalable=false, layoutId=#0x7f0e021e, type=FLOATING_CANDIDATES, touchable=false, defaultShow=false}, ojd{direction=LOCALE, id=#0x7f0b0230, isScalable=false, layoutId=#0x7f0e0527, type=HEADER, touchable=true, defaultShow=true}], persistentStates=0, persistentStatesPrefKey=null, popupBubbleLayoutId=#0x7f0e0618, recentKeyLayoutId=#0x0, recentKeyPopupLayoutId=#0x0, recentKeyType=null, rememberRecentKey=NONE, sessionStates=26388279066624}, type=WIDGET, helpersCreated={HEADER=ntb@798aded, BODY=ntb@34e7422, FLOATING_CANDIDATES=ntb@415feb3}, context.getResources().getConfiguration(): {1.0 310mcc260mnc [en_US,ja_JP] ldltr sw411dp w411dp h891dp 560dpi nrml long compactNeeded hdr widecg port finger -keyb/v/h -nav/h winConfig={ mBounds=Rect(0, 0 - 1440, 3120) mAppBounds=Rect(0, 0 - 1440, 3120) mMaxBounds=Rect(0, 0 - 1440, 3120) mDisplayRotation=ROTATION_0 mWindowingMode=fullscreen mActivityType=undefined mAlwaysOnTop=undefined mRotation=ROTATION_0} s.13 fontWeightAdjustment=0}
06-13 13:05:06.373  4221  4221 I BaseKeyboardSizeHelper: BaseKeyboardSizeHelper.calculateMaxKeyboardBodyHeight():73 leave 375 height for app when ime window height:2808, header height:154 and isFullscreenMode:false, so the max keyboard body height is:2279
06-13 13:05:06.373  4221  4221 I AndroidIME: InputBundleManager.startInput():372 startInput() with oiz[keyboardType=prime, payload=null]
06-13 13:05:06.374  4221  4221 I PkModeUpdater: PkModeUpdater.onActivate():76 onActivate false true
06-13 13:05:06.374  4221  4221 I AccessoryInputModeManager: AccessoryInputModeManager.onModeStarted():353 Accessory input mode started: null
06-13 13:05:06.374  4221  4221 W SupplementaryKeyboardsWrapper: SupplementaryKeyboardsWrapper.deactivateKeyboard():162 keyboard accessory_candidates_consumer is not activated before!
06-13 13:05:06.374  4221  4221 W SupplementaryKeyboardsWrapper: SupplementaryKeyboardsWrapper.deactivateKeyboard():162 keyboard composing_text_consumer is not activated before!
06-13 13:05:06.374  4221  4221 I ContactPromoExtension: ContactPromoExtension.onActivate():82 Not activated ContactPromoExtension: not a normal text input box.
06-13 13:05:06.374  4221  4221 I GlobeKeyExtension: GlobeKeyExtension.onActivate():130 
06-13 13:05:06.375  4221  4221 I KeyboardModeUtils: KeyboardModeUtils.getKeyboardBottomOffset():435 inch: 0.000000 ydpi: 511.277008 adjustKeyboardBottomByDisplaySize: false currentDensityDpi: 560 defaultDensityDpi: 560 keyboardBottomToScreenPx: 0 keyboardBottomToNavBarPx: -168 navBarHeight: 168
06-13 13:05:06.375  4221  4221 I BaseKeyboardSizeHelper: BaseKeyboardSizeHelper.calculateMaxKeyboardBodyHeight():73 leave 375 height for app when ime window height:2808, header height:154 and isFullscreenMode:false, so the max keyboard body height is:2279
06-13 13:05:06.375  4221  4221 I BaseKeyboardSizeHelper: BaseKeyboardSizeHelper.calculateMaxKeyboardBodyHeight():73 leave 375 height for app when ime window height:2808, header height:154 and isFullscreenMode:false, so the max keyboard body height is:2279
06-13 13:05:06.375  4221  4221 I AndroidIME: KeyboardViewManager.updateKeyboardBottomFrame():519 Set bottomFrameHeight = 28 while holderPaddingBottom = 28; navigationHeight = 168
06-13 13:05:06.375  4221  4221 I BaseKeyboardSizeHelper: BaseKeyboardSizeHelper.calculateMaxKeyboardBodyHeight():73 leave 375 height for app when ime window height:2808, header height:154 and isFullscreenMode:false, so the max keyboard body height is:2279
06-13 13:05:06.375  4221  4221 I BaseKeyboardSizeHelper: BaseKeyboardSizeHelper.calculateMaxKeyboardBodyHeight():73 leave 375 height for app when ime window height:2808, header height:154 and isFullscreenMode:false, so the max keyboard body height is:2279
06-13 13:05:06.375  4221  4221 I BaseKeyboardSizeHelper: BaseKeyboardSizeHelper.calculateMaxKeyboardBodyHeight():73 leave 375 height for app when ime window height:2808, header height:154 and isFullscreenMode:false, so the max keyboard body height is:2279
06-13 13:05:06.375  4221  4221 W ExtensionWrapper: ExtensionWrapper.setExtensionViewVisibility():878 interface nwy is not activate
06-13 13:05:06.375  4221  4221 I NewLanguagePromptExtension: NewLanguagePromptExtension.onActivate():189 Not activated NewLanguagePromptExtension: not a normal text input box.
06-13 13:05:06.375  4221  4221 I NgaExtension: NgaExtension.onActivate():646 NgaExtension#onActivate [SDG]
06-13 13:05:06.375  4221  4221 I NgaVoiceInputHandlerSwitcher: NgaVoiceInputHandlerSwitcher.restorePrimary():240 not switching to primary. fallback is null [SDG]
06-13 13:05:06.375  4221  4221 I NgaVoiceInputHandler: NgaVoiceInputHandler.maybeCreateInputManager():256 VoiceInputHandler:activating [SDG]
06-13 13:05:06.375  4221  4221 I SpeechEnhancementLogger: SpeechEnhancementLogger.logAtInfo():24 Speech enhancement is disabled because device model is not supported [SD]
06-13 13:05:06.375  4221  4221 I ModelessCommandDetector: ModelessCommandDetector.<init>():86 Created modeless command detector with language code en [SDG]
06-13 13:05:06.375  4221  4221 I NgaExtension: NgaExtension.onActivate():672 NgaExtension: interaction type=4 [SDG]
06-13 13:05:06.376  4221  4221 I UniversalDictationUiProvider: UniversalDictationUiProvider.onActivate():63 onActivate() [UD]
06-13 13:05:06.376  4221 20847 I KeyboardEventHandler: KeyboardEventHandler.handleKeyboardVisibilityEvent():214 Handling KeyboardVisibilityEvent: KEYBOARD_OPENED [SD]
06-13 13:05:06.377  4221 20847 I SpeechEnhancementLogger: SpeechEnhancementLogger.logAtInfo():24 Speech enhancement is disabled because device model is not supported [SD]
06-13 13:05:06.382  4221 20854 I PackageStatusChecker: PackageStatusChecker.isPackageSuspended():24 Current package suspended=false [SD]
06-13 13:05:06.383  4221  4221 I Module  : DeviceLockedStatusModuleProvider$Module.updateDeviceLockedStatusInternal():127 repeatCheckTimes = 1, locked = false
06-13 13:05:06.383  1609  5165 I ImeTracker: com.takeya.animeongaku:2087dabc: onCancelled at PHASE_SERVER_NOTIFY_HIDE_ANIMATION_FINISHED
06-13 13:05:06.384  4221  4221 I VoiceImeUtils: VoiceImeUtils.shouldStartVoiceInputAutomaticallyInCurrentInputBox():160 No private IME option set to start voice input. [RD]
06-13 13:05:06.384  4221  4221 D ImeBackCallbackSender: Register OnBackInvokedCallback with priority=-1 at app window (packageName=com.google.android.permissioncontroller)
06-13 13:05:06.384  4221 20500 I SystemHapticSettings: SystemHapticSettings.updateSystemVibrationState():63 update vibration state: true
06-13 13:05:06.384  2368  2368 D WindowOnBackDispatcher: setTopOnBackInvokedCallback (unwrapped): android.view.ImeBackAnimationController@72bfdec
06-13 13:05:06.385  4221  4309 I CrossProfileSharedPreferences: CrossProfileSharedPreferences.maybeRunSyncTaskAfterFullSyncComplete():218 Full sync is not complete when incremental sync is called, trigger full sync
06-13 13:05:06.386  1609  5279 D CoreBackPreview: Window{815b4a9 u0 com.google.android.permissioncontroller/com.android.permissioncontroller.permission.ui.GrantPermissionsActivity}: Setting back callback OnBackInvokedCallbackInfo{mCallback=android.window.IOnBackInvokedCallback$Stub$Proxy@41485bb, mPriority=0, mIsAnimationCallback=true, mOverrideBehavior=0}
06-13 13:05:06.386  4221 20449 I CrossProfileSharedPreferences: CrossProfileSharedPreferences.syncAllAllowedPreferencesInternal():276 Cannot make cross profile calls to full sync preferences
06-13 13:05:06.387  4221 20854 I MultilangConditionManagerImpl: MultilangConditionManagerImpl.isAutomaticSwitchingEnabled():77 Automatic switching disabled because Gboard setting is not shown [SD]
06-13 13:05:06.387  1609  1675 I ImeTracker: system_server:5fc05176: onRequestShow at ORIGIN_SERVER reason CONTROLS_CHANGED fromUser false displayId 0
06-13 13:05:06.387  4221 20854 I MultilangConditionManagerImpl: MultilangConditionManagerImpl.isAutomaticSwitchingEnabled():92 Automatic switching disabled because there aren't enough supported keyboard languages [SD]
06-13 13:05:06.388  4221 20850 I AsrProviderChoice: AsrProviderChoice.setChosenProvider():83 Setting chosen ASR provider to: 6 [SD]
06-13 13:05:06.388  2368  2368 I ImeTracker: system_server:5fc05176: onCancelled at PHASE_CLIENT_ON_CONTROLS_CHANGED
06-13 13:05:06.388  4221 20850 I EligibilityChecker: EligibilityChecker.triggerProactiveLanguagePackUpdate():475 Never attempted LP download before, triggering download for potential updates [SD]
06-13 13:05:06.389  4221 20850 I EligibilityChecker: EligibilityChecker.getDictationConfigEligibilityForLocale():310 Dictation is enabled. workprofile=false [SD]
06-13 13:05:06.389  4221 20443 I LanguageDownloadQueue: LanguageDownloadQueue.performLanguageDownload():81 Starting language download job for en-US [SD]
06-13 13:05:06.389  4221  4221 I HardKeyTracker: HardKeyTracker.unregisterKeySequence():259 Unregister key sequence phm{labelResId=2132020537, callback=ffb@8140d43, lastModifier=2, keyCodes=[32], actions=[0]}
06-13 13:05:06.389  4221  4221 I HardKeyTracker: HardKeyTracker.unregisterKeySequence():259 Unregister key sequence phm{labelResId=2132020537, callback=ffb@1663fc0, lastModifier=0, keyCodes=[319], actions=[0]}
06-13 13:05:06.390  4221  4221 I HardKeyTracker: HardKeyTracker.registerKeySequence():201 Register key sequence phm{labelResId=2132020537, callback=ffb@a3d08e4, lastModifier=2, keyCodes=[32], actions=[0]}
06-13 13:05:06.390  4221  4221 I HardKeyTracker: HardKeyTracker.registerKeySequence():201 Register key sequence phm{labelResId=2132020537, callback=ffb@90a714d, lastModifier=0, keyCodes=[319], actions=[0]}
06-13 13:05:06.390  4221  4221 I HardKeyTracker: HardKeyTracker.unregisterKeySequence():259 Unregister key sequence phm{labelResId=2132020537, callback=ffb@e75d4f9, lastModifier=2, keyCodes=[32], actions=[0]}
06-13 13:05:06.390  4221  4221 I HardKeyTracker: HardKeyTracker.unregisterKeySequence():259 Unregister key sequence phm{labelResId=2132020537, callback=ffb@a5bc3e, lastModifier=0, keyCodes=[319], actions=[0]}
06-13 13:05:06.390  4221  4221 I HardKeyTracker: HardKeyTracker.registerKeySequence():201 Register key sequence phm{labelResId=2132020537, callback=ffb@685e402, lastModifier=2, keyCodes=[32], actions=[0]}
06-13 13:05:06.390  4221  4221 I HardKeyTracker: HardKeyTracker.registerKeySequence():201 Register key sequence phm{labelResId=2132020537, callback=ffb@e06e113, lastModifier=0, keyCodes=[319], actions=[0]}
06-13 13:05:06.391  4221  4221 I HardKeyTracker: HardKeyTracker.unregisterKeySequence():259 Unregister key sequence phm{labelResId=2132020537, callback=ffb@a3d08e4, lastModifier=2, keyCodes=[32], actions=[0]}
06-13 13:05:06.391  4221  4221 I HardKeyTracker: HardKeyTracker.unregisterKeySequence():259 Unregister key sequence phm{labelResId=2132020537, callback=ffb@90a714d, lastModifier=0, keyCodes=[319], actions=[0]}
06-13 13:05:06.391  4221  4221 I HardKeyTracker: HardKeyTracker.registerKeySequence():201 Register key sequence phm{labelResId=2132020537, callback=ffb@c19d549, lastModifier=2, keyCodes=[32], actions=[0]}
06-13 13:05:06.391  4221  4221 I HardKeyTracker: HardKeyTracker.registerKeySequence():201 Register key sequence phm{labelResId=2132020537, callback=ffb@5723e4e, lastModifier=0, keyCodes=[319], actions=[0]}
06-13 13:05:06.391  4221  4221 I HardKeyTracker: HardKeyTracker.unregisterKeySequence():259 Unregister key sequence phm{labelResId=2132020537, callback=ffb@685e402, lastModifier=2, keyCodes=[32], actions=[0]}
06-13 13:05:06.391  4221  4221 I HardKeyTracker: HardKeyTracker.unregisterKeySequence():259 Unregister key sequence phm{labelResId=2132020537, callback=ffb@e06e113, lastModifier=0, keyCodes=[319], actions=[0]}
06-13 13:05:06.392  4221  4221 I HardKeyTracker: HardKeyTracker.registerKeySequence():201 Register key sequence phm{labelResId=2132020537, callback=ffb@28e907c, lastModifier=2, keyCodes=[32], actions=[0]}
06-13 13:05:06.392  4221  4221 I HardKeyTracker: HardKeyTracker.registerKeySequence():201 Register key sequence phm{labelResId=2132020537, callback=ffb@2a17d05, lastModifier=0, keyCodes=[319], actions=[0]}
06-13 13:05:06.392  4221 20848 I MultilangConditionManagerImpl: MultilangConditionManagerImpl.isAutomaticSwitchingEnabled():77 Automatic switching disabled because Gboard setting is not shown [SD]
06-13 13:05:06.392  4221  4221 I GoogleInputMethodService: GoogleInputMethodService.onFinishInputView():1661 onFinishInputView(false)
06-13 13:05:06.392  4221 20848 I MultilangConditionManagerImpl: MultilangConditionManagerImpl.isAutomaticSwitchingEnabled():92 Automatic switching disabled because there aren't enough supported keyboard languages [SD]
06-13 13:05:06.393  4221  4221 W SupplementaryKeyboardsWrapper: SupplementaryKeyboardsWrapper.deactivateKeyboard():162 keyboard composing_text_consumer is not activated before!
06-13 13:05:06.393  4221  4221 I GlobeKeyExtension: GlobeKeyExtension.onDeactivate():154 
06-13 13:05:06.393  4221  4221 I NgaExtension: NgaExtension.onDeactivate():687 NgaExtension#onDeactivate [SDG]
06-13 13:05:06.393   680  2491 E powerhal-libperfmgr: Error: shouldn't report duration during pause state.
06-13 13:05:06.393  4221  4221 W NotificationCenter: NotificationCenter.unregisterListener():480 Listener hfa@d7ecdf was not registered for notification class nky
06-13 13:05:06.394  4221  4221 W TooltipLifecycleManager: TooltipLifecycleManager.dismissTooltips():153 Tooltip with id spell_check_add_to_dictionary not found in tooltipManager.
06-13 13:05:06.394  4221  4221 I NgaVoiceInputHandler: NgaVoiceInputHandler.shutdownInternalLegacy():342 VoiceInputHandler:deactivating with reason: SHUTDOWN_UNIVERSAL_EXTENSION_ON_DEACTIVATE [SDG]
06-13 13:05:06.394  4221  4221 W NotificationCenter: NotificationCenter.unregisterListener():480 Listener ooe@1205c36 was not registered for notification class oof
06-13 13:05:06.394  4221 20848 I EligibilityChecker: EligibilityChecker.getDictationConfigEligibilityForLocale():310 Dictation is enabled. workprofile=false [SD]
06-13 13:05:06.394  4221  4221 W SmartEdit: SmartEdit.setGenAiVoiceEditManager():827 Cannot set LC UI delegate: promotionManager is null
06-13 13:05:06.394  4221  4221 I NgaInputManager: NgaInputManager.onDeactivate():482 SmartEdit: unloading models false [SDG]
06-13 13:05:06.394  4221  4221 I UniversalDictationUiProvider: UniversalDictationUiProvider.onDeactivate():69 onDeactivate() [UD]
06-13 13:05:06.394  4221 20849 I NgaDataShareClient: NgaDataShareClient.sendCorrectionsAndEndSession():412 endDataPushSession() [SDG]
06-13 13:05:06.394  4221 20501 W AutoCloseableReference: AutoCloseablePhantomReference.close():42 close() is invoked more than once
06-13 13:05:06.394  4221 20849 I NgaDataShareClient: NgaDataShareClient.sendCorrectionsList():420 sendCorrectionsList() [SDG]
06-13 13:05:06.394  4221 20849 W NgaDataShareClient: NgaDataShareClient.getClientInfo():504 null TriggerApplicationId provided. [SDG]
06-13 13:05:06.394  4221  4221 I AndroidIME: AbstractIme.onDeactivate():213 PasswordIme.onDeactivate()
06-13 13:05:06.394  4221 20854 I DataShareHelper: DataShareHelper.shareCorrections():24 shareCorrections() [SD]
06-13 13:05:06.394  4221 20849 W NotificationCenter: NotificationCenter.unregisterListener():480 Listener hgn@8fbc018 was not registered for notification class nqx
06-13 13:05:06.394  4221 20849 W NotificationCenter: NotificationCenter.unregisterListener():480 Listener hgm@2484a71 was not registered for notification class nky
06-13 13:05:06.395  4221  4221 I PrimesLoggerHolder: FrameMetricServiceImpl.stopAsFuture():213 Measurement not found: OnConfigurationChanged
06-13 13:05:06.395  4221  4221 D ImeBackCallbackSender: Unregister OnBackInvokedCallback at app window (packageName=com.google.android.permissioncontroller)
06-13 13:05:06.395  4221  4221 I ImeTracker: system_server:1daa77bd: onHidden
06-13 13:05:06.395  4221  4221 I HardKeyTracker: HardKeyTracker.unregisterKeySequence():259 Unregister key sequence phm{labelResId=2132020537, callback=ffb@c19d549, lastModifier=2, keyCodes=[32], actions=[0]}
06-13 13:05:06.395  2368  2368 D WindowOnBackDispatcher: setTopOnBackInvokedCallback (unwrapped): android.app.Activity$$ExternalSyntheticLambda0@db4c98c
06-13 13:05:06.395  4221  4221 I HardKeyTracker: HardKeyTracker.unregisterKeySequence():259 Unregister key sequence phm{labelResId=2132020537, callback=ffb@5723e4e, lastModifier=0, keyCodes=[319], actions=[0]}
06-13 13:05:06.395  4221  4221 I HardKeyTracker: HardKeyTracker.registerKeySequence():201 Register key sequence phm{labelResId=2132020537, callback=ffb@ac1ac80, lastModifier=2, keyCodes=[32], actions=[0]}
06-13 13:05:06.395  4221  4221 I HardKeyTracker: HardKeyTracker.registerKeySequence():201 Register key sequence phm{labelResId=2132020537, callback=ffb@205a2b9, lastModifier=0, keyCodes=[319], actions=[0]}
06-13 13:05:06.396  4221  4221 I HardKeyTracker: HardKeyTracker.unregisterKeySequence():259 Unregister key sequence phm{labelResId=2132020537, callback=ffb@28e907c, lastModifier=2, keyCodes=[32], actions=[0]}
06-13 13:05:06.396  4221  4221 I HardKeyTracker: HardKeyTracker.unregisterKeySequence():259 Unregister key sequence phm{labelResId=2132020537, callback=ffb@2a17d05, lastModifier=0, keyCodes=[319], actions=[0]}
06-13 13:05:06.396  4221  4221 I HardKeyTracker: HardKeyTracker.registerKeySequence():201 Register key sequence phm{labelResId=2132020537, callback=ffb@810d6fe, lastModifier=2, keyCodes=[32], actions=[0]}
06-13 13:05:06.396  4221  4221 I HardKeyTracker: HardKeyTracker.registerKeySequence():201 Register key sequence phm{labelResId=2132020537, callback=ffb@7211e5f, lastModifier=0, keyCodes=[319], actions=[0]}
06-13 13:05:06.396  4221  4221 I GoogleInputMethodService: GoogleInputMethodService$1.onKeyboardViewShown():344 onKeyboardViewShown: keyboardType=prime, keyboardViewType=HEADER keyboardView=com.google.android.libraries.inputmethod.widgets.SoftKeyboardView{b27ecea V.E...... ......ID 0,0-1440,154}
06-13 13:05:06.396  4221  4221 I BaseKeyboardSizeHelper: BaseKeyboardSizeHelper.calculateMaxKeyboardBodyHeight():73 leave 375 height for app when ime window height:2808, header height:154 and isFullscreenMode:false, so the max keyboard body height is:2279
06-13 13:05:06.397  1609  4979 D CoreBackPreview: Window{815b4a9 u0 com.google.android.permissioncontroller/com.android.permissioncontroller.permission.ui.GrantPermissionsActivity}: Setting back callback OnBackInvokedCallbackInfo{mCallback=android.window.IOnBackInvokedCallback$Stub$Proxy@71e1ad8, mPriority=-1, mIsAnimationCallback=false, mOverrideBehavior=0}
06-13 13:05:06.397  4221  4221 I GoogleInputMethodService: GoogleInputMethodService$1.onKeyboardViewShown():344 onKeyboardViewShown: keyboardType=prime, keyboardViewType=BODY keyboardView=com.google.android.libraries.inputmethod.widgets.SoftKeyboardView{e66a6f3 V.E...... ........ 0,0-1440,998}
06-13 13:05:06.397  4221  4221 I BaseKeyboardSizeHelper: BaseKeyboardSizeHelper.calculateMaxKeyboardBodyHeight():73 leave 375 height for app when ime window height:2808, header height:154 and isFullscreenMode:false, so the max keyboard body height is:2279
06-13 13:05:06.397  4221 20443 I LanguageDownloadQueue: LanguageDownloadQueue.performLanguageDownload():101 Skip download for en-US due to another recent attempt [SD]
06-13 13:05:06.398  4221  4221 I GlobeKeyExtension: GlobeKeyExtension$1.onKeyboardViewShown():77 maybeDisableLanguageSwitchKeyPref when the keyboard is shown
06-13 13:05:06.398  4221  4221 I GlobeKeyExtension: GlobeKeyExtension.maybeDisableLanguageSwitchKeyPref():211 maybeDisableLanguageSwitchKeyPref hasGlobeKeyBeenDisabled: true, shouldDisableLanguageSwitchKey: true
06-13 13:05:06.398  4221  4221 I NewLanguagePromptExtension: NewLanguagePromptExtension$1.onKeyboardViewShown():88 Not show new language banner: not prime keyboard, or the extension not activated.
06-13 13:05:06.398  4221  4221 I KeyboardModeUtils: KeyboardModeUtils.getKeyboardBottomOffset():435 inch: 0.000000 ydpi: 511.277008 adjustKeyboardBottomByDisplaySize: false currentDensityDpi: 560 defaultDensityDpi: 560 keyboardBottomToScreenPx: 0 keyboardBottomToNavBarPx: -168 navBarHeight: 168
06-13 13:05:06.398  4221  4221 I BaseKeyboardSizeHelper: BaseKeyboardSizeHelper.calculateMaxKeyboardBodyHeight():73 leave 375 height for app when ime window height:2808, header height:154 and isFullscreenMode:false, so the max keyboard body height is:2279
06-13 13:05:06.398  4221  4221 I BaseKeyboardSizeHelper: BaseKeyboardSizeHelper.calculateMaxKeyboardBodyHeight():73 leave 375 height for app when ime window height:2808, header height:154 and isFullscreenMode:false, so the max keyboard body height is:2279
06-13 13:05:06.398  4221  4221 I AndroidIME: KeyboardViewManager.updateKeyboardBottomFrame():519 Set bottomFrameHeight = 28 while holderPaddingBottom = 28; navigationHeight = 168
06-13 13:05:06.399  4221 20848 I EligibilityUtilKt: EligibilityUtilKt.isDictationSupportedInInputField():92 Field type is not set, assuming supported input field. [SD]
06-13 13:05:06.400  4221 20848 I MultilangConditionManagerImpl: MultilangConditionManagerImpl.isAutomaticSwitchingEnabled():77 Automatic switching disabled because Gboard setting is not shown [SD]
06-13 13:05:06.400  4221 20848 I MultilangConditionManagerImpl: MultilangConditionManagerImpl.isAutomaticSwitchingEnabled():92 Automatic switching disabled because there aren't enough supported keyboard languages [SD]
06-13 13:05:06.400  4221 20850 I KeyboardEligibilityNotifier: KeyboardEligibilityNotifier.notifyEligibility():76 Keyboard notified that eligibility=ELIGIBLE [SD]
06-13 13:05:06.401  4221 20850 I KeyboardUiManagerImpl: KeyboardUiManagerImpl.onKeyboardShownAgain():170 #onKeyboardShownAgain scheduled [SD]
06-13 13:05:06.401  4221 20850 I KeyboardUiManagerImpl: KeyboardUiManagerImpl.onKeyboardShownAgain():173 #onKeyboardShownAgain [SD]
06-13 13:05:06.401  4221 20850 I KeyboardEventHandler: KeyboardEventHandler.handleFieldChangedEvent():454 Handling FieldChangedEvent: fgPkg=com.google.android.permissioncontroller, fieldType=0, interactionType=FIELD_CHANGE [SD]
06-13 13:05:06.401  4221 20847 I SpeechEnhancementLogger: SpeechEnhancementLogger.logAtInfo():24 Speech enhancement is disabled because device model is not supported [SD]
06-13 13:05:06.402  4221  4221 I KeyboardModeUtils: KeyboardModeUtils.getKeyboardBottomOffset():435 inch: 0.000000 ydpi: 511.277008 adjustKeyboardBottomByDisplaySize: false currentDensityDpi: 560 defaultDensityDpi: 560 keyboardBottomToScreenPx: 0 keyboardBottomToNavBarPx: -168 navBarHeight: 168
06-13 13:05:06.402  4221 20850 I PackageStatusChecker: PackageStatusChecker.isPackageSuspended():24 Current package suspended=false [SD]
06-13 13:05:06.402  4221  4221 I BaseKeyboardSizeHelper: BaseKeyboardSizeHelper.calculateMaxKeyboardBodyHeight():73 leave 375 height for app when ime window height:2808, header height:154 and isFullscreenMode:false, so the max keyboard body height is:2279
06-13 13:05:06.402  4221  4221 I BaseKeyboardSizeHelper: BaseKeyboardSizeHelper.calculateMaxKeyboardBodyHeight():73 leave 375 height for app when ime window height:2808, header height:154 and isFullscreenMode:false, so the max keyboard body height is:2279
06-13 13:05:06.402  4221  4221 I AndroidIME: KeyboardViewManager.updateKeyboardBottomFrame():519 Set bottomFrameHeight = 28 while holderPaddingBottom = 28; navigationHeight = 168
06-13 13:05:06.402  4221  4221 I NgaStateManager: NgaStateManager.setAssistantDictationEligibility():188 AssistantDictationEligibility = 1 [SDG]
06-13 13:05:06.402  4221  4221 I NgaStateManager: NgaStateManager.buildConfigEligibilityPerLanguageTag():306 AssistantDictationEligibility(config, en-US) = 1 [SDG]
06-13 13:05:06.402  4221  4221 I NgaStateManager: NgaStateManager.buildConfigEligibilityPerLanguageTag():306 AssistantDictationEligibility(config, ja-JP) = 1 [SDG]
06-13 13:05:06.402  4221  4221 I NgaStateManager: NgaStateManager.setAssistantDictationEligibility():197 AssistantDictationEligibility(inputField) = 1 [SDG]
06-13 13:05:06.402  4221  4221 I NgaInputHandlerFactory: NgaInputHandlerFactory.restorePrimary():138 restoring primary [SDG]
06-13 13:05:06.402  4221  4221 I NgaVoiceInputHandlerSwitcher: NgaVoiceInputHandlerSwitcher.restorePrimary():240 not switching to primary. fallback is null [SDG]
06-13 13:05:06.402  4221  4221 I NgaExtension: NgaExtension.onDictatingStateChanged():921 Dictating state changed: dictating=false, status=0 [SDG]
06-13 13:05:06.402  4221  4221 W NgaExtension: NgaExtension.handleUiCommand():1006 cannot update UI in state NgaState{connected=true, keyboardVisible=false, dictationEligible=true, currentFieldEligibilityUpToDate=true, dictating=false, languageIndicatorVisible=false, keyboardTypeSupported=true, config=# jis@adbafd8a, clientType=1, eligibilityByLanguageTag={en-US=1, ja-JP=1}, currentEligibility=1, autoStarted=false} [SDG]
06-13 13:05:06.423  4221 20848 I MultilangConditionManagerImpl: MultilangConditionManagerImpl.isAutomaticSwitchingEnabled():77 Automatic switching disabled because Gboard setting is not shown [SD]
06-13 13:05:06.423  4221 20848 I MultilangConditionManagerImpl: MultilangConditionManagerImpl.isAutomaticSwitchingEnabled():92 Automatic switching disabled because there aren't enough supported keyboard languages [SD]
06-13 13:05:06.424  4221 20848 I AsrProviderChoice: AsrProviderChoice.setChosenProvider():83 Setting chosen ASR provider to: 6 [SD]
06-13 13:05:06.424  4221 20848 I EligibilityChecker: EligibilityChecker.triggerProactiveLanguagePackUpdate():475 Never attempted LP download before, triggering download for potential updates [SD]
06-13 13:05:06.424  4221 20848 I EligibilityChecker: EligibilityChecker.getDictationConfigEligibilityForLocale():310 Dictation is enabled. workprofile=false [SD]
06-13 13:05:06.424  4221 20500 I LanguageDownloadQueue: LanguageDownloadQueue.performLanguageDownload():81 Starting language download job for en-US [SD]
06-13 13:05:06.424  4221 20500 I LanguageDownloadQueue: LanguageDownloadQueue.performLanguageDownload():101 Skip download for en-US due to another recent attempt [SD]
06-13 13:05:06.425  4221 20851 I MultilangConditionManagerImpl: MultilangConditionManagerImpl.isAutomaticSwitchingEnabled():77 Automatic switching disabled because Gboard setting is not shown [SD]
06-13 13:05:06.425  4221 20851 I MultilangConditionManagerImpl: MultilangConditionManagerImpl.isAutomaticSwitchingEnabled():92 Automatic switching disabled because there aren't enough supported keyboard languages [SD]
06-13 13:05:06.425  4221 20851 I EligibilityChecker: EligibilityChecker.getDictationConfigEligibilityForLocale():310 Dictation is enabled. workprofile=false [SD]
06-13 13:05:06.426  4221 20851 I EligibilityUtilKt: EligibilityUtilKt.isDictationSupportedInInputField():92 Field type is not set, assuming supported input field. [SD]
06-13 13:05:06.426  4221 20851 I MultilangConditionManagerImpl: MultilangConditionManagerImpl.isAutomaticSwitchingEnabled():77 Automatic switching disabled because Gboard setting is not shown [SD]
06-13 13:05:06.426  4221 20851 I MultilangConditionManagerImpl: MultilangConditionManagerImpl.isAutomaticSwitchingEnabled():92 Automatic switching disabled because there aren't enough supported keyboard languages [SD]
06-13 13:05:06.426  4221 20851 I KeyboardEligibilityNotifier: KeyboardEligibilityNotifier.notifyEligibility():76 Keyboard notified that eligibility=ELIGIBLE [SD]
06-13 13:05:06.426  4221 20854 I KeyboardEventHandler: KeyboardEventHandler.handleKeyboardVisibilityEvent():214 Handling KeyboardVisibilityEvent: KEYBOARD_CLOSED [SD]
06-13 13:05:06.426  4221  4221 I NgaStateManager: NgaStateManager.setAssistantDictationEligibility():188 AssistantDictationEligibility = 1 [SDG]
06-13 13:05:06.426  4221  4221 I NgaStateManager: NgaStateManager.buildConfigEligibilityPerLanguageTag():306 AssistantDictationEligibility(config, en-US) = 1 [SDG]
06-13 13:05:06.426  4221  4221 I NgaStateManager: NgaStateManager.buildConfigEligibilityPerLanguageTag():306 AssistantDictationEligibility(config, ja-JP) = 1 [SDG]
06-13 13:05:06.427  4221  4221 I NgaStateManager: NgaStateManager.setAssistantDictationEligibility():197 AssistantDictationEligibility(inputField) = 1 [SDG]
06-13 13:05:06.427  4221  4221 I NgaInputHandlerFactory: NgaInputHandlerFactory.restorePrimary():138 restoring primary [SDG]
06-13 13:05:06.427  4221  4221 I NgaVoiceInputHandlerSwitcher: NgaVoiceInputHandlerSwitcher.restorePrimary():240 not switching to primary. fallback is null [SDG]
06-13 13:05:06.467  5781  5781 I ContentProtectionServic: CP service destroyed
06-13 13:05:06.473  1609  5210 I ImeTracker: system_server:ff950eae: onRequestShow at ORIGIN_SERVER reason CONTROLS_CHANGED fromUser false displayId 0
06-13 13:05:06.474  2368  2368 I ImeTracker: system_server:ff950eae: onCancelled at PHASE_CLIENT_ON_CONTROLS_CHANGED
06-13 13:05:06.474  2368  2368 D VRI[GrantPermissionsActivity]: WindowInsets changed: 1366x1091 
06-13 13:05:06.491  1609  1609 I RemoteContentProtectionService: Connection status for: ComponentInfo{com.google.android.odad/com.google.android.apps.miphone.odad.contentprotection.ContentProtectionService} changed to: disconnected
06-13 13:05:06.493  5781 23828 D VirtualMachine: onTrimMemory: Completed setMemoryBalloonByPercent on thread: pool-33-thread-1
06-13 13:05:06.495  1609  5220 W UriGrantsManagerService: No permission grants found for com.google.android.apps.photos
06-13 13:05:06.495  1609  5220 W UriGrantsManagerService: No permission grants found for com.google.android.apps.photos
06-13 13:05:06.608  1609  1628 I system_server: NativeAlloc concurrent mark compact GC freed 34MB AllocSpace bytes, 7(196KB) LOS objects, 78% free, 109MB/512MB, paused 9.849ms,7.064ms total 523.369ms
06-13 13:05:06.609  1609  1629 I libbinder.BpBinder: onLastStrongRef automatically unlinking death recipients for binder (0xb400007dcf49d500) with descriptor: '(not cached)'
06-13 13:05:06.652  2549  2628 D ImpulseConnection: timeout happen: com.google.android.apps.turbo
06-13 13:05:06.652  2549  2628 D ImpulseConnection: unbindService for releasing a CONNECTED connection com.google.android.apps.turbo
06-13 13:05:06.668  2549  2754 D TemperatureStateSource: sequence=6241 actualDelay=10001
06-13 13:05:06.668  2549  2754 D TemperatureStateSource: Reading temperature: sequence=6242
06-13 13:05:06.669  1743  1743 I pixel-thermal: VIRTUAL-SKIN:27.8303 raw data: VIRTUAL-SKIN:27830.3 
06-13 13:05:06.671  2549  2754 D TemperatureStateSource: getDeviceTemperatures: sequence=6242 deviceTemperatureType=3 temperatureSource=0 temperatures=[27.8303]
06-13 13:05:06.671  2549  2754 D BusinessScope: Enqueuing the block
06-13 13:05:06.671  2549  2754 D TemperatureStateSource: sequence=6242 waitTime=10000
06-13 13:05:06.671  2549  2638 D BusinessScope: Start running the #12601 block
06-13 13:05:06.671  2549  2638 D BusinessScope: Enqueuing the block
06-13 13:05:06.671  2549  2638 D ImpulseStateSource: Notify clients: 6299
06-13 13:05:06.671  2549  2638 D BusinessScope: Finish running the #12601 block
06-13 13:05:06.671  2549  2638 D BusinessScope: Start running the #12602 block
06-13 13:05:06.671  2549  2638 D BusinessScope: Finish running the #12602 block
06-13 13:05:06.902  4221  4221 W TooltipLifecycleManager: TooltipLifecycleManager.dismissTooltips():153 Tooltip with id undo_access_point_promotion_banner not found in tooltipManager.
06-13 13:05:06.915  1609  5165 I ImeTracker: system_server:415b95c2: onRequestHide at ORIGIN_SERVER reason IME_REQUESTED_CHANGED_LISTENER fromUser false displayId 0
06-13 13:05:06.915  1609  1674 I ImeTracker: system_server:415b95c2: onCancelled at PHASE_SERVER_SHOULD_HIDE
06-13 13:05:06.925  4221  4221 I KeyboardModeUtils: KeyboardModeUtils.getKeyboardBottomOffset():435 inch: 0.000000 ydpi: 511.277008 adjustKeyboardBottomByDisplaySize: false currentDensityDpi: 560 defaultDensityDpi: 560 keyboardBottomToScreenPx: 0 keyboardBottomToNavBarPx: -168 navBarHeight: 168
06-13 13:05:06.925  4221  4221 I BaseKeyboardSizeHelper: BaseKeyboardSizeHelper.calculateMaxKeyboardBodyHeight():73 leave 375 height for app when ime window height:2808, header height:154 and isFullscreenMode:false, so the max keyboard body height is:2279
06-13 13:05:06.925  4221  4221 I BaseKeyboardSizeHelper: BaseKeyboardSizeHelper.calculateMaxKeyboardBodyHeight():73 leave 375 height for app when ime window height:2808, header height:154 and isFullscreenMode:false, so the max keyboard body height is:2279
06-13 13:05:06.926  4221  4221 I AndroidIME: KeyboardViewManager.updateKeyboardBottomFrame():519 Set bottomFrameHeight = 28 while holderPaddingBottom = 28; navigationHeight = 168
06-13 13:05:06.978  1609  1674 W AccessibilityWindowsPopulator: Windows change within in 2 frames continuously over 500 ms and notify windows changed immediately
06-13 13:05:07.027  4221 20854 I KeyboardEventHandler: KeyboardEventHandler.handleKeyboardHidden():293 Keyboard closed, ending dictation. [SD]
06-13 13:05:07.086  1126  3328 I WifiHAL : Creating message to get link statistics; iface = 47
06-13 13:05:07.169  1126  1126 D WifiHAL : Start debug command: mType GET_FEATURE
06-13 13:05:07.169  1126  1126 I WifiHAL : CreateRequest mType = GET_FEATURE
06-13 13:05:07.169  1126  1126 D WifiHAL : In DebugCommand::handleResponse, mType:GET_FEATURE
06-13 13:05:07.169  1126  1126 D WifiHAL : len = 4, expected len = 4
06-13 13:05:07.374 16618 16629 I euth    : (REDACTED) HDM. appOpsListener %s %s
06-13 13:05:07.374 16618 16629 I euth    : (REDACTED) HDM. Ignoring irrelevant audio permission changes for package %s
06-13 13:05:07.376  1609  2112 D HintManagerService: Starts cleaning for 10186
06-13 13:05:07.394  4221 20364 I KeyboardActiveSessionStreamManager: KeyboardActiveSessionStreamManager.closeStream():110 Closing stream. [SDG]
06-13 13:05:07.399  4221 20364 I Interaction: Interaction$KeyboardEventStreamObserver.onCompleted():141 Interaction#4 completed by the client [SD]
06-13 13:05:07.399  4221 20848 I Interaction: Interaction.shutdownAndForget$java_com_google_android_libraries_inputmethod_voice_smartdictation_service_interaction_interaction():92 Shutting down Interaction#4 [SD]
06-13 13:05:07.400  4221 20851 I KeyboardActiveSessionStreamManager: KeyboardActiveSessionStreamManager$AssistantEventObserver.onCompleted():240 Assistant event stream completed. [SDG]
06-13 13:05:07.400  4221 20851 I InteractionManager: InteractionManager.forgetInteraction$java_com_google_android_libraries_inputmethod_voice_smartdictation_service_interaction_interaction():50 Forgetting Interaction#4 [SD]
06-13 13:05:08.280 20521 20761 I okhttp.OkHttpClient: --> GET https://ongaku.local/v1/sync/status
06-13 13:05:08.291 20521 20761 I okhttp.OkHttpClient: <-- 200 OK http://127.0.0.1:8080/v1/sync/status (11ms, 121-byte body)
06-13 13:05:09.323  1050  2884 I bthal.activity: bt_power: LeAdvStat: 13:05:08:321 - 13:05:09:323, duration: 1001, le_adv_count: 1, total_le_adv_count: 7833, total_event_count: 0
06-13 13:05:10.175  1126  1126 I WifiHAL : Creating message to get link statistics; iface = 47
06-13 13:05:10.270  1126  1126 D WifiHAL : Start debug command: mType GET_FEATURE
06-13 13:05:10.270  1126  1126 I WifiHAL : CreateRequest mType = GET_FEATURE
06-13 13:05:10.270  1126  1126 D WifiHAL : In DebugCommand::handleResponse, mType:GET_FEATURE
06-13 13:05:10.270  1126  1126 D WifiHAL : len = 4, expected len = 4
06-13 13:05:10.298 20521 20761 I okhttp.OkHttpClient: --> GET https://ongaku.local/v1/sync/status
06-13 13:05:10.315 20521 20761 I okhttp.OkHttpClient: <-- 200 OK http://127.0.0.1:8080/v1/sync/status (16ms, 121-byte body)
06-13 13:05:11.110  1609  2196 D InetDiagMessage: Destroyed 0 sockets, proto=IPPROTO_TCP, family=AF_INET, states=14
06-13 13:05:11.111  1609  2196 D InetDiagMessage: Destroyed 0 sockets, proto=IPPROTO_TCP, family=AF_INET6, states=14
06-13 13:05:11.111  1609  2196 D InetDiagMessage: Destroyed live tcp sockets for uids={10194} in 3ms
06-13 13:05:11.112  1609  2196 D InetDiagMessage: Destroyed 0 sockets, proto=IPPROTO_TCP, family=AF_INET, states=14
06-13 13:05:11.113  1609  2196 D InetDiagMessage: Destroyed 0 sockets, proto=IPPROTO_TCP, family=AF_INET6, states=14
06-13 13:05:11.113  1609  2196 D InetDiagMessage: Destroyed live tcp sockets for uids={20194} in 2ms
06-13 13:05:11.270  4916  5016 I ForwardSyncCache: reclaimMemory: Clearing caches
06-13 13:05:11.272  4916  5016 I BugleSpam: HadesBitmapStore: Purged 0 images during memory reclamation
06-13 13:05:11.273  4916  5016 I BugleRestore: reclaimMemory: Clearing persistent caches
06-13 13:05:11.275  4916  5016 W Bugle   : TextClassifierLibManagerImpl: Reclaiming memory at level: 40
06-13 13:05:11.950   904 20470 I NearbyMediums: Found Fast Ble Advertisements :
06-13 13:05:11.950   904 20470 I NearbyMediums: BleAdvertisement { version=2, socketVersion=2, isFast=true, serviceIdHash=null, data=[ 0x23 0x47 0x31 0x30 0x39 0x11 0x32 0xad 0xd7 0xc5 0x6b 0xdc 0x31 0xb2 0xbd 0x56 0x21 0x2a 0x5f 0xcc 0xc2 0x01 0xc3 ], deviceToken=[ 0xc6 0x4e ], rxAdvertisement=null } : 2 times.
06-13 13:05:11.950   904 20470 I NearbyMediums: BleAdvertisement { version=2, socketVersion=2, isFast=true, serviceIdHash=null, data=[ 0x23 0x47 0x35 0x4d 0x39 0x11 0x32 0x86 0x0f 0x13 0xa2 0xc7 0xe4 0x51 0xaa 0xd1 0xde 0xe0 0x80 0x04 0x1d 0x56 0x23 ], deviceToken=[ 0xba 0x2b ], rxAdvertisement=null } : 2 times.
06-13 13:05:11.950   904 20470 I NearbyMediums: Total 4 fast advertisements from 2 unique advertisers.
06-13 13:05:11.953   904 20470 I NearbyMediums: Current Tracked Scanning Clients are : {NearbyConnections.EnvironmentMonitor, NearbySharing}
06-13 13:05:12.180  1050  2884 I bthal.activity: bt_power: LeAdvStat: 13:05:11:100 - 13:05:12:180, duration: 1079, le_adv_count: 2, total_le_adv_count: 7835, total_event_count: 2
06-13 13:05:12.319 20521 20761 I okhttp.OkHttpClient: --> GET https://ongaku.local/v1/sync/status
06-13 13:05:12.338 20521 20761 I okhttp.OkHttpClient: <-- 200 OK http://127.0.0.1:8080/v1/sync/status (17ms, 121-byte body)
06-13 13:05:13.276  1126  3328 I WifiHAL : Creating message to get link statistics; iface = 47
06-13 13:05:13.349  1126  3328 D WifiHAL : Start debug command: mType GET_FEATURE
06-13 13:05:13.349  1126  3328 I WifiHAL : CreateRequest mType = GET_FEATURE
06-13 13:05:13.349  1126  3328 D WifiHAL : In DebugCommand::handleResponse, mType:GET_FEATURE
06-13 13:05:13.349  1126  3328 D WifiHAL : len = 4, expected len = 4
06-13 13:05:13.611  1050  2884 I bthal.activity: bt_power: LeAdvStat: 13:05:12:459 - 13:05:13:611, duration: 1152, le_adv_count: 3, total_le_adv_count: 7838, total_event_count: 3
06-13 13:05:14.349 20521 20761 I okhttp.OkHttpClient: --> GET https://ongaku.local/v1/sync/status
06-13 13:05:14.373 20521 20761 I okhttp.OkHttpClient: <-- 200 OK http://127.0.0.1:8080/v1/sync/status (23ms, 121-byte body)
06-13 13:05:14.894  1050  2884 I bthal.activity: bt_power: LeAdvStat: 13:05:13:894 - 13:05:14:894, duration: 1000, le_adv_count: 1, total_le_adv_count: 7839, total_event_count: 1
06-13 13:05:16.064  1363  1363 I adbd    : adbd service requested 'exec:screencap '-p''
06-13 13:05:16.146  1609  2111 D ActivityManager: freezing 24538 com.google.android.apps.photos
06-13 13:05:16.154  1609  2196 D InetDiagMessage: Destroyed 0 sockets, proto=IPPROTO_TCP, family=AF_INET, states=14
06-13 13:05:16.157  1609  2196 D InetDiagMessage: Destroyed 0 sockets, proto=IPPROTO_TCP, family=AF_INET6, states=14
06-13 13:05:16.157  1609  2196 D InetDiagMessage: Destroyed live tcp sockets for uids={10194} in 6ms
06-13 13:05:16.204 20911 20911 W libbinder.BackendUnifiedServiceManager: Thread Pool max thread count is 0. Cannot cache binder as linkToDeath cannot be implemented. serviceName: SurfaceFlingerAIDL
06-13 13:05:16.205 20911 20911 W libbinder.BpBinder: Linking to death on android.gui.ISurfaceComposer but there are no threads (yet?) listening to incoming transactions. See ProcessState::startThreadPool and ProcessState::setThreadPoolMaxThreadCount. Generally you should setup the binder threadpool before other initialization steps.
06-13 13:05:16.205 20911 20911 W libbinder.ProcessState: Extra binder thread started, but 0 threads requested. Do not use *startThreadPool when zero threads are requested.
06-13 13:05:16.331  1050  2884 I bthal.activity: bt_power: LeAdvStat: 13:05:15:330 - 13:05:16:330, duration: 1000, le_adv_count: 1, total_le_adv_count: 7840, total_event_count: 1
06-13 13:05:16.354  1126  1126 I WifiHAL : Creating message to get link statistics; iface = 47
06-13 13:05:16.381 20521 20761 I okhttp.OkHttpClient: --> GET https://ongaku.local/v1/sync/status
06-13 13:05:16.395 20521 20761 I okhttp.OkHttpClient: <-- 200 OK http://127.0.0.1:8080/v1/sync/status (13ms, 121-byte body)
06-13 13:05:16.395  2562  3238 D HbmSvManager: Ambient sensor :  TMD3719 Ambient Light update Lux : 75.86138
06-13 13:05:16.435  4221  4309 I ProtoXDBBufferWrapper: ProtoXDBBufferWrapper.flushToStorage():158 Flushed 43 data item(s) to storage.
06-13 13:05:16.444  1126  1126 D WifiHAL : Start debug command: mType GET_FEATURE
06-13 13:05:16.444  1126  1126 I WifiHAL : CreateRequest mType = GET_FEATURE
06-13 13:05:16.445  1126  1126 D WifiHAL : In DebugCommand::handleResponse, mType:GET_FEATURE
06-13 13:05:16.445  1126  1126 D WifiHAL : len = 4, expected len = 4
06-13 13:05:16.474  1363  1363 I adbd    : adbd service requested 'shell,v2,raw:uiautomator dump /sdcard/qa01-after-login.xml'
06-13 13:05:16.492  1609  2111 D ActivityManager: freezing 5781 com.google.android.odad
06-13 13:05:16.496  1609  2196 D InetDiagMessage: Destroyed 0 sockets, proto=IPPROTO_TCP, family=AF_INET, states=14
06-13 13:05:16.498  1609  2196 D InetDiagMessage: Destroyed 0 sockets, proto=IPPROTO_TCP, family=AF_INET6, states=14
06-13 13:05:16.498  1609  2196 D InetDiagMessage: Destroyed live tcp sockets for uids={10152} in 3ms
06-13 13:05:16.554 20914 20914 D AndroidRuntime: >>>>>> START com.android.internal.os.RuntimeInit uid 2000 <<<<<<
06-13 13:05:16.558 20914 20914 I AndroidRuntime: Using default boot image
06-13 13:05:16.558 20914 20914 I AndroidRuntime: Leaving lock profiling enabled
06-13 13:05:16.561 20914 20914 I app_process: Using generational CollectorTypeCMC GC.
06-13 13:05:16.613 20914 20914 D nativeloader: InitDefaultPublicLibraries for_preload=1: libandroid.so:libaaudio.so:libamidi.so:libbinder_ndk.so:libc.so:libcamera2ndk.so:libdl.so:libEGL.so:libGLESv1_CM.so:libGLESv2.so:libGLESv3.so:libicu.so:libicui18n.so:libicuuc.so:libjnigraphics.so:liblog.so:libmediandk.so:libm.so:libnativehelper.so:libnativewindow.so:libOpenMAXAL.so:libOpenSLES.so:libRS.so:libstdc++.so:libsync.so:libvulkan.so:libwebviewchromium_plat_support.so:libz.so
06-13 13:05:16.625 20914 20914 D nativeloader: Load libicu_jni.so using APEX ns com_android_art for caller /apex/com.android.art/javalib/core-oj.jar: ok
06-13 13:05:16.625 20914 20914 D app_process: u_setTimeZoneFilesDirectory("/apex/com.android.tzdata/etc/tz/versioned/9/icu") succeeded. 
06-13 13:05:16.625 20914 20914 D app_process: I18n APEX ICU file found: /apex/com.android.i18n/etc/icu/icudt76l.dat
06-13 13:05:16.626 20914 20914 D nativeloader: Load libjavacore.so using APEX ns com_android_art for caller /apex/com.android.art/javalib/core-oj.jar: ok
06-13 13:05:16.626 20914 20914 D nativeloader: Load libopenjdk.so using APEX ns com_android_art for caller /apex/com.android.art/javalib/core-oj.jar: ok
06-13 13:05:16.627 20914 20914 I app_process: Priority-to-niceness mapping: 19, 16, 13, 10, 0, -2, -4, -5, -6, -8
06-13 13:05:16.645 20914 20914 D nativeloader: Load libframework-connectivity-tiramisu-jni.so using APEX ns com_android_tethering for caller /apex/com.android.tethering/javalib/framework-connectivity-t.jar: ok
06-13 13:05:16.646 20914 20914 D AndroidRuntime: Calling main entry com.android.commands.uiautomator.Launcher
06-13 13:05:16.649 20914 20914 I AconfigPackage: com.android.uwb.flags is mapped to com.android.uwb
06-13 13:05:16.649 20914 20914 I AconfigPackage: com.android.ranging.flags is mapped to com.android.uwb
06-13 13:05:16.649 20914 20914 I AconfigPackage: com.android.wifi.flags is mapped to com.android.wifi
06-13 13:05:16.649 20914 20914 I AconfigPackage: com.android.org.conscrypt.flags is mapped to com.android.conscrypt
06-13 13:05:16.649 20914 20914 I AconfigPackage: com.android.org.conscrypt.net.flags is mapped to com.android.conscrypt
06-13 13:05:16.649 20914 20914 I AconfigPackage: com.android.bluetooth.beta.flags is mapped to com.android.bt
