06-13 13:05:06.146  4221  4221 I HardKeyTracker: HardKeyTracker.unregisterKeySequence():259 Unregister key sequence phm{labelResId=2132020536, callback=ffb@3419f90, lastModifier=2, keyCodes=[48], actions=[0]}
06-13 13:05:06.146  4221  4221 I HardKeyTracker: HardKeyTracker.registerKeySequence():201 Register key sequence phm{labelResId=2132020536, callback=ffb@8206b5c, lastModifier=2, keyCodes=[48], actions=[0]}
06-13 13:05:06.146  4221  4221 W AccessPointsManager: AccessPointsManager.addAccessPoint():1133 The holder controller #0x7f0b24bb is not registered
06-13 13:05:06.146  4221  4221 I HardKeyTracker: HardKeyTracker.unregisterKeySequence():259 Unregister key sequence phm{labelResId=2132020537, callback=ffb@a7fa640, lastModifier=2, keyCodes=[32], actions=[0]}
06-13 13:05:06.146  4221  4221 I HardKeyTracker: HardKeyTracker.unregisterKeySequence():259 Unregister key sequence phm{labelResId=2132020537, callback=ffb@2817979, lastModifier=0, keyCodes=[319], actions=[0]}
06-13 13:05:06.146  4221  4221 I HardKeyTracker: HardKeyTracker.registerKeySequence():201 Register key sequence phm{labelResId=2132020537, callback=ffb@babee65, lastModifier=2, keyCodes=[32], actions=[0]}
06-13 13:05:06.146  4221  4221 I HardKeyTracker: HardKeyTracker.registerKeySequence():201 Register key sequence phm{labelResId=2132020537, callback=ffb@1f5773a, lastModifier=0, keyCodes=[319], actions=[0]}
06-13 13:05:06.146  2368  2753 D AccessibilitySourceService: a11y source sending 1 issue to sc
06-13 13:05:06.147  1609  5279 D SafetySourceDataValidat: No cert check requested for package com.google.android.permissioncontroller
06-13 13:05:06.147  4221  4221 I HardKeyTracker: HardKeyTracker.unregisterKeySequence():259 Unregister key sequence phm{labelResId=2132020537, callback=ffb@8c790ca, lastModifier=2, keyCodes=[32], actions=[0]}
06-13 13:05:06.147  4221  4221 I HardKeyTracker: HardKeyTracker.unregisterKeySequence():259 Unregister key sequence phm{labelResId=2132020537, callback=ffb@152623b, lastModifier=0, keyCodes=[319], actions=[0]}
06-13 13:05:06.147  4221  4221 I HardKeyTracker: HardKeyTracker.registerKeySequence():201 Register key sequence phm{labelResId=2132020537, callback=ffb@93cc9f4, lastModifier=2, keyCodes=[32], actions=[0]}
06-13 13:05:06.147  4221  4221 I HardKeyTracker: HardKeyTracker.registerKeySequence():201 Register key sequence phm{labelResId=2132020537, callback=ffb@b22851d, lastModifier=0, keyCodes=[319], actions=[0]}
06-13 13:05:06.150  4221 20851 I MultilangConditionManagerImpl: MultilangConditionManagerImpl.isAutomaticSwitchingEnabled():77 Automatic switching disabled because Gboard setting is not shown [SD]
06-13 13:05:06.150  4221 20851 I MultilangConditionManagerImpl: MultilangConditionManagerImpl.isAutomaticSwitchingEnabled():92 Automatic switching disabled because there aren't enough supported keyboard languages [SD]
06-13 13:05:06.150  4221 20851 I AsrProviderChoice: AsrProviderChoice.setChosenProvider():83 Setting chosen ASR provider to: 6 [SD]
06-13 13:05:06.151  4221 20851 I EligibilityChecker: EligibilityChecker.triggerProactiveLanguagePackUpdate():475 Never attempted LP download before, triggering download for potential updates [SD]
06-13 13:05:06.151  4221 20851 I EligibilityChecker: EligibilityChecker.getDictationConfigEligibilityForLocale():310 Dictation is enabled. workprofile=false [SD]
06-13 13:05:06.151  4221  4309 I CrossProfileSharedPreferences: CrossProfileSharedPreferences.maybeRunSyncTaskAfterFullSyncComplete():218 Full sync is not complete when incremental sync is called, trigger full sync
06-13 13:05:06.151  4221 20500 I LanguageDownloadQueue: LanguageDownloadQueue.performLanguageDownload():81 Starting language download job for en-US [SD]
06-13 13:05:06.152  4221 20500 I LanguageDownloadQueue: LanguageDownloadQueue.performLanguageDownload():101 Skip download for en-US due to another recent attempt [SD]
06-13 13:05:06.152  2368  2753 D AccessibilitySourceService: enabled a11y services count 1
06-13 13:05:06.153  4221 20850 I MultilangConditionManagerImpl: MultilangConditionManagerImpl.isAutomaticSwitchingEnabled():77 Automatic switching disabled because Gboard setting is not shown [SD]
06-13 13:05:06.153  4221 20850 I MultilangConditionManagerImpl: MultilangConditionManagerImpl.isAutomaticSwitchingEnabled():92 Automatic switching disabled because there aren't enough supported keyboard languages [SD]
06-13 13:05:06.153  4221 20850 I EligibilityChecker: EligibilityChecker.getDictationConfigEligibilityForLocale():310 Dictation is enabled. workprofile=false [SD]
06-13 13:05:06.153  4221 20850 I EligibilityUtilKt: EligibilityUtilKt.isDictationSupportedInInputField():92 Field type is not set, assuming supported input field. [SD]
06-13 13:05:06.154  4221 20850 I MultilangConditionManagerImpl: MultilangConditionManagerImpl.isAutomaticSwitchingEnabled():77 Automatic switching disabled because Gboard setting is not shown [SD]
06-13 13:05:06.154  4221 20850 I MultilangConditionManagerImpl: MultilangConditionManagerImpl.isAutomaticSwitchingEnabled():92 Automatic switching disabled because there aren't enough supported keyboard languages [SD]
06-13 13:05:06.154  2368  2753 D AccessibilitySourceService: a11y source sending 1 issue to sc
06-13 13:05:06.154  4221 20850 I KeyboardEligibilityNotifier: KeyboardEligibilityNotifier.notifyEligibility():76 Keyboard notified that eligibility=ELIGIBLE [SD]
06-13 13:05:06.154  4221 20850 I KeyboardUiManagerImpl: KeyboardUiManagerImpl.onKeyboardShownAgain():170 #onKeyboardShownAgain scheduled [SD]
06-13 13:05:06.154  4221 20851 I KeyboardUiManagerImpl: KeyboardUiManagerImpl.onKeyboardShownAgain():173 #onKeyboardShownAgain [SD]
06-13 13:05:06.154  4221  4221 I GoogleInputMethodService: GoogleInputMethodService$1.onKeyboardViewShown():344 onKeyboardViewShown: keyboardType=prime, keyboardViewType=HEADER keyboardView=com.google.android.libraries.inputmethod.widgets.SoftKeyboardView{b27ecea V.E...... ........ 0,0-1440,154}
06-13 13:05:06.154  4221 20500 I CrossProfileSharedPreferences: CrossProfileSharedPreferences.syncAllAllowedPreferencesInternal():276 Cannot make cross profile calls to full sync preferences
06-13 13:05:06.155  4221  4221 I BaseKeyboardSizeHelper: BaseKeyboardSizeHelper.calculateMaxKeyboardBodyHeight():73 leave 375 height for app when ime window height:2808, header height:154 and isFullscreenMode:false, so the max keyboard body height is:2279
06-13 13:05:06.155  4221  4221 I GoogleInputMethodService: GoogleInputMethodService$1.onKeyboardViewShown():344 onKeyboardViewShown: keyboardType=prime, keyboardViewType=BODY keyboardView=com.google.android.libraries.inputmethod.widgets.SoftKeyboardView{e66a6f3 V.E...... ........ 0,0-1440,998}
06-13 13:05:06.155  4221  4221 I BaseKeyboardSizeHelper: BaseKeyboardSizeHelper.calculateMaxKeyboardBodyHeight():73 leave 375 height for app when ime window height:2808, header height:154 and isFullscreenMode:false, so the max keyboard body height is:2279
06-13 13:05:06.155  4221  4221 I GlobeKeyExtension: GlobeKeyExtension$1.onKeyboardViewShown():77 maybeDisableLanguageSwitchKeyPref when the keyboard is shown
06-13 13:05:06.155  4221  4221 I GlobeKeyExtension: GlobeKeyExtension.maybeDisableLanguageSwitchKeyPref():211 maybeDisableLanguageSwitchKeyPref hasGlobeKeyBeenDisabled: true, shouldDisableLanguageSwitchKey: true
06-13 13:05:06.155  4221  4221 I NewLanguagePromptExtension: NewLanguagePromptExtension$1.onKeyboardViewShown():88 Not show new language banner: not prime keyboard, or the extension not activated.
06-13 13:05:06.156  4221  4221 I KeyboardModeUtils: KeyboardModeUtils.getKeyboardBottomOffset():435 inch: 0.000000 ydpi: 511.277008 adjustKeyboardBottomByDisplaySize: false currentDensityDpi: 560 defaultDensityDpi: 560 keyboardBottomToScreenPx: 0 keyboardBottomToNavBarPx: -168 navBarHeight: 168
06-13 13:05:06.156  4221  4221 I BaseKeyboardSizeHelper: BaseKeyboardSizeHelper.calculateMaxKeyboardBodyHeight():73 leave 375 height for app when ime window height:2808, header height:154 and isFullscreenMode:false, so the max keyboard body height is:2279
06-13 13:05:06.156  4221  4221 I BaseKeyboardSizeHelper: BaseKeyboardSizeHelper.calculateMaxKeyboardBodyHeight():73 leave 375 height for app when ime window height:2808, header height:154 and isFullscreenMode:false, so the max keyboard body height is:2279
06-13 13:05:06.156  4221  4221 I AndroidIME: KeyboardViewManager.updateKeyboardBottomFrame():519 Set bottomFrameHeight = 28 while holderPaddingBottom = 28; navigationHeight = 168
06-13 13:05:06.156  1609  5279 D SafetySourceDataValidat: No cert check requested for package com.google.android.permissioncontroller
06-13 13:05:06.157  2368  2753 D AccessibilitySourceService: enabled a11y services count 1
06-13 13:05:06.161  2368  2753 D AccessibilitySourceService: a11y source sending 1 issue to sc
06-13 13:05:06.161  1609  5279 D SafetySourceDataValidat: No cert check requested for package com.google.android.permissioncontroller
06-13 13:05:06.162  4221  4221 I NgaStateManager: NgaStateManager.setAssistantDictationEligibility():188 AssistantDictationEligibility = 1 [SDG]
06-13 13:05:06.162  4221  4221 I NgaStateManager: NgaStateManager.buildConfigEligibilityPerLanguageTag():306 AssistantDictationEligibility(config, en-US) = 1 [SDG]
06-13 13:05:06.162  4221  4221 I NgaStateManager: NgaStateManager.buildConfigEligibilityPerLanguageTag():306 AssistantDictationEligibility(config, ja-JP) = 1 [SDG]
06-13 13:05:06.162  4221  4221 I NgaStateManager: NgaStateManager.setAssistantDictationEligibility():197 AssistantDictationEligibility(inputField) = 1 [SDG]
06-13 13:05:06.162  4221  4221 I NgaInputHandlerFactory: NgaInputHandlerFactory.restorePrimary():138 restoring primary [SDG]
06-13 13:05:06.162  4221  4221 I NgaVoiceInputHandlerSwitcher: NgaVoiceInputHandlerSwitcher.restorePrimary():240 not switching to primary. fallback is null [SDG]
06-13 13:05:06.162  4221  4221 I NgaExtension: NgaExtension.onDictatingStateChanged():921 Dictating state changed: dictating=false, status=0 [SDG]
06-13 13:05:06.162  4221  4221 I HardKeyTracker: HardKeyTracker.unregisterKeySequence():259 Unregister key sequence phm{labelResId=2132020537, callback=ffb@babee65, lastModifier=2, keyCodes=[32], actions=[0]}
06-13 13:05:06.162  4221  4221 I HardKeyTracker: HardKeyTracker.unregisterKeySequence():259 Unregister key sequence phm{labelResId=2132020537, callback=ffb@1f5773a, lastModifier=0, keyCodes=[319], actions=[0]}
06-13 13:05:06.162  4221  4221 I HardKeyTracker: HardKeyTracker.registerKeySequence():201 Register key sequence phm{labelResId=2132020537, callback=ffb@8140d43, lastModifier=2, keyCodes=[32], actions=[0]}
06-13 13:05:06.162  4221  4221 I HardKeyTracker: HardKeyTracker.registerKeySequence():201 Register key sequence phm{labelResId=2132020537, callback=ffb@1663fc0, lastModifier=0, keyCodes=[319], actions=[0]}
06-13 13:05:06.163  4221  4221 I HardKeyTracker: HardKeyTracker.unregisterKeySequence():259 Unregister key sequence phm{labelResId=2132020537, callback=ffb@93cc9f4, lastModifier=2, keyCodes=[32], actions=[0]}
06-13 13:05:06.163  4221  4221 I HardKeyTracker: HardKeyTracker.unregisterKeySequence():259 Unregister key sequence phm{labelResId=2132020537, callback=ffb@b22851d, lastModifier=0, keyCodes=[319], actions=[0]}
06-13 13:05:06.163  4221  4221 I HardKeyTracker: HardKeyTracker.registerKeySequence():201 Register key sequence phm{labelResId=2132020537, callback=ffb@e75d4f9, lastModifier=2, keyCodes=[32], actions=[0]}
06-13 13:05:06.163  4221  4221 I HardKeyTracker: HardKeyTracker.registerKeySequence():201 Register key sequence phm{labelResId=2132020537, callback=ffb@a5bc3e, lastModifier=0, keyCodes=[319], actions=[0]}
06-13 13:05:06.163  2368  2753 D AccessibilitySourceService: enabled a11y services count 1
06-13 13:05:06.165  2368  2753 D AccessibilitySourceService: a11y source sending 1 issue to sc
06-13 13:05:06.165  1609  5279 D SafetySourceDataValidat: No cert check requested for package com.google.android.permissioncontroller
06-13 13:05:06.168 30112 30112 D b/417220811: invalidateLoadedTasks - previous requestLoadId: -1
06-13 13:05:06.169  2368  2753 D AccessibilitySourceService: enabled a11y services count 1
06-13 13:05:06.172  2368  2753 D AccessibilitySourceService: a11y source sending 1 issue to sc
06-13 13:05:06.172  1609  5279 D SafetySourceDataValidat: No cert check requested for package com.google.android.permissioncontroller
06-13 13:05:06.175  2368  2753 D AccessibilitySourceService: enabled a11y services count 1
06-13 13:05:06.175 20521 20761 I okhttp.OkHttpClient: --> POST https://ongaku.local/v1/sync (14-byte body)
06-13 13:05:06.178  2368  2753 D AccessibilitySourceService: a11y source sending 1 issue to sc
06-13 13:05:06.179  1609  5279 D SafetySourceDataValidat: No cert check requested for package com.google.android.permissioncontroller
06-13 13:05:06.181  2368  2753 D AccessibilitySourceService: enabled a11y services count 1
06-13 13:05:06.183  2368  2753 D AccessibilitySourceService: a11y source sending 1 issue to sc
06-13 13:05:06.184  1609  5279 D SafetySourceDataValidat: No cert check requested for package com.google.android.permissioncontroller
06-13 13:05:06.186  2368  2753 D AccessibilitySourceService: enabled a11y services count 1
06-13 13:05:06.188  2368  2753 D AccessibilitySourceService: a11y source sending 1 issue to sc
06-13 13:05:06.188  1609  1924 D SafetySourceDataValidat: No cert check requested for package com.google.android.permissioncontroller
06-13 13:05:06.190  2368  2753 D AccessibilitySourceService: enabled a11y services count 1
06-13 13:05:06.192  2368  2753 D AccessibilitySourceService: a11y source sending 1 issue to sc
06-13 13:05:06.193  1609  5279 D SafetySourceDataValidat: No cert check requested for package com.google.android.permissioncontroller
06-13 13:05:06.195  2368  2753 D AccessibilitySourceService: enabled a11y services count 1
06-13 13:05:06.196  2368  2368 E ssioncontroller: Invalid resource ID 0x00000000.
06-13 13:05:06.196 20521 20761 I okhttp.OkHttpClient: <-- 200 OK http://127.0.0.1:8080/v1/sync (20ms, 11-byte body)
06-13 13:05:06.197  2368  2753 D AccessibilitySourceService: a11y source sending 1 issue to sc
06-13 13:05:06.198  1609  5279 D SafetySourceDataValidat: No cert check requested for package com.google.android.permissioncontroller
06-13 13:05:06.200  2368  2753 D AccessibilitySourceService: enabled a11y services count 1
06-13 13:05:06.202  2368  2753 D AccessibilitySourceService: a11y source sending 1 issue to sc
06-13 13:05:06.203  1609  5279 D SafetySourceDataValidat: No cert check requested for package com.google.android.permissioncontroller
06-13 13:05:06.205  2368  2753 D AccessibilitySourceService: enabled a11y services count 1
06-13 13:05:06.206  2368  2753 D AccessibilitySourceService: a11y source sending 1 issue to sc
06-13 13:05:06.206  1609  5279 D SafetySourceDataValidat: No cert check requested for package com.google.android.permissioncontroller
06-13 13:05:06.235 20521 20761 I okhttp.OkHttpClient: --> GET https://ongaku.local/v1/sync/status
06-13 13:05:06.251 20521 20761 I okhttp.OkHttpClient: <-- 200 OK http://127.0.0.1:8080/v1/sync/status (15ms, 83-byte body)
06-13 13:05:06.286  2368  2368 W LOTTIE  : Animation contains merge paths. Merge paths are only supported on KitKat+ and must be manually enabled by calling enableMergePathsForKitKatAndAbove().
06-13 13:05:06.293  2368  2368 W LOTTIE  : Animation contains merge paths but they are disabled.
06-13 13:05:06.301  2368  2368 D DesktopModeFlags: Toggle override initialized to: OVERRIDE_UNSET
06-13 13:05:06.319  2368  2368 D WindowOnBackDispatcher: setTopOnBackInvokedCallback (unwrapped): android.app.Activity$$ExternalSyntheticLambda0@db4c98c
06-13 13:05:06.320  2368  2368 D VRI[GrantPermissionsActivity]: WindowInsets changed: 1440x2892 mandatorySystemGestures:[0,42,0,28] 
06-13 13:05:06.320  1609  5220 D CoreBackPreview: Window{815b4a9 u0 com.google.android.permissioncontroller/com.android.permissioncontroller.permission.ui.GrantPermissionsActivity}: Setting back callback OnBackInvokedCallbackInfo{mCallback=android.window.IOnBackInvokedCallback$Stub$Proxy@aa9b548, mPriority=-1, mIsAnimationCallback=false, mOverrideBehavior=0}
06-13 13:05:06.320   554   612 W libbinder.ServiceManagerCppClient: Permission failure: android.permission.ACCESS_SURFACE_FLINGER from uid=10228 pid=2368
06-13 13:05:06.320   554   612 D libbinder.PermissionCache: checking android.permission.ACCESS_SURFACE_FLINGER for uid=10228 => denied (196 us)
06-13 13:05:06.320   554   612 W libbinder.ServiceManagerCppClient: Permission failure: android.permission.ROTATE_SURFACE_FLINGER from uid=10228 pid=2368
06-13 13:05:06.320   554   612 D libbinder.PermissionCache: checking android.permission.ROTATE_SURFACE_FLINGER for uid=10228 => denied (233 us)
06-13 13:05:06.321   554   612 W libbinder.ServiceManagerCppClient: Permission failure: android.permission.INTERNAL_SYSTEM_WINDOW from uid=10228 pid=2368
06-13 13:05:06.321   554   612 D libbinder.PermissionCache: checking android.permission.INTERNAL_SYSTEM_WINDOW for uid=10228 => denied (97 us)
06-13 13:05:06.321   554   612 W libbinder.ServiceManagerCppClient: Permission failure: android.permission.READ_FRAME_BUFFER from uid=10228 pid=2368
06-13 13:05:06.321   554   612 D libbinder.PermissionCache: checking android.permission.READ_FRAME_BUFFER for uid=10228 => denied (83 us)
06-13 13:05:06.328  2368  2368 D VRI[GrantPermissionsActivity]: WindowInsets changed: 1366x0 mandatorySystemGestures:null 
06-13 13:05:06.329  1609  1675 I ImeTracker: system_server:d61a69bd: onRequestShow at ORIGIN_SERVER reason CONTROLS_CHANGED fromUser false displayId 0
06-13 13:05:06.332  1609  5220 W libbinder.ServiceManagerCppClient: Permission failure: android.permission.ACCESS_SURFACE_FLINGER from uid=10228 pid=0
06-13 13:05:06.332 20521 20521 I ImeTracker: system_server:d61a69bd: onCancelled at PHASE_CLIENT_ON_CONTROLS_CHANGED
06-13 13:05:06.332  1609  5220 D libbinder.PermissionCache: checking android.permission.ACCESS_SURFACE_FLINGER for uid=10228 => denied (359 us)
06-13 13:05:06.332  1609  5220 W libbinder.ServiceManagerCppClient: Permission failure: android.permission.ROTATE_SURFACE_FLINGER from uid=10228 pid=0
06-13 13:05:06.332  1609  5220 D libbinder.PermissionCache: checking android.permission.ROTATE_SURFACE_FLINGER for uid=10228 => denied (78 us)
06-13 13:05:06.332  1609  5220 W libbinder.ServiceManagerCppClient: Permission failure: android.permission.INTERNAL_SYSTEM_WINDOW from uid=10228 pid=0
06-13 13:05:06.332  1609  5220 D libbinder.PermissionCache: checking android.permission.INTERNAL_SYSTEM_WINDOW for uid=10228 => denied (47 us)
06-13 13:05:06.332  1609  5220 W libbinder.ServiceManagerCppClient: Permission failure: android.permission.READ_FRAME_BUFFER from uid=10228 pid=0
06-13 13:05:06.332  1609  5220 D libbinder.PermissionCache: checking android.permission.READ_FRAME_BUFFER for uid=10228 => denied (45 us)
06-13 13:05:06.337  1609  1671 I ActivityTaskManager: Displayed com.google.android.permissioncontroller/com.android.permissioncontroller.permission.ui.GrantPermissionsActivity for user 0: +372ms
06-13 13:05:06.337  1609  1671 V WindowManager: Sent Transition (#127) createdAt=06-13 13:05:05.969 via request=TransitionRequestInfo { type = OPEN, triggerTask = TaskInfo{userId=0 taskId=258 effectiveUid=10519 displayId=0 isRunning=true baseIntent=Intent { act=android.intent.action.MAIN cat=[android.intent.category.LAUNCHER] flg=0x10200000 cmp=com.takeya.animeongaku/.MainActivity } baseActivity=ComponentInfo{com.takeya.animeongaku/com.takeya.animeongaku.MainActivity} topActivity=ComponentInfo{com.google.android.permissioncontroller/com.android.permissioncontroller.permission.ui.GrantPermissionsActivity} origActivity=null realActivity=ComponentInfo{com.takeya.animeongaku/com.takeya.animeongaku.MainActivity} realActivityIsAppLockEnabled=false numActivities=2 lastActiveTime=92352062 supportsMultiWindow=true resizeMode=1 isResizeable=true minWidth=-1 minHeight=-1 defaultMinSize=220 token=WCT{RemoteToken{d07ddbf Task{c3e71d9 #258 type=standard A=10519:com.takeya.animeongaku}}} topActivityType=1 pictureInPictureParams=null shouldDockBigOverlays=false launchIntoPipHostTaskId=-1 lastParentTaskIdBeforePip=-1 displayCutoutSafeInsets=Rect(0, 0 - 0, 0) topActivityInfo=ActivityInfo{9ac4563 com.android.permissioncontroller.permission.ui.GrantPermissionsActivity} launchCookies=[] positionInParent=Point(0, 0) parentTaskId=-1 isFocused=true isVisible=true isVisibleRequested=true isTopActivityNoDisplay=false isSleeping=false locusId=null displayAreaFeatureId=1 isTopActivityTransparent=true isActivityStackTransparent=false lastNonFullscreenBounds=Rect(362, 870 - 1079, 2310) leafTaskBoundsFromOptions= false capturedLink=null capturedLinkTimestamp=0 requestedVisibleTypes=503 topActivityRequestOpenInBrowserEducationTimestamp=0 appCompatTaskInfo=AppCompatTaskInfo { topActivityInSizeCompat=false isLeafTask= true eligibleForLetterboxEducation= false isLetterboxEducationEnabled= false isLetterboxDoubleTapEnabled= false eligibleForUserAspectRatioButton= false topActivityBoundsLetterboxed= false isFromLetterboxDoubleTap= false topActivityLetterboxVerticalPosition= -1 topActivityLetterboxHorizontalPosition= -1 topActivityLetterboxWidth=-1 topActivityLetterboxHeight=-1 topActivityAppBounds=Rect(0, 0 - 1440, 3120) isUserFullscreenOverrideEnabled=false isSystemFullscreenOverrideEnabled=false hasMinAspectRatioOverride=false topActivityLetterboxBounds=null topNonResizableActivityAspectRatio=-1.0} topActivityMainWindowFrame=null isAppBubble=false}, pipChange = null, remoteTransitionInfo = null, displayChange = null, requestedLocation = null, userChange = null, windowingLayerChange = null, fullscreenRequestChange = null, flags = 0, debugId = 127 }
06-13 13:05:06.337  1609  1671 V WindowManager:     startWCT=WindowContainerTransaction { changes= {} hops= [] flags= 0 errorCallbackToken=null taskFragmentOrganizer=null }
06-13 13:05:06.338  1609  1671 V WindowManager:     info={id=127 t=OPEN f=0x0 trk=0 r=[0@Point(0, 0)] c=[
06-13 13:05:06.338  1609  1671 V WindowManager:         {m=OPEN f=TRANSLUCENT|FILLS_TASK leash=Surface(name=ActivityRecord{74543984 u0 com.google.android.permissioncontroller/com.android.permissioncontroller.permission.ui.GrantPermissionsActivity t258}#2068)/@0xd5f091d sb=Rect(0, 0 - 0, 0) eb=Rect(0, 0 - 1440, 3120) epz=Point(1440, 3120) d=-1->0 r=-1->0:-1 bc=ffe4e7ff activity=ActivityTransitionInfo { component = ComponentInfo{com.google.android.permissioncontroller/com.android.permissioncontroller.permission.ui.GrantPermissionsActivity}, taskId = 258, appCompatTransitionInfo = null } opt={t=FROM_STYLE mUserId=0}}
06-13 13:05:06.338  1609  1671 V WindowManager:     ]}
06-13 13:05:06.341  1609  2249 D BackgroundInstallControlService: Package event received: 0
06-13 13:05:06.345  2362  2374 V WindowManagerShell: onTransitionReady(transaction=6910602404491)
06-13 13:05:06.345  2362  2405 V WindowManagerShell: onTransitionReady (#127) android.os.BinderProxy@2aa63fc: {id=127 t=OPEN f=0x0 trk=0 r=[0@Point(0, 0)] c=[
06-13 13:05:06.345  2362  2405 V WindowManagerShell:         {m=OPEN f=TRANSLUCENT|FILLS_TASK leash=Surface(name=ActivityRecord{74543984 u0 com.google.android.permissioncontroller/com.android.permissioncontroller.permission.ui.GrantPermissionsActivity t258}#2068)/@0x95cb0da sb=Rect(0, 0 - 0, 0) eb=Rect(0, 0 - 1440, 3120) epz=Point(1440, 3120) d=-1->0 r=-1->0:-1 bc=ffe4e7ff activity=ActivityTransitionInfo { component = ComponentInfo{com.google.android.permissioncontroller/com.android.permissioncontroller.permission.ui.GrantPermissionsActivity}, taskId = 258, appCompatTransitionInfo = null } opt={t=FROM_STYLE mUserId=0}}
06-13 13:05:06.345  2362  2405 V WindowManagerShell:     ]}
06-13 13:05:06.346  2362  2405 V WindowManagerShell: Playing animation for (#127) android.os.BinderProxy@2aa63fc@0
06-13 13:05:06.346  2362  2405 D ShellSplitScreen: startAnimation: transition=127 isSplitActive=false
06-13 13:05:06.346  2362  2405 V ShellRecents: RecentsTransitionHandler.startAnimation: no controller found
06-13 13:05:06.346  2362  2405 V WindowManagerShell: Transition doesn't have explicit remote, search filters for match for {id=127 t=OPEN f=0x0 trk=0 r=[0@Point(0, 0)] c=[{m=OPEN f=TRANSLUCENT|FILLS_TASK leash=Surface(name=ActivityRecord{74543984 u0 com.google.android.permissioncontroller/com.android.permissioncontroller.permission.ui.GrantPermissionsActivity t258}#2068)/@0x95cb0da sb=Rect(0, 0 - 0, 0) eb=Rect(0, 0 - 1440, 3120) epz=Point(1440, 3120) d=-1->0 r=-1->0:-1 bc=ffe4e7ff activity=ActivityTransitionInfo { component = ComponentInfo{com.google.android.permissioncontroller/com.android.permissioncontroller.permission.ui.GrantPermissionsActivity}, taskId = 258, appCompatTransitionInfo = null } opt={t=FROM_STYLE mUserId=0}}]}
06-13 13:05:06.346  2362  2405 V WindowManagerShell:  Checking filter Pair{{types=[] flags=0x0] notFlags=0x0 checks=[{atype=undefined independent=true modes=[CLOSE,TO_BACK] flags=IN_TASK_WITH_EMBEDDED_ACTIVITY mustBeTask=false order=ANY topActivity=null launchCookie=null taskFragmentToken=android.os.BinderProxy@cd776a2 windowingMode=undefined isCrossDisplayMove=false}]} RemoteTransition { remoteTransition = android.window.IRemoteTransition$Stub$Proxy@ea231b0, appThread = android.app.IApplicationThread$Stub$Proxy@452f829, debugName = overlayBackTransition, filter = null }}
06-13 13:05:06.346  2362  2405 V WindowManagerShell:  Checking filter Pair{{types=[] flags=0x0] notFlags=0x0 checks=[{atype=dream independent=true modes=[OPEN,TO_FRONT] flags=NONE mustBeTask=false order=ANY topActivity=null launchCookie=null windowingMode=undefined isCrossDisplayMove=false},{atype=home independent=true modes=[CLOSE,TO_BACK] flags=NONE mustBeTask=false order=ANY topActivity=null launchCookie=null windowingMode=undefined isCrossDisplayMove=false}]} RemoteTransition { remoteTransition = android.window.IRemoteTransition$Stub$Proxy@7a657ae, appThread = android.app.IApplicationThread$Stub$Proxy@f1e894f, debugName = LauncherToDream, filter = null }}
06-13 13:05:06.346  2362  2405 V WindowManagerShell:  Checking filter Pair{{types=[] flags=0x0] notFlags=0x0 checks=[{atype=standard independent=false modes=[CHANGE] flags=NONE mustBeTask=true order=ANY topActivity=null launchCookie=null windowingMode=undefined isCrossDisplayMove=true}]} RemoteTransition { remoteTransition = android.window.IRemoteTransition$Stub$Proxy@ff0b8dc, appThread = android.app.IApplicationThread$Stub$Proxy@7f9ede5, debugName = QuickstepDisplayMove, filter = null }}
06-13 13:05:06.346  2362  2405 V WindowManagerShell:  Checking filter Pair{{types=[] flags=0x0] notFlags=0x100 checks=[{atype=home independent=true modes=[OPEN,TO_FRONT] flags=NONE mustBeTask=false order=ANY topActivity=ComponentInfo{com.google.android.apps.nexuslauncher/com.google.android.apps.nexuslauncher.NexusLauncherActivity} launchCookie=null windowingMode=undefined isCrossDisplayMove=false},{atype=standard independent=true modes=[CLOSE,TO_BACK] flags=NONE mustBeTask=false order=ANY topActivity=null launchCookie=null windowingMode=undefined isCrossDisplayMove=false},{NOT atype=undefined independent=true modes=[] flags=NONE mustBeTask=true order=ANY topActivity=null launchCookie=null customAnim=true windowingMode=undefined isCrossDisplayMove=false}]} RemoteTransition { remoteTransition = android.window.IRemoteTransition$Stub$Proxy@440ba, appThread = android.app.IApplicationThread$Stub$Proxy@7646b6b, debugName = QuickstepLaunchHome, filter = null }}
06-13 13:05:06.346  2362  2405 V WindowManagerShell:  Delegate animation for (#127) to null
06-13 13:05:06.346  2362  2405 V WindowManagerShell: start default transition animation, info = {id=127 t=OPEN f=0x0 trk=0 r=[0@Point(0, 0)] c=[{m=OPEN f=TRANSLUCENT|FILLS_TASK leash=Surface(name=ActivityRecord{74543984 u0 com.google.android.permissioncontroller/com.android.permissioncontroller.permission.ui.GrantPermissionsActivity t258}#2068)/@0x95cb0da sb=Rect(0, 0 - 0, 0) eb=Rect(0, 0 - 1440, 3120) epz=Point(1440, 3120) d=-1->0 r=-1->0:-1 bc=ffe4e7ff activity=ActivityTransitionInfo { component = ComponentInfo{com.google.android.permissioncontroller/com.android.permissioncontroller.permission.ui.GrantPermissionsActivity}, taskId = 258, appCompatTransitionInfo = null } opt={t=FROM_STYLE mUserId=0}}]}
06-13 13:05:06.347  2362  2405 V WindowManagerShell: loadAnimation: anim=null animAttr=0x4 type=OPEN isEntrance=true
06-13 13:05:06.347  2362  2405 V WindowManagerShell: Transition animation finished (aborted=false), notifying core (#127) android.os.BinderProxy@2aa63fc@0
06-13 13:05:06.348  1609  5217 W UriGrantsManagerService: No permission grants found for com.google.android.apps.photos
06-13 13:05:06.348  1609  5210 W UriGrantsManagerService: No permission grants found for com.google.android.apps.photos
06-13 13:05:06.349  1609  1671 V WindowManager: Finish Transition (#127): created at 06-13 13:05:05.969 collect-started=0.062ms request-sent=5.423ms started=6.817ms ready=97.838ms sent=365.786ms finished=379.637ms
06-13 13:05:06.349  2362  2405 V WindowManagerShell: Track 0 became idle
06-13 13:05:06.349  2362  2405 V WindowManagerShell: All active transition animations finished
06-13 13:05:06.350  2362  2405 V WindowManagerShell:  animated by com.android.wm.shell.transition.DefaultTransitionHandler@947feaf
06-13 13:05:06.350  2362  2405 V WindowManagerShell: Track 0 became idle
06-13 13:05:06.350  2362  2405 V WindowManagerShell: All active transition animations finished
06-13 13:05:06.363  1609  2132 I ImeTracker: com.google.android.permissioncontroller:244cd82: onRequestHide at ORIGIN_SERVER reason HIDE_WINDOW_GAINED_FOCUS_WITHOUT_EDITOR fromUser false userId 0 displayId 0
06-13 13:05:06.363  2368  2368 D InsetsController: hide(ime())
06-13 13:05:06.363  2368  2368 I ImeTracker: com.google.android.permissioncontroller:244cd82: onCancelled at PHASE_CLIENT_ALREADY_HIDDEN
06-13 13:05:06.365  4221  4221 I GoogleInputMethodService: GoogleInputMethodService.onFinishInputView():1661 onFinishInputView(true)
06-13 13:05:06.365  4221  4221 W SupplementaryKeyboardsWrapper: SupplementaryKeyboardsWrapper.deactivateKeyboard():162 keyboard composing_text_consumer is not activated before!
06-13 13:05:06.366  4221  4221 I GlobeKeyExtension: GlobeKeyExtension.onDeactivate():154 
06-13 13:05:06.366  4221  4221 I NgaExtension: NgaExtension.onDeactivate():687 NgaExtension#onDeactivate [SDG]
06-13 13:05:06.366  4221 20854 I NgaDataShareClient: NgaDataShareClient.sendCorrectionsAndEndSession():412 endDataPushSession() [SDG]
06-13 13:05:06.366  4221 20854 I NgaDataShareClient: NgaDataShareClient.sendCorrectionsList():420 sendCorrectionsList() [SDG]
06-13 13:05:06.366  4221 20854 W NgaDataShareClient: NgaDataShareClient.getClientInfo():504 null TriggerApplicationId provided. [SDG]
06-13 13:05:06.366  4221  4221 W NotificationCenter: NotificationCenter.unregisterListener():480 Listener hfa@d7ecdf was not registered for notification class nky
06-13 13:05:06.366  4221 20854 W NotificationCenter: NotificationCenter.unregisterListener():480 Listener hgn@8fbc018 was not registered for notification class nqx
06-13 13:05:06.366  4221 20854 W NotificationCenter: NotificationCenter.unregisterListener():480 Listener hgm@2484a71 was not registered for notification class nky
06-13 13:05:06.366  1609  5217 I ImeTracker: system_server:1daa77bd: onRequestHide at ORIGIN_SERVER reason IME_REQUESTED_CHANGED_LISTENER fromUser false displayId 0
06-13 13:05:06.366  4221  4221 W TooltipLifecycleManager: TooltipLifecycleManager.dismissTooltips():153 Tooltip with id spell_check_add_to_dictionary not found in tooltipManager.
06-13 13:05:06.366  4221 20851 I DataShareHelper: DataShareHelper.shareCorrections():24 shareCorrections() [SD]
06-13 13:05:06.366  4221  4221 I NgaVoiceInputHandler: NgaVoiceInputHandler.shutdownInternalLegacy():342 VoiceInputHandler:deactivating with reason: SHUTDOWN_UNIVERSAL_EXTENSION_ON_DEACTIVATE [SDG]
06-13 13:05:06.366  4221  4221 W NotificationCenter: NotificationCenter.unregisterListener():480 Listener ooe@1205c36 was not registered for notification class oof
06-13 13:05:06.366  4221  4221 W SmartEdit: SmartEdit.setGenAiVoiceEditManager():827 Cannot set LC UI delegate: promotionManager is null
06-13 13:05:06.366  4221  4221 I NgaInputManager: NgaInputManager.onDeactivate():482 SmartEdit: unloading models false [SDG]
06-13 13:05:06.366  4221  4221 I UniversalDictationUiProvider: UniversalDictationUiProvider.onDeactivate():69 onDeactivate() [UD]
06-13 13:05:06.367  4221  4221 I AndroidIME: AbstractIme.onDeactivate():213 PasswordIme.onDeactivate()
06-13 13:05:06.367  4221  4221 I PrimesLoggerHolder: FrameMetricServiceImpl.stopAsFuture():213 Measurement not found: OnConfigurationChanged
06-13 13:05:06.367  4221  4221 I GoogleInputMethodService: GoogleInputMethodService.onFinishInput():2259 
06-13 13:05:06.367  4221 20501 W AutoCloseableReference: AutoCloseablePhantomReference.close():42 close() is invoked more than once
06-13 13:05:06.367  4221  4221 I Module  : DeviceLockedStatusModuleProvider$Module.updateDeviceLockedStatusInternal():127 repeatCheckTimes = 0, locked = false
06-13 13:05:06.367  4221  4221 D ImeBackCallbackSender: Unregister OnBackInvokedCallback at app window (packageName=com.takeya.animeongaku)
06-13 13:05:06.368  4221  4221 I GoogleInputMethodService: GoogleInputMethodService.onStartInput():1446 onStartInput(EditorInfo{EditorInfo{packageName=com.google.android.permissioncontroller, inputType=0, inputTypeString=NULL, enableLearning=false, autoCorrection=false, autoComplete=false, imeOptions=0, privateImeOptions=null, actionName=UNSPECIFIED, actionLabel=null, initialSelStart=-1, initialSelEnd=-1, initialCapsMode=0, label=null, fieldId=0, fieldName=null, extras=null, hintText=null, hintLocales=[]}}, false)
06-13 13:05:06.368  4221  4221 I AndroidIME: LatinIMEBase.updateInputViewCoverNavigation():321 Update input view padding, isNavbarOverInputWindow=true, bottom inset=168
06-13 13:05:06.368  4221  4221 I Module  : DeviceLockedStatusModuleProvider$Module.updateDeviceLockedStatusInternal():127 repeatCheckTimes = 1, locked = false
06-13 13:05:06.368  4221  4221 I GoogleInputMethodService: GoogleInputMethodService.onStartInputView():1532 onStartInputView(EditorInfo{EditorInfo{packageName=com.google.android.permissioncontroller, inputType=0, inputTypeString=NULL, enableLearning=false, autoCorrection=false, autoComplete=false, imeOptions=0, privateImeOptions=null, actionName=UNSPECIFIED, actionLabel=null, initialSelStart=-1, initialSelEnd=-1, initialCapsMode=0, label=null, fieldId=0, fieldName=null, extras=null, hintText=null, hintLocales=[]}}, false)
06-13 13:05:06.369  4221  4221 I KeyboardHeightUtil: KeyboardHeightUtil.getOemKeyboardHeightRatio():81 systemKeyboardHeightRatio:1.025000.
06-13 13:05:06.369  4221  4309 I CrossProfileSharedPreferences: CrossProfileSharedPreferences.maybeRunSyncTaskAfterFullSyncComplete():218 Full sync is not complete when incremental sync is called, trigger full sync
06-13 13:05:06.369  4221 20848 I KeyboardEventHandler: KeyboardEventHandler.handleKeyboardVisibilityEvent():214 Handling KeyboardVisibilityEvent: KEYBOARD_CLOSED [SD]
06-13 13:05:06.370  4221  4221 I InputContextChangeTracker: InputContextChangeTracker.fixLyingSelectionRangeFromSurroundingText():1678 fixLyingSelectionRangeFromSurroundingText(): [-1, -1]([-1, -1]) -> [0, 0]([0, 0])
06-13 13:05:06.370  4221  4221 I AndroidIME: InputBundleManager.startInput():357 startInput2 restarting=false
06-13 13:05:06.370  4221  4221 I AndroidIME: InputBundleManager.loadActiveInputBundleId():542 loadActiveInputBundleId: und-Latn-x-password, password
06-13 13:05:06.370  4221  4221 I InputBundle: InputBundle.activateIme():598 activateIme: INACTIVE, keyboardType=prime
06-13 13:05:06.370  4221  4221 I AndroidIME: AbstractIme.onActivate():95 PasswordIme.onActivate() : EditorInfo = EditorInfo{packageName=com.google.android.permissioncontroller, inputType=0, inputTypeString=NULL, enableLearning=false, autoCorrection=false, autoComplete=false, imeOptions=0, privateImeOptions=null, actionName=UNSPECIFIED, actionLabel=null, initialSelStart=-1, initialSelEnd=-1, initialCapsMode=0, label=null, fieldId=0, fieldName=null, extras=null, hintText=null, hintLocales=[]}, IncognitoMode = false, DeviceLocked = false
06-13 13:05:06.370  4221  4221 I InputBundle: InputBundle.activateKeyboard():653 activateKeyboard: ACTIVE, type=oiz[keyboardType=prime, payload=null]
06-13 13:05:06.370  4221  4221 I KeyboardWrapper: KeyboardWrapper.activateKeyboard():592 activateKeyboard(): type=prime, status=INACTIVE, imeDef=ohs{stringId=password, language=und-Latn-x-password, languageTag=und-Latn-x-password, processedConditions={variant=qwerty, true=true, language=en-US, enable_number_row=true, device=phone, enable_number_row_in_password=true, enable_pk_simulator=false}, className=com.google.android.libraries.inputmethod.ime.password.PasswordIme, label=2132019378, keyEventInterpreter=null, inlineComposing=true, autoCapital=true, announceAutoSelectedCandidate=true, statusIcon=0, indicatorIcon=0, indicatorLabel=null, displayAppCompletions=false, extraValues=ohl{}, processors=ojm@da195c6, unacceptableMetaKeys=4098, languageSpecificSettings=0, asciiCapable=false, alwaysShowSuggestions=false, useAsciiPasswordKeyboard=false, keyboardGroupDef=oiu@5737323, phenotypeFlagId=0, localizationLanguageTag=null, supportsInlineSuggestion=false}
06-13 13:05:06.370  4221  4221 I KeyboardManager: KeyboardManager.requestKeyboard():249 Creating keyboard prime, imeId=password, cacheKey=theme,!gsf,!pgsf,!use_system_font,BORDER,DYNAMIC_DARK_BRIGHT_KEY,FLAVOR_DPI=XXXHDPI,IS_LIGHT,KEYBOARD_WIDTH_CATEGORY=NORMAL,KEY_BORDER_SHAPE=1,LIGHT_THEME=true,PHYSICAL_DIAGONAL=5.9037175,POPUP,SCREEN_SHORTEST_WIDTH=411,SCREEN_SHORTEST_WIDTH_NO_SCALE=411,SW400DP,XXXHDPI,bottom4dp,bright_key_on_dynamic_color_dark_theme=true,enable_popup_on_keypress=true,non_linear_scale,noshadow,overlay_builtin_dynamic_color_light_base.binarypb:gm3-light-fff7f5ff-ff0058ba-65f4eb49c856e02f0c9596da4cbfc6d1,pgsans,silkpopup
06-13 13:05:06.371  4221  4221 I KeyboardDefManager: KeyboardDefManager.requestKeyboardDef():128 requestKeyboardDef(): type=prime, info=oir{defIds=[#0x7f1705fa, #0x7f170891, #0x7f1706ba], defIdsCacheKey=[2132215290, 2132215953, 2132215482]}
06-13 13:05:06.371  4221  4221 I KeyboardDefManager: KeyboardDefManager.requestKeyboardDef():195 requestKeyboardDef(): getOrCreate from cache, info=oir{defIds=[#0x7f1705fa, #0x7f170891, #0x7f1706ba], defIdsCacheKey=[2132215290, 2132215953, 2132215482]}
06-13 13:05:06.371  1609  1671 D HintManagerService: Sent cleanup message for uid 10186
06-13 13:05:06.371  4221  4221 I KeyboardDefManager: KeyboardDefManager$Companion$addFutureCallbackForKeyboardDefReceiver$1.onSuccess():425 requestKeyboardDef onSuccess(): info=oir{defIds=[#0x7f1705fa, #0x7f170891, #0x7f1706ba], defIdsCacheKey=[2132215290, 2132215953, 2132215482]}
06-13 13:05:06.371  4221  4221 I KeyboardWrapper: KeyboardWrapper.onKeyboardReady():226 onKeyboardReady(): type=prime(prime), kb=com.google.android.apps.inputmethod.latin.keyboard.LatinPasswordKeyboard@ab924d7
06-13 13:05:06.371  4221  4221 I KeyboardWrapper: KeyboardWrapper.doActivateKeyboard():624 doActivateKeyboard(): prime
06-13 13:05:06.371  1609  5217 W PackageConfigPersister: App-specific configuration not found for packageName: com.google.android.permissioncontroller and userId: 0
06-13 13:05:06.371  4221 20449 I CrossProfileSharedPreferences: CrossProfileSharedPreferences.syncAllAllowedPreferencesInternal():276 Cannot make cross profile calls to full sync preferences
06-13 13:05:06.372  4221  4309 E UserFeatureCache: UserFeatureCache.getStore():760 Wrong feature id provided -1 for protobuf qcg.
06-13 13:05:06.372  4221  4309 E UserFeatureCache: UserFeatureCache.getProto():684 Feature not enabled should not called: 19
06-13 13:05:06.372  4221  4221 I BaseKeyboardSizeHelper: BaseKeyboardSizeHelper.calculateMaxKeyboardBodyHeight():73 leave 375 height for app when ime window height:2808, header height:154 and isFullscreenMode:false, so the max keyboard body height is:2279
06-13 13:05:06.372  4221  4221 W TooltipLifecycleManager: TooltipLifecycleManager.dismissTooltips():153 Tooltip with id undo_access_point_promotion_banner not found in tooltipManager.
06-13 13:05:06.372  4221  4221 I GlobeKeyExtension: GlobeKeyExtension.getKeyboardInitialStates():186 
06-13 13:05:06.373  4221  4221 W Keyboard: Keyboard.getKeyboardViewHelper():607 null helper is returned: keyboardDef=oil{processedConditions={show_comma_key=true, enable_more_candidates_view_for_multilingual=false, layout_9key_split=false, enable_secondary_symbols=true, pref_enable_flick_symbols=false, enable_scrub_move=true, language=en-US, deprecate_long_press_space_for_ime_picker=false, show_suggestion_strip=true, expressions=normal, android_software_xr_api_spatial=false, variant=qwerty, free_cursor=false, show_period_key=true, enable_number_row=true, device=phone, keyboard_mode=normal, show_secondary_digits=false, enable_pk_simulator=false, enable_preemptive_decode=true}, globalConditions={global_theme_key=theme,!gsf,!pgsf,!use_system_font,BORDER,DYNAMIC_DARK_BRIGHT_KEY,FLAVOR_DPI=XXXHDPI,IS_LIGHT,KEYBOARD_WIDTH_CATEGORY=NORMAL,KEY_BORDER_SHAPE=1,LIGHT_THEME=true,PHYSICAL_DIAGONAL=5.9037175,POPUP,SCREEN_SHORTEST_WIDTH=411,SCREEN_SHORTEST_WIDTH_NO_SCALE=411,SW400DP,XXXHDPI,bottom4dp,bright_key_on_dynamic_color_dark_theme=true,enable_popup_on_keypress=true,non_linear_scale,noshadow,overlay_builtin_dynamic_color_light_base.binarypb:gm3-light-fff7f5ff-ff0058ba-65f4eb49c856e02f0c9596da4cbfc6d1,pgsans,silkpopup, global_locale=en_US, global_density_dpi=560, global_orientation=1}, className=.latin.keyboard.LatinPasswordKeyboard, resourceIds=[#0x7f1705fa, #0x7f170891, #0x7f1706ba], initialStates=0, keyboardViewDefs=[ojd{direction=null, id=#0x7f0b0230, isScalable=true, layoutId=#0x7f0e02c3, type=BODY, touchable=true, defaultShow=true}, ojd{direction=null, id=#0x7f0b0230, isScalable=false, layoutId=#0x7f0e021e, type=FLOATING_CANDIDATES, touchable=false, defaultShow=false}, ojd{direction=LOCALE, id=#0x7f0b0230, isScalable=false, layoutId=#0x7f0e0527, type=HEADER, touchable=true, defaultShow=true}], persistentStates=0, persistentStatesPrefKey=null, popupBubbleLayoutId=#0x7f0e0618, recentKeyLayoutId=#0x0, recentKeyPopupLayoutId=#0x0, recentKeyType=null, rememberRecentKey=NONE, sessionStates=26388279066624}, type=WIDGET, helpersCreated={HEADER=ntb@798aded, BODY=ntb@34e7422, FLOATING_CANDIDATES=ntb@415feb3}, context.getResources().getConfiguration(): {1.0 310mcc260mnc [en_US,ja_JP] ldltr sw411dp w411dp h891dp 560dpi nrml long compactNeeded hdr widecg port finger -keyb/v/h -nav/h winConfig={ mBounds=Rect(0, 0 - 1440, 3120) mAppBounds=Rect(0, 0 - 1440, 3120) mMaxBounds=Rect(0, 0 - 1440, 3120) mDisplayRotation=ROTATION_0 mWindowingMode=fullscreen mActivityType=undefined mAlwaysOnTop=undefined mRotation=ROTATION_0} s.13 fontWeightAdjustment=0}
06-13 13:05:06.373  4221  4221 I BaseKeyboardSizeHelper: BaseKeyboardSizeHelper.calculateMaxKeyboardBodyHeight():73 leave 375 height for app when ime window height:2808, header height:154 and isFullscreenMode:false, so the max keyboard body height is:2279
06-13 13:05:06.373  4221  4221 I AndroidIME: InputBundleManager.startInput():372 startInput() with oiz[keyboardType=prime, payload=null]
06-13 13:05:06.374  4221  4221 I PkModeUpdater: PkModeUpdater.onActivate():76 onActivate false true
06-13 13:05:06.374  4221  4221 I AccessoryInputModeManager: AccessoryInputModeManager.onModeStarted():353 Accessory input mode started: null
06-13 13:05:06.374  4221  4221 W SupplementaryKeyboardsWrapper: SupplementaryKeyboardsWrapper.deactivateKeyboard():162 keyboard accessory_candidates_consumer is not activated before!
06-13 13:05:06.374  4221  4221 W SupplementaryKeyboardsWrapper: SupplementaryKeyboardsWrapper.deactivateKeyboard():162 keyboard composing_text_consumer is not activated before!
06-13 13:05:06.374  4221  4221 I ContactPromoExtension: ContactPromoExtension.onActivate():82 Not activated ContactPromoExtension: not a normal text input box.
06-13 13:05:06.374  4221  4221 I GlobeKeyExtension: GlobeKeyExtension.onActivate():130 
06-13 13:05:06.375  4221  4221 I KeyboardModeUtils: KeyboardModeUtils.getKeyboardBottomOffset():435 inch: 0.000000 ydpi: 511.277008 adjustKeyboardBottomByDisplaySize: false currentDensityDpi: 560 defaultDensityDpi: 560 keyboardBottomToScreenPx: 0 keyboardBottomToNavBarPx: -168 navBarHeight: 168
06-13 13:05:06.375  4221  4221 I BaseKeyboardSizeHelper: BaseKeyboardSizeHelper.calculateMaxKeyboardBodyHeight():73 leave 375 height for app when ime window height:2808, header height:154 and isFullscreenMode:false, so the max keyboard body height is:2279
06-13 13:05:06.375  4221  4221 I BaseKeyboardSizeHelper: BaseKeyboardSizeHelper.calculateMaxKeyboardBodyHeight():73 leave 375 height for app when ime window height:2808, header height:154 and isFullscreenMode:false, so the max keyboard body height is:2279
06-13 13:05:06.375  4221  4221 I AndroidIME: KeyboardViewManager.updateKeyboardBottomFrame():519 Set bottomFrameHeight = 28 while holderPaddingBottom = 28; navigationHeight = 168
06-13 13:05:06.375  4221  4221 I BaseKeyboardSizeHelper: BaseKeyboardSizeHelper.calculateMaxKeyboardBodyHeight():73 leave 375 height for app when ime window height:2808, header height:154 and isFullscreenMode:false, so the max keyboard body height is:2279
06-13 13:05:06.375  4221  4221 I BaseKeyboardSizeHelper: BaseKeyboardSizeHelper.calculateMaxKeyboardBodyHeight():73 leave 375 height for app when ime window height:2808, header height:154 and isFullscreenMode:false, so the max keyboard body height is:2279
06-13 13:05:06.375  4221  4221 I BaseKeyboardSizeHelper: BaseKeyboardSizeHelper.calculateMaxKeyboardBodyHeight():73 leave 375 height for app when ime window height:2808, header height:154 and isFullscreenMode:false, so the max keyboard body height is:2279
06-13 13:05:06.375  4221  4221 W ExtensionWrapper: ExtensionWrapper.setExtensionViewVisibility():878 interface nwy is not activate
06-13 13:05:06.375  4221  4221 I NewLanguagePromptExtension: NewLanguagePromptExtension.onActivate():189 Not activated NewLanguagePromptExtension: not a normal text input box.
06-13 13:05:06.375  4221  4221 I NgaExtension: NgaExtension.onActivate():646 NgaExtension#onActivate [SDG]
06-13 13:05:06.375  4221  4221 I NgaVoiceInputHandlerSwitcher: NgaVoiceInputHandlerSwitcher.restorePrimary():240 not switching to primary. fallback is null [SDG]
06-13 13:05:06.375  4221  4221 I NgaVoiceInputHandler: NgaVoiceInputHandler.maybeCreateInputManager():256 VoiceInputHandler:activating [SDG]
06-13 13:05:06.375  4221  4221 I SpeechEnhancementLogger: SpeechEnhancementLogger.logAtInfo():24 Speech enhancement is disabled because device model is not supported [SD]
06-13 13:05:06.375  4221  4221 I ModelessCommandDetector: ModelessCommandDetector.<init>():86 Created modeless command detector with language code en [SDG]
06-13 13:05:06.375  4221  4221 I NgaExtension: NgaExtension.onActivate():672 NgaExtension: interaction type=4 [SDG]
06-13 13:05:06.376  4221  4221 I UniversalDictationUiProvider: UniversalDictationUiProvider.onActivate():63 onActivate() [UD]
06-13 13:05:06.376  4221 20847 I KeyboardEventHandler: KeyboardEventHandler.handleKeyboardVisibilityEvent():214 Handling KeyboardVisibilityEvent: KEYBOARD_OPENED [SD]
06-13 13:05:06.377  4221 20847 I SpeechEnhancementLogger: SpeechEnhancementLogger.logAtInfo():24 Speech enhancement is disabled because device model is not supported [SD]
06-13 13:05:06.382  4221 20854 I PackageStatusChecker: PackageStatusChecker.isPackageSuspended():24 Current package suspended=false [SD]
06-13 13:05:06.383  4221  4221 I Module  : DeviceLockedStatusModuleProvider$Module.updateDeviceLockedStatusInternal():127 repeatCheckTimes = 1, locked = false
06-13 13:05:06.383  1609  5165 I ImeTracker: com.takeya.animeongaku:2087dabc: onCancelled at PHASE_SERVER_NOTIFY_HIDE_ANIMATION_FINISHED
06-13 13:05:06.384  4221  4221 I VoiceImeUtils: VoiceImeUtils.shouldStartVoiceInputAutomaticallyInCurrentInputBox():160 No private IME option set to start voice input. [RD]
06-13 13:05:06.384  4221  4221 D ImeBackCallbackSender: Register OnBackInvokedCallback with priority=-1 at app window (packageName=com.google.android.permissioncontroller)
06-13 13:05:06.384  4221 20500 I SystemHapticSettings: SystemHapticSettings.updateSystemVibrationState():63 update vibration state: true
06-13 13:05:06.384  2368  2368 D WindowOnBackDispatcher: setTopOnBackInvokedCallback (unwrapped): android.view.ImeBackAnimationController@72bfdec
06-13 13:05:06.385  4221  4309 I CrossProfileSharedPreferences: CrossProfileSharedPreferences.maybeRunSyncTaskAfterFullSyncComplete():218 Full sync is not complete when incremental sync is called, trigger full sync
06-13 13:05:06.386  1609  5279 D CoreBackPreview: Window{815b4a9 u0 com.google.android.permissioncontroller/com.android.permissioncontroller.permission.ui.GrantPermissionsActivity}: Setting back callback OnBackInvokedCallbackInfo{mCallback=android.window.IOnBackInvokedCallback$Stub$Proxy@41485bb, mPriority=0, mIsAnimationCallback=true, mOverrideBehavior=0}
06-13 13:05:06.386  4221 20449 I CrossProfileSharedPreferences: CrossProfileSharedPreferences.syncAllAllowedPreferencesInternal():276 Cannot make cross profile calls to full sync preferences
06-13 13:05:06.387  4221 20854 I MultilangConditionManagerImpl: MultilangConditionManagerImpl.isAutomaticSwitchingEnabled():77 Automatic switching disabled because Gboard setting is not shown [SD]
06-13 13:05:06.387  1609  1675 I ImeTracker: system_server:5fc05176: onRequestShow at ORIGIN_SERVER reason CONTROLS_CHANGED fromUser false displayId 0
